--------- beginning of main
04-13 10:41:46.849 17538 17538 W com.detoxtest: Unexpected CPU variant for X86 using defaults: x86
04-13 10:41:46.853 17538 17538 E com.detoxtest: Not starting debugger since process cannot load the jdwp agent.
--------- beginning of system
04-13 10:41:46.871 17538 17538 W ActivityThread: Package uses different ABI(s) than its instrumentation: package[com.detoxtest]: x86, null instrumentation[com.detoxtest.test]: null, null
04-13 10:41:46.875 17538 17538 I com.detoxtest: The ClassLoaderContext is a special shared library.
04-13 10:41:46.877 17538 17538 I chatty  : uid=10232(com.detoxtest) identical 2 lines
04-13 10:41:46.878 17538 17538 I com.detoxtest: The ClassLoaderContext is a special shared library.
04-13 10:41:46.926 17538 17538 W com.detoxtest: ClassLoaderContext classpath size mismatch. expected=0, found=4 (PCL[]{PCL[/system/framework/android.test.base.jar*84046222]} | PCL[/system/framework/android.test.runner.jar*2838042966:/system/framework/android.test.mock.jar*2353512044:/system/framework/android.test.base.jar*84046222:/data/app/~~7RGxOQ8YKTMW89QljmYdGQ==/com.detoxtest.test-5BqOwairXsf8gS0MdWhzCw==/base.apk*3736732199]{PCL[/system/framework/android.test.base.jar*84046222]})
04-13 10:41:46.943 17538 17538 I com.detoxtest: The ClassLoaderContext is a special shared library.
04-13 10:41:46.948 17538 17538 I chatty  : uid=10232(com.detoxtest) identical 3 lines
04-13 10:41:46.949 17538 17538 I com.detoxtest: The ClassLoaderContext is a special shared library.
04-13 10:41:47.005 17538 17538 W com.detoxtest: ClassLoaderContext classpath size mismatch. expected=0, found=4 (PCL[]{PCL[/system/framework/android.test.base.jar*84046222]} | PCL[/system/framework/android.test.runner.jar*2838042966:/system/framework/android.test.mock.jar*2353512044:/system/framework/android.test.base.jar*84046222:/data/app/~~7RGxOQ8YKTMW89QljmYdGQ==/com.detoxtest.test-5BqOwairXsf8gS0MdWhzCw==/base.apk*3736732199]{PCL[/system/framework/android.test.base.jar*84046222]#PCL[/system/framework/android.test.mock.jar*2353512044]{PCL[/system/framework/android.test.base.jar*84046222]}#PCL[/system/framework/android.test.runner.jar*2838042966]{PCL[/system/framework/android.test.base.jar*84046222]#PCL[/system/framework/android.test.mock.jar*2353512044]{PCL[/system/framework/android.test.base.jar*84046222]}}};PCL[/system/framework/android.test.runner.jar*2838042966:/system/framework/android.test.mock.jar*2353512044:/system/framework/android.test.base.jar*84046222:/data/app/~~7RGxOQ8YKTMW89QljmYdGQ==/com.detoxtest.test-5BqOwairXsf8gS0MdWhzCw==/base.apk*3736732199:/data/app/~~mRNbjK9wQHh4lW0ll6ifgg==/com.detoxtest-DFn6bH_BRmq9wG8SEX9TSQ==/base.apk*2302322822]{PCL[/system/framework/android.test.base.jar*84046222]})
04-13 10:41:47.005 17538 17538 W com.detoxtest: Found duplicate classes, falling back to extracting from APK : /data/app/~~mRNbjK9wQHh4lW0ll6ifgg==/com.detoxtest-DFn6bH_BRmq9wG8SEX9TSQ==/base.apk
04-13 10:41:47.005 17538 17538 W com.detoxtest: NOTE: This wastes RAM and hurts startup performance.
04-13 10:41:47.005 17538 17538 W com.detoxtest: Found duplicated class when checking oat files: 'Landroid/support/v4/app/INotificationSideChannel$Stub$Proxy;' in /data/app/~~mRNbjK9wQHh4lW0ll6ifgg==/com.detoxtest-DFn6bH_BRmq9wG8SEX9TSQ==/base.apk and /data/app/~~mRNbjK9wQHh4lW0ll6ifgg==/com.detoxtest-DFn6bH_BRmq9wG8SEX9TSQ==/base.apk
04-13 10:41:47.005 17538 17538 W com.detoxtest: 
04-13 10:41:47.185 17538 17538 D NetworkSecurityConfig: Using Network Security Config from resource network_security_config debugBuild: false
04-13 10:41:47.187 17538 17538 D NetworkSecurityConfig: Using Network Security Config from resource network_security_config debugBuild: false
04-13 10:41:47.195 17538 17538 I MonitoringInstr: Instrumentation started!
04-13 10:41:47.198 17538 17538 I MonitoringInstr: Setting context classloader to 'dalvik.system.PathClassLoader[DexPathList[[zip file "/system/framework/android.test.runner.jar", zip file "/system/framework/android.test.mock.jar", zip file "/system/framework/android.test.base.jar", zip file "/data/app/~~7RGxOQ8YKTMW89QljmYdGQ==/com.detoxtest.test-5BqOwairXsf8gS0MdWhzCw==/base.apk", zip file "/data/app/~~mRNbjK9wQHh4lW0ll6ifgg==/com.detoxtest-DFn6bH_BRmq9wG8SEX9TSQ==/base.apk"],nativeLibraryDirectories=[/data/app/~~7RGxOQ8YKTMW89QljmYdGQ==/com.detoxtest.test-5BqOwairXsf8gS0MdWhzCw==/lib/x86, /data/app/~~mRNbjK9wQHh4lW0ll6ifgg==/com.detoxtest-DFn6bH_BRmq9wG8SEX9TSQ==/lib/x86, /data/app/~~7RGxOQ8YKTMW89QljmYdGQ==/com.detoxtest.test-5BqOwairXsf8gS0MdWhzCw==/base.apk!/lib/x86, /data/app/~~mRNbjK9wQHh4lW0ll6ifgg==/com.detoxtest-DFn6bH_BRmq9wG8SEX9TSQ==/base.apk!/lib/x86, /system/lib, /system_ext/lib, /product/lib]]]', Original: 'dalvik.system.PathClassLoader[DexPathList[[zip file "/system/framework/android.test.runner.jar", zip file "/system/framework/android.test.mock.jar", zip file "/system/framework/android.test.base.jar", zip file "/data/app/~~7RGxOQ8YKTMW89QljmYdGQ==/com.detoxtest.test-5BqOwairXsf8gS0MdWhzCw==/base.apk", zip file "/data/app/~~mRNbjK9wQHh4lW0ll6ifgg==/com.detoxtest-DFn6bH_BRmq9wG8SEX9TSQ==/base.apk"],nativeLibraryDirectories=[/data/app/~~7RGxOQ8YKTMW89QljmYdGQ==/com.detoxtest.test-5BqOwairXsf8gS0MdWhzCw==/lib/x86, /data/app/~~mRNbjK9wQHh4lW0ll6ifgg==/com.detoxtest-DFn6bH_BRmq9wG8SEX9TSQ==/lib/x86, /data/app/~~7RGxOQ8YKTMW89QljmYdGQ==/com.detoxtest.test-5BqOwairXsf8gS0MdWhzCw==/base.apk!/lib/x86, /data/app/~~mRNbjK9wQHh4lW0ll6ifgg==/com.detoxtest-DFn6bH_BRmq9wG8SEX9TSQ==/base.apk!/lib/x86, /system/lib, /system_ext/lib, /product/lib]]]'
04-13 10:41:47.200 17538 17538 D SoLoader: init start
04-13 10:41:47.201 17538 17538 D SoLoader: adding system library source: /vendor/lib
04-13 10:41:47.201 17538 17538 D SoLoader: adding system library source: /system/lib
04-13 10:41:47.201 17538 17538 D SoLoader: adding application source: com.facebook.soloader.DirectorySoSource[root = /data/app/~~mRNbjK9wQHh4lW0ll6ifgg==/com.detoxtest-DFn6bH_BRmq9wG8SEX9TSQ==/lib/x86 flags = 0]
04-13 10:41:47.202 17538 17538 D SoLoader: adding backup source from : com.facebook.soloader.ApkSoSource[root = /data/user/0/com.detoxtest/lib-main flags = 1]
04-13 10:41:47.202 17538 17538 D SoLoader: Preparing SO source: com.facebook.soloader.DirectorySoSource[root = /system/lib flags = 2]
04-13 10:41:47.202 17538 17538 D SoLoader: Preparing SO source: com.facebook.soloader.DirectorySoSource[root = /vendor/lib flags = 2]
04-13 10:41:47.202 17538 17538 D SoLoader: Preparing SO source: com.facebook.soloader.DirectorySoSource[root = /data/app/~~mRNbjK9wQHh4lW0ll6ifgg==/com.detoxtest-DFn6bH_BRmq9wG8SEX9TSQ==/lib/x86 flags = 0]
04-13 10:41:47.202 17538 17538 D SoLoader: Preparing SO source: com.facebook.soloader.ApkSoSource[root = /data/user/0/com.detoxtest/lib-main flags = 1]
04-13 10:41:47.202 17538 17538 V fb-UnpackingSoSource: locked dso store /data/user/0/com.detoxtest/lib-main
04-13 10:41:47.204 17538 17538 V fb-UnpackingSoSource: deps mismatch on deps store: regenerating
04-13 10:41:47.204 17538 17538 V fb-UnpackingSoSource: so store dirty: regenerating
04-13 10:41:47.232 17538 17538 D ApkSoSource: not allowing consideration of lib/x86/libc++_shared.so: deferring to libdir
04-13 10:41:47.233 17538 17538 D ApkSoSource: not allowing consideration of lib/x86/libfb.so: deferring to libdir
04-13 10:41:47.233 17538 17538 D ApkSoSource: not allowing consideration of lib/x86/libfbjni.so: deferring to libdir
04-13 10:41:47.233 17538 17538 D ApkSoSource: not allowing consideration of lib/x86/libfolly_futures.so: deferring to libdir
04-13 10:41:47.233 17538 17538 D ApkSoSource: not allowing consideration of lib/x86/libfolly_json.so: deferring to libdir
04-13 10:41:47.233 17538 17538 D ApkSoSource: not allowing consideration of lib/x86/libglog.so: deferring to libdir
04-13 10:41:47.233 17538 17538 D ApkSoSource: not allowing consideration of lib/x86/libglog_init.so: deferring to libdir
04-13 10:41:47.233 17538 17538 D ApkSoSource: not allowing consideration of lib/x86/libhermes-executor-debug.so: deferring to libdir
04-13 10:41:47.233 17538 17538 D ApkSoSource: not allowing consideration of lib/x86/libhermes-executor-release.so: deferring to libdir
04-13 10:41:47.233 17538 17538 D ApkSoSource: not allowing consideration of lib/x86/libhermes-inspector.so: deferring to libdir
04-13 10:41:47.233 17538 17538 D ApkSoSource: not allowing consideration of lib/x86/libimagepipeline.so: deferring to libdir
04-13 10:41:47.233 17538 17538 D ApkSoSource: not allowing consideration of lib/x86/libjsc.so: deferring to libdir
04-13 10:41:47.233 17538 17538 D ApkSoSource: not allowing consideration of lib/x86/libjscexecutor.so: deferring to libdir
04-13 10:41:47.233 17538 17538 D ApkSoSource: not allowing consideration of lib/x86/libjsijniprofiler.so: deferring to libdir
04-13 10:41:47.233 17538 17538 D ApkSoSource: not allowing consideration of lib/x86/libjsinspector.so: deferring to libdir
04-13 10:41:47.233 17538 17538 D ApkSoSource: not allowing consideration of lib/x86/libnative-filters.so: deferring to libdir
04-13 10:41:47.233 17538 17538 D ApkSoSource: not allowing consideration of lib/x86/libnative-imagetranscoder.so: deferring to libdir
04-13 10:41:47.233 17538 17538 D ApkSoSource: not allowing consideration of lib/x86/libreactnativeblob.so: deferring to libdir
04-13 10:41:47.233 17538 17538 D ApkSoSource: not allowing consideration of lib/x86/libreactnativejni.so: deferring to libdir
04-13 10:41:47.233 17538 17538 D ApkSoSource: not allowing consideration of lib/x86/libyoga.so: deferring to libdir
04-13 10:41:47.234 17538 17538 V fb-UnpackingSoSource: regenerating DSO store com.facebook.soloader.ApkSoSource
04-13 10:41:47.234 17538 17538 V fb-UnpackingSoSource: Finished regenerating DSO store com.facebook.soloader.ApkSoSource
04-13 10:41:47.234 17538 17538 V fb-UnpackingSoSource: starting syncer worker
04-13 10:41:47.243 17538 17538 V fb-UnpackingSoSource: releasing dso store lock for /data/user/0/com.detoxtest/lib-main (from syncer thread)
04-13 10:41:47.243 17538 17538 V fb-UnpackingSoSource: not releasing dso store lock for /data/user/0/com.detoxtest/lib-main (syncer thread started)
04-13 10:41:47.243 17538 17538 D SoLoader: init finish: 4 SO sources prepared
04-13 10:41:47.243 17538 17538 D SoLoader: init exiting
04-13 10:41:47.247 17538 17538 D SoLoader: init exiting
04-13 10:41:47.247 17538 17538 D SoLoader: About to load: libjscexecutor.so
04-13 10:41:47.247 17538 17538 D SoLoader: libjscexecutor.so not found on /data/user/0/com.detoxtest/lib-main
04-13 10:41:47.247 17538 17538 D SoLoader: libjscexecutor.so found on /data/app/~~mRNbjK9wQHh4lW0ll6ifgg==/com.detoxtest-DFn6bH_BRmq9wG8SEX9TSQ==/lib/x86
04-13 10:41:47.247 17538 17538 D SoLoader: Not resolving dependencies for libjscexecutor.so
04-13 10:41:47.258 17538 17538 D JavaScriptCore.Version: 245459.0.0
04-13 10:41:47.258 17538 17538 D SoLoader: Loaded: libjscexecutor.so
04-13 10:41:47.259 17538 17538 D SoLoader: init exiting
04-13 10:41:47.262 17538 17538 I MonitoringInstr: No JSBridge.
04-13 10:41:47.264 17538 17566 I MonitoringInstr: Setting context classloader to 'dalvik.system.PathClassLoader[DexPathList[[zip file "/system/framework/android.test.runner.jar", zip file "/system/framework/android.test.mock.jar", zip file "/system/framework/android.test.base.jar", zip file "/data/app/~~7RGxOQ8YKTMW89QljmYdGQ==/com.detoxtest.test-5BqOwairXsf8gS0MdWhzCw==/base.apk", zip file "/data/app/~~mRNbjK9wQHh4lW0ll6ifgg==/com.detoxtest-DFn6bH_BRmq9wG8SEX9TSQ==/base.apk"],nativeLibraryDirectories=[/data/app/~~7RGxOQ8YKTMW89QljmYdGQ==/com.detoxtest.test-5BqOwairXsf8gS0MdWhzCw==/lib/x86, /data/app/~~mRNbjK9wQHh4lW0ll6ifgg==/com.detoxtest-DFn6bH_BRmq9wG8SEX9TSQ==/lib/x86, /data/app/~~7RGxOQ8YKTMW89QljmYdGQ==/com.detoxtest.test-5BqOwairXsf8gS0MdWhzCw==/base.apk!/lib/x86, /data/app/~~mRNbjK9wQHh4lW0ll6ifgg==/com.detoxtest-DFn6bH_BRmq9wG8SEX9TSQ==/base.apk!/lib/x86, /system/lib, /system_ext/lib, /product/lib]]]', Original: 'dalvik.system.PathClassLoader[DexPathList[[zip file "/system/framework/android.test.runner.jar", zip file "/system/framework/android.test.mock.jar", zip file "/system/framework/android.test.base.jar", zip file "/data/app/~~7RGxOQ8YKTMW89QljmYdGQ==/com.detoxtest.test-5BqOwairXsf8gS0MdWhzCw==/base.apk", zip file "/data/app/~~mRNbjK9wQHh4lW0ll6ifgg==/com.detoxtest-DFn6bH_BRmq9wG8SEX9TSQ==/base.apk"],nativeLibraryDirectories=[/data/app/~~7RGxOQ8YKTMW89QljmYdGQ==/com.detoxtest.test-5BqOwairXsf8gS0MdWhzCw==/lib/x86, /data/app/~~mRNbjK9wQHh4lW0ll6ifgg==/com.detoxtest-DFn6bH_BRmq9wG8SEX9TSQ==/lib/x86, /data/app/~~7RGxOQ8YKTMW89QljmYdGQ==/com.detoxtest.test-5BqOwairXsf8gS0MdWhzCw==/base.apk!/lib/x86, /data/app/~~mRNbjK9wQHh4lW0ll6ifgg==/com.detoxtest-DFn6bH_BRmq9wG8SEX9TSQ==/base.apk!/lib/x86, /system/lib, /system_ext/lib, /product/lib]]]'
04-13 10:41:47.277 17538 17566 I UsageTrackerFacilitator: Usage tracking enabled
04-13 10:41:47.282 17538 17566 I TestRequestBuilder: Scanning classpath to find tests in paths [/data/app/~~7RGxOQ8YKTMW89QljmYdGQ==/com.detoxtest.test-5BqOwairXsf8gS0MdWhzCw==/base.apk]
04-13 10:41:47.283 17538 17566 W com.detoxtest: Opening an oat file without a class loader. Are you using the deprecated DexFile APIs?
04-13 10:41:47.476 17538 17566 D TestExecutor: Adding listener androidx.test.internal.runner.listener.LogRunListener
04-13 10:41:47.477 17538 17566 D TestExecutor: Adding listener androidx.test.internal.runner.listener.InstrumentationResultPrinter
04-13 10:41:47.477 17538 17566 D TestExecutor: Adding listener androidx.test.internal.runner.listener.ActivityFinisherRunListener
04-13 10:41:47.479 17538 17566 I TestRunner: run started: 1 tests
04-13 10:41:47.483 17538 17566 I TestRunner: started: runDetoxTests(com.detoxtest.DetoxTest)
04-13 10:41:47.486 17538 17538 I MonitoringInstr: Activities that are still in CREATED to STOPPED: 0
04-13 10:41:47.523 17538 17566 D EventInjectionStrategy: Creating injection strategy with input manager.
04-13 10:41:47.605 17538 17538 D LifecycleMonitor: Lifecycle status change: com.detoxtest.MainActivity@d952f0b in: PRE_ON_CREATE
04-13 10:41:47.627 17538 17579 D SoLoader: About to load: libreactnativejni.so
04-13 10:41:47.628 17538 17579 D SoLoader: libreactnativejni.so not found on /data/user/0/com.detoxtest/lib-main
04-13 10:41:47.628 17538 17579 D SoLoader: libreactnativejni.so found on /data/app/~~mRNbjK9wQHh4lW0ll6ifgg==/com.detoxtest-DFn6bH_BRmq9wG8SEX9TSQ==/lib/x86
04-13 10:41:47.629 17538 17579 D SoLoader: Not resolving dependencies for libreactnativejni.so
04-13 10:41:47.630 17538 17538 D LifecycleMonitor: Lifecycle status change: com.detoxtest.MainActivity@d952f0b in: CREATED
04-13 10:41:47.632 17538 17538 D LifecycleMonitor: Lifecycle status change: com.detoxtest.MainActivity@d952f0b in: STARTED
04-13 10:41:47.633 17538 17538 D LifecycleMonitor: Lifecycle status change: com.detoxtest.MainActivity@d952f0b in: RESUMED
04-13 10:41:47.637 17538 17578 D libEGL  : loaded /vendor/lib/egl/libEGL_emulation.so
04-13 10:41:47.639 17538 17579 D SoLoader: Loaded: libreactnativejni.so
04-13 10:41:47.639 17538 17579 D SoLoader: About to load: libfbjni.so
04-13 10:41:47.639 17538 17579 D SoLoader: libfbjni.so not found on /data/user/0/com.detoxtest/lib-main
04-13 10:41:47.639 17538 17579 D SoLoader: libfbjni.so found on /data/app/~~mRNbjK9wQHh4lW0ll6ifgg==/com.detoxtest-DFn6bH_BRmq9wG8SEX9TSQ==/lib/x86
04-13 10:41:47.639 17538 17579 D SoLoader: Not resolving dependencies for libfbjni.so
04-13 10:41:47.640 17538 17579 D SoLoader: Loaded: libfbjni.so
04-13 10:41:47.644 17538 17578 D libEGL  : loaded /vendor/lib/egl/libGLESv1_CM_emulation.so
04-13 10:41:47.655 17538 17578 D libEGL  : loaded /vendor/lib/egl/libGLESv2_emulation.so
04-13 10:41:47.665 17538 17579 E unknown:ReactNative: ReactInstanceManager.createReactContext: mJSIModulePackage null
04-13 10:41:47.665 17538 17581 E ReactNativeJNI: logMarker CREATE_REACT_CONTEXT_END
04-13 10:41:47.675 17538 17581 E ReactNativeJNI: logMarker RUN_JS_BUNDLE_START
04-13 10:41:47.676 17538 17582 E unknown:ReactNative: ReactInstanceManager.attachRootViewToInstance()
04-13 10:41:47.684 17538 17582 W unknown:ViewManagerPropertyUpdater: Could not find generated setter for class com.facebook.react.views.art.ARTGroupViewManager
04-13 10:41:47.685 17538 17582 W unknown:ViewManagerPropertyUpdater: Could not find generated setter for class com.facebook.react.views.art.ARTGroupShadowNode
04-13 10:41:47.688 17538 17582 W unknown:ViewManagerPropertyUpdater: Could not find generated setter for class com.facebook.react.views.art.ARTShapeViewManager
04-13 10:41:47.689 17538 17582 W unknown:ViewManagerPropertyUpdater: Could not find generated setter for class com.facebook.react.views.art.ARTShapeShadowNode
04-13 10:41:47.691 17538 17582 W unknown:ViewManagerPropertyUpdater: Could not find generated setter for class com.facebook.react.views.art.ARTTextViewManager
04-13 10:41:47.692 17538 17582 W unknown:ViewManagerPropertyUpdater: Could not find generated setter for class com.facebook.react.views.art.ARTTextShadowNode
04-13 10:41:47.693 17538 17582 W unknown:ViewManagerPropertyUpdater: Could not find generated setter for class com.facebook.react.views.checkbox.ReactCheckBoxManager
04-13 10:41:47.702 17538 17582 W unknown:ViewManagerPropertyUpdater: Could not find generated setter for class com.facebook.react.uimanager.LayoutShadowNode
04-13 10:41:47.703 17538 17582 W unknown:ViewManagerPropertyUpdater: Could not find generated setter for class com.facebook.react.views.picker.ReactDialogPickerManager
04-13 10:41:47.704 17538 17582 W unknown:ViewManagerPropertyUpdater: Could not find generated setter for class com.facebook.react.views.drawer.ReactDrawerLayoutManager
04-13 10:41:47.705 17538 17582 W unknown:ViewManagerPropertyUpdater: Could not find generated setter for class com.facebook.react.views.picker.ReactDropdownPickerManager
04-13 10:41:47.707 17538 17576 D HostConnection: HostConnection::get() New Host Connection established 0xe9912c10, tid 17576
04-13 10:41:47.708 17538 17582 W unknown:ViewManagerPropertyUpdater: Could not find generated setter for class com.facebook.react.views.scroll.ReactHorizontalScrollViewManager
04-13 10:41:47.709 17538 17582 W unknown:ViewManagerPropertyUpdater: Could not find generated setter for class com.facebook.react.views.scroll.ReactHorizontalScrollContainerViewManager
04-13 10:41:47.711 17538 17582 W unknown:ViewManagerPropertyUpdater: Could not find generated setter for class com.facebook.react.views.progressbar.ReactProgressBarViewManager
04-13 10:41:47.712 17538 17582 W unknown:ViewManagerPropertyUpdater: Could not find generated setter for class com.facebook.react.views.progressbar.ProgressBarShadowNode
04-13 10:41:47.713 17538 17582 W unknown:ViewManagerPropertyUpdater: Could not find generated setter for class com.facebook.react.views.scroll.ReactScrollViewManager
04-13 10:41:47.714 17538 17576 D HostConnection: HostComposition ext ANDROID_EMU_CHECKSUM_HELPER_v1 ANDROID_EMU_native_sync_v2 ANDROID_EMU_native_sync_v3 ANDROID_EMU_native_sync_v4 ANDROID_EMU_dma_v1 ANDROID_EMU_direct_mem ANDROID_EMU_host_composition_v1 ANDROID_EMU_host_composition_v2 ANDROID_EMU_YUV_Cache ANDROID_EMU_async_unmap_buffer GL_OES_EGL_image_external_essl3 GL_OES_vertex_array_object GL_KHR_texture_compression_astc_ldr ANDROID_EMU_gles_max_version_3_0 
04-13 10:41:47.715 17538 17582 W unknown:ViewManagerPropertyUpdater: Could not find generated setter for class com.facebook.react.views.slider.ReactSliderManager
04-13 10:41:47.716 17538 17582 W unknown:ViewManagerPropertyUpdater: Could not find generated setter for class com.facebook.react.views.slider.ReactSliderManager$ReactSliderShadowNode
04-13 10:41:47.716 17538 17582 W unknown:ViewManagerPropertyUpdater: Could not find generated setter for class com.facebook.react.views.switchview.ReactSwitchManager
04-13 10:41:47.719 17538 17576 W OpenGLRenderer: Failed to choose config with EGL_SWAP_BEHAVIOR_PRESERVED, retrying without...
04-13 10:41:47.721 17538 17576 D EGL_emulation: eglCreateContext: 0xe9711ea0: maj 3 min 0 rcv 3
04-13 10:41:47.723 17538 17582 W unknown:ViewManagerPropertyUpdater: Could not find generated setter for class com.facebook.react.views.switchview.ReactSwitchManager$ReactSwitchShadowNode
04-13 10:41:47.723 17538 17582 W unknown:ViewManagerPropertyUpdater: Could not find generated setter for class com.facebook.react.views.swiperefresh.SwipeRefreshLayoutManager
04-13 10:41:47.724 17538 17582 W unknown:ViewManagerPropertyUpdater: Could not find generated setter for class com.facebook.react.views.art.ARTSurfaceViewManager
04-13 10:41:47.724 17538 17582 W unknown:ViewManagerPropertyUpdater: Could not find generated setter for class com.facebook.react.views.art.ARTSurfaceViewShadowNode
04-13 10:41:47.725 17538 17582 W unknown:ViewManagerPropertyUpdater: Could not find generated setter for class com.facebook.react.views.text.frescosupport.FrescoBasedReactTextInlineImageViewManager
04-13 10:41:47.725 17538 17582 W unknown:ViewManagerPropertyUpdater: Could not find generated setter for class com.facebook.react.views.text.frescosupport.FrescoBasedReactTextInlineImageShadowNode
04-13 10:41:47.725 17538 17582 W unknown:ViewManagerPropertyUpdater: Could not find generated setter for class com.facebook.react.views.image.ReactImageManager
04-13 10:41:47.726 17538 17582 W unknown:ViewManagerPropertyUpdater: Could not find generated setter for class com.facebook.react.views.modal.ReactModalHostManager
04-13 10:41:47.727 17538 17582 W unknown:ViewManagerPropertyUpdater: Could not find generated setter for class com.facebook.react.views.modal.ModalHostShadowNode
04-13 10:41:47.727 17538 17582 W unknown:ViewManagerPropertyUpdater: Could not find generated setter for class com.facebook.react.views.text.ReactRawTextManager
04-13 10:41:47.730 17538 17582 W unknown:ViewManagerPropertyUpdater: Could not find generated setter for class com.facebook.react.views.text.ReactRawTextShadowNode
04-13 10:41:47.730 17538 17582 W unknown:ViewManagerPropertyUpdater: Could not find generated setter for class com.facebook.react.views.textinput.ReactTextInputManager
04-13 10:41:47.739 17538 17582 W unknown:ViewManagerPropertyUpdater: Could not find generated setter for class com.facebook.react.views.textinput.ReactTextInputShadowNode
04-13 10:41:47.739 17538 17582 W unknown:ViewManagerPropertyUpdater: Could not find generated setter for class com.facebook.react.views.text.ReactTextViewManager
04-13 10:41:47.740 17538 17582 W unknown:ViewManagerPropertyUpdater: Could not find generated setter for class com.facebook.react.views.text.ReactTextShadowNode
04-13 10:41:47.740 17538 17582 W unknown:ViewManagerPropertyUpdater: Could not find generated setter for class com.facebook.react.views.view.ReactViewManager
04-13 10:41:47.741 17538 17582 W unknown:ViewManagerPropertyUpdater: Could not find generated setter for class com.facebook.react.views.viewpager.ReactViewPagerManager
04-13 10:41:47.741 17538 17582 W unknown:ViewManagerPropertyUpdater: Could not find generated setter for class com.facebook.react.views.text.ReactVirtualTextViewManager
04-13 10:41:47.741 17538 17582 W unknown:ViewManagerPropertyUpdater: Could not find generated setter for class com.facebook.react.views.text.ReactVirtualTextShadowNode
04-13 10:41:47.743 17538 17576 D EGL_emulation: eglMakeCurrent: 0xe9711ea0: ver 3 0 (tinfo 0xe9a7c5b0)
04-13 10:41:47.744 17538 17582 D SoLoader: About to load: libyoga.so
04-13 10:41:47.745 17538 17582 D SoLoader: libyoga.so not found on /data/user/0/com.detoxtest/lib-main
04-13 10:41:47.746 17538 17582 D SoLoader: libyoga.so found on /data/app/~~mRNbjK9wQHh4lW0ll6ifgg==/com.detoxtest-DFn6bH_BRmq9wG8SEX9TSQ==/lib/x86
04-13 10:41:47.746 17538 17582 D SoLoader: Not resolving dependencies for libyoga.so
04-13 10:41:47.750 17538 17582 D SoLoader: Loaded: libyoga.so
04-13 10:41:47.760 17538 17582 E unknown:ReactRootView: runApplication: call AppRegistry.runApplication
04-13 10:41:47.770 17538 17576 I Gralloc4: mapper 4.x is not supported
04-13 10:41:47.776 17538 17576 D HostConnection: createUnique: call
04-13 10:41:47.777 17538 17576 D HostConnection: HostConnection::get() New Host Connection established 0xe9912eb0, tid 17576
04-13 10:41:47.778 17538 17576 D eglCodecCommon: allocate: Ask for block of size 0x100
04-13 10:41:47.778 17538 17576 D eglCodecCommon: allocate: ioctl allocate returned offset 0x3fc0ff000 size 0x2000
04-13 10:41:47.787 17538 17582 D SoLoader: init exiting
04-13 10:41:47.796 17538 17576 D HostConnection: HostComposition ext ANDROID_EMU_CHECKSUM_HELPER_v1 ANDROID_EMU_native_sync_v2 ANDROID_EMU_native_sync_v3 ANDROID_EMU_native_sync_v4 ANDROID_EMU_dma_v1 ANDROID_EMU_direct_mem ANDROID_EMU_host_composition_v1 ANDROID_EMU_host_composition_v2 ANDROID_EMU_YUV_Cache ANDROID_EMU_async_unmap_buffer GL_OES_EGL_image_external_essl3 GL_OES_vertex_array_object GL_KHR_texture_compression_astc_ldr ANDROID_EMU_gles_max_version_3_0 
04-13 10:41:47.801 17538 17576 D EGL_emulation: eglMakeCurrent: 0xe9711ea0: ver 3 0 (tinfo 0xe9a7c5b0)
04-13 10:41:47.809 17538 17581 E ReactNativeJNI: logMarker RUN_JS_BUNDLE_END
04-13 10:41:47.810 17538 17581 I ReactNativeJS: Running "detoxTest" with {"rootTag":1}
04-13 10:41:47.883 17538 17538 E unknown:ReactNative: Unable to launch logbox because react was unable to create the root view
04-13 10:41:47.908 17538 17588 I Detox   : Detox thread starting (com.wix.detox.manager)
04-13 10:41:47.910 17538 17588 I DetoxManager: DetoxServerUrl: ws://localhost:58606
04-13 10:41:47.910 17538 17588 I DetoxManager: DetoxSessionId: 64c39410-6f7d-78d0-b83e-3ddef5bd04cf
04-13 10:41:47.915 17538 17538 D DetoxRNLoading: Got new RN-context directly and immediately
04-13 10:41:47.920 17538 17588 I DetoxRNIdleRes: Setting up Espresso Idling Resources for React Native.
04-13 10:41:47.940 17538 17588 D AsyncStorageIR: Checking whether a custom IR for Async-Storage is required... (legacy=false)
04-13 10:41:47.940 17538 17588 D DetoxRNHelpers: Native module not resolved: no such class
04-13 10:41:47.940 17538 17588 D AsyncStorageIR: Checking whether a custom IR for Async-Storage is required... (legacy=true)
04-13 10:41:47.941 17538 17588 D AsyncStorageIR: IR for Async-Storage is required! (legacy=true)
04-13 10:41:47.957 17538 17538 D AsyncStorageIRLegacy: Async-storage is busy!
04-13 10:41:47.974 17538 17588 I WebSocketClient: At connectToServer
04-13 10:41:48.016 17538 17592 I WebSocketClient: At onOpen
04-13 10:41:48.016 17538 17592 I WebSocketClient: At sendAction
04-13 10:41:48.016 17538 17592 D WebSocketClient: Detox Action Sent: login
04-13 10:41:48.296 17538 17538 I Detox   : Wait is over: app is now idle!
04-13 10:41:48.301 17538 17592 I WebSocketClient: At sendAction
04-13 10:41:48.305 17538 17592 D WebSocketClient: Detox Action Sent: ready
04-13 10:41:48.309 17538 17592 I WebSocketClient: At onMessage
04-13 10:41:48.310 17538 17592 I WebSocketClient: At receiveAction
04-13 10:41:48.310 17538 17592 D WebSocketClient: Detox Action Received: loginSuccess
04-13 10:41:48.310 17538 17592 I DetoxManager: onAction: type: loginSuccess params: {"testerConnected":true,"appConnected":true}
04-13 10:41:48.312 17538 17592 I WebSocketClient: At onMessage
04-13 10:41:48.312 17538 17592 I WebSocketClient: At receiveAction
04-13 10:41:48.312 17538 17592 D WebSocketClient: Detox Action Received: isReady
04-13 10:41:48.312 17538 17592 I DetoxManager: onAction: type: isReady params: {}
04-13 10:41:48.321 17538 17538 I Detox   : Wait is over: app is now idle!
04-13 10:41:48.322 17538 17588 I WebSocketClient: At sendAction
04-13 10:41:48.322 17538 17588 D WebSocketClient: Detox Action Sent: ready
