--------- beginning of main
04-13 12:13:05.002 26586 26627 D SoLoader: Loaded: libfbjni.so
04-13 12:13:05.006 26586 26586 D LifecycleMonitor: Lifecycle status change: com.detoxtest.MainActivity@d952f0b in: CREATED
04-13 12:13:05.008 26586 26586 D LifecycleMonitor: Lifecycle status change: com.detoxtest.MainActivity@d952f0b in: STARTED
04-13 12:13:05.009 26586 26586 D LifecycleMonitor: Lifecycle status change: com.detoxtest.MainActivity@d952f0b in: RESUMED
04-13 12:13:05.020 26586 26629 E ReactNativeJNI: logMarker CREATE_REACT_CONTEXT_END
04-13 12:13:05.020 26586 26627 E unknown:ReactNative: ReactInstanceManager.createReactContext: mJSIModulePackage null
04-13 12:13:05.027 26586 26630 E unknown:ReactNative: ReactInstanceManager.attachRootViewToInstance()
04-13 12:13:05.027 26586 26629 E ReactNativeJNI: logMarker RUN_JS_BUNDLE_START
04-13 12:13:05.039 26586 26630 W unknown:ViewManagerPropertyUpdater: Could not find generated setter for class com.facebook.react.views.art.ARTGroupViewManager
04-13 12:13:05.043 26586 26630 W unknown:ViewManagerPropertyUpdater: Could not find generated setter for class com.facebook.react.views.art.ARTGroupShadowNode
04-13 12:13:05.043 26586 26630 W unknown:ViewManagerPropertyUpdater: Could not find generated setter for class com.facebook.react.views.art.ARTShapeViewManager
04-13 12:13:05.043 26586 26630 W unknown:ViewManagerPropertyUpdater: Could not find generated setter for class com.facebook.react.views.art.ARTShapeShadowNode
04-13 12:13:05.044 26586 26630 W unknown:ViewManagerPropertyUpdater: Could not find generated setter for class com.facebook.react.views.art.ARTTextViewManager
04-13 12:13:05.044 26586 26630 W unknown:ViewManagerPropertyUpdater: Could not find generated setter for class com.facebook.react.views.art.ARTTextShadowNode
04-13 12:13:05.044 26586 26630 W unknown:ViewManagerPropertyUpdater: Could not find generated setter for class com.facebook.react.views.checkbox.ReactCheckBoxManager
04-13 12:13:05.045 26586 26630 W unknown:ViewManagerPropertyUpdater: Could not find generated setter for class com.facebook.react.uimanager.LayoutShadowNode
04-13 12:13:05.049 26586 26630 W unknown:ViewManagerPropertyUpdater: Could not find generated setter for class com.facebook.react.views.picker.ReactDialogPickerManager
04-13 12:13:05.052 26586 26630 W unknown:ViewManagerPropertyUpdater: Could not find generated setter for class com.facebook.react.views.drawer.ReactDrawerLayoutManager
04-13 12:13:05.061 26586 26630 W unknown:ViewManagerPropertyUpdater: Could not find generated setter for class com.facebook.react.views.picker.ReactDropdownPickerManager
04-13 12:13:05.061 26586 26630 W unknown:ViewManagerPropertyUpdater: Could not find generated setter for class com.facebook.react.views.scroll.ReactHorizontalScrollViewManager
04-13 12:13:05.064 26586 26630 W unknown:ViewManagerPropertyUpdater: Could not find generated setter for class com.facebook.react.views.scroll.ReactHorizontalScrollContainerViewManager
04-13 12:13:05.072 26586 26630 W unknown:ViewManagerPropertyUpdater: Could not find generated setter for class com.facebook.react.views.progressbar.ReactProgressBarViewManager
04-13 12:13:05.075 26586 26630 W unknown:ViewManagerPropertyUpdater: Could not find generated setter for class com.facebook.react.views.progressbar.ProgressBarShadowNode
04-13 12:13:05.076 26586 26630 W unknown:ViewManagerPropertyUpdater: Could not find generated setter for class com.facebook.react.views.scroll.ReactScrollViewManager
04-13 12:13:05.080 26586 26630 W unknown:ViewManagerPropertyUpdater: Could not find generated setter for class com.facebook.react.views.slider.ReactSliderManager
04-13 12:13:05.088 26586 26630 W unknown:ViewManagerPropertyUpdater: Could not find generated setter for class com.facebook.react.views.slider.ReactSliderManager$ReactSliderShadowNode
04-13 12:13:05.089 26586 26630 W unknown:ViewManagerPropertyUpdater: Could not find generated setter for class com.facebook.react.views.switchview.ReactSwitchManager
04-13 12:13:05.090 26586 26630 W unknown:ViewManagerPropertyUpdater: Could not find generated setter for class com.facebook.react.views.switchview.ReactSwitchManager$ReactSwitchShadowNode
04-13 12:13:05.091 26586 26630 W unknown:ViewManagerPropertyUpdater: Could not find generated setter for class com.facebook.react.views.swiperefresh.SwipeRefreshLayoutManager
04-13 12:13:05.094 26586 26630 W unknown:ViewManagerPropertyUpdater: Could not find generated setter for class com.facebook.react.views.art.ARTSurfaceViewManager
04-13 12:13:05.095 26586 26630 W unknown:ViewManagerPropertyUpdater: Could not find generated setter for class com.facebook.react.views.art.ARTSurfaceViewShadowNode
04-13 12:13:05.095 26586 26630 W unknown:ViewManagerPropertyUpdater: Could not find generated setter for class com.facebook.react.views.text.frescosupport.FrescoBasedReactTextInlineImageViewManager
04-13 12:13:05.095 26586 26630 W unknown:ViewManagerPropertyUpdater: Could not find generated setter for class com.facebook.react.views.text.frescosupport.FrescoBasedReactTextInlineImageShadowNode
04-13 12:13:05.096 26586 26630 W unknown:ViewManagerPropertyUpdater: Could not find generated setter for class com.facebook.react.views.image.ReactImageManager
04-13 12:13:05.097 26586 26630 W unknown:ViewManagerPropertyUpdater: Could not find generated setter for class com.facebook.react.views.modal.ReactModalHostManager
04-13 12:13:05.099 26586 26630 W unknown:ViewManagerPropertyUpdater: Could not find generated setter for class com.facebook.react.views.modal.ModalHostShadowNode
04-13 12:13:05.100 26586 26630 W unknown:ViewManagerPropertyUpdater: Could not find generated setter for class com.facebook.react.views.text.ReactRawTextManager
04-13 12:13:05.101 26586 26630 W unknown:ViewManagerPropertyUpdater: Could not find generated setter for class com.facebook.react.views.text.ReactRawTextShadowNode
04-13 12:13:05.103 26586 26630 W unknown:ViewManagerPropertyUpdater: Could not find generated setter for class com.facebook.react.views.textinput.ReactTextInputManager
04-13 12:13:05.105 26586 26630 W unknown:ViewManagerPropertyUpdater: Could not find generated setter for class com.facebook.react.views.textinput.ReactTextInputShadowNode
04-13 12:13:05.108 26586 26630 W unknown:ViewManagerPropertyUpdater: Could not find generated setter for class com.facebook.react.views.text.ReactTextViewManager
04-13 12:13:05.109 26586 26630 W unknown:ViewManagerPropertyUpdater: Could not find generated setter for class com.facebook.react.views.text.ReactTextShadowNode
04-13 12:13:05.110 26586 26630 W unknown:ViewManagerPropertyUpdater: Could not find generated setter for class com.facebook.react.views.view.ReactViewManager
04-13 12:13:05.111 26586 26630 W unknown:ViewManagerPropertyUpdater: Could not find generated setter for class com.facebook.react.views.viewpager.ReactViewPagerManager
04-13 12:13:05.112 26586 26630 W unknown:ViewManagerPropertyUpdater: Could not find generated setter for class com.facebook.react.views.text.ReactVirtualTextViewManager
04-13 12:13:05.113 26586 26630 W unknown:ViewManagerPropertyUpdater: Could not find generated setter for class com.facebook.react.views.text.ReactVirtualTextShadowNode
04-13 12:13:05.116 26586 26630 D SoLoader: About to load: libyoga.so
04-13 12:13:05.121 26586 26630 D SoLoader: libyoga.so not found on /data/user/0/com.detoxtest/lib-main
04-13 12:13:05.121 26586 26630 D SoLoader: libyoga.so found on /data/app/~~aeyv2jEYb0TYYcCAKtrwjA==/com.detoxtest-gPwFz5VcvUpIfY3kjhaNfw==/lib/x86
04-13 12:13:05.121 26586 26630 D SoLoader: Not resolving dependencies for libyoga.so
04-13 12:13:05.125 26586 26630 D SoLoader: Loaded: libyoga.so
04-13 12:13:05.133 26586 26630 E unknown:ReactRootView: runApplication: call AppRegistry.runApplication
04-13 12:13:05.145 26586 26624 D HostConnection: HostConnection::get() New Host Connection established 0xe99155b0, tid 26624
04-13 12:13:05.152 26586 26624 D HostConnection: HostComposition ext ANDROID_EMU_CHECKSUM_HELPER_v1 ANDROID_EMU_native_sync_v2 ANDROID_EMU_native_sync_v3 ANDROID_EMU_native_sync_v4 ANDROID_EMU_dma_v1 ANDROID_EMU_direct_mem ANDROID_EMU_host_composition_v1 ANDROID_EMU_host_composition_v2 ANDROID_EMU_YUV_Cache ANDROID_EMU_async_unmap_buffer GL_OES_EGL_image_external_essl3 GL_OES_vertex_array_object GL_KHR_texture_compression_astc_ldr ANDROID_EMU_gles_max_version_3_0 
04-13 12:13:05.163 26586 26624 W OpenGLRenderer: Failed to choose config with EGL_SWAP_BEHAVIOR_PRESERVED, retrying without...
04-13 12:13:05.165 26586 26624 D EGL_emulation: eglCreateContext: 0xe9739970: maj 3 min 0 rcv 3
04-13 12:13:05.182 26586 26629 E ReactNativeJNI: logMarker RUN_JS_BUNDLE_END
04-13 12:13:05.183 26586 26629 I ReactNativeJS: Running "detoxTest" with {"rootTag":1}
04-13 12:13:05.195 26586 26624 D EGL_emulation: eglMakeCurrent: 0xe9739970: ver 3 0 (tinfo 0xe9a7e7f0)
04-13 12:13:05.197 26586 26630 D SoLoader: init exiting
04-13 12:13:05.210 26586 26630 W unknown:ReactNative: Tried to update non-existent root tag: 0
04-13 12:13:05.216 26586 26624 I Gralloc4: mapper 4.x is not supported
04-13 12:13:05.219 26586 26624 D HostConnection: createUnique: call
04-13 12:13:05.220 26586 26624 D HostConnection: HostConnection::get() New Host Connection established 0xe99128b0, tid 26624
04-13 12:13:05.220 26586 26624 D eglCodecCommon: allocate: Ask for block of size 0x100
04-13 12:13:05.220 26586 26624 D eglCodecCommon: allocate: ioctl allocate returned offset 0x3fc0ff000 size 0x2000
04-13 12:13:05.237 26586 26624 D HostConnection: HostComposition ext ANDROID_EMU_CHECKSUM_HELPER_v1 ANDROID_EMU_native_sync_v2 ANDROID_EMU_native_sync_v3 ANDROID_EMU_native_sync_v4 ANDROID_EMU_dma_v1 ANDROID_EMU_direct_mem ANDROID_EMU_host_composition_v1 ANDROID_EMU_host_composition_v2 ANDROID_EMU_YUV_Cache ANDROID_EMU_async_unmap_buffer GL_OES_EGL_image_external_essl3 GL_OES_vertex_array_object GL_KHR_texture_compression_astc_ldr ANDROID_EMU_gles_max_version_3_0 
04-13 12:13:05.243 26586 26624 D EGL_emulation: eglMakeCurrent: 0xe9739970: ver 3 0 (tinfo 0xe9a7e7f0)
04-13 12:13:05.289 26586 26586 E unknown:ReactNative: Unable to launch logbox because react was unable to create the root view
04-13 12:13:05.315 26586 26636 I Detox   : Detox thread starting (com.wix.detox.manager)
04-13 12:13:05.327 26586 26636 I DetoxManager: DetoxServerUrl: ws://localhost:65061
04-13 12:13:05.327 26586 26636 I DetoxManager: DetoxSessionId: 52055f8c-d73c-5661-1cbc-b0ab7f65d365
04-13 12:13:05.360 26586 26586 D DetoxRNLoading: Got new RN-context directly and immediately
04-13 12:13:05.366 26586 26636 I DetoxRNIdleRes: Setting up Espresso Idling Resources for React Native.
04-13 12:13:05.442 26586 26636 D AsyncStorageIR: Checking whether a custom IR for Async-Storage is required... (legacy=false)
04-13 12:13:05.442 26586 26636 D DetoxRNHelpers: Native module not resolved: no such class
04-13 12:13:05.442 26586 26636 D AsyncStorageIR: Checking whether a custom IR for Async-Storage is required... (legacy=true)
04-13 12:13:05.443 26586 26636 D AsyncStorageIR: IR for Async-Storage is required! (legacy=true)
04-13 12:13:05.448 26586 26586 D AsyncStorageIRLegacy: Async-storage is busy!
04-13 12:13:05.459 26586 26636 I WebSocketClient: At connectToServer
04-13 12:13:05.492 26586 26639 I WebSocketClient: At onOpen
04-13 12:13:05.492 26586 26639 I WebSocketClient: At sendAction
04-13 12:13:05.492 26586 26639 D WebSocketClient: Detox Action Sent: login
04-13 12:13:05.681 26586 26586 I Detox   : Wait is over: app is now idle!
04-13 12:13:05.689 26586 26639 I WebSocketClient: At sendAction
04-13 12:13:05.691 26586 26639 D WebSocketClient: Detox Action Sent: ready
04-13 12:13:05.695 26586 26639 I WebSocketClient: At onMessage
04-13 12:13:05.695 26586 26639 I WebSocketClient: At receiveAction
04-13 12:13:05.695 26586 26639 D WebSocketClient: Detox Action Received: loginSuccess
04-13 12:13:05.695 26586 26639 I DetoxManager: onAction: type: loginSuccess params: {"testerConnected":true,"appConnected":true}
04-13 12:13:05.698 26586 26639 I WebSocketClient: At onMessage
04-13 12:13:05.698 26586 26639 I WebSocketClient: At receiveAction
04-13 12:13:05.699 26586 26639 D WebSocketClient: Detox Action Received: isReady
04-13 12:13:05.699 26586 26639 I DetoxManager: onAction: type: isReady params: {}
04-13 12:13:05.713 26586 26586 I Detox   : Wait is over: app is now idle!
04-13 12:13:05.715 26586 26636 I WebSocketClient: At sendAction
04-13 12:13:05.715 26586 26636 D WebSocketClient: Detox Action Sent: ready
04-13 12:13:05.764 26586 26639 I WebSocketClient: At onMessage
04-13 12:13:05.764 26586 26639 I WebSocketClient: At receiveAction
04-13 12:13:05.764 26586 26639 D WebSocketClient: Detox Action Received: invoke
04-13 12:13:05.765 26586 26639 I DetoxManager: onAction: type: invoke params: {"target":{"type":"Class","value":"com.wix.detox.espresso.DetoxAssertion"},"method":"assertMatcher","args":[{"type":"Invocation","value":{"target":{"type":"Class","value":"androidx.test.espresso.Espresso"},"method":"onView","args":[{"type":"Invocation","value":{"target":{"type":"Class","value":"com.wix.detox.espresso.DetoxMatcher"},"method":"matcherForTestId","args":["successInitButton"]}}]}},{"type":"Invocation","value":{"target":{"type":"Class","value":"com.wix.detox.espresso.DetoxMatcher"},"method":"matcherForSufficientlyVisible","args":[]}}]}
04-13 12:13:05.785 26586 26636 D Detox   : class com.wix.detox.espresso.DetoxMatcher, matcherForTestId, [successInitButton]
04-13 12:13:05.815 26586 26636 D Detox   : class androidx.test.espresso.Espresso, onView, [(with tag value: is "successInitButton" and view has effective visibility=VISIBLE)]
04-13 12:13:05.815 26586 26636 D Detox   : class com.wix.detox.espresso.DetoxMatcher, matcherForSufficientlyVisible, []
04-13 12:13:05.817 26586 26636 D Detox   : class com.wix.detox.espresso.DetoxAssertion, assertMatcher, [androidx.test.espresso.ViewInteraction@a74700a, at least 75 percent of the view's area is displayed to the user.]
04-13 12:13:05.845 26586 26586 I ViewInteraction: Checking 'MatchesViewAssertion(Detox){viewMatcher=at least 75 percent of the view's area is displayed to the user.}' assertion on view (with tag value: is "successInitButton" and view has effective visibility=VISIBLE)
04-13 12:13:05.846 26586 26636 I WebSocketClient: At sendAction
04-13 12:13:05.846 26586 26636 D WebSocketClient: Detox Action Sent: invokeResult
04-13 12:13:05.852 26586 26639 I WebSocketClient: At onMessage
04-13 12:13:05.852 26586 26639 I WebSocketClient: At receiveAction
04-13 12:13:05.853 26586 26639 D WebSocketClient: Detox Action Received: invoke
04-13 12:13:05.853 26586 26639 I DetoxManager: onAction: type: invoke params: {"target":{"type":"Class","value":"com.wix.detox.espresso.EspressoDetox"},"method":"perform","args":[{"type":"Invocation","value":{"target":{"type":"Class","value":"androidx.test.espresso.Espresso"},"method":"onView","args":[{"type":"Invocation","value":{"target":{"type":"Class","value":"com.wix.detox.espresso.DetoxMatcher"},"method":"matcherForTestId","args":["successInitButton"]}}]}},{"type":"Invocation","value":{"target":{"type":"Class","value":"com.wix.detox.espresso.DetoxViewActions"},"method":"click","args":[]}}]}
04-13 12:13:05.853 26586 26636 D Detox   : class com.wix.detox.espresso.DetoxMatcher, matcherForTestId, [successInitButton]
04-13 12:13:05.853 26586 26636 D Detox   : class androidx.test.espresso.Espresso, onView, [(with tag value: is "successInitButton" and view has effective visibility=VISIBLE)]
04-13 12:13:05.854 26586 26636 D Detox   : class com.wix.detox.espresso.DetoxViewActions, click, []
04-13 12:13:05.864 26586 26636 D Detox   : class com.wix.detox.espresso.EspressoDetox, perform, [androidx.test.espresso.ViewInteraction@3580e98, com.wix.detox.espresso.action.RNClickAction@280b6f1]
04-13 12:13:05.871 26586 26586 I ViewInteraction: Performing 'com.wix.detox.espresso.action.detoxsingletap@7f182d6 click' action on view (with tag value: is "successInitButton" and view has effective visibility=VISIBLE)
04-13 12:13:05.977 26586 26630 D AppsFlyer_6.2.0: Initializing AppsFlyer SDK: (v6.2.0.91)
04-13 12:13:06.221 26586 26658 I TetheringManager: registerTetheringEventCallback:com.detoxtest
04-13 12:13:06.309 26586 26636 I WebSocketClient: At sendAction
04-13 12:13:06.309 26586 26636 D WebSocketClient: Detox Action Sent: invokeResult
04-13 12:13:06.313 26586 26639 I WebSocketClient: At onMessage
04-13 12:13:06.313 26586 26639 I WebSocketClient: At receiveAction
04-13 12:13:06.314 26586 26639 D WebSocketClient: Detox Action Received: invoke
04-13 12:13:06.314 26586 26639 I DetoxManager: onAction: type: invoke params: {"target":{"type":"Class","value":"com.wix.detox.espresso.DetoxAssertion"},"method":"assertMatcher","args":[{"type":"Invocation","value":{"target":{"type":"Class","value":"androidx.test.espresso.Espresso"},"method":"onView","args":[{"type":"Invocation","value":{"target":{"type":"Class","value":"com.wix.detox.espresso.DetoxMatcher"},"method":"matcherForTestId","args":["successInitResult"]}}]}},{"type":"Invocation","value":{"target":{"type":"Class","value":"com.wix.detox.espresso.DetoxMatcher"},"method":"matcherForText","args":["Success"]}}]}
04-13 12:13:06.314 26586 26636 D Detox   : class com.wix.detox.espresso.DetoxMatcher, matcherForTestId, [successInitResult]
04-13 12:13:06.314 26586 26636 D Detox   : class androidx.test.espresso.Espresso, onView, [(with tag value: is "successInitResult" and view has effective visibility=VISIBLE)]
04-13 12:13:06.315 26586 26636 D Detox   : class com.wix.detox.espresso.DetoxMatcher, matcherForText, [Success]
04-13 12:13:06.316 26586 26636 D Detox   : class com.wix.detox.espresso.DetoxAssertion, assertMatcher, [androidx.test.espresso.ViewInteraction@5e26ca4, (with text: is "Success" and view has effective visibility=VISIBLE)]
04-13 12:13:06.320 26586 26586 I ViewInteraction: Checking 'MatchesViewAssertion(Detox){viewMatcher=(with text: is "Success" and view has effective visibility=VISIBLE)}' assertion on view (with tag value: is "successInitResult" and view has effective visibility=VISIBLE)
04-13 12:13:06.321 26586 26636 I WebSocketClient: At sendAction
04-13 12:13:06.324 26586 26636 D WebSocketClient: Detox Action Sent: invokeResult
