--------- beginning of main
04-13 11:41:20.148 22775 22817 D AppsFlyer_6.2.0: Initializing AppsFlyer SDK: (v6.2.0.91)
04-13 11:41:20.324 22775 22846 I TetheringManager: registerTetheringEventCallback:com.detoxtest
04-13 11:41:20.425 22775 22822 I WebSocketClient: At sendAction
04-13 11:41:20.425 22775 22822 D WebSocketClient: Detox Action Sent: invokeResult
04-13 11:41:20.429 22775 22824 I WebSocketClient: At onMessage
04-13 11:41:20.429 22775 22824 I WebSocketClient: At receiveAction
04-13 11:41:20.429 22775 22824 D WebSocketClient: Detox Action Received: invoke
04-13 11:41:20.429 22775 22824 I DetoxManager: onAction: type: invoke params: {"target":{"type":"Class","value":"com.wix.detox.espresso.DetoxAssertion"},"method":"assertMatcher","args":[{"type":"Invocation","value":{"target":{"type":"Class","value":"androidx.test.espresso.Espresso"},"method":"onView","args":[{"type":"Invocation","value":{"target":{"type":"Class","value":"com.wix.detox.espresso.DetoxMatcher"},"method":"matcherForTestId","args":["successInitResult"]}}]}},{"type":"Invocation","value":{"target":{"type":"Class","value":"com.wix.detox.espresso.DetoxMatcher"},"method":"matcherForText","args":["Success"]}}]}
04-13 11:41:20.429 22775 22822 D Detox   : class com.wix.detox.espresso.DetoxMatcher, matcherForTestId, [successInitResult]
04-13 11:41:20.430 22775 22822 D Detox   : class androidx.test.espresso.Espresso, onView, [(with tag value: is "successInitResult" and view has effective visibility=VISIBLE)]
04-13 11:41:20.430 22775 22822 D Detox   : class com.wix.detox.espresso.DetoxMatcher, matcherForText, [Success]
04-13 11:41:20.431 22775 22822 D Detox   : class com.wix.detox.espresso.DetoxAssertion, assertMatcher, [androidx.test.espresso.ViewInteraction@5e26ca4, (with text: is "Success" and view has effective visibility=VISIBLE)]
04-13 11:41:20.435 22775 22775 I ViewInteraction: Checking 'MatchesViewAssertion(Detox){viewMatcher=(with text: is "Success" and view has effective visibility=VISIBLE)}' assertion on view (with tag value: is "successInitResult" and view has effective visibility=VISIBLE)
04-13 11:41:20.435 22775 22822 I WebSocketClient: At sendAction
04-13 11:41:20.436 22775 22822 D WebSocketClient: Detox Action Sent: invokeResult
04-13 11:41:20.477 22775 22824 I WebSocketClient: At onMessage
04-13 11:41:20.477 22775 22824 I WebSocketClient: At receiveAction
04-13 11:41:20.478 22775 22824 D WebSocketClient: Detox Action Received: invoke
04-13 11:41:20.478 22775 22824 I DetoxManager: onAction: type: invoke params: {"target":{"type":"Class","value":"com.wix.detox.espresso.DetoxAssertion"},"method":"assertMatcher","args":[{"type":"Invocation","value":{"target":{"type":"Class","value":"androidx.test.espresso.Espresso"},"method":"onView","args":[{"type":"Invocation","value":{"target":{"type":"Class","value":"com.wix.detox.espresso.DetoxMatcher"},"method":"matcherForTestId","args":["noDevKeyButton"]}}]}},{"type":"Invocation","value":{"target":{"type":"Class","value":"com.wix.detox.espresso.DetoxMatcher"},"method":"matcherForSufficientlyVisible","args":[]}}]}
04-13 11:41:20.478 22775 22822 D Detox   : class com.wix.detox.espresso.DetoxMatcher, matcherForTestId, [noDevKeyButton]
04-13 11:41:20.478 22775 22822 D Detox   : class androidx.test.espresso.Espresso, onView, [(with tag value: is "noDevKeyButton" and view has effective visibility=VISIBLE)]
04-13 11:41:20.479 22775 22822 D Detox   : class com.wix.detox.espresso.DetoxMatcher, matcherForSufficientlyVisible, []
04-13 11:41:20.479 22775 22822 D Detox   : class com.wix.detox.espresso.DetoxAssertion, assertMatcher, [androidx.test.espresso.ViewInteraction@95a6a0d, at least 75 percent of the view's area is displayed to the user.]
04-13 11:41:20.485 22775 22775 I ViewInteraction: Checking 'MatchesViewAssertion(Detox){viewMatcher=at least 75 percent of the view's area is displayed to the user.}' assertion on view (with tag value: is "noDevKeyButton" and view has effective visibility=VISIBLE)
04-13 11:41:20.490 22775 22822 I WebSocketClient: At sendAction
04-13 11:41:20.492 22775 22822 D WebSocketClient: Detox Action Sent: invokeResult
04-13 11:41:20.498 22775 22824 I WebSocketClient: At onMessage
04-13 11:41:20.498 22775 22824 I WebSocketClient: At receiveAction
04-13 11:41:20.499 22775 22824 D WebSocketClient: Detox Action Received: invoke
04-13 11:41:20.499 22775 22824 I DetoxManager: onAction: type: invoke params: {"target":{"type":"Class","value":"com.wix.detox.espresso.EspressoDetox"},"method":"perform","args":[{"type":"Invocation","value":{"target":{"type":"Class","value":"androidx.test.espresso.Espresso"},"method":"onView","args":[{"type":"Invocation","value":{"target":{"type":"Class","value":"com.wix.detox.espresso.DetoxMatcher"},"method":"matcherForTestId","args":["noDevKeyButton"]}}]}},{"type":"Invocation","value":{"target":{"type":"Class","value":"com.wix.detox.espresso.DetoxViewActions"},"method":"click","args":[]}}]}
04-13 11:41:20.504 22775 22822 D Detox   : class com.wix.detox.espresso.DetoxMatcher, matcherForTestId, [noDevKeyButton]
04-13 11:41:20.506 22775 22822 D Detox   : class androidx.test.espresso.Espresso, onView, [(with tag value: is "noDevKeyButton" and view has effective visibility=VISIBLE)]
04-13 11:41:20.511 22775 22822 D Detox   : class com.wix.detox.espresso.DetoxViewActions, click, []
04-13 11:41:20.512 22775 22822 D Detox   : class com.wix.detox.espresso.EspressoDetox, perform, [androidx.test.espresso.ViewInteraction@add4dc2, com.wix.detox.espresso.action.RNClickAction@3f767d3]
04-13 11:41:20.516 22775 22775 I ViewInteraction: Performing 'com.wix.detox.espresso.action.detoxsingletap@22baf10 click' action on view (with tag value: is "noDevKeyButton" and view has effective visibility=VISIBLE)
04-13 11:41:20.728 22775 22787 I com.detoxtest: Background concurrent copying GC freed 209966(11MB) AllocSpace objects, 22(912KB) LOS objects, 49% free, 4200KB/8400KB, paused 492us total 112.676ms
04-13 11:41:21.047 22775 22822 I WebSocketClient: At sendAction
04-13 11:41:21.047 22775 22822 D WebSocketClient: Detox Action Sent: invokeResult
04-13 11:41:21.052 22775 22824 I WebSocketClient: At onMessage
04-13 11:41:21.052 22775 22824 I WebSocketClient: At receiveAction
04-13 11:41:21.052 22775 22824 D WebSocketClient: Detox Action Received: invoke
04-13 11:41:21.052 22775 22824 I DetoxManager: onAction: type: invoke params: {"target":{"type":"Class","value":"com.wix.detox.espresso.DetoxAssertion"},"method":"assertMatcher","args":[{"type":"Invocation","value":{"target":{"type":"Class","value":"androidx.test.espresso.Espresso"},"method":"onView","args":[{"type":"Invocation","value":{"target":{"type":"Class","value":"com.wix.detox.espresso.DetoxMatcher"},"method":"matcherForTestId","args":["noDevKeyInitResult"]}}]}},{"type":"Invocation","value":{"target":{"type":"Class","value":"com.wix.detox.espresso.DetoxMatcher"},"method":"matcherForText","args":["No 'devKey' found or its empty"]}}]}
04-13 11:41:21.052 22775 22822 D Detox   : class com.wix.detox.espresso.DetoxMatcher, matcherForTestId, [noDevKeyInitResult]
04-13 11:41:21.052 22775 22822 D Detox   : class androidx.test.espresso.Espresso, onView, [(with tag value: is "noDevKeyInitResult" and view has effective visibility=VISIBLE)]
04-13 11:41:21.053 22775 22822 D Detox   : class com.wix.detox.espresso.DetoxMatcher, matcherForText, [No 'devKey' found or its empty]
04-13 11:41:21.053 22775 22822 D Detox   : class com.wix.detox.espresso.DetoxAssertion, assertMatcher, [androidx.test.espresso.ViewInteraction@82f9aa0, (with text: is "No 'devKey' found or its empty" and view has effective visibility=VISIBLE)]
04-13 11:41:21.056 22775 22775 I ViewInteraction: Checking 'MatchesViewAssertion(Detox){viewMatcher=(with text: is "No 'devKey' found or its empty" and view has effective visibility=VISIBLE)}' assertion on view (with tag value: is "noDevKeyInitResult" and view has effective visibility=VISIBLE)
04-13 11:41:21.057 22775 22822 I WebSocketClient: At sendAction
04-13 11:41:21.059 22775 22822 D WebSocketClient: Detox Action Sent: invokeResult
