--------- beginning of main
04-13 11:32:21.000 21138 21209 D AppsFlyer_6.2.0: Initializing AppsFlyer SDK: (v6.2.0.91)
04-13 11:32:21.165 21138 21219 I TetheringManager: registerTetheringEventCallback:com.detoxtest
04-13 11:32:21.208 21138 21219 I com.detoxtest: Waiting for a blocking GC ClassLinker
04-13 11:32:21.210 21138 21223 I com.detoxtest: Waiting for a blocking GC ClassLinker
04-13 11:32:21.231 21138 21219 I com.detoxtest: WaitForGcToComplete blocked ClassLinker on ClassLinker for 22.568ms
04-13 11:32:21.231 21138 21223 I com.detoxtest: WaitForGcToComplete blocked ClassLinker on ClassLinker for 21.048ms
04-13 11:32:21.426 21138 21185 I WebSocketClient: At sendAction
04-13 11:32:21.426 21138 21185 D WebSocketClient: Detox Action Sent: invokeResult
04-13 11:32:21.431 21138 21194 I WebSocketClient: At onMessage
04-13 11:32:21.431 21138 21194 I WebSocketClient: At receiveAction
04-13 11:32:21.432 21138 21194 D WebSocketClient: Detox Action Received: invoke
04-13 11:32:21.433 21138 21194 I DetoxManager: onAction: type: invoke params: {"target":{"type":"Class","value":"com.wix.detox.espresso.DetoxAssertion"},"method":"assertMatcher","args":[{"type":"Invocation","value":{"target":{"type":"Class","value":"androidx.test.espresso.Espresso"},"method":"onView","args":[{"type":"Invocation","value":{"target":{"type":"Class","value":"com.wix.detox.espresso.DetoxMatcher"},"method":"matcherForTestId","args":["successInitResult"]}}]}},{"type":"Invocation","value":{"target":{"type":"Class","value":"com.wix.detox.espresso.DetoxMatcher"},"method":"matcherForText","args":["Success"]}}]}
04-13 11:32:21.433 21138 21185 D Detox   : class com.wix.detox.espresso.DetoxMatcher, matcherForTestId, [successInitResult]
04-13 11:32:21.433 21138 21185 D Detox   : class androidx.test.espresso.Espresso, onView, [(with tag value: is "successInitResult" and view has effective visibility=VISIBLE)]
04-13 11:32:21.434 21138 21185 D Detox   : class com.wix.detox.espresso.DetoxMatcher, matcherForText, [Success]
04-13 11:32:21.434 21138 21185 D Detox   : class com.wix.detox.espresso.DetoxAssertion, assertMatcher, [androidx.test.espresso.ViewInteraction@8c29f93, (with text: is "Success" and view has effective visibility=VISIBLE)]
04-13 11:32:21.438 21138 21138 I ViewInteraction: Checking 'MatchesViewAssertion(Detox){viewMatcher=(with text: is "Success" and view has effective visibility=VISIBLE)}' assertion on view (with tag value: is "successInitResult" and view has effective visibility=VISIBLE)
04-13 11:32:21.439 21138 21185 I WebSocketClient: At sendAction
04-13 11:32:21.440 21138 21185 D WebSocketClient: Detox Action Sent: invokeResult
04-13 11:32:21.482 21138 21194 I WebSocketClient: At onMessage
04-13 11:32:21.484 21138 21194 I WebSocketClient: At receiveAction
04-13 11:32:21.484 21138 21194 D WebSocketClient: Detox Action Received: reactNativeReload
04-13 11:32:21.484 21138 21194 I DetoxManager: onAction: type: reactNativeReload params: {}
04-13 11:32:21.488 21138 21185 I DetoxRNExt: Reloading React Native
04-13 11:32:21.508 21138 21229 E unknown:ReactNative: ReactInstanceManager.createReactContext: mJSIModulePackage null
04-13 11:32:21.508 21138 21232 E ReactNativeJNI: logMarker CREATE_REACT_CONTEXT_END
04-13 11:32:21.516 21138 21232 E ReactNativeJNI: logMarker RUN_JS_BUNDLE_START
04-13 11:32:21.518 21138 21233 E unknown:ReactNative: ReactInstanceManager.attachRootViewToInstance()
04-13 11:32:21.523 21138 21233 W unknown:ViewManagerPropertyUpdater: Could not find generated setter for class com.facebook.react.views.art.ARTGroupViewManager
04-13 11:32:21.523 21138 21233 W unknown:ViewManagerPropertyUpdater: Could not find generated setter for class com.facebook.react.views.art.ARTGroupShadowNode
04-13 11:32:21.523 21138 21233 W unknown:ViewManagerPropertyUpdater: Could not find generated setter for class com.facebook.react.views.art.ARTShapeViewManager
04-13 11:32:21.524 21138 21233 W unknown:ViewManagerPropertyUpdater: Could not find generated setter for class com.facebook.react.views.art.ARTShapeShadowNode
04-13 11:32:21.524 21138 21233 W unknown:ViewManagerPropertyUpdater: Could not find generated setter for class com.facebook.react.views.art.ARTTextViewManager
04-13 11:32:21.524 21138 21233 W unknown:ViewManagerPropertyUpdater: Could not find generated setter for class com.facebook.react.views.art.ARTTextShadowNode
04-13 11:32:21.524 21138 21233 W unknown:ViewManagerPropertyUpdater: Could not find generated setter for class com.facebook.react.views.checkbox.ReactCheckBoxManager
04-13 11:32:21.525 21138 21233 W unknown:ViewManagerPropertyUpdater: Could not find generated setter for class com.facebook.react.uimanager.LayoutShadowNode
04-13 11:32:21.525 21138 21233 W unknown:ViewManagerPropertyUpdater: Could not find generated setter for class com.facebook.react.views.picker.ReactDialogPickerManager
04-13 11:32:21.526 21138 21233 W unknown:ViewManagerPropertyUpdater: Could not find generated setter for class com.facebook.react.views.drawer.ReactDrawerLayoutManager
04-13 11:32:21.526 21138 21233 W unknown:ViewManagerPropertyUpdater: Could not find generated setter for class com.facebook.react.views.picker.ReactDropdownPickerManager
04-13 11:32:21.526 21138 21233 W unknown:ViewManagerPropertyUpdater: Could not find generated setter for class com.facebook.react.views.scroll.ReactHorizontalScrollViewManager
04-13 11:32:21.528 21138 21233 W unknown:ViewManagerPropertyUpdater: Could not find generated setter for class com.facebook.react.views.scroll.ReactHorizontalScrollContainerViewManager
04-13 11:32:21.528 21138 21233 W unknown:ViewManagerPropertyUpdater: Could not find generated setter for class com.facebook.react.views.progressbar.ReactProgressBarViewManager
04-13 11:32:21.528 21138 21233 W unknown:ViewManagerPropertyUpdater: Could not find generated setter for class com.facebook.react.views.progressbar.ProgressBarShadowNode
04-13 11:32:21.529 21138 21233 W unknown:ViewManagerPropertyUpdater: Could not find generated setter for class com.facebook.react.views.scroll.ReactScrollViewManager
04-13 11:32:21.530 21138 21233 W unknown:ViewManagerPropertyUpdater: Could not find generated setter for class com.facebook.react.views.slider.ReactSliderManager
04-13 11:32:21.530 21138 21233 W unknown:ViewManagerPropertyUpdater: Could not find generated setter for class com.facebook.react.views.slider.ReactSliderManager$ReactSliderShadowNode
04-13 11:32:21.530 21138 21233 W unknown:ViewManagerPropertyUpdater: Could not find generated setter for class com.facebook.react.views.switchview.ReactSwitchManager
04-13 11:32:21.531 21138 21233 W unknown:ViewManagerPropertyUpdater: Could not find generated setter for class com.facebook.react.views.switchview.ReactSwitchManager$ReactSwitchShadowNode
04-13 11:32:21.531 21138 21233 W unknown:ViewManagerPropertyUpdater: Could not find generated setter for class com.facebook.react.views.swiperefresh.SwipeRefreshLayoutManager
04-13 11:32:21.532 21138 21233 W unknown:ViewManagerPropertyUpdater: Could not find generated setter for class com.facebook.react.views.art.ARTSurfaceViewManager
04-13 11:32:21.532 21138 21233 W unknown:ViewManagerPropertyUpdater: Could not find generated setter for class com.facebook.react.views.art.ARTSurfaceViewShadowNode
04-13 11:32:21.532 21138 21233 W unknown:ViewManagerPropertyUpdater: Could not find generated setter for class com.facebook.react.views.text.frescosupport.FrescoBasedReactTextInlineImageViewManager
04-13 11:32:21.532 21138 21233 W unknown:ViewManagerPropertyUpdater: Could not find generated setter for class com.facebook.react.views.text.frescosupport.FrescoBasedReactTextInlineImageShadowNode
04-13 11:32:21.533 21138 21233 W unknown:ViewManagerPropertyUpdater: Could not find generated setter for class com.facebook.react.views.image.ReactImageManager
04-13 11:32:21.533 21138 21233 W unknown:ViewManagerPropertyUpdater: Could not find generated setter for class com.facebook.react.views.modal.ReactModalHostManager
04-13 11:32:21.533 21138 21233 W unknown:ViewManagerPropertyUpdater: Could not find generated setter for class com.facebook.react.views.modal.ModalHostShadowNode
04-13 11:32:21.533 21138 21233 W unknown:ViewManagerPropertyUpdater: Could not find generated setter for class com.facebook.react.views.text.ReactRawTextManager
04-13 11:32:21.533 21138 21233 W unknown:ViewManagerPropertyUpdater: Could not find generated setter for class com.facebook.react.views.text.ReactRawTextShadowNode
04-13 11:32:21.534 21138 21233 W unknown:ViewManagerPropertyUpdater: Could not find generated setter for class com.facebook.react.views.textinput.ReactTextInputManager
04-13 11:32:21.538 21138 21233 W unknown:ViewManagerPropertyUpdater: Could not find generated setter for class com.facebook.react.views.textinput.ReactTextInputShadowNode
04-13 11:32:21.540 21138 21233 W unknown:ViewManagerPropertyUpdater: Could not find generated setter for class com.facebook.react.views.text.ReactTextViewManager
04-13 11:32:21.541 21138 21233 W unknown:ViewManagerPropertyUpdater: Could not find generated setter for class com.facebook.react.views.text.ReactTextShadowNode
04-13 11:32:21.541 21138 21233 W unknown:ViewManagerPropertyUpdater: Could not find generated setter for class com.facebook.react.views.view.ReactViewManager
04-13 11:32:21.545 21138 21233 W unknown:ViewManagerPropertyUpdater: Could not find generated setter for class com.facebook.react.views.viewpager.ReactViewPagerManager
04-13 11:32:21.545 21138 21233 W unknown:ViewManagerPropertyUpdater: Could not find generated setter for class com.facebook.react.views.text.ReactVirtualTextViewManager
04-13 11:32:21.545 21138 21233 W unknown:ViewManagerPropertyUpdater: Could not find generated setter for class com.facebook.react.views.text.ReactVirtualTextShadowNode
04-13 11:32:21.546 21138 21233 E unknown:ReactRootView: runApplication: call AppRegistry.runApplication
04-13 11:32:21.552 21138 21138 I DetoxRNLoading: Got new RN-context async'ly through listener
04-13 11:32:21.553 21138 21185 I DetoxRNIdleRes: Setting up Espresso Idling Resources for React Native.
04-13 11:32:21.556 21138 21185 D AsyncStorageIR: Checking whether a custom IR for Async-Storage is required... (legacy=false)
04-13 11:32:21.556 21138 21185 D DetoxRNHelpers: Native module not resolved: no such class
04-13 11:32:21.556 21138 21185 D AsyncStorageIR: Checking whether a custom IR for Async-Storage is required... (legacy=true)
04-13 11:32:21.556 21138 21185 D AsyncStorageIR: IR for Async-Storage is required! (legacy=true)
04-13 11:32:21.557 21138 21138 D AsyncStorageIRLegacy: Async-storage is busy!
04-13 11:32:21.557 21138 21185 I WebSocketClient: At sendAction
04-13 11:32:21.560 21138 21185 D WebSocketClient: Detox Action Sent: ready
04-13 11:32:21.564 21138 21194 I WebSocketClient: At onMessage
04-13 11:32:21.564 21138 21194 I WebSocketClient: At receiveAction
04-13 11:32:21.565 21138 21194 D WebSocketClient: Detox Action Received: invoke
04-13 11:32:21.565 21138 21194 I DetoxManager: onAction: type: invoke params: {"target":{"type":"Class","value":"com.wix.detox.espresso.DetoxAssertion"},"method":"assertMatcher","args":[{"type":"Invocation","value":{"target":{"type":"Class","value":"androidx.test.espresso.Espresso"},"method":"onView","args":[{"type":"Invocation","value":{"target":{"type":"Class","value":"com.wix.detox.espresso.DetoxMatcher"},"method":"matcherForTestId","args":["noDevKeyButton"]}}]}},{"type":"Invocation","value":{"target":{"type":"Class","value":"com.wix.detox.espresso.DetoxMatcher"},"method":"matcherForSufficientlyVisible","args":[]}}]}
04-13 11:32:21.565 21138 21185 D Detox   : class com.wix.detox.espresso.DetoxMatcher, matcherForTestId, [noDevKeyButton]
04-13 11:32:21.565 21138 21185 D Detox   : class androidx.test.espresso.Espresso, onView, [(with tag value: is "noDevKeyButton" and view has effective visibility=VISIBLE)]
04-13 11:32:21.565 21138 21185 D Detox   : class com.wix.detox.espresso.DetoxMatcher, matcherForSufficientlyVisible, []
04-13 11:32:21.565 21138 21185 D Detox   : class com.wix.detox.espresso.DetoxAssertion, assertMatcher, [androidx.test.espresso.ViewInteraction@f4ee794, at least 75 percent of the view's area is displayed to the user.]
04-13 11:32:21.611 21138 21138 E unknown:ReactNative: Unable to launch logbox because react was unable to create the root view
04-13 11:32:21.631 21138 21232 E ReactNativeJNI: logMarker RUN_JS_BUNDLE_END
04-13 11:32:21.634 21138 21232 I ReactNativeJS: Running "detoxTest" with {"rootTag":21}
04-13 11:32:21.879 21138 21138 I ViewInteraction: Checking 'MatchesViewAssertion(Detox){viewMatcher=at least 75 percent of the view's area is displayed to the user.}' assertion on view (with tag value: is "noDevKeyButton" and view has effective visibility=VISIBLE)
04-13 11:32:21.880 21138 21185 I WebSocketClient: At sendAction
04-13 11:32:21.880 21138 21185 D WebSocketClient: Detox Action Sent: invokeResult
04-13 11:32:21.884 21138 21194 I WebSocketClient: At onMessage
04-13 11:32:21.885 21138 21194 I WebSocketClient: At receiveAction
04-13 11:32:21.885 21138 21194 D WebSocketClient: Detox Action Received: invoke
04-13 11:32:21.886 21138 21194 I DetoxManager: onAction: type: invoke params: {"target":{"type":"Class","value":"com.wix.detox.espresso.EspressoDetox"},"method":"perform","args":[{"type":"Invocation","value":{"target":{"type":"Class","value":"androidx.test.espresso.Espresso"},"method":"onView","args":[{"type":"Invocation","value":{"target":{"type":"Class","value":"com.wix.detox.espresso.DetoxMatcher"},"method":"matcherForTestId","args":["initButton"]}}]}},{"type":"Invocation","value":{"target":{"type":"Class","value":"com.wix.detox.espresso.DetoxViewActions"},"method":"click","args":[]}}]}
04-13 11:32:21.888 21138 21185 D Detox   : class com.wix.detox.espresso.DetoxMatcher, matcherForTestId, [initButton]
04-13 11:32:21.889 21138 21185 D Detox   : class androidx.test.espresso.Espresso, onView, [(with tag value: is "initButton" and view has effective visibility=VISIBLE)]
04-13 11:32:21.889 21138 21185 D Detox   : class com.wix.detox.espresso.DetoxViewActions, click, []
04-13 11:32:21.889 21138 21185 D Detox   : class com.wix.detox.espresso.EspressoDetox, perform, [androidx.test.espresso.ViewInteraction@75f431d, com.wix.detox.espresso.action.RNClickAction@f709992]
04-13 11:32:21.913 21138 21185 I DetoxActionHandlers: Test exception
04-13 11:32:21.913 21138 21185 I DetoxActionHandlers: java.lang.reflect.InvocationTargetException
04-13 11:32:21.913 21138 21185 I DetoxActionHandlers: 	at java.lang.reflect.Method.invoke(Native Method)
04-13 11:32:21.913 21138 21185 I DetoxActionHandlers: 	at org.apache.commons.lang3.reflect.MethodUtils.invokeStaticMethod(MethodUtils.java:443)
04-13 11:32:21.913 21138 21185 I DetoxActionHandlers: 	at org.apache.commons.lang3.reflect.MethodUtils.invokeStaticMethod(MethodUtils.java:405)
04-13 11:32:21.913 21138 21185 I DetoxActionHandlers: 	at com.wix.invoke.types.ClassTarget.execute(ClassTarget.java:23)
04-13 11:32:21.913 21138 21185 I DetoxActionHandlers: 	at com.wix.invoke.types.Target.invoke(Target.java:59)
04-13 11:32:21.913 21138 21185 I DetoxActionHandlers: 	at com.wix.invoke.MethodInvocation.invoke(MethodInvocation.java:35)
04-13 11:32:21.913 21138 21185 I DetoxActionHandlers: 	at com.wix.invoke.MethodInvocation.invoke(MethodInvocation.java:26)
04-13 11:32:21.913 21138 21185 I DetoxActionHandlers: 	at com.wix.invoke.MethodInvocation.invoke(MethodInvocation.java:20)
04-13 11:32:21.913 21138 21185 I DetoxActionHandlers: 	at com.wix.detox.InvokeActionHandler.handle(DetoxActionHandlers.kt:55)
04-13 11:32:21.913 21138 21185 I DetoxActionHandlers: 	at com.wix.detox.DetoxManager$4.run(DetoxManager.java:116)
04-13 11:32:21.913 21138 21185 I DetoxActionHandlers: 	at android.os.Handler.handleCallback(Handler.java:907)
04-13 11:32:21.913 21138 21185 I DetoxActionHandlers: 	at android.os.Handler.dispatchMessage(Handler.java:99)
04-13 11:32:21.913 21138 21185 I DetoxActionHandlers: 	at android.os.Looper.loop(Looper.java:223)
04-13 11:32:21.913 21138 21185 I DetoxActionHandlers: 	at com.wix.detox.Detox$1.run(Detox.java:214)
04-13 11:32:21.913 21138 21185 I DetoxActionHandlers: 	at java.lang.Thread.run(Thread.java:923)
04-13 11:32:21.913 21138 21185 I DetoxActionHandlers: Caused by: androidx.test.espresso.NoMatchingViewException: No views in hierarchy found matching: (with tag value: is "initButton" and view has effective visibility=VISIBLE)
04-13 11:32:21.913 21138 21185 I DetoxActionHandlers: 
04-13 11:32:21.913 21138 21185 I DetoxActionHandlers: View Hierarchy:
04-13 11:32:21.913 21138 21185 I DetoxActionHandlers: +>DecorView{id=-1, visibility=VISIBLE, width=1080, height=1920, has-focus=false, has-focusable=true, has-window-focus=true, is-clickable=false, is-enabled=true, is-focused=false, is-focusable=false, is-layout-requested=false, is-selected=false, layout-params={(0,0)(fillxfill) sim={adjust=resize} ty=BASE_APPLICATION wanim=0x10302ff
04-13 11:32:21.913 21138 21185 I DetoxActionHandlers:   fl=LAYOUT_IN_SCREEN FORCE_NOT_FULLSCREEN LAYOUT_INSET_DECOR SPLIT_TOUCH HARDWARE_ACCELERATED DRAWS_SYSTEM_BAR_BACKGROUNDS
04-13 11:32:21.913 21138 21185 I DetoxActionHandlers:   pfl=FORCE_DRAW_STATUS_BAR_BACKGROUND FIT_INSETS_CONTROLLED
04-13 11:32:21.913 21138 21185 I DetoxActionHandlers:   fitSides=}, tag=null, root-is-layout-requested=false, has-input-connection=false, x=0.0, y=0.0, child-count=3} 
04-13 11:32:21.913 21138 21185 I DetoxActionHandlers: |
04-13 11:32:21.913 21138 21185 I DetoxActionHandlers: +->LinearLayout{id=-1, visibility=VISIBLE, width=1080, height=1776, has-focus=false, has-focusable=true, has-window-focus=true, is-clickable=false, is-enabled=true, is-focused=false, is-focusable=false, is-layout-requested=false, is-selected=false, layout-params=android.widget.FrameLayout$LayoutParams@10ffdbc, tag=null, root-is-layout-requested=false, has-input-connection=false, x=0.0, y=0.0, child-count=2} 
04-13 11:32:21.913 21138 21185 I DetoxActionHandlers: |
04-13 11:32:21.913 21138 21185 I DetoxActionHandlers: +-->ViewStub{id=16908714, res-name=action_mode_bar_stub, visibility=GONE, width=0, height=0, has-focus=false, has-focusable=false, has-window-focus=true, is-clickable=false, is-enabled=true, is-focused=false, is-focusable=false, is-layout-requested=true, is-selected=false, layout-params=android.widget.LinearLayout$LayoutParams@e868145, tag=null, root-is-layout-requested=false, has-input-connection=false, x=0.0, y=0.0} 
04-13 11:32:21.913 21138 21185 I DetoxActionHandlers: |
04-13 11:32:21.913 21138 21185 I DetoxActionHandlers: +-->FrameLayout{id=-1, visibility=VISIBLE, width=1080, height=1704, has-focus=false, has-focusable=true, has-window-focus=true, is-clickable=false, is-enabled=true, is-focused=false, is-focusable=false, is-layout-requested=false, is-selected=false, layout-params=android.widget.LinearLayout$LayoutParams@a749dcb, tag=null, root-is-layout-requested=false, has-input-connection=false, x=0.0, y=72.0, child-count=1} 
04-13 11:32:21.913 21138 21185 I DetoxActionHandlers: |
04-13 11:32:21.913 21138 21185 I DetoxActionHandlers: +--->FitWindowsLinearLayout{id=2131165199, res-name=action_bar_root, visibility=VISIBLE, width=1080, height=1704, has-focus=false, has-focusable=true, has-window-focus=true, is-clickable=false, is-enabled=true, is-focused=false, is-focusable=false, is-layout-requested=false, is-selected=false, layout-params=android.widget.FrameLayout$LayoutParams@b77cc66, tag=null, root-is-layout-requested=false, has-input-connection=false, x=0.0, y=0.0, child-count=2} 
04-13 11:32:21.913 21138 21185 I DetoxActionHandlers: |
04-13 11:32:21.913 21138 21185 I DetoxActionHandlers: +---->ViewStubCompat{id=2131165210, res-name=action_mode_bar_stub, visibility=GONE, width=0, height=0, has-focus=false, has-focusable=false, has-window-focus=true, is-clickable=false, is-enabled=true, is-focused=false, is-focusable=false, is-layout-requested=true, is-selected=false, layout-params=android.widget.LinearLayout$LayoutParams@f2d4ba7, tag=null, root-is-layout-requested=false, has-input-connection=false, x=0.0, y=0.0} 
04-13 11:32:21.913 21138 21185 I DetoxActionHandlers: |
04-13 11:32:21.913 21138 21185 I DetoxActionHandlers: +---->ContentFrameLayout{id=16908290, res-name=content, visibility=VISIBLE, width=1080, height=1704, has-focus=false, has-focusable=true, has-window-focus=true, is-clickable=false, is-enabled=true, is-focused=false, is-focusable=false, is-layout-requested=false, is-selected=false, layout-params=android.widget.LinearLayout$LayoutParams@d804854, tag=null, root-is-layout-requested=false, has-input-connection=false, x=0.0, y=0.0, child-count=1} 
04-13 11:32:21.913 21138 21185 I DetoxActionHandlers: |
04-13 11:32:21.913 21138 21185 I DetoxActionHandlers: +----->ReactRootView{id=21, visibility=VISIBLE, width=1080, height=1704, has-focus=false, has-focusable=true, has-window-focus=true, is-clickable=false, is-enabled=true, is-focused=false, is-focusable=false, is-layout-requested=false, is-selected=false, layout-params=android.widget.FrameLayout$LayoutParams@62448f2, tag=null, root-is-layout-requested=false, has-input-connection=false, x=0.0, y=0.0, child-count=1} 
04-13 11:32:21.913 21138 21185 I DetoxActionHandlers: |
04-13 11:32:21.913 21138 21185 I DetoxActionHandlers: +------>ReactScrollView{id=33, visibility=VISIBLE, width=1080, height=492, has-focus=false, has-focusable=true, has-window-focus=true, is-clickable=false, is-enabled=true, is-focused=false, is-focusable=true, is-layout-requested=false, is-selected=false, layout-params=android.widget.FrameLayout$LayoutParams@9c395c0, tag=null, root-is-layout-requested=false, has-input-connection=false, x=0.0, y=0.0, child-count=1} 
04-13 11:32:21.913 21138 21185 I DetoxActionHandlers: |
04-13 11:32:21.913 21138 21185 I DetoxActionHandlers: +------->ReactViewGroup{id=29, visibility=VISIBLE, width=1080, height=492, has-focus=false, has-focusable=true, has-window-focus=true, is-clickable=false, is-enabled=true, is-focused=false, is-focusable=false, is-layout-requested=false, is-selected=false, layout-params=android.widget.FrameLayout$LayoutParams@26772f9, tag=null, root-is-layout-requested=false, has-input-connection=false, x=0.0, y=0.0, child-count=1} 
04-13 11:32:21.913 21138 21185 I DetoxActionHandlers: |
04-13 11:32:21.913 21138 21185 I DetoxActionHandlers: +-------->ReactViewGroup{id=27, visibility=VISIBLE, width=1080, height=492, has-focus=false, has-focusable=true, has-window-focus=true, is-clickable=false, is-enabled=true, is-focused=false, is-focusable=false, is-layout-requested=false, is-selected=false, layout-params=android.view.ViewGroup$LayoutParams@aa023e, tag=null, root-is-layout-requested=false, has-input-connection=false, x=0.0, y=0.0, child-count=4} 
04-13 11:32:21.913 21138 21185 I DetoxActionHandlers: |
04-13 11:32:21.913 21138 21185 I DetoxActionHandlers: +--------->ReactViewGroup{id=7, visibility=VISIBLE, width=1080, height=105, has-focus=false, has-focusable=true, has-window-focus=true, is-clickable=true, is-enabled=true, is-focused=false, is-focusable=true, is-layout-requested=false, is-selected=false, layout-params=android.view.ViewGroup$LayoutParams@f06089f, tag=successInitButton, root-is-layout-requested=false, has-input-connection=false, x=0.0, y=0.0, child-count=1} 
04-13 11:32:21.913 21138 21185 I DetoxActionHandlers: |
04-13 11:32:21.913 21138 21185 I DetoxActionHandlers: +---------->ReactTextView{id=5, visibility=VISIBLE, width=1032, height=57, has-focus=false, has-focusable=false, has-window-focus=true, is-clickable=false, is-enabled=true, is-focused=false, is-focusable=false, is-layout-requested=false, is-selected=false, layout-params=android.view.ViewGroup$LayoutParams@12345b5, tag=null, root-is-layout-requested=false, has-input-connection=false, x=24.0, y=24.0, text=SUCCESS INITSDK, input-type=0, ime-target=false, has-links=false} 
04-13 11:32:21.913 21138 21185 I DetoxActionHandlers: |
04-13 11:32:21.913 21138 21185 I DetoxActionHandlers: +--------->ReactTextView{id=13, visibility=VISIBLE, width=1020, height=81, has-focus=false, has-focusable=false, has-window-focus=true, is-clickable=false, is-enabled=true, is-focused=false, is-focusable=false, is-layout-requested=false, is-selected=false, layout-params=android.view.ViewGroup$LayoutParams@a40044a, tag=successInitResult, root-is-layout-requested=false, has-input-connection=false, x=30.0, y=135.0, text=Not clicked yet, input-type=0, ime-target=false, has-links=false} 
04-13 11:32:21.913 21138 21185 I DetoxActionHandlers: |
04-13 11:32:21.913 21138 21185 I DetoxActionHandlers: +--------->ReactViewGroup{id=19, visibility=VISIBLE, width=1080, height=105, has-focus=false, has-focusable=true, has-window-focus=true, is-clickable=true, is-enabled=true, is-focused=false, is-focusable=true, is-layout-requested=false, is-selected=false, layout-params=android.view.ViewGroup$LayoutParams@9cc8fbb, tag=noDevKeyButton, root-is-layout-requested=false, has-input-connection=false, x=0.0, y=246.0, child-count=1} 
04-13 11:32:21.913 21138 21185 I DetoxActionHandlers: |
04-13 11:32:21.913 21138 21185 I DetoxActionHandlers: +---------->ReactTextView{id=17, visibility=VISIBLE, width=1032, height=57, has-focus=false, has-focusable=false, has-window-focus=true, is-clickable=false, is-enabled=true, is-focused=false, is-focusable=false, is-layout-requested=false, is-selected=false, layout-params=android.view.ViewGroup$LayoutParams@5865cd8, tag=null, root-is-layout-requested=false, has-input-connection=false, x=24.0, y=24.0, text=NO DEVKEY INITSDK, input-type=0, ime-target=false, has-links=false} 
04-13 11:32:21.913 21138 21185 I DetoxActionHandlers: |
04-13 11:32:21.913 21138 21185 I DetoxActionHandlers: +--------->ReactTextView{id=25, visibility=VISIBLE, width=1020, height=81, has-focus=false, has-focusable=false, has-window-focus=true, is-clickable=false, is-enabled=true, is-focused=false, is-focusable=false, is-layout-requested=false, is-selected=false, layout-params=android.view.ViewGroup$LayoutParams@18f8831, tag=noDevKeyInitResult, root-is-layout-requested=false, has-input-connection=false, x=30.0, y=381.0, text=Not clicked yet, input-type=0, ime-target=false, has-links=false} 
04-13 11:32:21.913 21138 21185 I DetoxActionHandlers: |
04-13 11:32:21.913 21138 21185 I DetoxActionHandlers: +->View{id=16908336, res-name=navigationBarBackground, visibility=VISIBLE, width=1080, height=144, has-focus=false, has-focusable=false, has-window-focus=true, is-clickable=false, is-enabled=true, is-focused=false, is-focusable=false, is-layout-requested=false, is-selected=false, layout-params=android.widget.FrameLayout$LayoutParams@c821b16, tag=null, root-is-layout-requested=false, has-input-connection=false, x=0.0, y=1776.0} 
04-13 11:32:21.913 21138 21185 I DetoxActionHandlers: |
04-13 11:32:21.913 21138 21185 I DetoxActionHandlers: +->View{id=16908335, res-name=statusBarBackground, visibility=VISIBLE, width=1080, height=72, has-focus=false, has-focusable=false, has-window-focus=true, is-clickable=false, is-enabled=true, is-focused=false, is-focusable=false, is-layout-requested=false, is-selected=false, layout-params=android.widget.FrameLayout$LayoutParams@aa6c97, tag=null, root-is-layout-requested=false, has-input-connection=false, x=0.0, y=0.0} 
04-13 11:32:21.913 21138 21185 I DetoxActionHandlers: |
04-13 11:32:21.913 21138 21185 I DetoxActionHandlers: 	at dalvik.system.VMStack.getThreadStackTrace(Native Method)
04-13 11:32:21.913 21138 21185 I DetoxActionHandlers: 	at java.lang.Thread.getStackTrace(Thread.java:1736)
04-13 11:32:21.913 21138 21185 I DetoxActionHandlers: 	at androidx.test.espresso.base.DefaultFailureHandler.getUserFriendlyError(DefaultFailureHandler.java:96)
04-13 11:32:21.913 21138 21185 I DetoxActionHandlers: 	at androidx.test.espresso.base.DefaultFailureHandler.handle(DefaultFailureHandler.java:59)
04-13 11:32:21.913 21138 21185 I DetoxActionHandlers: 	at androidx.test.espresso.ViewInteraction.waitForAndHandleInteractionResults(ViewInteraction.java:322)
04-13 11:32:21.913 21138 21185 I DetoxActionHandlers: 	at androidx.test.espresso.ViewInteraction.desugaredPerform(ViewInteraction.java:178)
04-13 11:32:21.913 21138 21185 I DetoxActionHandlers: 	at androidx.test.espresso.ViewInteraction.perform(ViewInteraction.java:119)
04-13 11:32:21.913 21138 21185 I DetoxActionHandlers: 	at com.wix.detox.espresso.EspressoDetox.perform(EspressoDetox.java:38)
04-13 11:32:21.913 21138 21185 I DetoxActionHandlers: 	... 15 more
04-13 11:32:21.932 21138 21185 I WebSocketClient: At sendAction
04-13 11:32:21.933 21138 21185 D WebSocketClient: Detox Action Sent: testFailed
