--------- beginning of main
04-13 11:53:12.871 23872 23872 W com.detoxtest: Unexpected CPU variant for X86 using defaults: x86
04-13 11:53:12.877 23872 23872 E com.detoxtest: Not starting debugger since process cannot load the jdwp agent.
--------- beginning of system
04-13 11:53:12.911 23872 23872 W ActivityThread: Package uses different ABI(s) than its instrumentation: package[com.detoxtest]: x86, null instrumentation[com.detoxtest.test]: null, null
04-13 11:53:12.920 23872 23872 I com.detoxtest: The ClassLoaderContext is a special shared library.
04-13 11:53:12.927 23872 23872 I chatty  : uid=10276(com.detoxtest) identical 2 lines
04-13 11:53:12.928 23872 23872 I com.detoxtest: The ClassLoaderContext is a special shared library.
04-13 11:53:12.997 23872 23872 W com.detoxtest: ClassLoaderContext classpath size mismatch. expected=0, found=4 (PCL[]{PCL[/system/framework/android.test.base.jar*84046222]} | PCL[/system/framework/android.test.runner.jar*2838042966:/system/framework/android.test.mock.jar*2353512044:/system/framework/android.test.base.jar*84046222:/data/app/~~piKgEsc9zjwQdXuk9W8mpQ==/com.detoxtest.test-4R3O4dZmMx9cVtzFOakD-w==/base.apk*3736732199]{PCL[/system/framework/android.test.base.jar*84046222]})
04-13 11:53:13.021 23872 23872 I com.detoxtest: The ClassLoaderContext is a special shared library.
04-13 11:53:13.025 23872 23872 I chatty  : uid=10276(com.detoxtest) identical 3 lines
04-13 11:53:13.027 23872 23872 I com.detoxtest: The ClassLoaderContext is a special shared library.
04-13 11:53:13.088 23872 23872 W com.detoxtest: ClassLoaderContext classpath size mismatch. expected=0, found=4 (PCL[]{PCL[/system/framework/android.test.base.jar*84046222]} | PCL[/system/framework/android.test.runner.jar*2838042966:/system/framework/android.test.mock.jar*2353512044:/system/framework/android.test.base.jar*84046222:/data/app/~~piKgEsc9zjwQdXuk9W8mpQ==/com.detoxtest.test-4R3O4dZmMx9cVtzFOakD-w==/base.apk*3736732199]{PCL[/system/framework/android.test.base.jar*84046222]#PCL[/system/framework/android.test.mock.jar*2353512044]{PCL[/system/framework/android.test.base.jar*84046222]}#PCL[/system/framework/android.test.runner.jar*2838042966]{PCL[/system/framework/android.test.base.jar*84046222]#PCL[/system/framework/android.test.mock.jar*2353512044]{PCL[/system/framework/android.test.base.jar*84046222]}}};PCL[/system/framework/android.test.runner.jar*2838042966:/system/framework/android.test.mock.jar*2353512044:/system/framework/android.test.base.jar*84046222:/data/app/~~piKgEsc9zjwQdXuk9W8mpQ==/com.detoxtest.test-4R3O4dZmMx9cVtzFOakD-w==/base.apk*3736732199:/data/app/~~NkDMWPnmUdH4O_mVH-i_ZQ==/com.detoxtest-lX9UqA96SLKKiV2rLPThjg==/base.apk*4000934944]{PCL[/system/framework/android.test.base.jar*84046222]})
04-13 11:53:13.088 23872 23872 W com.detoxtest: Found duplicate classes, falling back to extracting from APK : /data/app/~~NkDMWPnmUdH4O_mVH-i_ZQ==/com.detoxtest-lX9UqA96SLKKiV2rLPThjg==/base.apk
04-13 11:53:13.088 23872 23872 W com.detoxtest: NOTE: This wastes RAM and hurts startup performance.
04-13 11:53:13.088 23872 23872 W com.detoxtest: Found duplicated class when checking oat files: 'Landroid/support/v4/app/INotificationSideChannel$Stub$Proxy;' in /data/app/~~NkDMWPnmUdH4O_mVH-i_ZQ==/com.detoxtest-lX9UqA96SLKKiV2rLPThjg==/base.apk and /data/app/~~NkDMWPnmUdH4O_mVH-i_ZQ==/com.detoxtest-lX9UqA96SLKKiV2rLPThjg==/base.apk
04-13 11:53:13.088 23872 23872 W com.detoxtest: 
04-13 11:53:13.200 23872 23872 D NetworkSecurityConfig: Using Network Security Config from resource network_security_config debugBuild: false
04-13 11:53:13.201 23872 23872 D NetworkSecurityConfig: Using Network Security Config from resource network_security_config debugBuild: false
04-13 11:53:13.213 23872 23872 I MonitoringInstr: Instrumentation started!
04-13 11:53:13.216 23872 23872 I MonitoringInstr: Setting context classloader to 'dalvik.system.PathClassLoader[DexPathList[[zip file "/system/framework/android.test.runner.jar", zip file "/system/framework/android.test.mock.jar", zip file "/system/framework/android.test.base.jar", zip file "/data/app/~~piKgEsc9zjwQdXuk9W8mpQ==/com.detoxtest.test-4R3O4dZmMx9cVtzFOakD-w==/base.apk", zip file "/data/app/~~NkDMWPnmUdH4O_mVH-i_ZQ==/com.detoxtest-lX9UqA96SLKKiV2rLPThjg==/base.apk"],nativeLibraryDirectories=[/data/app/~~piKgEsc9zjwQdXuk9W8mpQ==/com.detoxtest.test-4R3O4dZmMx9cVtzFOakD-w==/lib/x86, /data/app/~~NkDMWPnmUdH4O_mVH-i_ZQ==/com.detoxtest-lX9UqA96SLKKiV2rLPThjg==/lib/x86, /data/app/~~piKgEsc9zjwQdXuk9W8mpQ==/com.detoxtest.test-4R3O4dZmMx9cVtzFOakD-w==/base.apk!/lib/x86, /data/app/~~NkDMWPnmUdH4O_mVH-i_ZQ==/com.detoxtest-lX9UqA96SLKKiV2rLPThjg==/base.apk!/lib/x86, /system/lib, /system_ext/lib, /product/lib]]]', Original: 'dalvik.system.PathClassLoader[DexPathList[[zip file "/system/framework/android.test.runner.jar", zip file "/system/framework/android.test.mock.jar", zip file "/system/framework/android.test.base.jar", zip file "/data/app/~~piKgEsc9zjwQdXuk9W8mpQ==/com.detoxtest.test-4R3O4dZmMx9cVtzFOakD-w==/base.apk", zip file "/data/app/~~NkDMWPnmUdH4O_mVH-i_ZQ==/com.detoxtest-lX9UqA96SLKKiV2rLPThjg==/base.apk"],nativeLibraryDirectories=[/data/app/~~piKgEsc9zjwQdXuk9W8mpQ==/com.detoxtest.test-4R3O4dZmMx9cVtzFOakD-w==/lib/x86, /data/app/~~NkDMWPnmUdH4O_mVH-i_ZQ==/com.detoxtest-lX9UqA96SLKKiV2rLPThjg==/lib/x86, /data/app/~~piKgEsc9zjwQdXuk9W8mpQ==/com.detoxtest.test-4R3O4dZmMx9cVtzFOakD-w==/base.apk!/lib/x86, /data/app/~~NkDMWPnmUdH4O_mVH-i_ZQ==/com.detoxtest-lX9UqA96SLKKiV2rLPThjg==/base.apk!/lib/x86, /system/lib, /system_ext/lib, /product/lib]]]'
04-13 11:53:13.219 23872 23872 D SoLoader: init start
04-13 11:53:13.219 23872 23872 D SoLoader: adding system library source: /vendor/lib
04-13 11:53:13.220 23872 23872 D SoLoader: adding system library source: /system/lib
04-13 11:53:13.220 23872 23872 D SoLoader: adding application source: com.facebook.soloader.DirectorySoSource[root = /data/app/~~NkDMWPnmUdH4O_mVH-i_ZQ==/com.detoxtest-lX9UqA96SLKKiV2rLPThjg==/lib/x86 flags = 0]
04-13 11:53:13.221 23872 23872 D SoLoader: adding backup source from : com.facebook.soloader.ApkSoSource[root = /data/user/0/com.detoxtest/lib-main flags = 1]
04-13 11:53:13.221 23872 23872 D SoLoader: Preparing SO source: com.facebook.soloader.DirectorySoSource[root = /system/lib flags = 2]
04-13 11:53:13.221 23872 23872 D SoLoader: Preparing SO source: com.facebook.soloader.DirectorySoSource[root = /vendor/lib flags = 2]
04-13 11:53:13.221 23872 23872 D SoLoader: Preparing SO source: com.facebook.soloader.DirectorySoSource[root = /data/app/~~NkDMWPnmUdH4O_mVH-i_ZQ==/com.detoxtest-lX9UqA96SLKKiV2rLPThjg==/lib/x86 flags = 0]
04-13 11:53:13.221 23872 23872 D SoLoader: Preparing SO source: com.facebook.soloader.ApkSoSource[root = /data/user/0/com.detoxtest/lib-main flags = 1]
04-13 11:53:13.222 23872 23872 V fb-UnpackingSoSource: locked dso store /data/user/0/com.detoxtest/lib-main
04-13 11:53:13.224 23872 23872 V fb-UnpackingSoSource: deps mismatch on deps store: regenerating
04-13 11:53:13.225 23872 23872 V fb-UnpackingSoSource: so store dirty: regenerating
04-13 11:53:13.248 23872 23872 D ApkSoSource: not allowing consideration of lib/x86/libc++_shared.so: deferring to libdir
04-13 11:53:13.248 23872 23872 D ApkSoSource: not allowing consideration of lib/x86/libfb.so: deferring to libdir
04-13 11:53:13.248 23872 23872 D ApkSoSource: not allowing consideration of lib/x86/libfbjni.so: deferring to libdir
04-13 11:53:13.248 23872 23872 D ApkSoSource: not allowing consideration of lib/x86/libfolly_futures.so: deferring to libdir
04-13 11:53:13.248 23872 23872 D ApkSoSource: not allowing consideration of lib/x86/libfolly_json.so: deferring to libdir
04-13 11:53:13.248 23872 23872 D ApkSoSource: not allowing consideration of lib/x86/libglog.so: deferring to libdir
04-13 11:53:13.248 23872 23872 D ApkSoSource: not allowing consideration of lib/x86/libglog_init.so: deferring to libdir
04-13 11:53:13.248 23872 23872 D ApkSoSource: not allowing consideration of lib/x86/libhermes-executor-debug.so: deferring to libdir
04-13 11:53:13.248 23872 23872 D ApkSoSource: not allowing consideration of lib/x86/libhermes-executor-release.so: deferring to libdir
04-13 11:53:13.248 23872 23872 D ApkSoSource: not allowing consideration of lib/x86/libhermes-inspector.so: deferring to libdir
04-13 11:53:13.248 23872 23872 D ApkSoSource: not allowing consideration of lib/x86/libimagepipeline.so: deferring to libdir
04-13 11:53:13.249 23872 23872 D ApkSoSource: not allowing consideration of lib/x86/libjsc.so: deferring to libdir
04-13 11:53:13.249 23872 23872 D ApkSoSource: not allowing consideration of lib/x86/libjscexecutor.so: deferring to libdir
04-13 11:53:13.249 23872 23872 D ApkSoSource: not allowing consideration of lib/x86/libjsijniprofiler.so: deferring to libdir
04-13 11:53:13.249 23872 23872 D ApkSoSource: not allowing consideration of lib/x86/libjsinspector.so: deferring to libdir
04-13 11:53:13.249 23872 23872 D ApkSoSource: not allowing consideration of lib/x86/libnative-filters.so: deferring to libdir
04-13 11:53:13.249 23872 23872 D ApkSoSource: not allowing consideration of lib/x86/libnative-imagetranscoder.so: deferring to libdir
04-13 11:53:13.249 23872 23872 D ApkSoSource: not allowing consideration of lib/x86/libreactnativeblob.so: deferring to libdir
04-13 11:53:13.249 23872 23872 D ApkSoSource: not allowing consideration of lib/x86/libreactnativejni.so: deferring to libdir
04-13 11:53:13.249 23872 23872 D ApkSoSource: not allowing consideration of lib/x86/libyoga.so: deferring to libdir
04-13 11:53:13.250 23872 23872 V fb-UnpackingSoSource: regenerating DSO store com.facebook.soloader.ApkSoSource
04-13 11:53:13.250 23872 23872 V fb-UnpackingSoSource: Finished regenerating DSO store com.facebook.soloader.ApkSoSource
04-13 11:53:13.251 23872 23872 V fb-UnpackingSoSource: starting syncer worker
04-13 11:53:13.261 23872 23872 V fb-UnpackingSoSource: releasing dso store lock for /data/user/0/com.detoxtest/lib-main (from syncer thread)
04-13 11:53:13.261 23872 23872 V fb-UnpackingSoSource: not releasing dso store lock for /data/user/0/com.detoxtest/lib-main (syncer thread started)
04-13 11:53:13.261 23872 23872 D SoLoader: init finish: 4 SO sources prepared
04-13 11:53:13.261 23872 23872 D SoLoader: init exiting
04-13 11:53:13.263 23872 23872 D SoLoader: init exiting
04-13 11:53:13.263 23872 23872 D SoLoader: About to load: libjscexecutor.so
04-13 11:53:13.263 23872 23872 D SoLoader: libjscexecutor.so not found on /data/user/0/com.detoxtest/lib-main
04-13 11:53:13.264 23872 23872 D SoLoader: libjscexecutor.so found on /data/app/~~NkDMWPnmUdH4O_mVH-i_ZQ==/com.detoxtest-lX9UqA96SLKKiV2rLPThjg==/lib/x86
04-13 11:53:13.264 23872 23872 D SoLoader: Not resolving dependencies for libjscexecutor.so
04-13 11:53:13.270 23872 23872 D JavaScriptCore.Version: 245459.0.0
04-13 11:53:13.271 23872 23872 D SoLoader: Loaded: libjscexecutor.so
04-13 11:53:13.271 23872 23872 D SoLoader: init exiting
04-13 11:53:13.275 23872 23872 I MonitoringInstr: No JSBridge.
04-13 11:53:13.278 23872 23895 I MonitoringInstr: Setting context classloader to 'dalvik.system.PathClassLoader[DexPathList[[zip file "/system/framework/android.test.runner.jar", zip file "/system/framework/android.test.mock.jar", zip file "/system/framework/android.test.base.jar", zip file "/data/app/~~piKgEsc9zjwQdXuk9W8mpQ==/com.detoxtest.test-4R3O4dZmMx9cVtzFOakD-w==/base.apk", zip file "/data/app/~~NkDMWPnmUdH4O_mVH-i_ZQ==/com.detoxtest-lX9UqA96SLKKiV2rLPThjg==/base.apk"],nativeLibraryDirectories=[/data/app/~~piKgEsc9zjwQdXuk9W8mpQ==/com.detoxtest.test-4R3O4dZmMx9cVtzFOakD-w==/lib/x86, /data/app/~~NkDMWPnmUdH4O_mVH-i_ZQ==/com.detoxtest-lX9UqA96SLKKiV2rLPThjg==/lib/x86, /data/app/~~piKgEsc9zjwQdXuk9W8mpQ==/com.detoxtest.test-4R3O4dZmMx9cVtzFOakD-w==/base.apk!/lib/x86, /data/app/~~NkDMWPnmUdH4O_mVH-i_ZQ==/com.detoxtest-lX9UqA96SLKKiV2rLPThjg==/base.apk!/lib/x86, /system/lib, /system_ext/lib, /product/lib]]]', Original: 'dalvik.system.PathClassLoader[DexPathList[[zip file "/system/framework/android.test.runner.jar", zip file "/system/framework/android.test.mock.jar", zip file "/system/framework/android.test.base.jar", zip file "/data/app/~~piKgEsc9zjwQdXuk9W8mpQ==/com.detoxtest.test-4R3O4dZmMx9cVtzFOakD-w==/base.apk", zip file "/data/app/~~NkDMWPnmUdH4O_mVH-i_ZQ==/com.detoxtest-lX9UqA96SLKKiV2rLPThjg==/base.apk"],nativeLibraryDirectories=[/data/app/~~piKgEsc9zjwQdXuk9W8mpQ==/com.detoxtest.test-4R3O4dZmMx9cVtzFOakD-w==/lib/x86, /data/app/~~NkDMWPnmUdH4O_mVH-i_ZQ==/com.detoxtest-lX9UqA96SLKKiV2rLPThjg==/lib/x86, /data/app/~~piKgEsc9zjwQdXuk9W8mpQ==/com.detoxtest.test-4R3O4dZmMx9cVtzFOakD-w==/base.apk!/lib/x86, /data/app/~~NkDMWPnmUdH4O_mVH-i_ZQ==/com.detoxtest-lX9UqA96SLKKiV2rLPThjg==/base.apk!/lib/x86, /system/lib, /system_ext/lib, /product/lib]]]'
04-13 11:53:13.297 23872 23895 I UsageTrackerFacilitator: Usage tracking enabled
04-13 11:53:13.302 23872 23895 I TestRequestBuilder: Scanning classpath to find tests in paths [/data/app/~~piKgEsc9zjwQdXuk9W8mpQ==/com.detoxtest.test-4R3O4dZmMx9cVtzFOakD-w==/base.apk]
04-13 11:53:13.303 23872 23895 W com.detoxtest: Opening an oat file without a class loader. Are you using the deprecated DexFile APIs?
04-13 11:53:13.474 23872 23895 D TestExecutor: Adding listener androidx.test.internal.runner.listener.LogRunListener
04-13 11:53:13.475 23872 23895 D TestExecutor: Adding listener androidx.test.internal.runner.listener.InstrumentationResultPrinter
04-13 11:53:13.476 23872 23895 D TestExecutor: Adding listener androidx.test.internal.runner.listener.ActivityFinisherRunListener
04-13 11:53:13.477 23872 23895 I TestRunner: run started: 1 tests
04-13 11:53:13.481 23872 23895 I TestRunner: started: runDetoxTests(com.detoxtest.DetoxTest)
04-13 11:53:13.484 23872 23872 I MonitoringInstr: Activities that are still in CREATED to STOPPED: 0
04-13 11:53:13.520 23872 23895 D EventInjectionStrategy: Creating injection strategy with input manager.
04-13 11:53:13.593 23872 23911 D libEGL  : loaded /vendor/lib/egl/libEGL_emulation.so
04-13 11:53:13.596 23872 23872 D LifecycleMonitor: Lifecycle status change: com.detoxtest.MainActivity@d952f0b in: PRE_ON_CREATE
04-13 11:53:13.601 23872 23911 D libEGL  : loaded /vendor/lib/egl/libGLESv1_CM_emulation.so
04-13 11:53:13.611 23872 23911 D libEGL  : loaded /vendor/lib/egl/libGLESv2_emulation.so
04-13 11:53:13.617 23872 23912 D SoLoader: About to load: libreactnativejni.so
04-13 11:53:13.619 23872 23912 D SoLoader: libreactnativejni.so not found on /data/user/0/com.detoxtest/lib-main
04-13 11:53:13.620 23872 23912 D SoLoader: libreactnativejni.so found on /data/app/~~NkDMWPnmUdH4O_mVH-i_ZQ==/com.detoxtest-lX9UqA96SLKKiV2rLPThjg==/lib/x86
04-13 11:53:13.620 23872 23912 D SoLoader: Not resolving dependencies for libreactnativejni.so
04-13 11:53:13.624 23872 23912 D SoLoader: Loaded: libreactnativejni.so
04-13 11:53:13.625 23872 23912 D SoLoader: About to load: libfbjni.so
04-13 11:53:13.625 23872 23912 D SoLoader: libfbjni.so not found on /data/user/0/com.detoxtest/lib-main
04-13 11:53:13.625 23872 23912 D SoLoader: libfbjni.so found on /data/app/~~NkDMWPnmUdH4O_mVH-i_ZQ==/com.detoxtest-lX9UqA96SLKKiV2rLPThjg==/lib/x86
04-13 11:53:13.625 23872 23912 D SoLoader: Not resolving dependencies for libfbjni.so
04-13 11:53:13.628 23872 23912 D SoLoader: Loaded: libfbjni.so
04-13 11:53:13.631 23872 23872 D LifecycleMonitor: Lifecycle status change: com.detoxtest.MainActivity@d952f0b in: CREATED
04-13 11:53:13.632 23872 23872 D LifecycleMonitor: Lifecycle status change: com.detoxtest.MainActivity@d952f0b in: STARTED
04-13 11:53:13.633 23872 23872 D LifecycleMonitor: Lifecycle status change: com.detoxtest.MainActivity@d952f0b in: RESUMED
04-13 11:53:13.646 23872 23912 E unknown:ReactNative: ReactInstanceManager.createReactContext: mJSIModulePackage null
04-13 11:53:13.646 23872 23914 E ReactNativeJNI: logMarker CREATE_REACT_CONTEXT_END
04-13 11:53:13.653 23872 23914 E ReactNativeJNI: logMarker RUN_JS_BUNDLE_START
04-13 11:53:13.654 23872 23915 E unknown:ReactNative: ReactInstanceManager.attachRootViewToInstance()
04-13 11:53:13.673 23872 23915 W unknown:ViewManagerPropertyUpdater: Could not find generated setter for class com.facebook.react.views.art.ARTGroupViewManager
04-13 11:53:13.673 23872 23909 D HostConnection: HostConnection::get() New Host Connection established 0xe99147d0, tid 23909
04-13 11:53:13.673 23872 23915 W unknown:ViewManagerPropertyUpdater: Could not find generated setter for class com.facebook.react.views.art.ARTGroupShadowNode
04-13 11:53:13.674 23872 23915 W unknown:ViewManagerPropertyUpdater: Could not find generated setter for class com.facebook.react.views.art.ARTShapeViewManager
04-13 11:53:13.674 23872 23915 W unknown:ViewManagerPropertyUpdater: Could not find generated setter for class com.facebook.react.views.art.ARTShapeShadowNode
04-13 11:53:13.675 23872 23915 W unknown:ViewManagerPropertyUpdater: Could not find generated setter for class com.facebook.react.views.art.ARTTextViewManager
04-13 11:53:13.675 23872 23915 W unknown:ViewManagerPropertyUpdater: Could not find generated setter for class com.facebook.react.views.art.ARTTextShadowNode
04-13 11:53:13.675 23872 23915 W unknown:ViewManagerPropertyUpdater: Could not find generated setter for class com.facebook.react.views.checkbox.ReactCheckBoxManager
04-13 11:53:13.677 23872 23915 W unknown:ViewManagerPropertyUpdater: Could not find generated setter for class com.facebook.react.uimanager.LayoutShadowNode
04-13 11:53:13.681 23872 23915 W unknown:ViewManagerPropertyUpdater: Could not find generated setter for class com.facebook.react.views.picker.ReactDialogPickerManager
04-13 11:53:13.683 23872 23915 W unknown:ViewManagerPropertyUpdater: Could not find generated setter for class com.facebook.react.views.drawer.ReactDrawerLayoutManager
04-13 11:53:13.687 23872 23909 D HostConnection: HostComposition ext ANDROID_EMU_CHECKSUM_HELPER_v1 ANDROID_EMU_native_sync_v2 ANDROID_EMU_native_sync_v3 ANDROID_EMU_native_sync_v4 ANDROID_EMU_dma_v1 ANDROID_EMU_direct_mem ANDROID_EMU_host_composition_v1 ANDROID_EMU_host_composition_v2 ANDROID_EMU_YUV_Cache ANDROID_EMU_async_unmap_buffer GL_OES_EGL_image_external_essl3 GL_OES_vertex_array_object GL_KHR_texture_compression_astc_ldr ANDROID_EMU_gles_max_version_3_0 
04-13 11:53:13.687 23872 23915 W unknown:ViewManagerPropertyUpdater: Could not find generated setter for class com.facebook.react.views.picker.ReactDropdownPickerManager
04-13 11:53:13.688 23872 23915 W unknown:ViewManagerPropertyUpdater: Could not find generated setter for class com.facebook.react.views.scroll.ReactHorizontalScrollViewManager
04-13 11:53:13.692 23872 23915 W unknown:ViewManagerPropertyUpdater: Could not find generated setter for class com.facebook.react.views.scroll.ReactHorizontalScrollContainerViewManager
04-13 11:53:13.693 23872 23909 W OpenGLRenderer: Failed to choose config with EGL_SWAP_BEHAVIOR_PRESERVED, retrying without...
04-13 11:53:13.695 23872 23909 D EGL_emulation: eglCreateContext: 0xe9738630: maj 3 min 0 rcv 3
04-13 11:53:13.695 23872 23915 W unknown:ViewManagerPropertyUpdater: Could not find generated setter for class com.facebook.react.views.progressbar.ReactProgressBarViewManager
04-13 11:53:13.696 23872 23915 W unknown:ViewManagerPropertyUpdater: Could not find generated setter for class com.facebook.react.views.progressbar.ProgressBarShadowNode
04-13 11:53:13.696 23872 23915 W unknown:ViewManagerPropertyUpdater: Could not find generated setter for class com.facebook.react.views.scroll.ReactScrollViewManager
04-13 11:53:13.697 23872 23915 W unknown:ViewManagerPropertyUpdater: Could not find generated setter for class com.facebook.react.views.slider.ReactSliderManager
04-13 11:53:13.698 23872 23915 W unknown:ViewManagerPropertyUpdater: Could not find generated setter for class com.facebook.react.views.slider.ReactSliderManager$ReactSliderShadowNode
04-13 11:53:13.698 23872 23915 W unknown:ViewManagerPropertyUpdater: Could not find generated setter for class com.facebook.react.views.switchview.ReactSwitchManager
04-13 11:53:13.699 23872 23915 W unknown:ViewManagerPropertyUpdater: Could not find generated setter for class com.facebook.react.views.switchview.ReactSwitchManager$ReactSwitchShadowNode
04-13 11:53:13.699 23872 23915 W unknown:ViewManagerPropertyUpdater: Could not find generated setter for class com.facebook.react.views.swiperefresh.SwipeRefreshLayoutManager
04-13 11:53:13.706 23872 23915 W unknown:ViewManagerPropertyUpdater: Could not find generated setter for class com.facebook.react.views.art.ARTSurfaceViewManager
04-13 11:53:13.706 23872 23915 W unknown:ViewManagerPropertyUpdater: Could not find generated setter for class com.facebook.react.views.art.ARTSurfaceViewShadowNode
04-13 11:53:13.707 23872 23915 W unknown:ViewManagerPropertyUpdater: Could not find generated setter for class com.facebook.react.views.text.frescosupport.FrescoBasedReactTextInlineImageViewManager
04-13 11:53:13.707 23872 23915 W unknown:ViewManagerPropertyUpdater: Could not find generated setter for class com.facebook.react.views.text.frescosupport.FrescoBasedReactTextInlineImageShadowNode
04-13 11:53:13.708 23872 23915 W unknown:ViewManagerPropertyUpdater: Could not find generated setter for class com.facebook.react.views.image.ReactImageManager
04-13 11:53:13.710 23872 23915 W unknown:ViewManagerPropertyUpdater: Could not find generated setter for class com.facebook.react.views.modal.ReactModalHostManager
04-13 11:53:13.711 23872 23915 W unknown:ViewManagerPropertyUpdater: Could not find generated setter for class com.facebook.react.views.modal.ModalHostShadowNode
04-13 11:53:13.711 23872 23915 W unknown:ViewManagerPropertyUpdater: Could not find generated setter for class com.facebook.react.views.text.ReactRawTextManager
04-13 11:53:13.711 23872 23915 W unknown:ViewManagerPropertyUpdater: Could not find generated setter for class com.facebook.react.views.text.ReactRawTextShadowNode
04-13 11:53:13.712 23872 23915 W unknown:ViewManagerPropertyUpdater: Could not find generated setter for class com.facebook.react.views.textinput.ReactTextInputManager
04-13 11:53:13.714 23872 23915 W unknown:ViewManagerPropertyUpdater: Could not find generated setter for class com.facebook.react.views.textinput.ReactTextInputShadowNode
04-13 11:53:13.715 23872 23915 W unknown:ViewManagerPropertyUpdater: Could not find generated setter for class com.facebook.react.views.text.ReactTextViewManager
04-13 11:53:13.715 23872 23915 W unknown:ViewManagerPropertyUpdater: Could not find generated setter for class com.facebook.react.views.text.ReactTextShadowNode
04-13 11:53:13.716 23872 23915 W unknown:ViewManagerPropertyUpdater: Could not find generated setter for class com.facebook.react.views.view.ReactViewManager
04-13 11:53:13.716 23872 23915 W unknown:ViewManagerPropertyUpdater: Could not find generated setter for class com.facebook.react.views.viewpager.ReactViewPagerManager
04-13 11:53:13.717 23872 23915 W unknown:ViewManagerPropertyUpdater: Could not find generated setter for class com.facebook.react.views.text.ReactVirtualTextViewManager
04-13 11:53:13.717 23872 23915 W unknown:ViewManagerPropertyUpdater: Could not find generated setter for class com.facebook.react.views.text.ReactVirtualTextShadowNode
04-13 11:53:13.725 23872 23915 D SoLoader: About to load: libyoga.so
04-13 11:53:13.726 23872 23909 D EGL_emulation: eglMakeCurrent: 0xe9738630: ver 3 0 (tinfo 0xe9a7e1b0)
04-13 11:53:13.726 23872 23915 D SoLoader: libyoga.so not found on /data/user/0/com.detoxtest/lib-main
04-13 11:53:13.726 23872 23915 D SoLoader: libyoga.so found on /data/app/~~NkDMWPnmUdH4O_mVH-i_ZQ==/com.detoxtest-lX9UqA96SLKKiV2rLPThjg==/lib/x86
04-13 11:53:13.727 23872 23915 D SoLoader: Not resolving dependencies for libyoga.so
04-13 11:53:13.732 23872 23915 D SoLoader: Loaded: libyoga.so
04-13 11:53:13.738 23872 23915 E unknown:ReactRootView: runApplication: call AppRegistry.runApplication
04-13 11:53:13.748 23872 23909 I Gralloc4: mapper 4.x is not supported
04-13 11:53:13.751 23872 23909 D HostConnection: createUnique: call
04-13 11:53:13.753 23872 23909 D HostConnection: HostConnection::get() New Host Connection established 0xe9915970, tid 23909
04-13 11:53:13.754 23872 23909 D eglCodecCommon: allocate: Ask for block of size 0x100
04-13 11:53:13.754 23872 23909 D eglCodecCommon: allocate: ioctl allocate returned offset 0x3fc0ff000 size 0x2000
04-13 11:53:13.765 23872 23915 D SoLoader: init exiting
04-13 11:53:13.772 23872 23909 D HostConnection: HostComposition ext ANDROID_EMU_CHECKSUM_HELPER_v1 ANDROID_EMU_native_sync_v2 ANDROID_EMU_native_sync_v3 ANDROID_EMU_native_sync_v4 ANDROID_EMU_dma_v1 ANDROID_EMU_direct_mem ANDROID_EMU_host_composition_v1 ANDROID_EMU_host_composition_v2 ANDROID_EMU_YUV_Cache ANDROID_EMU_async_unmap_buffer GL_OES_EGL_image_external_essl3 GL_OES_vertex_array_object GL_KHR_texture_compression_astc_ldr ANDROID_EMU_gles_max_version_3_0 
04-13 11:53:13.787 23872 23909 D EGL_emulation: eglMakeCurrent: 0xe9738630: ver 3 0 (tinfo 0xe9a7e1b0)
04-13 11:53:13.797 23872 23914 E ReactNativeJNI: logMarker RUN_JS_BUNDLE_END
04-13 11:53:13.798 23872 23914 I ReactNativeJS: Running "detoxTest" with {"rootTag":1}
04-13 11:53:13.817 23872 23872 E unknown:ReactNative: Unable to launch logbox because react was unable to create the root view
04-13 11:53:13.828 23872 23921 I Detox   : Detox thread starting (com.wix.detox.manager)
04-13 11:53:13.830 23872 23921 I DetoxManager: DetoxServerUrl: ws://localhost:63317
04-13 11:53:13.830 23872 23921 I DetoxManager: DetoxSessionId: 9ff63c9d-660e-c7ac-a44c-25f66eb0870c
04-13 11:53:13.860 23872 23872 D DetoxRNLoading: Got new RN-context directly and immediately
04-13 11:53:13.864 23872 23921 I DetoxRNIdleRes: Setting up Espresso Idling Resources for React Native.
04-13 11:53:13.894 23872 23921 D AsyncStorageIR: Checking whether a custom IR for Async-Storage is required... (legacy=false)
04-13 11:53:13.895 23872 23921 D DetoxRNHelpers: Native module not resolved: no such class
04-13 11:53:13.895 23872 23921 D AsyncStorageIR: Checking whether a custom IR for Async-Storage is required... (legacy=true)
04-13 11:53:13.896 23872 23921 D AsyncStorageIR: IR for Async-Storage is required! (legacy=true)
04-13 11:53:13.898 23872 23872 D AsyncStorageIRLegacy: Async-storage is busy!
04-13 11:53:13.904 23872 23921 I WebSocketClient: At connectToServer
04-13 11:53:13.923 23872 23925 I WebSocketClient: At onOpen
04-13 11:53:13.923 23872 23925 I WebSocketClient: At sendAction
04-13 11:53:13.923 23872 23925 D WebSocketClient: Detox Action Sent: login
04-13 11:53:14.123 23872 23872 I Detox   : Wait is over: app is now idle!
04-13 11:53:14.128 23872 23925 I WebSocketClient: At sendAction
04-13 11:53:14.130 23872 23925 D WebSocketClient: Detox Action Sent: ready
04-13 11:53:14.134 23872 23925 I WebSocketClient: At onMessage
04-13 11:53:14.134 23872 23925 I WebSocketClient: At receiveAction
04-13 11:53:14.134 23872 23925 D WebSocketClient: Detox Action Received: loginSuccess
04-13 11:53:14.134 23872 23925 I DetoxManager: onAction: type: loginSuccess params: {"testerConnected":true,"appConnected":true}
