--------- beginning of main
04-13 12:01:58.003 25256 25256 D DetoxRNLoading: Got new RN-context directly and immediately
04-13 12:01:58.010 25256 25303 I DetoxRNIdleRes: Setting up Espresso Idling Resources for React Native.
04-13 12:01:58.070 25256 25303 D AsyncStorageIR: Checking whether a custom IR for Async-Storage is required... (legacy=false)
04-13 12:01:58.070 25256 25303 D DetoxRNHelpers: Native module not resolved: no such class
04-13 12:01:58.070 25256 25303 D AsyncStorageIR: Checking whether a custom IR for Async-Storage is required... (legacy=true)
04-13 12:01:58.072 25256 25303 D AsyncStorageIR: IR for Async-Storage is required! (legacy=true)
04-13 12:01:58.076 25256 25256 D AsyncStorageIRLegacy: Async-storage is busy!
04-13 12:01:58.080 25256 25303 I WebSocketClient: At connectToServer
04-13 12:01:58.107 25256 25310 I WebSocketClient: At onOpen
04-13 12:01:58.107 25256 25310 I WebSocketClient: At sendAction
04-13 12:01:58.107 25256 25310 D WebSocketClient: Detox Action Sent: login
04-13 12:01:58.373 25256 25256 I Detox   : Wait is over: app is now idle!
04-13 12:01:58.380 25256 25310 I WebSocketClient: At sendAction
04-13 12:01:58.382 25256 25310 D WebSocketClient: Detox Action Sent: ready
04-13 12:01:58.389 25256 25310 I WebSocketClient: At onMessage
04-13 12:01:58.389 25256 25310 I WebSocketClient: At receiveAction
04-13 12:01:58.389 25256 25310 D WebSocketClient: Detox Action Received: loginSuccess
04-13 12:01:58.391 25256 25310 I DetoxManager: onAction: type: loginSuccess params: {"testerConnected":true,"appConnected":true}
04-13 12:01:58.392 25256 25310 I WebSocketClient: At onMessage
04-13 12:01:58.392 25256 25310 I WebSocketClient: At receiveAction
04-13 12:01:58.392 25256 25310 D WebSocketClient: Detox Action Received: isReady
04-13 12:01:58.392 25256 25310 I DetoxManager: onAction: type: isReady params: {}
04-13 12:01:58.399 25256 25256 I Detox   : Wait is over: app is now idle!
04-13 12:01:58.399 25256 25303 I WebSocketClient: At sendAction
04-13 12:01:58.399 25256 25303 D WebSocketClient: Detox Action Sent: ready
04-13 12:01:58.462 25256 25310 I WebSocketClient: At onMessage
04-13 12:01:58.462 25256 25310 I WebSocketClient: At receiveAction
04-13 12:01:58.463 25256 25310 D WebSocketClient: Detox Action Received: invoke
04-13 12:01:58.463 25256 25310 I DetoxManager: onAction: type: invoke params: {"target":{"type":"Class","value":"com.wix.detox.espresso.DetoxAssertion"},"method":"assertMatcher","args":[{"type":"Invocation","value":{"target":{"type":"Class","value":"androidx.test.espresso.Espresso"},"method":"onView","args":[{"type":"Invocation","value":{"target":{"type":"Class","value":"com.wix.detox.espresso.DetoxMatcher"},"method":"matcherForTestId","args":["successInitButton"]}}]}},{"type":"Invocation","value":{"target":{"type":"Class","value":"com.wix.detox.espresso.DetoxMatcher"},"method":"matcherForSufficientlyVisible","args":[]}}]}
04-13 12:01:58.490 25256 25303 D Detox   : class com.wix.detox.espresso.DetoxMatcher, matcherForTestId, [successInitButton]
04-13 12:01:58.528 25256 25303 D Detox   : class androidx.test.espresso.Espresso, onView, [(with tag value: is "successInitButton" and view has effective visibility=VISIBLE)]
04-13 12:01:58.529 25256 25303 D Detox   : class com.wix.detox.espresso.DetoxMatcher, matcherForSufficientlyVisible, []
04-13 12:01:58.535 25256 25303 D Detox   : class com.wix.detox.espresso.DetoxAssertion, assertMatcher, [androidx.test.espresso.ViewInteraction@a74700a, at least 75 percent of the view's area is displayed to the user.]
04-13 12:01:58.573 25256 25256 I ViewInteraction: Checking 'MatchesViewAssertion(Detox){viewMatcher=at least 75 percent of the view's area is displayed to the user.}' assertion on view (with tag value: is "successInitButton" and view has effective visibility=VISIBLE)
04-13 12:01:58.576 25256 25303 I WebSocketClient: At sendAction
04-13 12:01:58.576 25256 25303 D WebSocketClient: Detox Action Sent: invokeResult
04-13 12:01:58.581 25256 25310 I WebSocketClient: At onMessage
04-13 12:01:58.581 25256 25310 I WebSocketClient: At receiveAction
04-13 12:01:58.581 25256 25310 D WebSocketClient: Detox Action Received: invoke
04-13 12:01:58.582 25256 25310 I DetoxManager: onAction: type: invoke params: {"target":{"type":"Class","value":"com.wix.detox.espresso.EspressoDetox"},"method":"perform","args":[{"type":"Invocation","value":{"target":{"type":"Class","value":"androidx.test.espresso.Espresso"},"method":"onView","args":[{"type":"Invocation","value":{"target":{"type":"Class","value":"com.wix.detox.espresso.DetoxMatcher"},"method":"matcherForTestId","args":["successInitButton"]}}]}},{"type":"Invocation","value":{"target":{"type":"Class","value":"com.wix.detox.espresso.DetoxViewActions"},"method":"click","args":[]}}]}
04-13 12:01:58.582 25256 25303 D Detox   : class com.wix.detox.espresso.DetoxMatcher, matcherForTestId, [successInitButton]
04-13 12:01:58.583 25256 25303 D Detox   : class androidx.test.espresso.Espresso, onView, [(with tag value: is "successInitButton" and view has effective visibility=VISIBLE)]
04-13 12:01:58.584 25256 25303 D Detox   : class com.wix.detox.espresso.DetoxViewActions, click, []
04-13 12:01:58.596 25256 25303 D Detox   : class com.wix.detox.espresso.EspressoDetox, perform, [androidx.test.espresso.ViewInteraction@3580e98, com.wix.detox.espresso.action.RNClickAction@280b6f1]
04-13 12:01:58.602 25256 25256 I ViewInteraction: Performing 'com.wix.detox.espresso.action.detoxsingletap@7f182d6 click' action on view (with tag value: is "successInitButton" and view has effective visibility=VISIBLE)
04-13 12:01:58.727 25256 25298 D AppsFlyer_6.2.0: Initializing AppsFlyer SDK: (v6.2.0.91)
04-13 12:01:59.008 25256 25330 I TetheringManager: registerTetheringEventCallback:com.detoxtest
04-13 12:01:59.042 25256 25303 I WebSocketClient: At sendAction
04-13 12:01:59.043 25256 25303 D WebSocketClient: Detox Action Sent: invokeResult
04-13 12:01:59.049 25256 25310 I WebSocketClient: At onMessage
04-13 12:01:59.049 25256 25310 I WebSocketClient: At receiveAction
04-13 12:01:59.049 25256 25310 D WebSocketClient: Detox Action Received: invoke
04-13 12:01:59.049 25256 25310 I DetoxManager: onAction: type: invoke params: {"target":{"type":"Class","value":"com.wix.detox.espresso.DetoxAssertion"},"method":"assertMatcher","args":[{"type":"Invocation","value":{"target":{"type":"Class","value":"androidx.test.espresso.Espresso"},"method":"onView","args":[{"type":"Invocation","value":{"target":{"type":"Class","value":"com.wix.detox.espresso.DetoxMatcher"},"method":"matcherForTestId","args":["successInitResult"]}}]}},{"type":"Invocation","value":{"target":{"type":"Class","value":"com.wix.detox.espresso.DetoxMatcher"},"method":"matcherForText","args":["Success"]}}]}
04-13 12:01:59.049 25256 25303 D Detox   : class com.wix.detox.espresso.DetoxMatcher, matcherForTestId, [successInitResult]
04-13 12:01:59.050 25256 25303 D Detox   : class androidx.test.espresso.Espresso, onView, [(with tag value: is "successInitResult" and view has effective visibility=VISIBLE)]
04-13 12:01:59.050 25256 25303 D Detox   : class com.wix.detox.espresso.DetoxMatcher, matcherForText, [Success]
04-13 12:01:59.052 25256 25303 D Detox   : class com.wix.detox.espresso.DetoxAssertion, assertMatcher, [androidx.test.espresso.ViewInteraction@bfeb8f8, (with text: is "Success" and view has effective visibility=VISIBLE)]
04-13 12:01:59.060 25256 25256 I ViewInteraction: Checking 'MatchesViewAssertion(Detox){viewMatcher=(with text: is "Success" and view has effective visibility=VISIBLE)}' assertion on view (with tag value: is "successInitResult" and view has effective visibility=VISIBLE)
04-13 12:01:59.061 25256 25303 I WebSocketClient: At sendAction
04-13 12:01:59.065 25256 25303 D WebSocketClient: Detox Action Sent: invokeResult
04-13 12:01:59.065 25256 25330 I com.detoxtest: Waiting for a blocking GC ClassLinker
04-13 12:01:59.072 25256 25335 I com.detoxtest: Waiting for a blocking GC ClassLinker
04-13 12:01:59.086 25256 25330 I com.detoxtest: WaitForGcToComplete blocked ClassLinker on ClassLinker for 20.809ms
04-13 12:01:59.087 25256 25335 I com.detoxtest: Waiting for a blocking GC ClassLinker
04-13 12:01:59.087 25256 25335 I com.detoxtest: WaitForGcToComplete blocked ClassLinker on ClassLinker for 14.858ms
