--------- beginning of main
04-13 11:53:40.921 24122 24122 W com.detoxtest: Unexpected CPU variant for X86 using defaults: x86
04-13 11:53:40.926 24122 24122 E com.detoxtest: Not starting debugger since process cannot load the jdwp agent.
--------- beginning of system
04-13 11:53:40.949 24122 24122 W ActivityThread: Package uses different ABI(s) than its instrumentation: package[com.detoxtest]: x86, null instrumentation[com.detoxtest.test]: null, null
04-13 11:53:40.953 24122 24122 I com.detoxtest: The ClassLoaderContext is a special shared library.
04-13 11:53:40.955 24122 24122 I chatty  : uid=10278(com.detoxtest) identical 2 lines
04-13 11:53:40.956 24122 24122 I com.detoxtest: The ClassLoaderContext is a special shared library.
04-13 11:53:40.994 24122 24122 W com.detoxtest: ClassLoaderContext classpath size mismatch. expected=0, found=4 (PCL[]{PCL[/system/framework/android.test.base.jar*84046222]} | PCL[/system/framework/android.test.runner.jar*2838042966:/system/framework/android.test.mock.jar*2353512044:/system/framework/android.test.base.jar*84046222:/data/app/~~4GX8tNUpoemcwSleRDf3ug==/com.detoxtest.test-S9iz3dhFMq4huKtcRE8wcA==/base.apk*3736732199]{PCL[/system/framework/android.test.base.jar*84046222]})
04-13 11:53:41.008 24122 24122 I com.detoxtest: The ClassLoaderContext is a special shared library.
04-13 11:53:41.011 24122 24122 I chatty  : uid=10278(com.detoxtest) identical 3 lines
04-13 11:53:41.012 24122 24122 I com.detoxtest: The ClassLoaderContext is a special shared library.
04-13 11:53:41.050 24122 24122 W com.detoxtest: ClassLoaderContext classpath size mismatch. expected=0, found=4 (PCL[]{PCL[/system/framework/android.test.base.jar*84046222]} | PCL[/system/framework/android.test.runner.jar*2838042966:/system/framework/android.test.mock.jar*2353512044:/system/framework/android.test.base.jar*84046222:/data/app/~~4GX8tNUpoemcwSleRDf3ug==/com.detoxtest.test-S9iz3dhFMq4huKtcRE8wcA==/base.apk*3736732199]{PCL[/system/framework/android.test.base.jar*84046222]#PCL[/system/framework/android.test.mock.jar*2353512044]{PCL[/system/framework/android.test.base.jar*84046222]}#PCL[/system/framework/android.test.runner.jar*2838042966]{PCL[/system/framework/android.test.base.jar*84046222]#PCL[/system/framework/android.test.mock.jar*2353512044]{PCL[/system/framework/android.test.base.jar*84046222]}}};PCL[/system/framework/android.test.runner.jar*2838042966:/system/framework/android.test.mock.jar*2353512044:/system/framework/android.test.base.jar*84046222:/data/app/~~4GX8tNUpoemcwSleRDf3ug==/com.detoxtest.test-S9iz3dhFMq4huKtcRE8wcA==/base.apk*3736732199:/data/app/~~hm6NxGNhdZiIY3xcBXE-wg==/com.detoxtest-Hr2ysbPaCk8XVtnCndls3g==/base.apk*4000934944]{PCL[/system/framework/android.test.base.jar*84046222]})
04-13 11:53:41.051 24122 24122 W com.detoxtest: Found duplicate classes, falling back to extracting from APK : /data/app/~~hm6NxGNhdZiIY3xcBXE-wg==/com.detoxtest-Hr2ysbPaCk8XVtnCndls3g==/base.apk
04-13 11:53:41.051 24122 24122 W com.detoxtest: NOTE: This wastes RAM and hurts startup performance.
04-13 11:53:41.051 24122 24122 W com.detoxtest: Found duplicated class when checking oat files: 'Landroid/support/v4/app/INotificationSideChannel$Stub$Proxy;' in /data/app/~~hm6NxGNhdZiIY3xcBXE-wg==/com.detoxtest-Hr2ysbPaCk8XVtnCndls3g==/base.apk and /data/app/~~hm6NxGNhdZiIY3xcBXE-wg==/com.detoxtest-Hr2ysbPaCk8XVtnCndls3g==/base.apk
04-13 11:53:41.051 24122 24122 W com.detoxtest: 
04-13 11:53:41.129 24122 24122 D NetworkSecurityConfig: Using Network Security Config from resource network_security_config debugBuild: false
04-13 11:53:41.129 24122 24122 D NetworkSecurityConfig: Using Network Security Config from resource network_security_config debugBuild: false
04-13 11:53:41.139 24122 24122 I MonitoringInstr: Instrumentation started!
04-13 11:53:41.141 24122 24122 I MonitoringInstr: Setting context classloader to 'dalvik.system.PathClassLoader[DexPathList[[zip file "/system/framework/android.test.runner.jar", zip file "/system/framework/android.test.mock.jar", zip file "/system/framework/android.test.base.jar", zip file "/data/app/~~4GX8tNUpoemcwSleRDf3ug==/com.detoxtest.test-S9iz3dhFMq4huKtcRE8wcA==/base.apk", zip file "/data/app/~~hm6NxGNhdZiIY3xcBXE-wg==/com.detoxtest-Hr2ysbPaCk8XVtnCndls3g==/base.apk"],nativeLibraryDirectories=[/data/app/~~4GX8tNUpoemcwSleRDf3ug==/com.detoxtest.test-S9iz3dhFMq4huKtcRE8wcA==/lib/x86, /data/app/~~hm6NxGNhdZiIY3xcBXE-wg==/com.detoxtest-Hr2ysbPaCk8XVtnCndls3g==/lib/x86, /data/app/~~4GX8tNUpoemcwSleRDf3ug==/com.detoxtest.test-S9iz3dhFMq4huKtcRE8wcA==/base.apk!/lib/x86, /data/app/~~hm6NxGNhdZiIY3xcBXE-wg==/com.detoxtest-Hr2ysbPaCk8XVtnCndls3g==/base.apk!/lib/x86, /system/lib, /system_ext/lib, /product/lib]]]', Original: 'dalvik.system.PathClassLoader[DexPathList[[zip file "/system/framework/android.test.runner.jar", zip file "/system/framework/android.test.mock.jar", zip file "/system/framework/android.test.base.jar", zip file "/data/app/~~4GX8tNUpoemcwSleRDf3ug==/com.detoxtest.test-S9iz3dhFMq4huKtcRE8wcA==/base.apk", zip file "/data/app/~~hm6NxGNhdZiIY3xcBXE-wg==/com.detoxtest-Hr2ysbPaCk8XVtnCndls3g==/base.apk"],nativeLibraryDirectories=[/data/app/~~4GX8tNUpoemcwSleRDf3ug==/com.detoxtest.test-S9iz3dhFMq4huKtcRE8wcA==/lib/x86, /data/app/~~hm6NxGNhdZiIY3xcBXE-wg==/com.detoxtest-Hr2ysbPaCk8XVtnCndls3g==/lib/x86, /data/app/~~4GX8tNUpoemcwSleRDf3ug==/com.detoxtest.test-S9iz3dhFMq4huKtcRE8wcA==/base.apk!/lib/x86, /data/app/~~hm6NxGNhdZiIY3xcBXE-wg==/com.detoxtest-Hr2ysbPaCk8XVtnCndls3g==/base.apk!/lib/x86, /system/lib, /system_ext/lib, /product/lib]]]'
04-13 11:53:41.144 24122 24122 D SoLoader: init start
04-13 11:53:41.144 24122 24122 D SoLoader: adding system library source: /vendor/lib
04-13 11:53:41.144 24122 24122 D SoLoader: adding system library source: /system/lib
04-13 11:53:41.145 24122 24122 D SoLoader: adding application source: com.facebook.soloader.DirectorySoSource[root = /data/app/~~hm6NxGNhdZiIY3xcBXE-wg==/com.detoxtest-Hr2ysbPaCk8XVtnCndls3g==/lib/x86 flags = 0]
04-13 11:53:41.145 24122 24122 D SoLoader: adding backup source from : com.facebook.soloader.ApkSoSource[root = /data/user/0/com.detoxtest/lib-main flags = 1]
04-13 11:53:41.145 24122 24122 D SoLoader: Preparing SO source: com.facebook.soloader.DirectorySoSource[root = /system/lib flags = 2]
04-13 11:53:41.146 24122 24122 D SoLoader: Preparing SO source: com.facebook.soloader.DirectorySoSource[root = /vendor/lib flags = 2]
04-13 11:53:41.146 24122 24122 D SoLoader: Preparing SO source: com.facebook.soloader.DirectorySoSource[root = /data/app/~~hm6NxGNhdZiIY3xcBXE-wg==/com.detoxtest-Hr2ysbPaCk8XVtnCndls3g==/lib/x86 flags = 0]
04-13 11:53:41.146 24122 24122 D SoLoader: Preparing SO source: com.facebook.soloader.ApkSoSource[root = /data/user/0/com.detoxtest/lib-main flags = 1]
04-13 11:53:41.147 24122 24122 V fb-UnpackingSoSource: locked dso store /data/user/0/com.detoxtest/lib-main
04-13 11:53:41.150 24122 24122 V fb-UnpackingSoSource: deps mismatch on deps store: regenerating
04-13 11:53:41.150 24122 24122 V fb-UnpackingSoSource: so store dirty: regenerating
04-13 11:53:41.170 24122 24122 D ApkSoSource: not allowing consideration of lib/x86/libc++_shared.so: deferring to libdir
04-13 11:53:41.170 24122 24122 D ApkSoSource: not allowing consideration of lib/x86/libfb.so: deferring to libdir
04-13 11:53:41.170 24122 24122 D ApkSoSource: not allowing consideration of lib/x86/libfbjni.so: deferring to libdir
04-13 11:53:41.170 24122 24122 D ApkSoSource: not allowing consideration of lib/x86/libfolly_futures.so: deferring to libdir
04-13 11:53:41.170 24122 24122 D ApkSoSource: not allowing consideration of lib/x86/libfolly_json.so: deferring to libdir
04-13 11:53:41.170 24122 24122 D ApkSoSource: not allowing consideration of lib/x86/libglog.so: deferring to libdir
04-13 11:53:41.170 24122 24122 D ApkSoSource: not allowing consideration of lib/x86/libglog_init.so: deferring to libdir
04-13 11:53:41.170 24122 24122 D ApkSoSource: not allowing consideration of lib/x86/libhermes-executor-debug.so: deferring to libdir
04-13 11:53:41.170 24122 24122 D ApkSoSource: not allowing consideration of lib/x86/libhermes-executor-release.so: deferring to libdir
04-13 11:53:41.170 24122 24122 D ApkSoSource: not allowing consideration of lib/x86/libhermes-inspector.so: deferring to libdir
04-13 11:53:41.171 24122 24122 D ApkSoSource: not allowing consideration of lib/x86/libimagepipeline.so: deferring to libdir
04-13 11:53:41.171 24122 24122 D ApkSoSource: not allowing consideration of lib/x86/libjsc.so: deferring to libdir
04-13 11:53:41.171 24122 24122 D ApkSoSource: not allowing consideration of lib/x86/libjscexecutor.so: deferring to libdir
04-13 11:53:41.171 24122 24122 D ApkSoSource: not allowing consideration of lib/x86/libjsijniprofiler.so: deferring to libdir
04-13 11:53:41.171 24122 24122 D ApkSoSource: not allowing consideration of lib/x86/libjsinspector.so: deferring to libdir
04-13 11:53:41.171 24122 24122 D ApkSoSource: not allowing consideration of lib/x86/libnative-filters.so: deferring to libdir
04-13 11:53:41.175 24122 24122 D ApkSoSource: not allowing consideration of lib/x86/libnative-imagetranscoder.so: deferring to libdir
04-13 11:53:41.175 24122 24122 D ApkSoSource: not allowing consideration of lib/x86/libreactnativeblob.so: deferring to libdir
04-13 11:53:41.175 24122 24122 D ApkSoSource: not allowing consideration of lib/x86/libreactnativejni.so: deferring to libdir
04-13 11:53:41.175 24122 24122 D ApkSoSource: not allowing consideration of lib/x86/libyoga.so: deferring to libdir
04-13 11:53:41.175 24122 24122 V fb-UnpackingSoSource: regenerating DSO store com.facebook.soloader.ApkSoSource
04-13 11:53:41.176 24122 24122 V fb-UnpackingSoSource: Finished regenerating DSO store com.facebook.soloader.ApkSoSource
04-13 11:53:41.176 24122 24122 V fb-UnpackingSoSource: starting syncer worker
04-13 11:53:41.188 24122 24122 V fb-UnpackingSoSource: releasing dso store lock for /data/user/0/com.detoxtest/lib-main (from syncer thread)
04-13 11:53:41.188 24122 24122 V fb-UnpackingSoSource: not releasing dso store lock for /data/user/0/com.detoxtest/lib-main (syncer thread started)
04-13 11:53:41.188 24122 24122 D SoLoader: init finish: 4 SO sources prepared
04-13 11:53:41.188 24122 24122 D SoLoader: init exiting
04-13 11:53:41.191 24122 24122 D SoLoader: init exiting
04-13 11:53:41.191 24122 24122 D SoLoader: About to load: libjscexecutor.so
04-13 11:53:41.192 24122 24122 D SoLoader: libjscexecutor.so not found on /data/user/0/com.detoxtest/lib-main
04-13 11:53:41.192 24122 24122 D SoLoader: libjscexecutor.so found on /data/app/~~hm6NxGNhdZiIY3xcBXE-wg==/com.detoxtest-Hr2ysbPaCk8XVtnCndls3g==/lib/x86
04-13 11:53:41.192 24122 24122 D SoLoader: Not resolving dependencies for libjscexecutor.so
04-13 11:53:41.197 24122 24122 D JavaScriptCore.Version: 245459.0.0
04-13 11:53:41.198 24122 24122 D SoLoader: Loaded: libjscexecutor.so
04-13 11:53:41.198 24122 24122 D SoLoader: init exiting
04-13 11:53:41.203 24122 24122 I MonitoringInstr: No JSBridge.
04-13 11:53:41.206 24122 24146 I MonitoringInstr: Setting context classloader to 'dalvik.system.PathClassLoader[DexPathList[[zip file "/system/framework/android.test.runner.jar", zip file "/system/framework/android.test.mock.jar", zip file "/system/framework/android.test.base.jar", zip file "/data/app/~~4GX8tNUpoemcwSleRDf3ug==/com.detoxtest.test-S9iz3dhFMq4huKtcRE8wcA==/base.apk", zip file "/data/app/~~hm6NxGNhdZiIY3xcBXE-wg==/com.detoxtest-Hr2ysbPaCk8XVtnCndls3g==/base.apk"],nativeLibraryDirectories=[/data/app/~~4GX8tNUpoemcwSleRDf3ug==/com.detoxtest.test-S9iz3dhFMq4huKtcRE8wcA==/lib/x86, /data/app/~~hm6NxGNhdZiIY3xcBXE-wg==/com.detoxtest-Hr2ysbPaCk8XVtnCndls3g==/lib/x86, /data/app/~~4GX8tNUpoemcwSleRDf3ug==/com.detoxtest.test-S9iz3dhFMq4huKtcRE8wcA==/base.apk!/lib/x86, /data/app/~~hm6NxGNhdZiIY3xcBXE-wg==/com.detoxtest-Hr2ysbPaCk8XVtnCndls3g==/base.apk!/lib/x86, /system/lib, /system_ext/lib, /product/lib]]]', Original: 'dalvik.system.PathClassLoader[DexPathList[[zip file "/system/framework/android.test.runner.jar", zip file "/system/framework/android.test.mock.jar", zip file "/system/framework/android.test.base.jar", zip file "/data/app/~~4GX8tNUpoemcwSleRDf3ug==/com.detoxtest.test-S9iz3dhFMq4huKtcRE8wcA==/base.apk", zip file "/data/app/~~hm6NxGNhdZiIY3xcBXE-wg==/com.detoxtest-Hr2ysbPaCk8XVtnCndls3g==/base.apk"],nativeLibraryDirectories=[/data/app/~~4GX8tNUpoemcwSleRDf3ug==/com.detoxtest.test-S9iz3dhFMq4huKtcRE8wcA==/lib/x86, /data/app/~~hm6NxGNhdZiIY3xcBXE-wg==/com.detoxtest-Hr2ysbPaCk8XVtnCndls3g==/lib/x86, /data/app/~~4GX8tNUpoemcwSleRDf3ug==/com.detoxtest.test-S9iz3dhFMq4huKtcRE8wcA==/base.apk!/lib/x86, /data/app/~~hm6NxGNhdZiIY3xcBXE-wg==/com.detoxtest-Hr2ysbPaCk8XVtnCndls3g==/base.apk!/lib/x86, /system/lib, /system_ext/lib, /product/lib]]]'
04-13 11:53:41.226 24122 24146 I UsageTrackerFacilitator: Usage tracking enabled
04-13 11:53:41.231 24122 24146 I TestRequestBuilder: Scanning classpath to find tests in paths [/data/app/~~4GX8tNUpoemcwSleRDf3ug==/com.detoxtest.test-S9iz3dhFMq4huKtcRE8wcA==/base.apk]
04-13 11:53:41.232 24122 24146 W com.detoxtest: Opening an oat file without a class loader. Are you using the deprecated DexFile APIs?
04-13 11:53:41.410 24122 24146 D TestExecutor: Adding listener androidx.test.internal.runner.listener.LogRunListener
04-13 11:53:41.411 24122 24146 D TestExecutor: Adding listener androidx.test.internal.runner.listener.InstrumentationResultPrinter
04-13 11:53:41.411 24122 24146 D TestExecutor: Adding listener androidx.test.internal.runner.listener.ActivityFinisherRunListener
04-13 11:53:41.412 24122 24146 I TestRunner: run started: 1 tests
04-13 11:53:41.417 24122 24146 I TestRunner: started: runDetoxTests(com.detoxtest.DetoxTest)
04-13 11:53:41.422 24122 24122 I MonitoringInstr: Activities that are still in CREATED to STOPPED: 0
04-13 11:53:41.456 24122 24146 D EventInjectionStrategy: Creating injection strategy with input manager.
04-13 11:53:41.535 24122 24161 D libEGL  : loaded /vendor/lib/egl/libEGL_emulation.so
04-13 11:53:41.539 24122 24161 D libEGL  : loaded /vendor/lib/egl/libGLESv1_CM_emulation.so
04-13 11:53:41.545 24122 24161 D libEGL  : loaded /vendor/lib/egl/libGLESv2_emulation.so
04-13 11:53:41.554 24122 24122 D LifecycleMonitor: Lifecycle status change: com.detoxtest.MainActivity@d952f0b in: PRE_ON_CREATE
04-13 11:53:41.570 24122 24163 D SoLoader: About to load: libreactnativejni.so
04-13 11:53:41.578 24122 24163 D SoLoader: libreactnativejni.so not found on /data/user/0/com.detoxtest/lib-main
04-13 11:53:41.578 24122 24163 D SoLoader: libreactnativejni.so found on /data/app/~~hm6NxGNhdZiIY3xcBXE-wg==/com.detoxtest-Hr2ysbPaCk8XVtnCndls3g==/lib/x86
04-13 11:53:41.578 24122 24163 D SoLoader: Not resolving dependencies for libreactnativejni.so
04-13 11:53:41.591 24122 24163 D SoLoader: Loaded: libreactnativejni.so
04-13 11:53:41.592 24122 24163 D SoLoader: About to load: libfbjni.so
04-13 11:53:41.592 24122 24163 D SoLoader: libfbjni.so not found on /data/user/0/com.detoxtest/lib-main
04-13 11:53:41.592 24122 24163 D SoLoader: libfbjni.so found on /data/app/~~hm6NxGNhdZiIY3xcBXE-wg==/com.detoxtest-Hr2ysbPaCk8XVtnCndls3g==/lib/x86
04-13 11:53:41.592 24122 24163 D SoLoader: Not resolving dependencies for libfbjni.so
04-13 11:53:41.594 24122 24163 D SoLoader: Loaded: libfbjni.so
04-13 11:53:41.599 24122 24122 D LifecycleMonitor: Lifecycle status change: com.detoxtest.MainActivity@d952f0b in: CREATED
04-13 11:53:41.601 24122 24122 D LifecycleMonitor: Lifecycle status change: com.detoxtest.MainActivity@d952f0b in: STARTED
04-13 11:53:41.606 24122 24122 D LifecycleMonitor: Lifecycle status change: com.detoxtest.MainActivity@d952f0b in: RESUMED
04-13 11:53:41.613 24122 24163 E unknown:ReactNative: ReactInstanceManager.createReactContext: mJSIModulePackage null
04-13 11:53:41.613 24122 24165 E ReactNativeJNI: logMarker CREATE_REACT_CONTEXT_END
04-13 11:53:41.619 24122 24165 E ReactNativeJNI: logMarker RUN_JS_BUNDLE_START
04-13 11:53:41.628 24122 24166 E unknown:ReactNative: ReactInstanceManager.attachRootViewToInstance()
04-13 11:53:41.642 24122 24166 W unknown:ViewManagerPropertyUpdater: Could not find generated setter for class com.facebook.react.views.art.ARTGroupViewManager
04-13 11:53:41.643 24122 24166 W unknown:ViewManagerPropertyUpdater: Could not find generated setter for class com.facebook.react.views.art.ARTGroupShadowNode
04-13 11:53:41.643 24122 24166 W unknown:ViewManagerPropertyUpdater: Could not find generated setter for class com.facebook.react.views.art.ARTShapeViewManager
04-13 11:53:41.643 24122 24166 W unknown:ViewManagerPropertyUpdater: Could not find generated setter for class com.facebook.react.views.art.ARTShapeShadowNode
04-13 11:53:41.644 24122 24166 W unknown:ViewManagerPropertyUpdater: Could not find generated setter for class com.facebook.react.views.art.ARTTextViewManager
04-13 11:53:41.644 24122 24166 W unknown:ViewManagerPropertyUpdater: Could not find generated setter for class com.facebook.react.views.art.ARTTextShadowNode
04-13 11:53:41.644 24122 24166 W unknown:ViewManagerPropertyUpdater: Could not find generated setter for class com.facebook.react.views.checkbox.ReactCheckBoxManager
04-13 11:53:41.645 24122 24166 W unknown:ViewManagerPropertyUpdater: Could not find generated setter for class com.facebook.react.uimanager.LayoutShadowNode
04-13 11:53:41.647 24122 24166 W unknown:ViewManagerPropertyUpdater: Could not find generated setter for class com.facebook.react.views.picker.ReactDialogPickerManager
04-13 11:53:41.647 24122 24166 W unknown:ViewManagerPropertyUpdater: Could not find generated setter for class com.facebook.react.views.drawer.ReactDrawerLayoutManager
04-13 11:53:41.648 24122 24166 W unknown:ViewManagerPropertyUpdater: Could not find generated setter for class com.facebook.react.views.picker.ReactDropdownPickerManager
04-13 11:53:41.648 24122 24166 W unknown:ViewManagerPropertyUpdater: Could not find generated setter for class com.facebook.react.views.scroll.ReactHorizontalScrollViewManager
04-13 11:53:41.650 24122 24166 W unknown:ViewManagerPropertyUpdater: Could not find generated setter for class com.facebook.react.views.scroll.ReactHorizontalScrollContainerViewManager
04-13 11:53:41.651 24122 24166 W unknown:ViewManagerPropertyUpdater: Could not find generated setter for class com.facebook.react.views.progressbar.ReactProgressBarViewManager
04-13 11:53:41.651 24122 24166 W unknown:ViewManagerPropertyUpdater: Could not find generated setter for class com.facebook.react.views.progressbar.ProgressBarShadowNode
04-13 11:53:41.653 24122 24166 W unknown:ViewManagerPropertyUpdater: Could not find generated setter for class com.facebook.react.views.scroll.ReactScrollViewManager
04-13 11:53:41.656 24122 24166 W unknown:ViewManagerPropertyUpdater: Could not find generated setter for class com.facebook.react.views.slider.ReactSliderManager
04-13 11:53:41.657 24122 24166 W unknown:ViewManagerPropertyUpdater: Could not find generated setter for class com.facebook.react.views.slider.ReactSliderManager$ReactSliderShadowNode
04-13 11:53:41.657 24122 24166 W unknown:ViewManagerPropertyUpdater: Could not find generated setter for class com.facebook.react.views.switchview.ReactSwitchManager
04-13 11:53:41.658 24122 24166 W unknown:ViewManagerPropertyUpdater: Could not find generated setter for class com.facebook.react.views.switchview.ReactSwitchManager$ReactSwitchShadowNode
04-13 11:53:41.659 24122 24166 W unknown:ViewManagerPropertyUpdater: Could not find generated setter for class com.facebook.react.views.swiperefresh.SwipeRefreshLayoutManager
04-13 11:53:41.660 24122 24166 W unknown:ViewManagerPropertyUpdater: Could not find generated setter for class com.facebook.react.views.art.ARTSurfaceViewManager
04-13 11:53:41.660 24122 24166 W unknown:ViewManagerPropertyUpdater: Could not find generated setter for class com.facebook.react.views.art.ARTSurfaceViewShadowNode
04-13 11:53:41.661 24122 24166 W unknown:ViewManagerPropertyUpdater: Could not find generated setter for class com.facebook.react.views.text.frescosupport.FrescoBasedReactTextInlineImageViewManager
04-13 11:53:41.661 24122 24166 W unknown:ViewManagerPropertyUpdater: Could not find generated setter for class com.facebook.react.views.text.frescosupport.FrescoBasedReactTextInlineImageShadowNode
04-13 11:53:41.661 24122 24166 W unknown:ViewManagerPropertyUpdater: Could not find generated setter for class com.facebook.react.views.image.ReactImageManager
04-13 11:53:41.663 24122 24166 W unknown:ViewManagerPropertyUpdater: Could not find generated setter for class com.facebook.react.views.modal.ReactModalHostManager
04-13 11:53:41.663 24122 24166 W unknown:ViewManagerPropertyUpdater: Could not find generated setter for class com.facebook.react.views.modal.ModalHostShadowNode
04-13 11:53:41.663 24122 24166 W unknown:ViewManagerPropertyUpdater: Could not find generated setter for class com.facebook.react.views.text.ReactRawTextManager
04-13 11:53:41.664 24122 24166 W unknown:ViewManagerPropertyUpdater: Could not find generated setter for class com.facebook.react.views.text.ReactRawTextShadowNode
04-13 11:53:41.664 24122 24166 W unknown:ViewManagerPropertyUpdater: Could not find generated setter for class com.facebook.react.views.textinput.ReactTextInputManager
04-13 11:53:41.666 24122 24166 W unknown:ViewManagerPropertyUpdater: Could not find generated setter for class com.facebook.react.views.textinput.ReactTextInputShadowNode
04-13 11:53:41.668 24122 24166 W unknown:ViewManagerPropertyUpdater: Could not find generated setter for class com.facebook.react.views.text.ReactTextViewManager
04-13 11:53:41.669 24122 24166 W unknown:ViewManagerPropertyUpdater: Could not find generated setter for class com.facebook.react.views.text.ReactTextShadowNode
04-13 11:53:41.669 24122 24166 W unknown:ViewManagerPropertyUpdater: Could not find generated setter for class com.facebook.react.views.view.ReactViewManager
04-13 11:53:41.670 24122 24166 W unknown:ViewManagerPropertyUpdater: Could not find generated setter for class com.facebook.react.views.viewpager.ReactViewPagerManager
04-13 11:53:41.671 24122 24166 W unknown:ViewManagerPropertyUpdater: Could not find generated setter for class com.facebook.react.views.text.ReactVirtualTextViewManager
04-13 11:53:41.671 24122 24166 W unknown:ViewManagerPropertyUpdater: Could not find generated setter for class com.facebook.react.views.text.ReactVirtualTextShadowNode
04-13 11:53:41.673 24122 24166 D SoLoader: About to load: libyoga.so
04-13 11:53:41.673 24122 24166 D SoLoader: libyoga.so not found on /data/user/0/com.detoxtest/lib-main
04-13 11:53:41.673 24122 24166 D SoLoader: libyoga.so found on /data/app/~~hm6NxGNhdZiIY3xcBXE-wg==/com.detoxtest-Hr2ysbPaCk8XVtnCndls3g==/lib/x86
04-13 11:53:41.673 24122 24166 D SoLoader: Not resolving dependencies for libyoga.so
04-13 11:53:41.676 24122 24166 D SoLoader: Loaded: libyoga.so
04-13 11:53:41.679 24122 24166 E unknown:ReactRootView: runApplication: call AppRegistry.runApplication
04-13 11:53:41.694 24122 24158 D HostConnection: HostConnection::get() New Host Connection established 0xe9915010, tid 24158
04-13 11:53:41.697 24122 24158 D HostConnection: HostComposition ext ANDROID_EMU_CHECKSUM_HELPER_v1 ANDROID_EMU_native_sync_v2 ANDROID_EMU_native_sync_v3 ANDROID_EMU_native_sync_v4 ANDROID_EMU_dma_v1 ANDROID_EMU_direct_mem ANDROID_EMU_host_composition_v1 ANDROID_EMU_host_composition_v2 ANDROID_EMU_YUV_Cache ANDROID_EMU_async_unmap_buffer GL_OES_EGL_image_external_essl3 GL_OES_vertex_array_object GL_KHR_texture_compression_astc_ldr ANDROID_EMU_gles_max_version_3_0 
04-13 11:53:41.704 24122 24165 E ReactNativeJNI: logMarker RUN_JS_BUNDLE_END
04-13 11:53:41.704 24122 24158 W OpenGLRenderer: Failed to choose config with EGL_SWAP_BEHAVIOR_PRESERVED, retrying without...
04-13 11:53:41.705 24122 24165 I ReactNativeJS: Running "detoxTest" with {"rootTag":1}
04-13 11:53:41.706 24122 24158 D EGL_emulation: eglCreateContext: 0xe9737ad0: maj 3 min 0 rcv 3
04-13 11:53:41.726 24122 24158 D EGL_emulation: eglMakeCurrent: 0xe9737ad0: ver 3 0 (tinfo 0xe9a7daf0)
04-13 11:53:41.727 24122 24166 D SoLoader: init exiting
04-13 11:53:41.735 24122 24166 W unknown:ReactNative: Tried to update non-existent root tag: 0
04-13 11:53:41.742 24122 24158 I Gralloc4: mapper 4.x is not supported
04-13 11:53:41.744 24122 24158 D HostConnection: createUnique: call
04-13 11:53:41.744 24122 24158 D HostConnection: HostConnection::get() New Host Connection established 0xe9917110, tid 24158
04-13 11:53:41.745 24122 24158 D eglCodecCommon: allocate: Ask for block of size 0x100
04-13 11:53:41.745 24122 24158 D eglCodecCommon: allocate: ioctl allocate returned offset 0x3fc0ff000 size 0x2000
04-13 11:53:41.750 24122 24158 D HostConnection: HostComposition ext ANDROID_EMU_CHECKSUM_HELPER_v1 ANDROID_EMU_native_sync_v2 ANDROID_EMU_native_sync_v3 ANDROID_EMU_native_sync_v4 ANDROID_EMU_dma_v1 ANDROID_EMU_direct_mem ANDROID_EMU_host_composition_v1 ANDROID_EMU_host_composition_v2 ANDROID_EMU_YUV_Cache ANDROID_EMU_async_unmap_buffer GL_OES_EGL_image_external_essl3 GL_OES_vertex_array_object GL_KHR_texture_compression_astc_ldr ANDROID_EMU_gles_max_version_3_0 
04-13 11:53:41.755 24122 24158 D EGL_emulation: eglMakeCurrent: 0xe9737ad0: ver 3 0 (tinfo 0xe9a7daf0)
04-13 11:53:41.778 24122 24122 E unknown:ReactNative: Unable to launch logbox because react was unable to create the root view
04-13 11:53:41.812 24122 24172 I Detox   : Detox thread starting (com.wix.detox.manager)
04-13 11:53:41.816 24122 24172 I DetoxManager: DetoxServerUrl: ws://localhost:63454
04-13 11:53:41.816 24122 24172 I DetoxManager: DetoxSessionId: ab1c1ce2-9974-d925-36c5-a9ba13bc9a71
04-13 11:53:41.823 24122 24122 D DetoxRNLoading: Got new RN-context directly and immediately
04-13 11:53:41.825 24122 24172 I DetoxRNIdleRes: Setting up Espresso Idling Resources for React Native.
04-13 11:53:41.864 24122 24172 D AsyncStorageIR: Checking whether a custom IR for Async-Storage is required... (legacy=false)
04-13 11:53:41.864 24122 24172 D DetoxRNHelpers: Native module not resolved: no such class
04-13 11:53:41.864 24122 24172 D AsyncStorageIR: Checking whether a custom IR for Async-Storage is required... (legacy=true)
04-13 11:53:41.864 24122 24172 D AsyncStorageIR: IR for Async-Storage is required! (legacy=true)
04-13 11:53:41.867 24122 24122 D AsyncStorageIRLegacy: Async-storage is busy!
04-13 11:53:41.871 24122 24172 I WebSocketClient: At connectToServer
04-13 11:53:41.889 24122 24174 I WebSocketClient: At onOpen
04-13 11:53:41.889 24122 24174 I WebSocketClient: At sendAction
04-13 11:53:41.889 24122 24174 D WebSocketClient: Detox Action Sent: login
04-13 11:53:42.015 24122 24122 I Detox   : Wait is over: app is now idle!
04-13 11:53:42.021 24122 24174 I WebSocketClient: At sendAction
04-13 11:53:42.023 24122 24174 D WebSocketClient: Detox Action Sent: ready
04-13 11:53:42.027 24122 24174 I WebSocketClient: At onMessage
04-13 11:53:42.027 24122 24174 I WebSocketClient: At receiveAction
04-13 11:53:42.027 24122 24174 D WebSocketClient: Detox Action Received: loginSuccess
04-13 11:53:42.027 24122 24174 I DetoxManager: onAction: type: loginSuccess params: {"testerConnected":true,"appConnected":true}
04-13 11:53:42.029 24122 24174 I WebSocketClient: At onMessage
04-13 11:53:42.030 24122 24174 I WebSocketClient: At receiveAction
04-13 11:53:42.030 24122 24174 D WebSocketClient: Detox Action Received: isReady
04-13 11:53:42.030 24122 24174 I DetoxManager: onAction: type: isReady params: {}
04-13 11:53:42.032 24122 24122 I Detox   : Wait is over: app is now idle!
04-13 11:53:42.032 24122 24172 I WebSocketClient: At sendAction
04-13 11:53:42.033 24122 24172 D WebSocketClient: Detox Action Sent: ready
