--------- beginning of main
04-13 11:30:29.944 20814 20814 W com.detoxtest: Unexpected CPU variant for X86 using defaults: x86
04-13 11:30:29.957 20814 20814 E com.detoxtest: Not starting debugger since process cannot load the jdwp agent.
--------- beginning of system
04-13 11:30:30.007 20814 20814 W ActivityThread: Package uses different ABI(s) than its instrumentation: package[com.detoxtest]: x86, null instrumentation[com.detoxtest.test]: null, null
04-13 11:30:30.013 20814 20814 I com.detoxtest: The ClassLoaderContext is a special shared library.
04-13 11:30:30.017 20814 20814 I chatty  : uid=10254(com.detoxtest) identical 2 lines
04-13 11:30:30.019 20814 20814 I com.detoxtest: The ClassLoaderContext is a special shared library.
04-13 11:30:30.102 20814 20814 W com.detoxtest: ClassLoaderContext classpath size mismatch. expected=0, found=4 (PCL[]{PCL[/system/framework/android.test.base.jar*84046222]} | PCL[/system/framework/android.test.runner.jar*2838042966:/system/framework/android.test.mock.jar*2353512044:/system/framework/android.test.base.jar*84046222:/data/app/~~Qs304TO6cg20lBDh6ZfCcA==/com.detoxtest.test-JmpIQFoVv478uCz8tC0ISQ==/base.apk*3736732199]{PCL[/system/framework/android.test.base.jar*84046222]})
04-13 11:30:30.124 20814 20814 I com.detoxtest: The ClassLoaderContext is a special shared library.
04-13 11:30:30.136 20814 20814 I chatty  : uid=10254(com.detoxtest) identical 3 lines
04-13 11:30:30.137 20814 20814 I com.detoxtest: The ClassLoaderContext is a special shared library.
04-13 11:30:30.198 20814 20814 W com.detoxtest: ClassLoaderContext classpath size mismatch. expected=0, found=4 (PCL[]{PCL[/system/framework/android.test.base.jar*84046222]} | PCL[/system/framework/android.test.runner.jar*2838042966:/system/framework/android.test.mock.jar*2353512044:/system/framework/android.test.base.jar*84046222:/data/app/~~Qs304TO6cg20lBDh6ZfCcA==/com.detoxtest.test-JmpIQFoVv478uCz8tC0ISQ==/base.apk*3736732199]{PCL[/system/framework/android.test.base.jar*84046222]#PCL[/system/framework/android.test.mock.jar*2353512044]{PCL[/system/framework/android.test.base.jar*84046222]}#PCL[/system/framework/android.test.runner.jar*2838042966]{PCL[/system/framework/android.test.base.jar*84046222]#PCL[/system/framework/android.test.mock.jar*2353512044]{PCL[/system/framework/android.test.base.jar*84046222]}}};PCL[/system/framework/android.test.runner.jar*2838042966:/system/framework/android.test.mock.jar*2353512044:/system/framework/android.test.base.jar*84046222:/data/app/~~Qs304TO6cg20lBDh6ZfCcA==/com.detoxtest.test-JmpIQFoVv478uCz8tC0ISQ==/base.apk*3736732199:/data/app/~~AOLM1NYz_wlPjw7xDs2ngQ==/com.detoxtest-Z5GX7u62XQXMWJMqFdfmkg==/base.apk*4000934944]{PCL[/system/framework/android.test.base.jar*84046222]})
04-13 11:30:30.199 20814 20814 W com.detoxtest: Found duplicate classes, falling back to extracting from APK : /data/app/~~AOLM1NYz_wlPjw7xDs2ngQ==/com.detoxtest-Z5GX7u62XQXMWJMqFdfmkg==/base.apk
04-13 11:30:30.199 20814 20814 W com.detoxtest: NOTE: This wastes RAM and hurts startup performance.
04-13 11:30:30.199 20814 20814 W com.detoxtest: Found duplicated class when checking oat files: 'Landroid/support/v4/app/INotificationSideChannel$Stub$Proxy;' in /data/app/~~AOLM1NYz_wlPjw7xDs2ngQ==/com.detoxtest-Z5GX7u62XQXMWJMqFdfmkg==/base.apk and /data/app/~~AOLM1NYz_wlPjw7xDs2ngQ==/com.detoxtest-Z5GX7u62XQXMWJMqFdfmkg==/base.apk
04-13 11:30:30.199 20814 20814 W com.detoxtest: 
04-13 11:30:30.281 20814 20814 D NetworkSecurityConfig: Using Network Security Config from resource network_security_config debugBuild: false
04-13 11:30:30.282 20814 20814 D NetworkSecurityConfig: Using Network Security Config from resource network_security_config debugBuild: false
04-13 11:30:30.293 20814 20814 I MonitoringInstr: Instrumentation started!
04-13 11:30:30.297 20814 20814 I MonitoringInstr: Setting context classloader to 'dalvik.system.PathClassLoader[DexPathList[[zip file "/system/framework/android.test.runner.jar", zip file "/system/framework/android.test.mock.jar", zip file "/system/framework/android.test.base.jar", zip file "/data/app/~~Qs304TO6cg20lBDh6ZfCcA==/com.detoxtest.test-JmpIQFoVv478uCz8tC0ISQ==/base.apk", zip file "/data/app/~~AOLM1NYz_wlPjw7xDs2ngQ==/com.detoxtest-Z5GX7u62XQXMWJMqFdfmkg==/base.apk"],nativeLibraryDirectories=[/data/app/~~Qs304TO6cg20lBDh6ZfCcA==/com.detoxtest.test-JmpIQFoVv478uCz8tC0ISQ==/lib/x86, /data/app/~~AOLM1NYz_wlPjw7xDs2ngQ==/com.detoxtest-Z5GX7u62XQXMWJMqFdfmkg==/lib/x86, /data/app/~~Qs304TO6cg20lBDh6ZfCcA==/com.detoxtest.test-JmpIQFoVv478uCz8tC0ISQ==/base.apk!/lib/x86, /data/app/~~AOLM1NYz_wlPjw7xDs2ngQ==/com.detoxtest-Z5GX7u62XQXMWJMqFdfmkg==/base.apk!/lib/x86, /system/lib, /system_ext/lib, /product/lib]]]', Original: 'dalvik.system.PathClassLoader[DexPathList[[zip file "/system/framework/android.test.runner.jar", zip file "/system/framework/android.test.mock.jar", zip file "/system/framework/android.test.base.jar", zip file "/data/app/~~Qs304TO6cg20lBDh6ZfCcA==/com.detoxtest.test-JmpIQFoVv478uCz8tC0ISQ==/base.apk", zip file "/data/app/~~AOLM1NYz_wlPjw7xDs2ngQ==/com.detoxtest-Z5GX7u62XQXMWJMqFdfmkg==/base.apk"],nativeLibraryDirectories=[/data/app/~~Qs304TO6cg20lBDh6ZfCcA==/com.detoxtest.test-JmpIQFoVv478uCz8tC0ISQ==/lib/x86, /data/app/~~AOLM1NYz_wlPjw7xDs2ngQ==/com.detoxtest-Z5GX7u62XQXMWJMqFdfmkg==/lib/x86, /data/app/~~Qs304TO6cg20lBDh6ZfCcA==/com.detoxtest.test-JmpIQFoVv478uCz8tC0ISQ==/base.apk!/lib/x86, /data/app/~~AOLM1NYz_wlPjw7xDs2ngQ==/com.detoxtest-Z5GX7u62XQXMWJMqFdfmkg==/base.apk!/lib/x86, /system/lib, /system_ext/lib, /product/lib]]]'
04-13 11:30:30.300 20814 20814 D SoLoader: init start
04-13 11:30:30.300 20814 20814 D SoLoader: adding system library source: /vendor/lib
04-13 11:30:30.300 20814 20814 D SoLoader: adding system library source: /system/lib
04-13 11:30:30.301 20814 20814 D SoLoader: adding application source: com.facebook.soloader.DirectorySoSource[root = /data/app/~~AOLM1NYz_wlPjw7xDs2ngQ==/com.detoxtest-Z5GX7u62XQXMWJMqFdfmkg==/lib/x86 flags = 0]
04-13 11:30:30.301 20814 20814 D SoLoader: adding backup source from : com.facebook.soloader.ApkSoSource[root = /data/user/0/com.detoxtest/lib-main flags = 1]
04-13 11:30:30.301 20814 20814 D SoLoader: Preparing SO source: com.facebook.soloader.DirectorySoSource[root = /system/lib flags = 2]
04-13 11:30:30.301 20814 20814 D SoLoader: Preparing SO source: com.facebook.soloader.DirectorySoSource[root = /vendor/lib flags = 2]
04-13 11:30:30.301 20814 20814 D SoLoader: Preparing SO source: com.facebook.soloader.DirectorySoSource[root = /data/app/~~AOLM1NYz_wlPjw7xDs2ngQ==/com.detoxtest-Z5GX7u62XQXMWJMqFdfmkg==/lib/x86 flags = 0]
04-13 11:30:30.302 20814 20814 D SoLoader: Preparing SO source: com.facebook.soloader.ApkSoSource[root = /data/user/0/com.detoxtest/lib-main flags = 1]
04-13 11:30:30.302 20814 20814 V fb-UnpackingSoSource: locked dso store /data/user/0/com.detoxtest/lib-main
04-13 11:30:30.304 20814 20814 V fb-UnpackingSoSource: deps mismatch on deps store: regenerating
04-13 11:30:30.304 20814 20814 V fb-UnpackingSoSource: so store dirty: regenerating
04-13 11:30:30.320 20814 20814 D ApkSoSource: not allowing consideration of lib/x86/libc++_shared.so: deferring to libdir
04-13 11:30:30.320 20814 20814 D ApkSoSource: not allowing consideration of lib/x86/libfb.so: deferring to libdir
04-13 11:30:30.320 20814 20814 D ApkSoSource: not allowing consideration of lib/x86/libfbjni.so: deferring to libdir
04-13 11:30:30.320 20814 20814 D ApkSoSource: not allowing consideration of lib/x86/libfolly_futures.so: deferring to libdir
04-13 11:30:30.320 20814 20814 D ApkSoSource: not allowing consideration of lib/x86/libfolly_json.so: deferring to libdir
04-13 11:30:30.320 20814 20814 D ApkSoSource: not allowing consideration of lib/x86/libglog.so: deferring to libdir
04-13 11:30:30.320 20814 20814 D ApkSoSource: not allowing consideration of lib/x86/libglog_init.so: deferring to libdir
04-13 11:30:30.321 20814 20814 D ApkSoSource: not allowing consideration of lib/x86/libhermes-executor-debug.so: deferring to libdir
04-13 11:30:30.321 20814 20814 D ApkSoSource: not allowing consideration of lib/x86/libhermes-executor-release.so: deferring to libdir
04-13 11:30:30.321 20814 20814 D ApkSoSource: not allowing consideration of lib/x86/libhermes-inspector.so: deferring to libdir
04-13 11:30:30.321 20814 20814 D ApkSoSource: not allowing consideration of lib/x86/libimagepipeline.so: deferring to libdir
04-13 11:30:30.321 20814 20814 D ApkSoSource: not allowing consideration of lib/x86/libjsc.so: deferring to libdir
04-13 11:30:30.321 20814 20814 D ApkSoSource: not allowing consideration of lib/x86/libjscexecutor.so: deferring to libdir
04-13 11:30:30.321 20814 20814 D ApkSoSource: not allowing consideration of lib/x86/libjsijniprofiler.so: deferring to libdir
04-13 11:30:30.321 20814 20814 D ApkSoSource: not allowing consideration of lib/x86/libjsinspector.so: deferring to libdir
04-13 11:30:30.321 20814 20814 D ApkSoSource: not allowing consideration of lib/x86/libnative-filters.so: deferring to libdir
04-13 11:30:30.321 20814 20814 D ApkSoSource: not allowing consideration of lib/x86/libnative-imagetranscoder.so: deferring to libdir
04-13 11:30:30.322 20814 20814 D ApkSoSource: not allowing consideration of lib/x86/libreactnativeblob.so: deferring to libdir
04-13 11:30:30.322 20814 20814 D ApkSoSource: not allowing consideration of lib/x86/libreactnativejni.so: deferring to libdir
04-13 11:30:30.322 20814 20814 D ApkSoSource: not allowing consideration of lib/x86/libyoga.so: deferring to libdir
04-13 11:30:30.323 20814 20814 V fb-UnpackingSoSource: regenerating DSO store com.facebook.soloader.ApkSoSource
04-13 11:30:30.323 20814 20814 V fb-UnpackingSoSource: Finished regenerating DSO store com.facebook.soloader.ApkSoSource
04-13 11:30:30.323 20814 20814 V fb-UnpackingSoSource: starting syncer worker
04-13 11:30:30.332 20814 20814 V fb-UnpackingSoSource: releasing dso store lock for /data/user/0/com.detoxtest/lib-main (from syncer thread)
04-13 11:30:30.332 20814 20814 V fb-UnpackingSoSource: not releasing dso store lock for /data/user/0/com.detoxtest/lib-main (syncer thread started)
04-13 11:30:30.332 20814 20814 D SoLoader: init finish: 4 SO sources prepared
04-13 11:30:30.332 20814 20814 D SoLoader: init exiting
04-13 11:30:30.334 20814 20814 D SoLoader: init exiting
04-13 11:30:30.335 20814 20814 D SoLoader: About to load: libjscexecutor.so
04-13 11:30:30.335 20814 20814 D SoLoader: libjscexecutor.so not found on /data/user/0/com.detoxtest/lib-main
04-13 11:30:30.335 20814 20814 D SoLoader: libjscexecutor.so found on /data/app/~~AOLM1NYz_wlPjw7xDs2ngQ==/com.detoxtest-Z5GX7u62XQXMWJMqFdfmkg==/lib/x86
04-13 11:30:30.335 20814 20814 D SoLoader: Not resolving dependencies for libjscexecutor.so
04-13 11:30:30.340 20814 20814 D JavaScriptCore.Version: 245459.0.0
04-13 11:30:30.341 20814 20814 D SoLoader: Loaded: libjscexecutor.so
04-13 11:30:30.341 20814 20814 D SoLoader: init exiting
04-13 11:30:30.345 20814 20814 I MonitoringInstr: No JSBridge.
04-13 11:30:30.349 20814 20842 I MonitoringInstr: Setting context classloader to 'dalvik.system.PathClassLoader[DexPathList[[zip file "/system/framework/android.test.runner.jar", zip file "/system/framework/android.test.mock.jar", zip file "/system/framework/android.test.base.jar", zip file "/data/app/~~Qs304TO6cg20lBDh6ZfCcA==/com.detoxtest.test-JmpIQFoVv478uCz8tC0ISQ==/base.apk", zip file "/data/app/~~AOLM1NYz_wlPjw7xDs2ngQ==/com.detoxtest-Z5GX7u62XQXMWJMqFdfmkg==/base.apk"],nativeLibraryDirectories=[/data/app/~~Qs304TO6cg20lBDh6ZfCcA==/com.detoxtest.test-JmpIQFoVv478uCz8tC0ISQ==/lib/x86, /data/app/~~AOLM1NYz_wlPjw7xDs2ngQ==/com.detoxtest-Z5GX7u62XQXMWJMqFdfmkg==/lib/x86, /data/app/~~Qs304TO6cg20lBDh6ZfCcA==/com.detoxtest.test-JmpIQFoVv478uCz8tC0ISQ==/base.apk!/lib/x86, /data/app/~~AOLM1NYz_wlPjw7xDs2ngQ==/com.detoxtest-Z5GX7u62XQXMWJMqFdfmkg==/base.apk!/lib/x86, /system/lib, /system_ext/lib, /product/lib]]]', Original: 'dalvik.system.PathClassLoader[DexPathList[[zip file "/system/framework/android.test.runner.jar", zip file "/system/framework/android.test.mock.jar", zip file "/system/framework/android.test.base.jar", zip file "/data/app/~~Qs304TO6cg20lBDh6ZfCcA==/com.detoxtest.test-JmpIQFoVv478uCz8tC0ISQ==/base.apk", zip file "/data/app/~~AOLM1NYz_wlPjw7xDs2ngQ==/com.detoxtest-Z5GX7u62XQXMWJMqFdfmkg==/base.apk"],nativeLibraryDirectories=[/data/app/~~Qs304TO6cg20lBDh6ZfCcA==/com.detoxtest.test-JmpIQFoVv478uCz8tC0ISQ==/lib/x86, /data/app/~~AOLM1NYz_wlPjw7xDs2ngQ==/com.detoxtest-Z5GX7u62XQXMWJMqFdfmkg==/lib/x86, /data/app/~~Qs304TO6cg20lBDh6ZfCcA==/com.detoxtest.test-JmpIQFoVv478uCz8tC0ISQ==/base.apk!/lib/x86, /data/app/~~AOLM1NYz_wlPjw7xDs2ngQ==/com.detoxtest-Z5GX7u62XQXMWJMqFdfmkg==/base.apk!/lib/x86, /system/lib, /system_ext/lib, /product/lib]]]'
04-13 11:30:30.366 20814 20842 I UsageTrackerFacilitator: Usage tracking enabled
04-13 11:30:30.374 20814 20842 I TestRequestBuilder: Scanning classpath to find tests in paths [/data/app/~~Qs304TO6cg20lBDh6ZfCcA==/com.detoxtest.test-JmpIQFoVv478uCz8tC0ISQ==/base.apk]
04-13 11:30:30.376 20814 20842 W com.detoxtest: Opening an oat file without a class loader. Are you using the deprecated DexFile APIs?
04-13 11:30:30.596 20814 20842 D TestExecutor: Adding listener androidx.test.internal.runner.listener.LogRunListener
04-13 11:30:30.597 20814 20842 D TestExecutor: Adding listener androidx.test.internal.runner.listener.InstrumentationResultPrinter
04-13 11:30:30.597 20814 20842 D TestExecutor: Adding listener androidx.test.internal.runner.listener.ActivityFinisherRunListener
04-13 11:30:30.599 20814 20842 I TestRunner: run started: 1 tests
04-13 11:30:30.605 20814 20842 I TestRunner: started: runDetoxTests(com.detoxtest.DetoxTest)
04-13 11:30:30.610 20814 20814 I MonitoringInstr: Activities that are still in CREATED to STOPPED: 0
04-13 11:30:30.664 20814 20842 D EventInjectionStrategy: Creating injection strategy with input manager.
04-13 11:30:30.791 20814 20854 D libEGL  : loaded /vendor/lib/egl/libEGL_emulation.so
04-13 11:30:30.801 20814 20854 D libEGL  : loaded /vendor/lib/egl/libGLESv1_CM_emulation.so
04-13 11:30:30.802 20814 20814 D LifecycleMonitor: Lifecycle status change: com.detoxtest.MainActivity@d952f0b in: PRE_ON_CREATE
04-13 11:30:30.818 20814 20854 D libEGL  : loaded /vendor/lib/egl/libGLESv2_emulation.so
04-13 11:30:30.827 20814 20855 D SoLoader: About to load: libreactnativejni.so
04-13 11:30:30.849 20814 20855 D SoLoader: libreactnativejni.so not found on /data/user/0/com.detoxtest/lib-main
04-13 11:30:30.849 20814 20855 D SoLoader: libreactnativejni.so found on /data/app/~~AOLM1NYz_wlPjw7xDs2ngQ==/com.detoxtest-Z5GX7u62XQXMWJMqFdfmkg==/lib/x86
04-13 11:30:30.849 20814 20855 D SoLoader: Not resolving dependencies for libreactnativejni.so
04-13 11:30:30.851 20814 20814 D LifecycleMonitor: Lifecycle status change: com.detoxtest.MainActivity@d952f0b in: CREATED
04-13 11:30:30.854 20814 20814 D LifecycleMonitor: Lifecycle status change: com.detoxtest.MainActivity@d952f0b in: STARTED
04-13 11:30:30.857 20814 20814 D LifecycleMonitor: Lifecycle status change: com.detoxtest.MainActivity@d952f0b in: RESUMED
04-13 11:30:30.857 20814 20855 D SoLoader: Loaded: libreactnativejni.so
04-13 11:30:30.857 20814 20855 D SoLoader: About to load: libfbjni.so
04-13 11:30:30.858 20814 20855 D SoLoader: libfbjni.so not found on /data/user/0/com.detoxtest/lib-main
04-13 11:30:30.858 20814 20855 D SoLoader: libfbjni.so found on /data/app/~~AOLM1NYz_wlPjw7xDs2ngQ==/com.detoxtest-Z5GX7u62XQXMWJMqFdfmkg==/lib/x86
04-13 11:30:30.858 20814 20855 D SoLoader: Not resolving dependencies for libfbjni.so
04-13 11:30:30.860 20814 20855 D SoLoader: Loaded: libfbjni.so
04-13 11:30:30.953 20814 20857 E ReactNativeJNI: logMarker CREATE_REACT_CONTEXT_END
04-13 11:30:30.957 20814 20855 E unknown:ReactNative: ReactInstanceManager.createReactContext: mJSIModulePackage null
04-13 11:30:30.964 20814 20857 E ReactNativeJNI: logMarker RUN_JS_BUNDLE_START
04-13 11:30:30.966 20814 20858 E unknown:ReactNative: ReactInstanceManager.attachRootViewToInstance()
04-13 11:30:30.992 20814 20852 D HostConnection: HostConnection::get() New Host Connection established 0xe9911830, tid 20852
04-13 11:30:31.001 20814 20858 W unknown:ViewManagerPropertyUpdater: Could not find generated setter for class com.facebook.react.views.art.ARTGroupViewManager
04-13 11:30:31.004 20814 20852 D HostConnection: HostComposition ext ANDROID_EMU_CHECKSUM_HELPER_v1 ANDROID_EMU_native_sync_v2 ANDROID_EMU_native_sync_v3 ANDROID_EMU_native_sync_v4 ANDROID_EMU_dma_v1 ANDROID_EMU_direct_mem ANDROID_EMU_host_composition_v1 ANDROID_EMU_host_composition_v2 ANDROID_EMU_YUV_Cache ANDROID_EMU_async_unmap_buffer GL_OES_EGL_image_external_essl3 GL_OES_vertex_array_object GL_KHR_texture_compression_astc_ldr ANDROID_EMU_gles_max_version_3_0 
04-13 11:30:31.010 20814 20858 W unknown:ViewManagerPropertyUpdater: Could not find generated setter for class com.facebook.react.views.art.ARTGroupShadowNode
04-13 11:30:31.015 20814 20858 W unknown:ViewManagerPropertyUpdater: Could not find generated setter for class com.facebook.react.views.art.ARTShapeViewManager
04-13 11:30:31.015 20814 20858 W unknown:ViewManagerPropertyUpdater: Could not find generated setter for class com.facebook.react.views.art.ARTShapeShadowNode
04-13 11:30:31.015 20814 20852 W OpenGLRenderer: Failed to choose config with EGL_SWAP_BEHAVIOR_PRESERVED, retrying without...
04-13 11:30:31.016 20814 20858 W unknown:ViewManagerPropertyUpdater: Could not find generated setter for class com.facebook.react.views.art.ARTTextViewManager
04-13 11:30:31.016 20814 20858 W unknown:ViewManagerPropertyUpdater: Could not find generated setter for class com.facebook.react.views.art.ARTTextShadowNode
04-13 11:30:31.017 20814 20858 W unknown:ViewManagerPropertyUpdater: Could not find generated setter for class com.facebook.react.views.checkbox.ReactCheckBoxManager
04-13 11:30:31.017 20814 20852 D EGL_emulation: eglCreateContext: 0xe9737de0: maj 3 min 0 rcv 3
04-13 11:30:31.025 20814 20858 W unknown:ViewManagerPropertyUpdater: Could not find generated setter for class com.facebook.react.uimanager.LayoutShadowNode
04-13 11:30:31.029 20814 20858 W unknown:ViewManagerPropertyUpdater: Could not find generated setter for class com.facebook.react.views.picker.ReactDialogPickerManager
04-13 11:30:31.035 20814 20858 W unknown:ViewManagerPropertyUpdater: Could not find generated setter for class com.facebook.react.views.drawer.ReactDrawerLayoutManager
04-13 11:30:31.040 20814 20858 W unknown:ViewManagerPropertyUpdater: Could not find generated setter for class com.facebook.react.views.picker.ReactDropdownPickerManager
04-13 11:30:31.041 20814 20858 W unknown:ViewManagerPropertyUpdater: Could not find generated setter for class com.facebook.react.views.scroll.ReactHorizontalScrollViewManager
04-13 11:30:31.043 20814 20852 D EGL_emulation: eglMakeCurrent: 0xe9737de0: ver 3 0 (tinfo 0xe9a7c6f0)
04-13 11:30:31.048 20814 20858 W unknown:ViewManagerPropertyUpdater: Could not find generated setter for class com.facebook.react.views.scroll.ReactHorizontalScrollContainerViewManager
04-13 11:30:31.057 20814 20858 W unknown:ViewManagerPropertyUpdater: Could not find generated setter for class com.facebook.react.views.progressbar.ReactProgressBarViewManager
04-13 11:30:31.059 20814 20858 W unknown:ViewManagerPropertyUpdater: Could not find generated setter for class com.facebook.react.views.progressbar.ProgressBarShadowNode
04-13 11:30:31.061 20814 20858 W unknown:ViewManagerPropertyUpdater: Could not find generated setter for class com.facebook.react.views.scroll.ReactScrollViewManager
04-13 11:30:31.064 20814 20858 W unknown:ViewManagerPropertyUpdater: Could not find generated setter for class com.facebook.react.views.slider.ReactSliderManager
04-13 11:30:31.065 20814 20858 W unknown:ViewManagerPropertyUpdater: Could not find generated setter for class com.facebook.react.views.slider.ReactSliderManager$ReactSliderShadowNode
04-13 11:30:31.067 20814 20858 W unknown:ViewManagerPropertyUpdater: Could not find generated setter for class com.facebook.react.views.switchview.ReactSwitchManager
04-13 11:30:31.073 20814 20858 W unknown:ViewManagerPropertyUpdater: Could not find generated setter for class com.facebook.react.views.switchview.ReactSwitchManager$ReactSwitchShadowNode
04-13 11:30:31.073 20814 20852 I Gralloc4: mapper 4.x is not supported
04-13 11:30:31.074 20814 20858 W unknown:ViewManagerPropertyUpdater: Could not find generated setter for class com.facebook.react.views.swiperefresh.SwipeRefreshLayoutManager
04-13 11:30:31.084 20814 20858 W unknown:ViewManagerPropertyUpdater: Could not find generated setter for class com.facebook.react.views.art.ARTSurfaceViewManager
04-13 11:30:31.086 20814 20852 D HostConnection: createUnique: call
04-13 11:30:31.089 20814 20852 D HostConnection: HostConnection::get() New Host Connection established 0xe99154f0, tid 20852
04-13 11:30:31.091 20814 20852 D eglCodecCommon: allocate: Ask for block of size 0x100
04-13 11:30:31.091 20814 20852 D eglCodecCommon: allocate: ioctl allocate returned offset 0x3fc0ff000 size 0x2000
04-13 11:30:31.093 20814 20858 W unknown:ViewManagerPropertyUpdater: Could not find generated setter for class com.facebook.react.views.art.ARTSurfaceViewShadowNode
04-13 11:30:31.095 20814 20858 W unknown:ViewManagerPropertyUpdater: Could not find generated setter for class com.facebook.react.views.text.frescosupport.FrescoBasedReactTextInlineImageViewManager
04-13 11:30:31.095 20814 20858 W unknown:ViewManagerPropertyUpdater: Could not find generated setter for class com.facebook.react.views.text.frescosupport.FrescoBasedReactTextInlineImageShadowNode
04-13 11:30:31.096 20814 20858 W unknown:ViewManagerPropertyUpdater: Could not find generated setter for class com.facebook.react.views.image.ReactImageManager
04-13 11:30:31.104 20814 20858 W unknown:ViewManagerPropertyUpdater: Could not find generated setter for class com.facebook.react.views.modal.ReactModalHostManager
04-13 11:30:31.112 20814 20858 W unknown:ViewManagerPropertyUpdater: Could not find generated setter for class com.facebook.react.views.modal.ModalHostShadowNode
04-13 11:30:31.113 20814 20858 W unknown:ViewManagerPropertyUpdater: Could not find generated setter for class com.facebook.react.views.text.ReactRawTextManager
04-13 11:30:31.115 20814 20858 W unknown:ViewManagerPropertyUpdater: Could not find generated setter for class com.facebook.react.views.text.ReactRawTextShadowNode
04-13 11:30:31.118 20814 20858 W unknown:ViewManagerPropertyUpdater: Could not find generated setter for class com.facebook.react.views.textinput.ReactTextInputManager
04-13 11:30:31.123 20814 20858 W unknown:ViewManagerPropertyUpdater: Could not find generated setter for class com.facebook.react.views.textinput.ReactTextInputShadowNode
04-13 11:30:31.128 20814 20858 W unknown:ViewManagerPropertyUpdater: Could not find generated setter for class com.facebook.react.views.text.ReactTextViewManager
04-13 11:30:31.129 20814 20858 W unknown:ViewManagerPropertyUpdater: Could not find generated setter for class com.facebook.react.views.text.ReactTextShadowNode
04-13 11:30:31.130 20814 20858 W unknown:ViewManagerPropertyUpdater: Could not find generated setter for class com.facebook.react.views.view.ReactViewManager
04-13 11:30:31.132 20814 20858 W unknown:ViewManagerPropertyUpdater: Could not find generated setter for class com.facebook.react.views.viewpager.ReactViewPagerManager
04-13 11:30:31.135 20814 20858 W unknown:ViewManagerPropertyUpdater: Could not find generated setter for class com.facebook.react.views.text.ReactVirtualTextViewManager
04-13 11:30:31.135 20814 20858 W unknown:ViewManagerPropertyUpdater: Could not find generated setter for class com.facebook.react.views.text.ReactVirtualTextShadowNode
04-13 11:30:31.139 20814 20858 D SoLoader: About to load: libyoga.so
04-13 11:30:31.141 20814 20858 D SoLoader: libyoga.so not found on /data/user/0/com.detoxtest/lib-main
04-13 11:30:31.141 20814 20852 D HostConnection: HostComposition ext ANDROID_EMU_CHECKSUM_HELPER_v1 ANDROID_EMU_native_sync_v2 ANDROID_EMU_native_sync_v3 ANDROID_EMU_native_sync_v4 ANDROID_EMU_dma_v1 ANDROID_EMU_direct_mem ANDROID_EMU_host_composition_v1 ANDROID_EMU_host_composition_v2 ANDROID_EMU_YUV_Cache ANDROID_EMU_async_unmap_buffer GL_OES_EGL_image_external_essl3 GL_OES_vertex_array_object GL_KHR_texture_compression_astc_ldr ANDROID_EMU_gles_max_version_3_0 
04-13 11:30:31.141 20814 20858 D SoLoader: libyoga.so found on /data/app/~~AOLM1NYz_wlPjw7xDs2ngQ==/com.detoxtest-Z5GX7u62XQXMWJMqFdfmkg==/lib/x86
04-13 11:30:31.141 20814 20858 D SoLoader: Not resolving dependencies for libyoga.so
04-13 11:30:31.146 20814 20858 D SoLoader: Loaded: libyoga.so
04-13 11:30:31.157 20814 20852 D EGL_emulation: eglMakeCurrent: 0xe9737de0: ver 3 0 (tinfo 0xe9a7c6f0)
04-13 11:30:31.163 20814 20858 E unknown:ReactRootView: runApplication: call AppRegistry.runApplication
04-13 11:30:31.219 20814 20858 D SoLoader: init exiting
04-13 11:30:31.224 20814 20857 E ReactNativeJNI: logMarker RUN_JS_BUNDLE_END
04-13 11:30:31.227 20814 20857 I ReactNativeJS: Running "detoxTest" with {"rootTag":1}
04-13 11:30:31.232 20814 20814 E unknown:ReactNative: Unable to launch logbox because react was unable to create the root view
04-13 11:30:31.315 20814 20861 I Detox   : Detox thread starting (com.wix.detox.manager)
04-13 11:30:31.320 20814 20861 I DetoxManager: DetoxServerUrl: ws://localhost:61314
04-13 11:30:31.320 20814 20861 I DetoxManager: DetoxSessionId: 3f86a369-4dba-c8f0-3e19-8a0f6f414b41
04-13 11:30:31.331 20814 20814 D DetoxRNLoading: Got new RN-context directly and immediately
04-13 11:30:31.343 20814 20861 I DetoxRNIdleRes: Setting up Espresso Idling Resources for React Native.
04-13 11:30:31.379 20814 20861 D AsyncStorageIR: Checking whether a custom IR for Async-Storage is required... (legacy=false)
04-13 11:30:31.380 20814 20861 D DetoxRNHelpers: Native module not resolved: no such class
04-13 11:30:31.380 20814 20861 D AsyncStorageIR: Checking whether a custom IR for Async-Storage is required... (legacy=true)
04-13 11:30:31.380 20814 20861 D AsyncStorageIR: IR for Async-Storage is required! (legacy=true)
04-13 11:30:31.386 20814 20814 D AsyncStorageIRLegacy: Async-storage is busy!
04-13 11:30:31.389 20814 20861 I WebSocketClient: At connectToServer
04-13 11:30:31.410 20814 20867 I WebSocketClient: At onOpen
04-13 11:30:31.410 20814 20867 I WebSocketClient: At sendAction
04-13 11:30:31.411 20814 20867 D WebSocketClient: Detox Action Sent: login
04-13 11:30:31.680 20814 20814 I Detox   : Wait is over: app is now idle!
04-13 11:30:31.689 20814 20867 I WebSocketClient: At sendAction
04-13 11:30:31.691 20814 20867 D WebSocketClient: Detox Action Sent: ready
04-13 11:30:31.695 20814 20867 I WebSocketClient: At onMessage
04-13 11:30:31.696 20814 20867 I WebSocketClient: At receiveAction
04-13 11:30:31.696 20814 20867 D WebSocketClient: Detox Action Received: loginSuccess
04-13 11:30:31.696 20814 20867 I DetoxManager: onAction: type: loginSuccess params: {"testerConnected":true,"appConnected":true}
04-13 11:30:31.698 20814 20867 I WebSocketClient: At onMessage
04-13 11:30:31.699 20814 20867 I WebSocketClient: At receiveAction
04-13 11:30:31.699 20814 20867 D WebSocketClient: Detox Action Received: isReady
04-13 11:30:31.699 20814 20867 I DetoxManager: onAction: type: isReady params: {}
04-13 11:30:31.704 20814 20814 I Detox   : Wait is over: app is now idle!
04-13 11:30:31.704 20814 20861 I WebSocketClient: At sendAction
04-13 11:30:31.705 20814 20861 D WebSocketClient: Detox Action Sent: ready
