--------- beginning of main
04-13 11:33:45.052 21468 21518 I WebSocketClient: At sendAction
04-13 11:33:45.052 21468 21518 D WebSocketClient: Detox Action Sent: invokeResult
04-13 11:33:45.056 21468 21521 I WebSocketClient: At onMessage
04-13 11:33:45.056 21468 21521 I WebSocketClient: At receiveAction
04-13 11:33:45.056 21468 21521 D WebSocketClient: Detox Action Received: invoke
04-13 11:33:45.056 21468 21521 I DetoxManager: onAction: type: invoke params: {"target":{"type":"Class","value":"com.wix.detox.espresso.DetoxAssertion"},"method":"assertMatcher","args":[{"type":"Invocation","value":{"target":{"type":"Class","value":"androidx.test.espresso.Espresso"},"method":"onView","args":[{"type":"Invocation","value":{"target":{"type":"Class","value":"com.wix.detox.espresso.DetoxMatcher"},"method":"matcherForTestId","args":["successInitResult"]}}]}},{"type":"Invocation","value":{"target":{"type":"Class","value":"com.wix.detox.espresso.DetoxMatcher"},"method":"matcherForText","args":["Success"]}}]}
04-13 11:33:45.057 21468 21518 D Detox   : class com.wix.detox.espresso.DetoxMatcher, matcherForTestId, [successInitResult]
04-13 11:33:45.058 21468 21518 D Detox   : class androidx.test.espresso.Espresso, onView, [(with tag value: is "successInitResult" and view has effective visibility=VISIBLE)]
04-13 11:33:45.059 21468 21518 D Detox   : class com.wix.detox.espresso.DetoxMatcher, matcherForText, [Success]
04-13 11:33:45.059 21468 21518 D Detox   : class com.wix.detox.espresso.DetoxAssertion, assertMatcher, [androidx.test.espresso.ViewInteraction@d390d04, (with text: is "Success" and view has effective visibility=VISIBLE)]
04-13 11:33:45.063 21468 21468 I ViewInteraction: Checking 'MatchesViewAssertion(Detox){viewMatcher=(with text: is "Success" and view has effective visibility=VISIBLE)}' assertion on view (with tag value: is "successInitResult" and view has effective visibility=VISIBLE)
04-13 11:33:45.064 21468 21518 I WebSocketClient: At sendAction
04-13 11:33:45.066 21468 21518 D WebSocketClient: Detox Action Sent: invokeResult
04-13 11:33:45.112 21468 21521 I WebSocketClient: At onMessage
04-13 11:33:45.112 21468 21521 I WebSocketClient: At receiveAction
04-13 11:33:45.112 21468 21521 D WebSocketClient: Detox Action Received: reactNativeReload
04-13 11:33:45.112 21468 21521 I DetoxManager: onAction: type: reactNativeReload params: {}
04-13 11:33:45.118 21468 21518 I DetoxRNExt: Reloading React Native
04-13 11:33:45.142 21468 21558 E ReactNativeJNI: logMarker CREATE_REACT_CONTEXT_END
04-13 11:33:45.143 21468 21556 E unknown:ReactNative: ReactInstanceManager.createReactContext: mJSIModulePackage null
04-13 11:33:45.166 21468 21558 E ReactNativeJNI: logMarker RUN_JS_BUNDLE_START
04-13 11:33:45.172 21468 21559 E unknown:ReactNative: ReactInstanceManager.attachRootViewToInstance()
04-13 11:33:45.174 21468 21559 W unknown:ViewManagerPropertyUpdater: Could not find generated setter for class com.facebook.react.views.art.ARTGroupViewManager
04-13 11:33:45.175 21468 21559 W unknown:ViewManagerPropertyUpdater: Could not find generated setter for class com.facebook.react.views.art.ARTGroupShadowNode
04-13 11:33:45.175 21468 21559 W unknown:ViewManagerPropertyUpdater: Could not find generated setter for class com.facebook.react.views.art.ARTShapeViewManager
04-13 11:33:45.175 21468 21559 W unknown:ViewManagerPropertyUpdater: Could not find generated setter for class com.facebook.react.views.art.ARTShapeShadowNode
04-13 11:33:45.176 21468 21559 W unknown:ViewManagerPropertyUpdater: Could not find generated setter for class com.facebook.react.views.art.ARTTextViewManager
04-13 11:33:45.176 21468 21559 W unknown:ViewManagerPropertyUpdater: Could not find generated setter for class com.facebook.react.views.art.ARTTextShadowNode
04-13 11:33:45.176 21468 21559 W unknown:ViewManagerPropertyUpdater: Could not find generated setter for class com.facebook.react.views.checkbox.ReactCheckBoxManager
04-13 11:33:45.177 21468 21559 W unknown:ViewManagerPropertyUpdater: Could not find generated setter for class com.facebook.react.uimanager.LayoutShadowNode
04-13 11:33:45.178 21468 21559 W unknown:ViewManagerPropertyUpdater: Could not find generated setter for class com.facebook.react.views.picker.ReactDialogPickerManager
04-13 11:33:45.179 21468 21559 W unknown:ViewManagerPropertyUpdater: Could not find generated setter for class com.facebook.react.views.drawer.ReactDrawerLayoutManager
04-13 11:33:45.179 21468 21559 W unknown:ViewManagerPropertyUpdater: Could not find generated setter for class com.facebook.react.views.picker.ReactDropdownPickerManager
04-13 11:33:45.184 21468 21559 W unknown:ViewManagerPropertyUpdater: Could not find generated setter for class com.facebook.react.views.scroll.ReactHorizontalScrollViewManager
04-13 11:33:45.186 21468 21559 W unknown:ViewManagerPropertyUpdater: Could not find generated setter for class com.facebook.react.views.scroll.ReactHorizontalScrollContainerViewManager
04-13 11:33:45.186 21468 21559 W unknown:ViewManagerPropertyUpdater: Could not find generated setter for class com.facebook.react.views.progressbar.ReactProgressBarViewManager
04-13 11:33:45.187 21468 21559 W unknown:ViewManagerPropertyUpdater: Could not find generated setter for class com.facebook.react.views.progressbar.ProgressBarShadowNode
04-13 11:33:45.187 21468 21559 W unknown:ViewManagerPropertyUpdater: Could not find generated setter for class com.facebook.react.views.scroll.ReactScrollViewManager
04-13 11:33:45.188 21468 21559 W unknown:ViewManagerPropertyUpdater: Could not find generated setter for class com.facebook.react.views.slider.ReactSliderManager
04-13 11:33:45.190 21468 21559 W unknown:ViewManagerPropertyUpdater: Could not find generated setter for class com.facebook.react.views.slider.ReactSliderManager$ReactSliderShadowNode
04-13 11:33:45.190 21468 21559 W unknown:ViewManagerPropertyUpdater: Could not find generated setter for class com.facebook.react.views.switchview.ReactSwitchManager
04-13 11:33:45.191 21468 21559 W unknown:ViewManagerPropertyUpdater: Could not find generated setter for class com.facebook.react.views.switchview.ReactSwitchManager$ReactSwitchShadowNode
04-13 11:33:45.191 21468 21559 W unknown:ViewManagerPropertyUpdater: Could not find generated setter for class com.facebook.react.views.swiperefresh.SwipeRefreshLayoutManager
04-13 11:33:45.191 21468 21559 W unknown:ViewManagerPropertyUpdater: Could not find generated setter for class com.facebook.react.views.art.ARTSurfaceViewManager
04-13 11:33:45.191 21468 21559 W unknown:ViewManagerPropertyUpdater: Could not find generated setter for class com.facebook.react.views.art.ARTSurfaceViewShadowNode
04-13 11:33:45.191 21468 21559 W unknown:ViewManagerPropertyUpdater: Could not find generated setter for class com.facebook.react.views.text.frescosupport.FrescoBasedReactTextInlineImageViewManager
04-13 11:33:45.191 21468 21559 W unknown:ViewManagerPropertyUpdater: Could not find generated setter for class com.facebook.react.views.text.frescosupport.FrescoBasedReactTextInlineImageShadowNode
04-13 11:33:45.196 21468 21559 W unknown:ViewManagerPropertyUpdater: Could not find generated setter for class com.facebook.react.views.image.ReactImageManager
04-13 11:33:45.208 21468 21559 W unknown:ViewManagerPropertyUpdater: Could not find generated setter for class com.facebook.react.views.modal.ReactModalHostManager
04-13 11:33:45.211 21468 21559 W unknown:ViewManagerPropertyUpdater: Could not find generated setter for class com.facebook.react.views.modal.ModalHostShadowNode
04-13 11:33:45.212 21468 21559 W unknown:ViewManagerPropertyUpdater: Could not find generated setter for class com.facebook.react.views.text.ReactRawTextManager
04-13 11:33:45.212 21468 21559 W unknown:ViewManagerPropertyUpdater: Could not find generated setter for class com.facebook.react.views.text.ReactRawTextShadowNode
04-13 11:33:45.216 21468 21559 W unknown:ViewManagerPropertyUpdater: Could not find generated setter for class com.facebook.react.views.textinput.ReactTextInputManager
04-13 11:33:45.231 21468 21559 W unknown:ViewManagerPropertyUpdater: Could not find generated setter for class com.facebook.react.views.textinput.ReactTextInputShadowNode
04-13 11:33:45.239 21468 21559 W unknown:ViewManagerPropertyUpdater: Could not find generated setter for class com.facebook.react.views.text.ReactTextViewManager
04-13 11:33:45.245 21468 21559 W unknown:ViewManagerPropertyUpdater: Could not find generated setter for class com.facebook.react.views.text.ReactTextShadowNode
04-13 11:33:45.245 21468 21559 W unknown:ViewManagerPropertyUpdater: Could not find generated setter for class com.facebook.react.views.view.ReactViewManager
04-13 11:33:45.246 21468 21559 W unknown:ViewManagerPropertyUpdater: Could not find generated setter for class com.facebook.react.views.viewpager.ReactViewPagerManager
04-13 11:33:45.248 21468 21559 W unknown:ViewManagerPropertyUpdater: Could not find generated setter for class com.facebook.react.views.text.ReactVirtualTextViewManager
04-13 11:33:45.249 21468 21559 W unknown:ViewManagerPropertyUpdater: Could not find generated setter for class com.facebook.react.views.text.ReactVirtualTextShadowNode
04-13 11:33:45.258 21468 21559 E unknown:ReactRootView: runApplication: call AppRegistry.runApplication
04-13 11:33:45.259 21468 21468 I DetoxRNLoading: Got new RN-context async'ly through listener
04-13 11:33:45.260 21468 21518 I DetoxRNIdleRes: Setting up Espresso Idling Resources for React Native.
04-13 11:33:45.271 21468 21518 D AsyncStorageIR: Checking whether a custom IR for Async-Storage is required... (legacy=false)
04-13 11:33:45.272 21468 21518 D DetoxRNHelpers: Native module not resolved: no such class
04-13 11:33:45.272 21468 21518 D AsyncStorageIR: Checking whether a custom IR for Async-Storage is required... (legacy=true)
04-13 11:33:45.273 21468 21518 D AsyncStorageIR: IR for Async-Storage is required! (legacy=true)
04-13 11:33:45.275 21468 21468 D AsyncStorageIRLegacy: Async-storage is busy!
04-13 11:33:45.278 21468 21518 I WebSocketClient: At sendAction
04-13 11:33:45.279 21468 21518 D WebSocketClient: Detox Action Sent: ready
04-13 11:33:45.283 21468 21521 I WebSocketClient: At onMessage
04-13 11:33:45.283 21468 21521 I WebSocketClient: At receiveAction
04-13 11:33:45.284 21468 21521 D WebSocketClient: Detox Action Received: invoke
04-13 11:33:45.284 21468 21521 I DetoxManager: onAction: type: invoke params: {"target":{"type":"Class","value":"com.wix.detox.espresso.DetoxAssertion"},"method":"assertMatcher","args":[{"type":"Invocation","value":{"target":{"type":"Class","value":"androidx.test.espresso.Espresso"},"method":"onView","args":[{"type":"Invocation","value":{"target":{"type":"Class","value":"com.wix.detox.espresso.DetoxMatcher"},"method":"matcherForTestId","args":["noDevKeyButton"]}}]}},{"type":"Invocation","value":{"target":{"type":"Class","value":"com.wix.detox.espresso.DetoxMatcher"},"method":"matcherForSufficientlyVisible","args":[]}}]}
04-13 11:33:45.287 21468 21518 D Detox   : class com.wix.detox.espresso.DetoxMatcher, matcherForTestId, [noDevKeyButton]
04-13 11:33:45.289 21468 21518 D Detox   : class androidx.test.espresso.Espresso, onView, [(with tag value: is "noDevKeyButton" and view has effective visibility=VISIBLE)]
04-13 11:33:45.292 21468 21518 D Detox   : class com.wix.detox.espresso.DetoxMatcher, matcherForSufficientlyVisible, []
04-13 11:33:45.292 21468 21518 D Detox   : class com.wix.detox.espresso.DetoxAssertion, assertMatcher, [androidx.test.espresso.ViewInteraction@721dfe7, at least 75 percent of the view's area is displayed to the user.]
04-13 11:33:45.304 21468 21468 I IdlingResourceRegistry: Ignoring message from unregistered resource: androidx.test.espresso.base.LooperIdlingResourceInterrogationHandler@f9fe23d
04-13 11:33:45.305 21468 21468 I IdlingResourceRegistry: Ignoring message from unregistered resource: androidx.test.espresso.base.LooperIdlingResourceInterrogationHandler@f9fe23d
04-13 11:33:45.331 21468 21468 E unknown:ReactNative: Unable to launch logbox because react was unable to create the root view
04-13 11:33:45.384 21468 21558 E ReactNativeJNI: logMarker RUN_JS_BUNDLE_END
04-13 11:33:45.385 21468 21558 I ReactNativeJS: Running "detoxTest" with {"rootTag":21}
04-13 11:33:45.419 21468 21480 I com.detoxtest: Background concurrent copying GC freed 243422(12MB) AllocSpace objects, 23(932KB) LOS objects, 49% free, 4510KB/9020KB, paused 450us total 261.529ms
04-13 11:33:45.681 21468 21468 I ViewInteraction: Checking 'MatchesViewAssertion(Detox){viewMatcher=at least 75 percent of the view's area is displayed to the user.}' assertion on view (with tag value: is "noDevKeyButton" and view has effective visibility=VISIBLE)
04-13 11:33:45.683 21468 21518 I WebSocketClient: At sendAction
04-13 11:33:45.683 21468 21518 D WebSocketClient: Detox Action Sent: invokeResult
04-13 11:33:45.691 21468 21521 I WebSocketClient: At onMessage
04-13 11:33:45.691 21468 21521 I WebSocketClient: At receiveAction
04-13 11:33:45.691 21468 21521 D WebSocketClient: Detox Action Received: invoke
04-13 11:33:45.692 21468 21521 I DetoxManager: onAction: type: invoke params: {"target":{"type":"Class","value":"com.wix.detox.espresso.EspressoDetox"},"method":"perform","args":[{"type":"Invocation","value":{"target":{"type":"Class","value":"androidx.test.espresso.Espresso"},"method":"onView","args":[{"type":"Invocation","value":{"target":{"type":"Class","value":"com.wix.detox.espresso.DetoxMatcher"},"method":"matcherForTestId","args":["noDevKeyButton"]}}]}},{"type":"Invocation","value":{"target":{"type":"Class","value":"com.wix.detox.espresso.DetoxViewActions"},"method":"click","args":[]}}]}
04-13 11:33:45.692 21468 21518 D Detox   : class com.wix.detox.espresso.DetoxMatcher, matcherForTestId, [noDevKeyButton]
04-13 11:33:45.692 21468 21518 D Detox   : class androidx.test.espresso.Espresso, onView, [(with tag value: is "noDevKeyButton" and view has effective visibility=VISIBLE)]
04-13 11:33:45.693 21468 21518 D Detox   : class com.wix.detox.espresso.DetoxViewActions, click, []
04-13 11:33:45.693 21468 21518 D Detox   : class com.wix.detox.espresso.EspressoDetox, perform, [androidx.test.espresso.ViewInteraction@5bee9e1, com.wix.detox.espresso.action.RNClickAction@2925306]
04-13 11:33:45.699 21468 21468 I ViewInteraction: Performing 'com.wix.detox.espresso.action.detoxsingletap@a3d5dc7 click' action on view (with tag value: is "noDevKeyButton" and view has effective visibility=VISIBLE)
04-13 11:33:46.113 21468 21518 I WebSocketClient: At sendAction
04-13 11:33:46.113 21468 21518 D WebSocketClient: Detox Action Sent: invokeResult
04-13 11:33:46.117 21468 21521 I WebSocketClient: At onMessage
04-13 11:33:46.117 21468 21521 I WebSocketClient: At receiveAction
04-13 11:33:46.117 21468 21521 D WebSocketClient: Detox Action Received: invoke
04-13 11:33:46.117 21468 21521 I DetoxManager: onAction: type: invoke params: {"target":{"type":"Class","value":"com.wix.detox.espresso.DetoxAssertion"},"method":"assertMatcher","args":[{"type":"Invocation","value":{"target":{"type":"Class","value":"androidx.test.espresso.Espresso"},"method":"onView","args":[{"type":"Invocation","value":{"target":{"type":"Class","value":"com.wix.detox.espresso.DetoxMatcher"},"method":"matcherForTestId","args":["noDevKeyInitResult"]}}]}},{"type":"Invocation","value":{"target":{"type":"Class","value":"com.wix.detox.espresso.DetoxMatcher"},"method":"matcherForText","args":["No 'devKey' found or its empty"]}}]}
04-13 11:33:46.118 21468 21518 D Detox   : class com.wix.detox.espresso.DetoxMatcher, matcherForTestId, [noDevKeyInitResult]
04-13 11:33:46.118 21468 21518 D Detox   : class androidx.test.espresso.Espresso, onView, [(with tag value: is "noDevKeyInitResult" and view has effective visibility=VISIBLE)]
04-13 11:33:46.118 21468 21518 D Detox   : class com.wix.detox.espresso.DetoxMatcher, matcherForText, [No 'devKey' found or its empty]
04-13 11:33:46.118 21468 21518 D Detox   : class com.wix.detox.espresso.DetoxAssertion, assertMatcher, [androidx.test.espresso.ViewInteraction@cbe198e, (with text: is "No 'devKey' found or its empty" and view has effective visibility=VISIBLE)]
04-13 11:33:46.120 21468 21468 I ViewInteraction: Checking 'MatchesViewAssertion(Detox){viewMatcher=(with text: is "No 'devKey' found or its empty" and view has effective visibility=VISIBLE)}' assertion on view (with tag value: is "noDevKeyInitResult" and view has effective visibility=VISIBLE)
04-13 11:33:46.121 21468 21518 I WebSocketClient: At sendAction
04-13 11:33:46.121 21468 21518 D WebSocketClient: Detox Action Sent: invokeResult
