--------- beginning of main
04-13 12:11:31.447 26077 26077 W com.detoxtest: Unexpected CPU variant for X86 using defaults: x86
04-13 12:11:31.453 26077 26077 E com.detoxtest: Not starting debugger since process cannot load the jdwp agent.
--------- beginning of system
04-13 12:11:31.479 26077 26077 W ActivityThread: Package uses different ABI(s) than its instrumentation: package[com.detoxtest]: x86, null instrumentation[com.detoxtest.test]: null, null
04-13 12:11:31.483 26077 26077 I com.detoxtest: The ClassLoaderContext is a special shared library.
04-13 12:11:31.487 26077 26077 I chatty  : uid=10292(com.detoxtest) identical 2 lines
04-13 12:11:31.488 26077 26077 I com.detoxtest: The ClassLoaderContext is a special shared library.
04-13 12:11:31.538 26077 26077 W com.detoxtest: ClassLoaderContext classpath size mismatch. expected=0, found=4 (PCL[]{PCL[/system/framework/android.test.base.jar*84046222]} | PCL[/system/framework/android.test.runner.jar*2838042966:/system/framework/android.test.mock.jar*2353512044:/system/framework/android.test.base.jar*84046222:/data/app/~~aUfpopuzLERPlhL2lS0ZSg==/com.detoxtest.test-T3YGFRoNZXZGzbi-NIlngQ==/base.apk*3736732199]{PCL[/system/framework/android.test.base.jar*84046222]})
04-13 12:11:31.557 26077 26077 I com.detoxtest: The ClassLoaderContext is a special shared library.
04-13 12:11:31.561 26077 26077 I chatty  : uid=10292(com.detoxtest) identical 3 lines
04-13 12:11:31.561 26077 26077 I com.detoxtest: The ClassLoaderContext is a special shared library.
04-13 12:11:31.625 26077 26077 W com.detoxtest: ClassLoaderContext classpath size mismatch. expected=0, found=4 (PCL[]{PCL[/system/framework/android.test.base.jar*84046222]} | PCL[/system/framework/android.test.runner.jar*2838042966:/system/framework/android.test.mock.jar*2353512044:/system/framework/android.test.base.jar*84046222:/data/app/~~aUfpopuzLERPlhL2lS0ZSg==/com.detoxtest.test-T3YGFRoNZXZGzbi-NIlngQ==/base.apk*3736732199]{PCL[/system/framework/android.test.base.jar*84046222]#PCL[/system/framework/android.test.mock.jar*2353512044]{PCL[/system/framework/android.test.base.jar*84046222]}#PCL[/system/framework/android.test.runner.jar*2838042966]{PCL[/system/framework/android.test.base.jar*84046222]#PCL[/system/framework/android.test.mock.jar*2353512044]{PCL[/system/framework/android.test.base.jar*84046222]}}};PCL[/system/framework/android.test.runner.jar*2838042966:/system/framework/android.test.mock.jar*2353512044:/system/framework/android.test.base.jar*84046222:/data/app/~~aUfpopuzLERPlhL2lS0ZSg==/com.detoxtest.test-T3YGFRoNZXZGzbi-NIlngQ==/base.apk*3736732199:/data/app/~~qCYy2ciIT9_WL9ZEpVoXuw==/com.detoxtest-3omMqltSiXOFBN20NBWRSQ==/base.apk*4000934944]{PCL[/system/framework/android.test.base.jar*84046222]})
04-13 12:11:31.625 26077 26077 W com.detoxtest: Found duplicate classes, falling back to extracting from APK : /data/app/~~qCYy2ciIT9_WL9ZEpVoXuw==/com.detoxtest-3omMqltSiXOFBN20NBWRSQ==/base.apk
04-13 12:11:31.625 26077 26077 W com.detoxtest: NOTE: This wastes RAM and hurts startup performance.
04-13 12:11:31.626 26077 26077 W com.detoxtest: Found duplicated class when checking oat files: 'Landroid/support/v4/app/INotificationSideChannel$Stub$Proxy;' in /data/app/~~qCYy2ciIT9_WL9ZEpVoXuw==/com.detoxtest-3omMqltSiXOFBN20NBWRSQ==/base.apk and /data/app/~~qCYy2ciIT9_WL9ZEpVoXuw==/com.detoxtest-3omMqltSiXOFBN20NBWRSQ==/base.apk
04-13 12:11:31.626 26077 26077 W com.detoxtest: 
04-13 12:11:31.716 26077 26077 D NetworkSecurityConfig: Using Network Security Config from resource network_security_config debugBuild: false
04-13 12:11:31.716 26077 26077 D NetworkSecurityConfig: Using Network Security Config from resource network_security_config debugBuild: false
04-13 12:11:31.725 26077 26077 I MonitoringInstr: Instrumentation started!
04-13 12:11:31.728 26077 26077 I MonitoringInstr: Setting context classloader to 'dalvik.system.PathClassLoader[DexPathList[[zip file "/system/framework/android.test.runner.jar", zip file "/system/framework/android.test.mock.jar", zip file "/system/framework/android.test.base.jar", zip file "/data/app/~~aUfpopuzLERPlhL2lS0ZSg==/com.detoxtest.test-T3YGFRoNZXZGzbi-NIlngQ==/base.apk", zip file "/data/app/~~qCYy2ciIT9_WL9ZEpVoXuw==/com.detoxtest-3omMqltSiXOFBN20NBWRSQ==/base.apk"],nativeLibraryDirectories=[/data/app/~~aUfpopuzLERPlhL2lS0ZSg==/com.detoxtest.test-T3YGFRoNZXZGzbi-NIlngQ==/lib/x86, /data/app/~~qCYy2ciIT9_WL9ZEpVoXuw==/com.detoxtest-3omMqltSiXOFBN20NBWRSQ==/lib/x86, /data/app/~~aUfpopuzLERPlhL2lS0ZSg==/com.detoxtest.test-T3YGFRoNZXZGzbi-NIlngQ==/base.apk!/lib/x86, /data/app/~~qCYy2ciIT9_WL9ZEpVoXuw==/com.detoxtest-3omMqltSiXOFBN20NBWRSQ==/base.apk!/lib/x86, /system/lib, /system_ext/lib, /product/lib]]]', Original: 'dalvik.system.PathClassLoader[DexPathList[[zip file "/system/framework/android.test.runner.jar", zip file "/system/framework/android.test.mock.jar", zip file "/system/framework/android.test.base.jar", zip file "/data/app/~~aUfpopuzLERPlhL2lS0ZSg==/com.detoxtest.test-T3YGFRoNZXZGzbi-NIlngQ==/base.apk", zip file "/data/app/~~qCYy2ciIT9_WL9ZEpVoXuw==/com.detoxtest-3omMqltSiXOFBN20NBWRSQ==/base.apk"],nativeLibraryDirectories=[/data/app/~~aUfpopuzLERPlhL2lS0ZSg==/com.detoxtest.test-T3YGFRoNZXZGzbi-NIlngQ==/lib/x86, /data/app/~~qCYy2ciIT9_WL9ZEpVoXuw==/com.detoxtest-3omMqltSiXOFBN20NBWRSQ==/lib/x86, /data/app/~~aUfpopuzLERPlhL2lS0ZSg==/com.detoxtest.test-T3YGFRoNZXZGzbi-NIlngQ==/base.apk!/lib/x86, /data/app/~~qCYy2ciIT9_WL9ZEpVoXuw==/com.detoxtest-3omMqltSiXOFBN20NBWRSQ==/base.apk!/lib/x86, /system/lib, /system_ext/lib, /product/lib]]]'
04-13 12:11:31.731 26077 26077 D SoLoader: init start
04-13 12:11:31.732 26077 26077 D SoLoader: adding system library source: /vendor/lib
04-13 12:11:31.732 26077 26077 D SoLoader: adding system library source: /system/lib
04-13 12:11:31.732 26077 26077 D SoLoader: adding application source: com.facebook.soloader.DirectorySoSource[root = /data/app/~~qCYy2ciIT9_WL9ZEpVoXuw==/com.detoxtest-3omMqltSiXOFBN20NBWRSQ==/lib/x86 flags = 0]
04-13 12:11:31.733 26077 26077 D SoLoader: adding backup source from : com.facebook.soloader.ApkSoSource[root = /data/user/0/com.detoxtest/lib-main flags = 1]
04-13 12:11:31.733 26077 26077 D SoLoader: Preparing SO source: com.facebook.soloader.DirectorySoSource[root = /system/lib flags = 2]
04-13 12:11:31.733 26077 26077 D SoLoader: Preparing SO source: com.facebook.soloader.DirectorySoSource[root = /vendor/lib flags = 2]
04-13 12:11:31.733 26077 26077 D SoLoader: Preparing SO source: com.facebook.soloader.DirectorySoSource[root = /data/app/~~qCYy2ciIT9_WL9ZEpVoXuw==/com.detoxtest-3omMqltSiXOFBN20NBWRSQ==/lib/x86 flags = 0]
04-13 12:11:31.733 26077 26077 D SoLoader: Preparing SO source: com.facebook.soloader.ApkSoSource[root = /data/user/0/com.detoxtest/lib-main flags = 1]
04-13 12:11:31.733 26077 26077 V fb-UnpackingSoSource: locked dso store /data/user/0/com.detoxtest/lib-main
04-13 12:11:31.736 26077 26077 V fb-UnpackingSoSource: deps mismatch on deps store: regenerating
04-13 12:11:31.736 26077 26077 V fb-UnpackingSoSource: so store dirty: regenerating
04-13 12:11:31.749 26077 26077 D ApkSoSource: not allowing consideration of lib/x86/libc++_shared.so: deferring to libdir
04-13 12:11:31.749 26077 26077 D ApkSoSource: not allowing consideration of lib/x86/libfb.so: deferring to libdir
04-13 12:11:31.749 26077 26077 D ApkSoSource: not allowing consideration of lib/x86/libfbjni.so: deferring to libdir
04-13 12:11:31.749 26077 26077 D ApkSoSource: not allowing consideration of lib/x86/libfolly_futures.so: deferring to libdir
04-13 12:11:31.749 26077 26077 D ApkSoSource: not allowing consideration of lib/x86/libfolly_json.so: deferring to libdir
04-13 12:11:31.749 26077 26077 D ApkSoSource: not allowing consideration of lib/x86/libglog.so: deferring to libdir
04-13 12:11:31.749 26077 26077 D ApkSoSource: not allowing consideration of lib/x86/libglog_init.so: deferring to libdir
04-13 12:11:31.750 26077 26077 D ApkSoSource: not allowing consideration of lib/x86/libhermes-executor-debug.so: deferring to libdir
04-13 12:11:31.750 26077 26077 D ApkSoSource: not allowing consideration of lib/x86/libhermes-executor-release.so: deferring to libdir
04-13 12:11:31.750 26077 26077 D ApkSoSource: not allowing consideration of lib/x86/libhermes-inspector.so: deferring to libdir
04-13 12:11:31.750 26077 26077 D ApkSoSource: not allowing consideration of lib/x86/libimagepipeline.so: deferring to libdir
04-13 12:11:31.750 26077 26077 D ApkSoSource: not allowing consideration of lib/x86/libjsc.so: deferring to libdir
04-13 12:11:31.750 26077 26077 D ApkSoSource: not allowing consideration of lib/x86/libjscexecutor.so: deferring to libdir
04-13 12:11:31.750 26077 26077 D ApkSoSource: not allowing consideration of lib/x86/libjsijniprofiler.so: deferring to libdir
04-13 12:11:31.750 26077 26077 D ApkSoSource: not allowing consideration of lib/x86/libjsinspector.so: deferring to libdir
04-13 12:11:31.750 26077 26077 D ApkSoSource: not allowing consideration of lib/x86/libnative-filters.so: deferring to libdir
04-13 12:11:31.750 26077 26077 D ApkSoSource: not allowing consideration of lib/x86/libnative-imagetranscoder.so: deferring to libdir
04-13 12:11:31.750 26077 26077 D ApkSoSource: not allowing consideration of lib/x86/libreactnativeblob.so: deferring to libdir
04-13 12:11:31.750 26077 26077 D ApkSoSource: not allowing consideration of lib/x86/libreactnativejni.so: deferring to libdir
04-13 12:11:31.750 26077 26077 D ApkSoSource: not allowing consideration of lib/x86/libyoga.so: deferring to libdir
04-13 12:11:31.751 26077 26077 V fb-UnpackingSoSource: regenerating DSO store com.facebook.soloader.ApkSoSource
04-13 12:11:31.751 26077 26077 V fb-UnpackingSoSource: Finished regenerating DSO store com.facebook.soloader.ApkSoSource
04-13 12:11:31.751 26077 26077 V fb-UnpackingSoSource: starting syncer worker
04-13 12:11:31.757 26077 26077 V fb-UnpackingSoSource: releasing dso store lock for /data/user/0/com.detoxtest/lib-main (from syncer thread)
04-13 12:11:31.757 26077 26077 V fb-UnpackingSoSource: not releasing dso store lock for /data/user/0/com.detoxtest/lib-main (syncer thread started)
04-13 12:11:31.757 26077 26077 D SoLoader: init finish: 4 SO sources prepared
04-13 12:11:31.757 26077 26077 D SoLoader: init exiting
04-13 12:11:31.759 26077 26077 D SoLoader: init exiting
04-13 12:11:31.759 26077 26077 D SoLoader: About to load: libjscexecutor.so
04-13 12:11:31.760 26077 26077 D SoLoader: libjscexecutor.so not found on /data/user/0/com.detoxtest/lib-main
04-13 12:11:31.760 26077 26077 D SoLoader: libjscexecutor.so found on /data/app/~~qCYy2ciIT9_WL9ZEpVoXuw==/com.detoxtest-3omMqltSiXOFBN20NBWRSQ==/lib/x86
04-13 12:11:31.760 26077 26077 D SoLoader: Not resolving dependencies for libjscexecutor.so
04-13 12:11:31.765 26077 26077 D JavaScriptCore.Version: 245459.0.0
04-13 12:11:31.765 26077 26077 D SoLoader: Loaded: libjscexecutor.so
04-13 12:11:31.766 26077 26077 D SoLoader: init exiting
04-13 12:11:31.771 26077 26077 I MonitoringInstr: No JSBridge.
04-13 12:11:31.773 26077 26105 I MonitoringInstr: Setting context classloader to 'dalvik.system.PathClassLoader[DexPathList[[zip file "/system/framework/android.test.runner.jar", zip file "/system/framework/android.test.mock.jar", zip file "/system/framework/android.test.base.jar", zip file "/data/app/~~aUfpopuzLERPlhL2lS0ZSg==/com.detoxtest.test-T3YGFRoNZXZGzbi-NIlngQ==/base.apk", zip file "/data/app/~~qCYy2ciIT9_WL9ZEpVoXuw==/com.detoxtest-3omMqltSiXOFBN20NBWRSQ==/base.apk"],nativeLibraryDirectories=[/data/app/~~aUfpopuzLERPlhL2lS0ZSg==/com.detoxtest.test-T3YGFRoNZXZGzbi-NIlngQ==/lib/x86, /data/app/~~qCYy2ciIT9_WL9ZEpVoXuw==/com.detoxtest-3omMqltSiXOFBN20NBWRSQ==/lib/x86, /data/app/~~aUfpopuzLERPlhL2lS0ZSg==/com.detoxtest.test-T3YGFRoNZXZGzbi-NIlngQ==/base.apk!/lib/x86, /data/app/~~qCYy2ciIT9_WL9ZEpVoXuw==/com.detoxtest-3omMqltSiXOFBN20NBWRSQ==/base.apk!/lib/x86, /system/lib, /system_ext/lib, /product/lib]]]', Original: 'dalvik.system.PathClassLoader[DexPathList[[zip file "/system/framework/android.test.runner.jar", zip file "/system/framework/android.test.mock.jar", zip file "/system/framework/android.test.base.jar", zip file "/data/app/~~aUfpopuzLERPlhL2lS0ZSg==/com.detoxtest.test-T3YGFRoNZXZGzbi-NIlngQ==/base.apk", zip file "/data/app/~~qCYy2ciIT9_WL9ZEpVoXuw==/com.detoxtest-3omMqltSiXOFBN20NBWRSQ==/base.apk"],nativeLibraryDirectories=[/data/app/~~aUfpopuzLERPlhL2lS0ZSg==/com.detoxtest.test-T3YGFRoNZXZGzbi-NIlngQ==/lib/x86, /data/app/~~qCYy2ciIT9_WL9ZEpVoXuw==/com.detoxtest-3omMqltSiXOFBN20NBWRSQ==/lib/x86, /data/app/~~aUfpopuzLERPlhL2lS0ZSg==/com.detoxtest.test-T3YGFRoNZXZGzbi-NIlngQ==/base.apk!/lib/x86, /data/app/~~qCYy2ciIT9_WL9ZEpVoXuw==/com.detoxtest-3omMqltSiXOFBN20NBWRSQ==/base.apk!/lib/x86, /system/lib, /system_ext/lib, /product/lib]]]'
04-13 12:11:31.789 26077 26105 I UsageTrackerFacilitator: Usage tracking enabled
04-13 12:11:31.796 26077 26105 I TestRequestBuilder: Scanning classpath to find tests in paths [/data/app/~~aUfpopuzLERPlhL2lS0ZSg==/com.detoxtest.test-T3YGFRoNZXZGzbi-NIlngQ==/base.apk]
04-13 12:11:31.797 26077 26105 W com.detoxtest: Opening an oat file without a class loader. Are you using the deprecated DexFile APIs?
04-13 12:11:31.988 26077 26105 D TestExecutor: Adding listener androidx.test.internal.runner.listener.LogRunListener
04-13 12:11:31.989 26077 26105 D TestExecutor: Adding listener androidx.test.internal.runner.listener.InstrumentationResultPrinter
04-13 12:11:31.989 26077 26105 D TestExecutor: Adding listener androidx.test.internal.runner.listener.ActivityFinisherRunListener
04-13 12:11:31.991 26077 26105 I TestRunner: run started: 1 tests
04-13 12:11:31.996 26077 26105 I TestRunner: started: runDetoxTests(com.detoxtest.DetoxTest)
04-13 12:11:32.001 26077 26077 I MonitoringInstr: Activities that are still in CREATED to STOPPED: 0
04-13 12:11:32.055 26077 26105 D EventInjectionStrategy: Creating injection strategy with input manager.
04-13 12:11:32.116 26077 26117 D libEGL  : loaded /vendor/lib/egl/libEGL_emulation.so
04-13 12:11:32.121 26077 26117 D libEGL  : loaded /vendor/lib/egl/libGLESv1_CM_emulation.so
04-13 12:11:32.135 26077 26117 D libEGL  : loaded /vendor/lib/egl/libGLESv2_emulation.so
04-13 12:11:32.139 26077 26077 D LifecycleMonitor: Lifecycle status change: com.detoxtest.MainActivity@d952f0b in: PRE_ON_CREATE
04-13 12:11:32.173 26077 26118 D SoLoader: About to load: libreactnativejni.so
04-13 12:11:32.176 26077 26118 D SoLoader: libreactnativejni.so not found on /data/user/0/com.detoxtest/lib-main
04-13 12:11:32.176 26077 26118 D SoLoader: libreactnativejni.so found on /data/app/~~qCYy2ciIT9_WL9ZEpVoXuw==/com.detoxtest-3omMqltSiXOFBN20NBWRSQ==/lib/x86
04-13 12:11:32.176 26077 26118 D SoLoader: Not resolving dependencies for libreactnativejni.so
04-13 12:11:32.191 26077 26118 D SoLoader: Loaded: libreactnativejni.so
04-13 12:11:32.191 26077 26118 D SoLoader: About to load: libfbjni.so
04-13 12:11:32.191 26077 26118 D SoLoader: libfbjni.so not found on /data/user/0/com.detoxtest/lib-main
04-13 12:11:32.191 26077 26118 D SoLoader: libfbjni.so found on /data/app/~~qCYy2ciIT9_WL9ZEpVoXuw==/com.detoxtest-3omMqltSiXOFBN20NBWRSQ==/lib/x86
04-13 12:11:32.192 26077 26118 D SoLoader: Not resolving dependencies for libfbjni.so
04-13 12:11:32.192 26077 26118 D SoLoader: Loaded: libfbjni.so
04-13 12:11:32.199 26077 26077 D LifecycleMonitor: Lifecycle status change: com.detoxtest.MainActivity@d952f0b in: CREATED
04-13 12:11:32.200 26077 26077 D LifecycleMonitor: Lifecycle status change: com.detoxtest.MainActivity@d952f0b in: STARTED
04-13 12:11:32.201 26077 26077 D LifecycleMonitor: Lifecycle status change: com.detoxtest.MainActivity@d952f0b in: RESUMED
04-13 12:11:32.215 26077 26120 E ReactNativeJNI: logMarker CREATE_REACT_CONTEXT_END
04-13 12:11:32.215 26077 26118 E unknown:ReactNative: ReactInstanceManager.createReactContext: mJSIModulePackage null
04-13 12:11:32.223 26077 26120 E ReactNativeJNI: logMarker RUN_JS_BUNDLE_START
04-13 12:11:32.225 26077 26121 E unknown:ReactNative: ReactInstanceManager.attachRootViewToInstance()
04-13 12:11:32.238 26077 26121 W unknown:ViewManagerPropertyUpdater: Could not find generated setter for class com.facebook.react.views.art.ARTGroupViewManager
04-13 12:11:32.238 26077 26121 W unknown:ViewManagerPropertyUpdater: Could not find generated setter for class com.facebook.react.views.art.ARTGroupShadowNode
04-13 12:11:32.240 26077 26121 W unknown:ViewManagerPropertyUpdater: Could not find generated setter for class com.facebook.react.views.art.ARTShapeViewManager
04-13 12:11:32.240 26077 26121 W unknown:ViewManagerPropertyUpdater: Could not find generated setter for class com.facebook.react.views.art.ARTShapeShadowNode
04-13 12:11:32.241 26077 26121 W unknown:ViewManagerPropertyUpdater: Could not find generated setter for class com.facebook.react.views.art.ARTTextViewManager
04-13 12:11:32.241 26077 26121 W unknown:ViewManagerPropertyUpdater: Could not find generated setter for class com.facebook.react.views.art.ARTTextShadowNode
04-13 12:11:32.242 26077 26121 W unknown:ViewManagerPropertyUpdater: Could not find generated setter for class com.facebook.react.views.checkbox.ReactCheckBoxManager
04-13 12:11:32.244 26077 26121 W unknown:ViewManagerPropertyUpdater: Could not find generated setter for class com.facebook.react.uimanager.LayoutShadowNode
04-13 12:11:32.245 26077 26121 W unknown:ViewManagerPropertyUpdater: Could not find generated setter for class com.facebook.react.views.picker.ReactDialogPickerManager
04-13 12:11:32.247 26077 26121 W unknown:ViewManagerPropertyUpdater: Could not find generated setter for class com.facebook.react.views.drawer.ReactDrawerLayoutManager
04-13 12:11:32.248 26077 26121 W unknown:ViewManagerPropertyUpdater: Could not find generated setter for class com.facebook.react.views.picker.ReactDropdownPickerManager
04-13 12:11:32.249 26077 26121 W unknown:ViewManagerPropertyUpdater: Could not find generated setter for class com.facebook.react.views.scroll.ReactHorizontalScrollViewManager
04-13 12:11:32.251 26077 26121 W unknown:ViewManagerPropertyUpdater: Could not find generated setter for class com.facebook.react.views.scroll.ReactHorizontalScrollContainerViewManager
04-13 12:11:32.263 26077 26121 W unknown:ViewManagerPropertyUpdater: Could not find generated setter for class com.facebook.react.views.progressbar.ReactProgressBarViewManager
04-13 12:11:32.264 26077 26121 W unknown:ViewManagerPropertyUpdater: Could not find generated setter for class com.facebook.react.views.progressbar.ProgressBarShadowNode
04-13 12:11:32.265 26077 26121 W unknown:ViewManagerPropertyUpdater: Could not find generated setter for class com.facebook.react.views.scroll.ReactScrollViewManager
04-13 12:11:32.271 26077 26121 W unknown:ViewManagerPropertyUpdater: Could not find generated setter for class com.facebook.react.views.slider.ReactSliderManager
04-13 12:11:32.272 26077 26121 W unknown:ViewManagerPropertyUpdater: Could not find generated setter for class com.facebook.react.views.slider.ReactSliderManager$ReactSliderShadowNode
04-13 12:11:32.273 26077 26121 W unknown:ViewManagerPropertyUpdater: Could not find generated setter for class com.facebook.react.views.switchview.ReactSwitchManager
04-13 12:11:32.276 26077 26121 W unknown:ViewManagerPropertyUpdater: Could not find generated setter for class com.facebook.react.views.switchview.ReactSwitchManager$ReactSwitchShadowNode
04-13 12:11:32.277 26077 26121 W unknown:ViewManagerPropertyUpdater: Could not find generated setter for class com.facebook.react.views.swiperefresh.SwipeRefreshLayoutManager
04-13 12:11:32.280 26077 26121 W unknown:ViewManagerPropertyUpdater: Could not find generated setter for class com.facebook.react.views.art.ARTSurfaceViewManager
04-13 12:11:32.280 26077 26121 W unknown:ViewManagerPropertyUpdater: Could not find generated setter for class com.facebook.react.views.art.ARTSurfaceViewShadowNode
04-13 12:11:32.280 26077 26121 W unknown:ViewManagerPropertyUpdater: Could not find generated setter for class com.facebook.react.views.text.frescosupport.FrescoBasedReactTextInlineImageViewManager
04-13 12:11:32.280 26077 26121 W unknown:ViewManagerPropertyUpdater: Could not find generated setter for class com.facebook.react.views.text.frescosupport.FrescoBasedReactTextInlineImageShadowNode
04-13 12:11:32.281 26077 26121 W unknown:ViewManagerPropertyUpdater: Could not find generated setter for class com.facebook.react.views.image.ReactImageManager
04-13 12:11:32.282 26077 26121 W unknown:ViewManagerPropertyUpdater: Could not find generated setter for class com.facebook.react.views.modal.ReactModalHostManager
04-13 12:11:32.282 26077 26121 W unknown:ViewManagerPropertyUpdater: Could not find generated setter for class com.facebook.react.views.modal.ModalHostShadowNode
04-13 12:11:32.283 26077 26121 W unknown:ViewManagerPropertyUpdater: Could not find generated setter for class com.facebook.react.views.text.ReactRawTextManager
04-13 12:11:32.283 26077 26121 W unknown:ViewManagerPropertyUpdater: Could not find generated setter for class com.facebook.react.views.text.ReactRawTextShadowNode
04-13 12:11:32.284 26077 26121 W unknown:ViewManagerPropertyUpdater: Could not find generated setter for class com.facebook.react.views.textinput.ReactTextInputManager
04-13 12:11:32.287 26077 26121 W unknown:ViewManagerPropertyUpdater: Could not find generated setter for class com.facebook.react.views.textinput.ReactTextInputShadowNode
04-13 12:11:32.289 26077 26121 W unknown:ViewManagerPropertyUpdater: Could not find generated setter for class com.facebook.react.views.text.ReactTextViewManager
04-13 12:11:32.290 26077 26121 W unknown:ViewManagerPropertyUpdater: Could not find generated setter for class com.facebook.react.views.text.ReactTextShadowNode
04-13 12:11:32.291 26077 26121 W unknown:ViewManagerPropertyUpdater: Could not find generated setter for class com.facebook.react.views.view.ReactViewManager
04-13 12:11:32.291 26077 26121 W unknown:ViewManagerPropertyUpdater: Could not find generated setter for class com.facebook.react.views.viewpager.ReactViewPagerManager
04-13 12:11:32.292 26077 26121 W unknown:ViewManagerPropertyUpdater: Could not find generated setter for class com.facebook.react.views.text.ReactVirtualTextViewManager
04-13 12:11:32.292 26077 26121 W unknown:ViewManagerPropertyUpdater: Could not find generated setter for class com.facebook.react.views.text.ReactVirtualTextShadowNode
04-13 12:11:32.295 26077 26121 D SoLoader: About to load: libyoga.so
04-13 12:11:32.296 26077 26121 D SoLoader: libyoga.so not found on /data/user/0/com.detoxtest/lib-main
04-13 12:11:32.296 26077 26121 D SoLoader: libyoga.so found on /data/app/~~qCYy2ciIT9_WL9ZEpVoXuw==/com.detoxtest-3omMqltSiXOFBN20NBWRSQ==/lib/x86
04-13 12:11:32.296 26077 26121 D SoLoader: Not resolving dependencies for libyoga.so
04-13 12:11:32.300 26077 26121 D SoLoader: Loaded: libyoga.so
04-13 12:11:32.306 26077 26121 E unknown:ReactRootView: runApplication: call AppRegistry.runApplication
04-13 12:11:32.313 26077 26115 D HostConnection: HostConnection::get() New Host Connection established 0xe990d270, tid 26115
04-13 12:11:32.327 26077 26115 D HostConnection: HostComposition ext ANDROID_EMU_CHECKSUM_HELPER_v1 ANDROID_EMU_native_sync_v2 ANDROID_EMU_native_sync_v3 ANDROID_EMU_native_sync_v4 ANDROID_EMU_dma_v1 ANDROID_EMU_direct_mem ANDROID_EMU_host_composition_v1 ANDROID_EMU_host_composition_v2 ANDROID_EMU_YUV_Cache ANDROID_EMU_async_unmap_buffer GL_OES_EGL_image_external_essl3 GL_OES_vertex_array_object GL_KHR_texture_compression_astc_ldr ANDROID_EMU_gles_max_version_3_0 
04-13 12:11:32.333 26077 26115 W OpenGLRenderer: Failed to choose config with EGL_SWAP_BEHAVIOR_PRESERVED, retrying without...
04-13 12:11:32.335 26077 26115 D EGL_emulation: eglCreateContext: 0xe973a1c0: maj 3 min 0 rcv 3
04-13 12:11:32.344 26077 26120 E ReactNativeJNI: logMarker RUN_JS_BUNDLE_END
04-13 12:11:32.345 26077 26120 I ReactNativeJS: Running "detoxTest" with {"rootTag":1}
04-13 12:11:32.371 26077 26115 D EGL_emulation: eglMakeCurrent: 0xe973a1c0: ver 3 0 (tinfo 0xe9a7de90)
04-13 12:11:32.372 26077 26121 D SoLoader: init exiting
04-13 12:11:32.381 26077 26121 W unknown:ReactNative: Tried to update non-existent root tag: 0
04-13 12:11:32.387 26077 26115 I Gralloc4: mapper 4.x is not supported
04-13 12:11:32.389 26077 26115 D HostConnection: createUnique: call
04-13 12:11:32.390 26077 26115 D HostConnection: HostConnection::get() New Host Connection established 0xe9913bd0, tid 26115
04-13 12:11:32.390 26077 26115 D eglCodecCommon: allocate: Ask for block of size 0x100
04-13 12:11:32.390 26077 26115 D eglCodecCommon: allocate: ioctl allocate returned offset 0x3fc0ff000 size 0x2000
04-13 12:11:32.411 26077 26115 D HostConnection: HostComposition ext ANDROID_EMU_CHECKSUM_HELPER_v1 ANDROID_EMU_native_sync_v2 ANDROID_EMU_native_sync_v3 ANDROID_EMU_native_sync_v4 ANDROID_EMU_dma_v1 ANDROID_EMU_direct_mem ANDROID_EMU_host_composition_v1 ANDROID_EMU_host_composition_v2 ANDROID_EMU_YUV_Cache ANDROID_EMU_async_unmap_buffer GL_OES_EGL_image_external_essl3 GL_OES_vertex_array_object GL_KHR_texture_compression_astc_ldr ANDROID_EMU_gles_max_version_3_0 
04-13 12:11:32.417 26077 26115 D EGL_emulation: eglMakeCurrent: 0xe973a1c0: ver 3 0 (tinfo 0xe9a7de90)
04-13 12:11:32.457 26077 26077 E unknown:ReactNative: Unable to launch logbox because react was unable to create the root view
04-13 12:11:32.475 26077 26127 I Detox   : Detox thread starting (com.wix.detox.manager)
04-13 12:11:32.495 26077 26127 I DetoxManager: DetoxServerUrl: ws://localhost:64773
04-13 12:11:32.495 26077 26127 I DetoxManager: DetoxSessionId: 4821af3e-ff16-c036-7710-3f69bd9d74c3
04-13 12:11:32.499 26077 26077 D DetoxRNLoading: Got new RN-context directly and immediately
04-13 12:11:32.504 26077 26127 I DetoxRNIdleRes: Setting up Espresso Idling Resources for React Native.
04-13 12:11:32.556 26077 26127 D AsyncStorageIR: Checking whether a custom IR for Async-Storage is required... (legacy=false)
04-13 12:11:32.558 26077 26127 D DetoxRNHelpers: Native module not resolved: no such class
04-13 12:11:32.558 26077 26127 D AsyncStorageIR: Checking whether a custom IR for Async-Storage is required... (legacy=true)
04-13 12:11:32.559 26077 26127 D AsyncStorageIR: IR for Async-Storage is required! (legacy=true)
04-13 12:11:32.571 26077 26077 D AsyncStorageIRLegacy: Async-storage is busy!
04-13 12:11:32.575 26077 26127 I WebSocketClient: At connectToServer
04-13 12:11:32.606 26077 26129 I WebSocketClient: At onOpen
04-13 12:11:32.607 26077 26129 I WebSocketClient: At sendAction
04-13 12:11:32.607 26077 26129 D WebSocketClient: Detox Action Sent: login
04-13 12:11:32.749 26077 26077 I Detox   : Wait is over: app is now idle!
04-13 12:11:32.763 26077 26129 I WebSocketClient: At sendAction
04-13 12:11:32.765 26077 26129 D WebSocketClient: Detox Action Sent: ready
04-13 12:11:32.772 26077 26129 I WebSocketClient: At onMessage
04-13 12:11:32.772 26077 26129 I WebSocketClient: At receiveAction
04-13 12:11:32.772 26077 26129 D WebSocketClient: Detox Action Received: loginSuccess
04-13 12:11:32.772 26077 26129 I DetoxManager: onAction: type: loginSuccess params: {"testerConnected":true,"appConnected":true}
04-13 12:11:32.775 26077 26129 I WebSocketClient: At onMessage
04-13 12:11:32.775 26077 26129 I WebSocketClient: At receiveAction
04-13 12:11:32.775 26077 26129 D WebSocketClient: Detox Action Received: isReady
04-13 12:11:32.776 26077 26129 I DetoxManager: onAction: type: isReady params: {}
04-13 12:11:32.781 26077 26077 I Detox   : Wait is over: app is now idle!
04-13 12:11:32.782 26077 26127 I WebSocketClient: At sendAction
04-13 12:11:32.782 26077 26127 D WebSocketClient: Detox Action Sent: ready
