--------- beginning of main
04-13 12:01:56.472 25256 25256 W com.detoxtest: Unexpected CPU variant for X86 using defaults: x86
04-13 12:01:56.483 25256 25256 E com.detoxtest: Not starting debugger since process cannot load the jdwp agent.
--------- beginning of system
04-13 12:01:56.533 25256 25256 W ActivityThread: Package uses different ABI(s) than its instrumentation: package[com.detoxtest]: x86, null instrumentation[com.detoxtest.test]: null, null
04-13 12:01:56.545 25256 25256 I com.detoxtest: The ClassLoaderContext is a special shared library.
04-13 12:01:56.551 25256 25256 I chatty  : uid=10286(com.detoxtest) identical 2 lines
04-13 12:01:56.553 25256 25256 I com.detoxtest: The ClassLoaderContext is a special shared library.
04-13 12:01:56.671 25256 25256 W com.detoxtest: ClassLoaderContext classpath size mismatch. expected=0, found=4 (PCL[]{PCL[/system/framework/android.test.base.jar*84046222]} | PCL[/system/framework/android.test.runner.jar*2838042966:/system/framework/android.test.mock.jar*2353512044:/system/framework/android.test.base.jar*84046222:/data/app/~~wRRsnTPv_0M5WdeFYm8qSQ==/com.detoxtest.test-zYmrYJqlz0dYSIveonya6Q==/base.apk*3736732199]{PCL[/system/framework/android.test.base.jar*84046222]})
04-13 12:01:56.701 25256 25256 I com.detoxtest: The ClassLoaderContext is a special shared library.
04-13 12:01:56.712 25256 25256 I chatty  : uid=10286(com.detoxtest) identical 3 lines
04-13 12:01:56.715 25256 25256 I com.detoxtest: The ClassLoaderContext is a special shared library.
04-13 12:01:56.815 25256 25256 W com.detoxtest: ClassLoaderContext classpath size mismatch. expected=0, found=4 (PCL[]{PCL[/system/framework/android.test.base.jar*84046222]} | PCL[/system/framework/android.test.runner.jar*2838042966:/system/framework/android.test.mock.jar*2353512044:/system/framework/android.test.base.jar*84046222:/data/app/~~wRRsnTPv_0M5WdeFYm8qSQ==/com.detoxtest.test-zYmrYJqlz0dYSIveonya6Q==/base.apk*3736732199]{PCL[/system/framework/android.test.base.jar*84046222]#PCL[/system/framework/android.test.mock.jar*2353512044]{PCL[/system/framework/android.test.base.jar*84046222]}#PCL[/system/framework/android.test.runner.jar*2838042966]{PCL[/system/framework/android.test.base.jar*84046222]#PCL[/system/framework/android.test.mock.jar*2353512044]{PCL[/system/framework/android.test.base.jar*84046222]}}};PCL[/system/framework/android.test.runner.jar*2838042966:/system/framework/android.test.mock.jar*2353512044:/system/framework/android.test.base.jar*84046222:/data/app/~~wRRsnTPv_0M5WdeFYm8qSQ==/com.detoxtest.test-zYmrYJqlz0dYSIveonya6Q==/base.apk*3736732199:/data/app/~~SjkHSBQintcB2Wsjb_-BeA==/com.detoxtest-FHIC0U-BNy2pOOnOa_-MEQ==/base.apk*4000934944]{PCL[/system/framework/android.test.base.jar*84046222]})
04-13 12:01:56.816 25256 25256 W com.detoxtest: Found duplicate classes, falling back to extracting from APK : /data/app/~~SjkHSBQintcB2Wsjb_-BeA==/com.detoxtest-FHIC0U-BNy2pOOnOa_-MEQ==/base.apk
04-13 12:01:56.816 25256 25256 W com.detoxtest: NOTE: This wastes RAM and hurts startup performance.
04-13 12:01:56.816 25256 25256 W com.detoxtest: Found duplicated class when checking oat files: 'Landroid/support/v4/app/INotificationSideChannel$Stub$Proxy;' in /data/app/~~SjkHSBQintcB2Wsjb_-BeA==/com.detoxtest-FHIC0U-BNy2pOOnOa_-MEQ==/base.apk and /data/app/~~SjkHSBQintcB2Wsjb_-BeA==/com.detoxtest-FHIC0U-BNy2pOOnOa_-MEQ==/base.apk
04-13 12:01:56.816 25256 25256 W com.detoxtest: 
04-13 12:01:56.942 25256 25256 D NetworkSecurityConfig: Using Network Security Config from resource network_security_config debugBuild: false
04-13 12:01:56.943 25256 25256 D NetworkSecurityConfig: Using Network Security Config from resource network_security_config debugBuild: false
04-13 12:01:56.954 25256 25256 I MonitoringInstr: Instrumentation started!
04-13 12:01:56.958 25256 25256 I MonitoringInstr: Setting context classloader to 'dalvik.system.PathClassLoader[DexPathList[[zip file "/system/framework/android.test.runner.jar", zip file "/system/framework/android.test.mock.jar", zip file "/system/framework/android.test.base.jar", zip file "/data/app/~~wRRsnTPv_0M5WdeFYm8qSQ==/com.detoxtest.test-zYmrYJqlz0dYSIveonya6Q==/base.apk", zip file "/data/app/~~SjkHSBQintcB2Wsjb_-BeA==/com.detoxtest-FHIC0U-BNy2pOOnOa_-MEQ==/base.apk"],nativeLibraryDirectories=[/data/app/~~wRRsnTPv_0M5WdeFYm8qSQ==/com.detoxtest.test-zYmrYJqlz0dYSIveonya6Q==/lib/x86, /data/app/~~SjkHSBQintcB2Wsjb_-BeA==/com.detoxtest-FHIC0U-BNy2pOOnOa_-MEQ==/lib/x86, /data/app/~~wRRsnTPv_0M5WdeFYm8qSQ==/com.detoxtest.test-zYmrYJqlz0dYSIveonya6Q==/base.apk!/lib/x86, /data/app/~~SjkHSBQintcB2Wsjb_-BeA==/com.detoxtest-FHIC0U-BNy2pOOnOa_-MEQ==/base.apk!/lib/x86, /system/lib, /system_ext/lib, /product/lib]]]', Original: 'dalvik.system.PathClassLoader[DexPathList[[zip file "/system/framework/android.test.runner.jar", zip file "/system/framework/android.test.mock.jar", zip file "/system/framework/android.test.base.jar", zip file "/data/app/~~wRRsnTPv_0M5WdeFYm8qSQ==/com.detoxtest.test-zYmrYJqlz0dYSIveonya6Q==/base.apk", zip file "/data/app/~~SjkHSBQintcB2Wsjb_-BeA==/com.detoxtest-FHIC0U-BNy2pOOnOa_-MEQ==/base.apk"],nativeLibraryDirectories=[/data/app/~~wRRsnTPv_0M5WdeFYm8qSQ==/com.detoxtest.test-zYmrYJqlz0dYSIveonya6Q==/lib/x86, /data/app/~~SjkHSBQintcB2Wsjb_-BeA==/com.detoxtest-FHIC0U-BNy2pOOnOa_-MEQ==/lib/x86, /data/app/~~wRRsnTPv_0M5WdeFYm8qSQ==/com.detoxtest.test-zYmrYJqlz0dYSIveonya6Q==/base.apk!/lib/x86, /data/app/~~SjkHSBQintcB2Wsjb_-BeA==/com.detoxtest-FHIC0U-BNy2pOOnOa_-MEQ==/base.apk!/lib/x86, /system/lib, /system_ext/lib, /product/lib]]]'
04-13 12:01:56.962 25256 25256 D SoLoader: init start
04-13 12:01:56.963 25256 25256 D SoLoader: adding system library source: /vendor/lib
04-13 12:01:56.964 25256 25256 D SoLoader: adding system library source: /system/lib
04-13 12:01:56.964 25256 25256 D SoLoader: adding application source: com.facebook.soloader.DirectorySoSource[root = /data/app/~~SjkHSBQintcB2Wsjb_-BeA==/com.detoxtest-FHIC0U-BNy2pOOnOa_-MEQ==/lib/x86 flags = 0]
04-13 12:01:56.965 25256 25256 D SoLoader: adding backup source from : com.facebook.soloader.ApkSoSource[root = /data/user/0/com.detoxtest/lib-main flags = 1]
04-13 12:01:56.965 25256 25256 D SoLoader: Preparing SO source: com.facebook.soloader.DirectorySoSource[root = /system/lib flags = 2]
04-13 12:01:56.966 25256 25256 D SoLoader: Preparing SO source: com.facebook.soloader.DirectorySoSource[root = /vendor/lib flags = 2]
04-13 12:01:56.966 25256 25256 D SoLoader: Preparing SO source: com.facebook.soloader.DirectorySoSource[root = /data/app/~~SjkHSBQintcB2Wsjb_-BeA==/com.detoxtest-FHIC0U-BNy2pOOnOa_-MEQ==/lib/x86 flags = 0]
04-13 12:01:56.966 25256 25256 D SoLoader: Preparing SO source: com.facebook.soloader.ApkSoSource[root = /data/user/0/com.detoxtest/lib-main flags = 1]
04-13 12:01:56.968 25256 25256 V fb-UnpackingSoSource: locked dso store /data/user/0/com.detoxtest/lib-main
04-13 12:01:56.971 25256 25256 V fb-UnpackingSoSource: deps mismatch on deps store: regenerating
04-13 12:01:56.971 25256 25256 V fb-UnpackingSoSource: so store dirty: regenerating
04-13 12:01:56.995 25256 25256 D ApkSoSource: not allowing consideration of lib/x86/libc++_shared.so: deferring to libdir
04-13 12:01:56.995 25256 25256 D ApkSoSource: not allowing consideration of lib/x86/libfb.so: deferring to libdir
04-13 12:01:56.995 25256 25256 D ApkSoSource: not allowing consideration of lib/x86/libfbjni.so: deferring to libdir
04-13 12:01:56.995 25256 25256 D ApkSoSource: not allowing consideration of lib/x86/libfolly_futures.so: deferring to libdir
04-13 12:01:56.996 25256 25256 D ApkSoSource: not allowing consideration of lib/x86/libfolly_json.so: deferring to libdir
04-13 12:01:56.996 25256 25256 D ApkSoSource: not allowing consideration of lib/x86/libglog.so: deferring to libdir
04-13 12:01:56.996 25256 25256 D ApkSoSource: not allowing consideration of lib/x86/libglog_init.so: deferring to libdir
04-13 12:01:56.996 25256 25256 D ApkSoSource: not allowing consideration of lib/x86/libhermes-executor-debug.so: deferring to libdir
04-13 12:01:56.996 25256 25256 D ApkSoSource: not allowing consideration of lib/x86/libhermes-executor-release.so: deferring to libdir
04-13 12:01:56.996 25256 25256 D ApkSoSource: not allowing consideration of lib/x86/libhermes-inspector.so: deferring to libdir
04-13 12:01:56.996 25256 25256 D ApkSoSource: not allowing consideration of lib/x86/libimagepipeline.so: deferring to libdir
04-13 12:01:56.997 25256 25256 D ApkSoSource: not allowing consideration of lib/x86/libjsc.so: deferring to libdir
04-13 12:01:56.997 25256 25256 D ApkSoSource: not allowing consideration of lib/x86/libjscexecutor.so: deferring to libdir
04-13 12:01:56.997 25256 25256 D ApkSoSource: not allowing consideration of lib/x86/libjsijniprofiler.so: deferring to libdir
04-13 12:01:56.997 25256 25256 D ApkSoSource: not allowing consideration of lib/x86/libjsinspector.so: deferring to libdir
04-13 12:01:56.997 25256 25256 D ApkSoSource: not allowing consideration of lib/x86/libnative-filters.so: deferring to libdir
04-13 12:01:56.998 25256 25256 D ApkSoSource: not allowing consideration of lib/x86/libnative-imagetranscoder.so: deferring to libdir
04-13 12:01:56.998 25256 25256 D ApkSoSource: not allowing consideration of lib/x86/libreactnativeblob.so: deferring to libdir
04-13 12:01:56.998 25256 25256 D ApkSoSource: not allowing consideration of lib/x86/libreactnativejni.so: deferring to libdir
04-13 12:01:56.998 25256 25256 D ApkSoSource: not allowing consideration of lib/x86/libyoga.so: deferring to libdir
04-13 12:01:56.999 25256 25256 V fb-UnpackingSoSource: regenerating DSO store com.facebook.soloader.ApkSoSource
04-13 12:01:57.000 25256 25256 V fb-UnpackingSoSource: Finished regenerating DSO store com.facebook.soloader.ApkSoSource
04-13 12:01:57.000 25256 25256 V fb-UnpackingSoSource: starting syncer worker
04-13 12:01:57.011 25256 25256 V fb-UnpackingSoSource: releasing dso store lock for /data/user/0/com.detoxtest/lib-main (from syncer thread)
04-13 12:01:57.011 25256 25256 V fb-UnpackingSoSource: not releasing dso store lock for /data/user/0/com.detoxtest/lib-main (syncer thread started)
04-13 12:01:57.011 25256 25256 D SoLoader: init finish: 4 SO sources prepared
04-13 12:01:57.011 25256 25256 D SoLoader: init exiting
04-13 12:01:57.016 25256 25256 D SoLoader: init exiting
04-13 12:01:57.016 25256 25256 D SoLoader: About to load: libjscexecutor.so
04-13 12:01:57.017 25256 25256 D SoLoader: libjscexecutor.so not found on /data/user/0/com.detoxtest/lib-main
04-13 12:01:57.017 25256 25256 D SoLoader: libjscexecutor.so found on /data/app/~~SjkHSBQintcB2Wsjb_-BeA==/com.detoxtest-FHIC0U-BNy2pOOnOa_-MEQ==/lib/x86
04-13 12:01:57.017 25256 25256 D SoLoader: Not resolving dependencies for libjscexecutor.so
04-13 12:01:57.024 25256 25256 D JavaScriptCore.Version: 245459.0.0
04-13 12:01:57.025 25256 25256 D SoLoader: Loaded: libjscexecutor.so
04-13 12:01:57.026 25256 25256 D SoLoader: init exiting
04-13 12:01:57.032 25256 25256 I MonitoringInstr: No JSBridge.
04-13 12:01:57.036 25256 25276 I MonitoringInstr: Setting context classloader to 'dalvik.system.PathClassLoader[DexPathList[[zip file "/system/framework/android.test.runner.jar", zip file "/system/framework/android.test.mock.jar", zip file "/system/framework/android.test.base.jar", zip file "/data/app/~~wRRsnTPv_0M5WdeFYm8qSQ==/com.detoxtest.test-zYmrYJqlz0dYSIveonya6Q==/base.apk", zip file "/data/app/~~SjkHSBQintcB2Wsjb_-BeA==/com.detoxtest-FHIC0U-BNy2pOOnOa_-MEQ==/base.apk"],nativeLibraryDirectories=[/data/app/~~wRRsnTPv_0M5WdeFYm8qSQ==/com.detoxtest.test-zYmrYJqlz0dYSIveonya6Q==/lib/x86, /data/app/~~SjkHSBQintcB2Wsjb_-BeA==/com.detoxtest-FHIC0U-BNy2pOOnOa_-MEQ==/lib/x86, /data/app/~~wRRsnTPv_0M5WdeFYm8qSQ==/com.detoxtest.test-zYmrYJqlz0dYSIveonya6Q==/base.apk!/lib/x86, /data/app/~~SjkHSBQintcB2Wsjb_-BeA==/com.detoxtest-FHIC0U-BNy2pOOnOa_-MEQ==/base.apk!/lib/x86, /system/lib, /system_ext/lib, /product/lib]]]', Original: 'dalvik.system.PathClassLoader[DexPathList[[zip file "/system/framework/android.test.runner.jar", zip file "/system/framework/android.test.mock.jar", zip file "/system/framework/android.test.base.jar", zip file "/data/app/~~wRRsnTPv_0M5WdeFYm8qSQ==/com.detoxtest.test-zYmrYJqlz0dYSIveonya6Q==/base.apk", zip file "/data/app/~~SjkHSBQintcB2Wsjb_-BeA==/com.detoxtest-FHIC0U-BNy2pOOnOa_-MEQ==/base.apk"],nativeLibraryDirectories=[/data/app/~~wRRsnTPv_0M5WdeFYm8qSQ==/com.detoxtest.test-zYmrYJqlz0dYSIveonya6Q==/lib/x86, /data/app/~~SjkHSBQintcB2Wsjb_-BeA==/com.detoxtest-FHIC0U-BNy2pOOnOa_-MEQ==/lib/x86, /data/app/~~wRRsnTPv_0M5WdeFYm8qSQ==/com.detoxtest.test-zYmrYJqlz0dYSIveonya6Q==/base.apk!/lib/x86, /data/app/~~SjkHSBQintcB2Wsjb_-BeA==/com.detoxtest-FHIC0U-BNy2pOOnOa_-MEQ==/base.apk!/lib/x86, /system/lib, /system_ext/lib, /product/lib]]]'
04-13 12:01:57.057 25256 25276 I UsageTrackerFacilitator: Usage tracking enabled
04-13 12:01:57.069 25256 25276 I TestRequestBuilder: Scanning classpath to find tests in paths [/data/app/~~wRRsnTPv_0M5WdeFYm8qSQ==/com.detoxtest.test-zYmrYJqlz0dYSIveonya6Q==/base.apk]
04-13 12:01:57.071 25256 25276 W com.detoxtest: Opening an oat file without a class loader. Are you using the deprecated DexFile APIs?
04-13 12:01:57.389 25256 25276 D TestExecutor: Adding listener androidx.test.internal.runner.listener.LogRunListener
04-13 12:01:57.390 25256 25276 D TestExecutor: Adding listener androidx.test.internal.runner.listener.InstrumentationResultPrinter
04-13 12:01:57.390 25256 25276 D TestExecutor: Adding listener androidx.test.internal.runner.listener.ActivityFinisherRunListener
04-13 12:01:57.393 25256 25276 I TestRunner: run started: 1 tests
04-13 12:01:57.409 25256 25276 I TestRunner: started: runDetoxTests(com.detoxtest.DetoxTest)
04-13 12:01:57.424 25256 25256 I MonitoringInstr: Activities that are still in CREATED to STOPPED: 0
04-13 12:01:57.477 25256 25276 D EventInjectionStrategy: Creating injection strategy with input manager.
04-13 12:01:57.596 25256 25290 D libEGL  : loaded /vendor/lib/egl/libEGL_emulation.so
04-13 12:01:57.598 25256 25290 D libEGL  : loaded /vendor/lib/egl/libGLESv1_CM_emulation.so
04-13 12:01:57.620 25256 25290 D libEGL  : loaded /vendor/lib/egl/libGLESv2_emulation.so
04-13 12:01:57.631 25256 25256 D LifecycleMonitor: Lifecycle status change: com.detoxtest.MainActivity@d952f0b in: PRE_ON_CREATE
04-13 12:01:57.666 25256 25294 D SoLoader: About to load: libreactnativejni.so
04-13 12:01:57.669 25256 25256 D LifecycleMonitor: Lifecycle status change: com.detoxtest.MainActivity@d952f0b in: CREATED
04-13 12:01:57.670 25256 25294 D SoLoader: libreactnativejni.so not found on /data/user/0/com.detoxtest/lib-main
04-13 12:01:57.670 25256 25294 D SoLoader: libreactnativejni.so found on /data/app/~~SjkHSBQintcB2Wsjb_-BeA==/com.detoxtest-FHIC0U-BNy2pOOnOa_-MEQ==/lib/x86
04-13 12:01:57.670 25256 25294 D SoLoader: Not resolving dependencies for libreactnativejni.so
04-13 12:01:57.674 25256 25256 D LifecycleMonitor: Lifecycle status change: com.detoxtest.MainActivity@d952f0b in: STARTED
04-13 12:01:57.676 25256 25256 D LifecycleMonitor: Lifecycle status change: com.detoxtest.MainActivity@d952f0b in: RESUMED
04-13 12:01:57.679 25256 25294 D SoLoader: Loaded: libreactnativejni.so
04-13 12:01:57.679 25256 25294 D SoLoader: About to load: libfbjni.so
04-13 12:01:57.680 25256 25294 D SoLoader: libfbjni.so not found on /data/user/0/com.detoxtest/lib-main
04-13 12:01:57.680 25256 25294 D SoLoader: libfbjni.so found on /data/app/~~SjkHSBQintcB2Wsjb_-BeA==/com.detoxtest-FHIC0U-BNy2pOOnOa_-MEQ==/lib/x86
04-13 12:01:57.680 25256 25294 D SoLoader: Not resolving dependencies for libfbjni.so
04-13 12:01:57.681 25256 25294 D SoLoader: Loaded: libfbjni.so
04-13 12:01:57.723 25256 25294 E unknown:ReactNative: ReactInstanceManager.createReactContext: mJSIModulePackage null
04-13 12:01:57.728 25256 25297 E ReactNativeJNI: logMarker CREATE_REACT_CONTEXT_END
04-13 12:01:57.732 25256 25288 D HostConnection: HostConnection::get() New Host Connection established 0xe9916330, tid 25288
04-13 12:01:57.741 25256 25288 D HostConnection: HostComposition ext ANDROID_EMU_CHECKSUM_HELPER_v1 ANDROID_EMU_native_sync_v2 ANDROID_EMU_native_sync_v3 ANDROID_EMU_native_sync_v4 ANDROID_EMU_dma_v1 ANDROID_EMU_direct_mem ANDROID_EMU_host_composition_v1 ANDROID_EMU_host_composition_v2 ANDROID_EMU_YUV_Cache ANDROID_EMU_async_unmap_buffer GL_OES_EGL_image_external_essl3 GL_OES_vertex_array_object GL_KHR_texture_compression_astc_ldr ANDROID_EMU_gles_max_version_3_0 
04-13 12:01:57.742 25256 25298 E unknown:ReactNative: ReactInstanceManager.attachRootViewToInstance()
04-13 12:01:57.743 25256 25297 E ReactNativeJNI: logMarker RUN_JS_BUNDLE_START
04-13 12:01:57.754 25256 25288 W OpenGLRenderer: Failed to choose config with EGL_SWAP_BEHAVIOR_PRESERVED, retrying without...
04-13 12:01:57.756 25256 25288 D EGL_emulation: eglCreateContext: 0xe9739740: maj 3 min 0 rcv 3
04-13 12:01:57.764 25256 25298 W unknown:ViewManagerPropertyUpdater: Could not find generated setter for class com.facebook.react.views.art.ARTGroupViewManager
04-13 12:01:57.765 25256 25298 W unknown:ViewManagerPropertyUpdater: Could not find generated setter for class com.facebook.react.views.art.ARTGroupShadowNode
04-13 12:01:57.766 25256 25298 W unknown:ViewManagerPropertyUpdater: Could not find generated setter for class com.facebook.react.views.art.ARTShapeViewManager
04-13 12:01:57.766 25256 25298 W unknown:ViewManagerPropertyUpdater: Could not find generated setter for class com.facebook.react.views.art.ARTShapeShadowNode
04-13 12:01:57.766 25256 25298 W unknown:ViewManagerPropertyUpdater: Could not find generated setter for class com.facebook.react.views.art.ARTTextViewManager
04-13 12:01:57.775 25256 25298 W unknown:ViewManagerPropertyUpdater: Could not find generated setter for class com.facebook.react.views.art.ARTTextShadowNode
04-13 12:01:57.775 25256 25288 D EGL_emulation: eglMakeCurrent: 0xe9739740: ver 3 0 (tinfo 0xe9a7d9d0)
04-13 12:01:57.784 25256 25298 W unknown:ViewManagerPropertyUpdater: Could not find generated setter for class com.facebook.react.views.checkbox.ReactCheckBoxManager
04-13 12:01:57.798 25256 25298 W unknown:ViewManagerPropertyUpdater: Could not find generated setter for class com.facebook.react.uimanager.LayoutShadowNode
04-13 12:01:57.800 25256 25288 I Gralloc4: mapper 4.x is not supported
04-13 12:01:57.800 25256 25298 W unknown:ViewManagerPropertyUpdater: Could not find generated setter for class com.facebook.react.views.picker.ReactDialogPickerManager
04-13 12:01:57.802 25256 25288 D HostConnection: createUnique: call
04-13 12:01:57.802 25256 25288 D HostConnection: HostConnection::get() New Host Connection established 0xe9913c30, tid 25288
04-13 12:01:57.802 25256 25288 D eglCodecCommon: allocate: Ask for block of size 0x100
04-13 12:01:57.803 25256 25288 D eglCodecCommon: allocate: ioctl allocate returned offset 0x3fc0ff000 size 0x2000
04-13 12:01:57.806 25256 25298 W unknown:ViewManagerPropertyUpdater: Could not find generated setter for class com.facebook.react.views.drawer.ReactDrawerLayoutManager
04-13 12:01:57.808 25256 25298 W unknown:ViewManagerPropertyUpdater: Could not find generated setter for class com.facebook.react.views.picker.ReactDropdownPickerManager
04-13 12:01:57.808 25256 25298 W unknown:ViewManagerPropertyUpdater: Could not find generated setter for class com.facebook.react.views.scroll.ReactHorizontalScrollViewManager
04-13 12:01:57.811 25256 25298 W unknown:ViewManagerPropertyUpdater: Could not find generated setter for class com.facebook.react.views.scroll.ReactHorizontalScrollContainerViewManager
04-13 12:01:57.812 25256 25298 W unknown:ViewManagerPropertyUpdater: Could not find generated setter for class com.facebook.react.views.progressbar.ReactProgressBarViewManager
04-13 12:01:57.813 25256 25298 W unknown:ViewManagerPropertyUpdater: Could not find generated setter for class com.facebook.react.views.progressbar.ProgressBarShadowNode
04-13 12:01:57.814 25256 25298 W unknown:ViewManagerPropertyUpdater: Could not find generated setter for class com.facebook.react.views.scroll.ReactScrollViewManager
04-13 12:01:57.819 25256 25298 W unknown:ViewManagerPropertyUpdater: Could not find generated setter for class com.facebook.react.views.slider.ReactSliderManager
04-13 12:01:57.820 25256 25298 W unknown:ViewManagerPropertyUpdater: Could not find generated setter for class com.facebook.react.views.slider.ReactSliderManager$ReactSliderShadowNode
04-13 12:01:57.820 25256 25298 W unknown:ViewManagerPropertyUpdater: Could not find generated setter for class com.facebook.react.views.switchview.ReactSwitchManager
04-13 12:01:57.823 25256 25298 W unknown:ViewManagerPropertyUpdater: Could not find generated setter for class com.facebook.react.views.switchview.ReactSwitchManager$ReactSwitchShadowNode
04-13 12:01:57.824 25256 25298 W unknown:ViewManagerPropertyUpdater: Could not find generated setter for class com.facebook.react.views.swiperefresh.SwipeRefreshLayoutManager
04-13 12:01:57.827 25256 25298 W unknown:ViewManagerPropertyUpdater: Could not find generated setter for class com.facebook.react.views.art.ARTSurfaceViewManager
04-13 12:01:57.828 25256 25298 W unknown:ViewManagerPropertyUpdater: Could not find generated setter for class com.facebook.react.views.art.ARTSurfaceViewShadowNode
04-13 12:01:57.830 25256 25298 W unknown:ViewManagerPropertyUpdater: Could not find generated setter for class com.facebook.react.views.text.frescosupport.FrescoBasedReactTextInlineImageViewManager
04-13 12:01:57.830 25256 25298 W unknown:ViewManagerPropertyUpdater: Could not find generated setter for class com.facebook.react.views.text.frescosupport.FrescoBasedReactTextInlineImageShadowNode
04-13 12:01:57.832 25256 25298 W unknown:ViewManagerPropertyUpdater: Could not find generated setter for class com.facebook.react.views.image.ReactImageManager
04-13 12:01:57.837 25256 25298 W unknown:ViewManagerPropertyUpdater: Could not find generated setter for class com.facebook.react.views.modal.ReactModalHostManager
04-13 12:01:57.840 25256 25298 W unknown:ViewManagerPropertyUpdater: Could not find generated setter for class com.facebook.react.views.modal.ModalHostShadowNode
04-13 12:01:57.840 25256 25298 W unknown:ViewManagerPropertyUpdater: Could not find generated setter for class com.facebook.react.views.text.ReactRawTextManager
04-13 12:01:57.841 25256 25298 W unknown:ViewManagerPropertyUpdater: Could not find generated setter for class com.facebook.react.views.text.ReactRawTextShadowNode
04-13 12:01:57.841 25256 25298 W unknown:ViewManagerPropertyUpdater: Could not find generated setter for class com.facebook.react.views.textinput.ReactTextInputManager
04-13 12:01:57.844 25256 25288 D HostConnection: HostComposition ext ANDROID_EMU_CHECKSUM_HELPER_v1 ANDROID_EMU_native_sync_v2 ANDROID_EMU_native_sync_v3 ANDROID_EMU_native_sync_v4 ANDROID_EMU_dma_v1 ANDROID_EMU_direct_mem ANDROID_EMU_host_composition_v1 ANDROID_EMU_host_composition_v2 ANDROID_EMU_YUV_Cache ANDROID_EMU_async_unmap_buffer GL_OES_EGL_image_external_essl3 GL_OES_vertex_array_object GL_KHR_texture_compression_astc_ldr ANDROID_EMU_gles_max_version_3_0 
04-13 12:01:57.845 25256 25298 W unknown:ViewManagerPropertyUpdater: Could not find generated setter for class com.facebook.react.views.textinput.ReactTextInputShadowNode
04-13 12:01:57.848 25256 25298 W unknown:ViewManagerPropertyUpdater: Could not find generated setter for class com.facebook.react.views.text.ReactTextViewManager
04-13 12:01:57.850 25256 25298 W unknown:ViewManagerPropertyUpdater: Could not find generated setter for class com.facebook.react.views.text.ReactTextShadowNode
04-13 12:01:57.851 25256 25298 W unknown:ViewManagerPropertyUpdater: Could not find generated setter for class com.facebook.react.views.view.ReactViewManager
04-13 12:01:57.852 25256 25298 W unknown:ViewManagerPropertyUpdater: Could not find generated setter for class com.facebook.react.views.viewpager.ReactViewPagerManager
04-13 12:01:57.855 25256 25298 W unknown:ViewManagerPropertyUpdater: Could not find generated setter for class com.facebook.react.views.text.ReactVirtualTextViewManager
04-13 12:01:57.855 25256 25298 W unknown:ViewManagerPropertyUpdater: Could not find generated setter for class com.facebook.react.views.text.ReactVirtualTextShadowNode
04-13 12:01:57.859 25256 25298 D SoLoader: About to load: libyoga.so
04-13 12:01:57.860 25256 25298 D SoLoader: libyoga.so not found on /data/user/0/com.detoxtest/lib-main
04-13 12:01:57.861 25256 25298 D SoLoader: libyoga.so found on /data/app/~~SjkHSBQintcB2Wsjb_-BeA==/com.detoxtest-FHIC0U-BNy2pOOnOa_-MEQ==/lib/x86
04-13 12:01:57.861 25256 25298 D SoLoader: Not resolving dependencies for libyoga.so
04-13 12:01:57.867 25256 25298 D SoLoader: Loaded: libyoga.so
04-13 12:01:57.868 25256 25288 D EGL_emulation: eglMakeCurrent: 0xe9739740: ver 3 0 (tinfo 0xe9a7d9d0)
04-13 12:01:57.876 25256 25298 E unknown:ReactRootView: runApplication: call AppRegistry.runApplication
04-13 12:01:57.908 25256 25297 E ReactNativeJNI: logMarker RUN_JS_BUNDLE_END
04-13 12:01:57.910 25256 25297 I ReactNativeJS: Running "detoxTest" with {"rootTag":1}
04-13 12:01:57.933 25256 25256 E unknown:ReactNative: Unable to launch logbox because react was unable to create the root view
04-13 12:01:57.965 25256 25298 D SoLoader: init exiting
04-13 12:01:57.979 25256 25303 I Detox   : Detox thread starting (com.wix.detox.manager)
04-13 12:01:57.983 25256 25303 I DetoxManager: DetoxServerUrl: ws://localhost:64165
04-13 12:01:57.983 25256 25303 I DetoxManager: DetoxSessionId: 58367074-8613-e6ac-8af0-8773eb88b553
04-13 12:01:58.003 25256 25256 D DetoxRNLoading: Got new RN-context directly and immediately
04-13 12:01:58.010 25256 25303 I DetoxRNIdleRes: Setting up Espresso Idling Resources for React Native.
04-13 12:01:58.070 25256 25303 D AsyncStorageIR: Checking whether a custom IR for Async-Storage is required... (legacy=false)
04-13 12:01:58.070 25256 25303 D DetoxRNHelpers: Native module not resolved: no such class
04-13 12:01:58.070 25256 25303 D AsyncStorageIR: Checking whether a custom IR for Async-Storage is required... (legacy=true)
04-13 12:01:58.072 25256 25303 D AsyncStorageIR: IR for Async-Storage is required! (legacy=true)
04-13 12:01:58.076 25256 25256 D AsyncStorageIRLegacy: Async-storage is busy!
04-13 12:01:58.080 25256 25303 I WebSocketClient: At connectToServer
04-13 12:01:58.107 25256 25310 I WebSocketClient: At onOpen
04-13 12:01:58.107 25256 25310 I WebSocketClient: At sendAction
04-13 12:01:58.107 25256 25310 D WebSocketClient: Detox Action Sent: login
04-13 12:01:58.373 25256 25256 I Detox   : Wait is over: app is now idle!
04-13 12:01:58.380 25256 25310 I WebSocketClient: At sendAction
04-13 12:01:58.382 25256 25310 D WebSocketClient: Detox Action Sent: ready
04-13 12:01:58.389 25256 25310 I WebSocketClient: At onMessage
04-13 12:01:58.389 25256 25310 I WebSocketClient: At receiveAction
04-13 12:01:58.389 25256 25310 D WebSocketClient: Detox Action Received: loginSuccess
04-13 12:01:58.391 25256 25310 I DetoxManager: onAction: type: loginSuccess params: {"testerConnected":true,"appConnected":true}
04-13 12:01:58.392 25256 25310 I WebSocketClient: At onMessage
04-13 12:01:58.392 25256 25310 I WebSocketClient: At receiveAction
04-13 12:01:58.392 25256 25310 D WebSocketClient: Detox Action Received: isReady
04-13 12:01:58.392 25256 25310 I DetoxManager: onAction: type: isReady params: {}
04-13 12:01:58.399 25256 25256 I Detox   : Wait is over: app is now idle!
04-13 12:01:58.399 25256 25303 I WebSocketClient: At sendAction
04-13 12:01:58.399 25256 25303 D WebSocketClient: Detox Action Sent: ready
