--------- beginning of main
04-13 12:01:13.132 24987 24987 I Detox   : Wait is over: app is now idle!
04-13 12:01:13.141 24987 25044 I WebSocketClient: At sendAction
04-13 12:01:13.143 24987 25044 D WebSocketClient: Detox Action Sent: ready
04-13 12:01:13.149 24987 25044 I WebSocketClient: At onMessage
04-13 12:01:13.149 24987 25044 I WebSocketClient: At receiveAction
04-13 12:01:13.149 24987 25044 D WebSocketClient: Detox Action Received: loginSuccess
04-13 12:01:13.149 24987 25044 I DetoxManager: onAction: type: loginSuccess params: {"testerConnected":true,"appConnected":true}
04-13 12:01:13.153 24987 25044 I WebSocketClient: At onMessage
04-13 12:01:13.153 24987 25044 I WebSocketClient: At receiveAction
04-13 12:01:13.153 24987 25044 D WebSocketClient: Detox Action Received: isReady
04-13 12:01:13.153 24987 25044 I DetoxManager: onAction: type: isReady params: {}
04-13 12:01:13.159 24987 24987 I Detox   : Wait is over: app is now idle!
04-13 12:01:13.159 24987 25035 I WebSocketClient: At sendAction
04-13 12:01:13.159 24987 25035 D WebSocketClient: Detox Action Sent: ready
04-13 12:01:13.231 24987 25044 I WebSocketClient: At onMessage
04-13 12:01:13.231 24987 25044 I WebSocketClient: At receiveAction
04-13 12:01:13.231 24987 25044 D WebSocketClient: Detox Action Received: invoke
04-13 12:01:13.231 24987 25044 I DetoxManager: onAction: type: invoke params: {"target":{"type":"Class","value":"com.wix.detox.espresso.DetoxAssertion"},"method":"assertMatcher","args":[{"type":"Invocation","value":{"target":{"type":"Class","value":"androidx.test.espresso.Espresso"},"method":"onView","args":[{"type":"Invocation","value":{"target":{"type":"Class","value":"com.wix.detox.espresso.DetoxMatcher"},"method":"matcherForTestId","args":["successInitButton"]}}]}},{"type":"Invocation","value":{"target":{"type":"Class","value":"com.wix.detox.espresso.DetoxMatcher"},"method":"matcherForSufficientlyVisible","args":[]}}]}
04-13 12:01:13.248 24987 25035 D Detox   : class com.wix.detox.espresso.DetoxMatcher, matcherForTestId, [successInitButton]
04-13 12:01:13.272 24987 25035 D Detox   : class androidx.test.espresso.Espresso, onView, [(with tag value: is "successInitButton" and view has effective visibility=VISIBLE)]
04-13 12:01:13.273 24987 25035 D Detox   : class com.wix.detox.espresso.DetoxMatcher, matcherForSufficientlyVisible, []
04-13 12:01:13.274 24987 25035 D Detox   : class com.wix.detox.espresso.DetoxAssertion, assertMatcher, [androidx.test.espresso.ViewInteraction@a74700a, at least 75 percent of the view's area is displayed to the user.]
04-13 12:01:13.297 24987 24987 I ViewInteraction: Checking 'MatchesViewAssertion(Detox){viewMatcher=at least 75 percent of the view's area is displayed to the user.}' assertion on view (with tag value: is "successInitButton" and view has effective visibility=VISIBLE)
04-13 12:01:13.299 24987 25035 I WebSocketClient: At sendAction
04-13 12:01:13.299 24987 25035 D WebSocketClient: Detox Action Sent: invokeResult
04-13 12:01:13.304 24987 25044 I WebSocketClient: At onMessage
04-13 12:01:13.304 24987 25044 I WebSocketClient: At receiveAction
04-13 12:01:13.304 24987 25044 D WebSocketClient: Detox Action Received: invoke
04-13 12:01:13.304 24987 25044 I DetoxManager: onAction: type: invoke params: {"target":{"type":"Class","value":"com.wix.detox.espresso.EspressoDetox"},"method":"perform","args":[{"type":"Invocation","value":{"target":{"type":"Class","value":"androidx.test.espresso.Espresso"},"method":"onView","args":[{"type":"Invocation","value":{"target":{"type":"Class","value":"com.wix.detox.espresso.DetoxMatcher"},"method":"matcherForTestId","args":["successInitButton"]}}]}},{"type":"Invocation","value":{"target":{"type":"Class","value":"com.wix.detox.espresso.DetoxViewActions"},"method":"click","args":[]}}]}
04-13 12:01:13.304 24987 25035 D Detox   : class com.wix.detox.espresso.DetoxMatcher, matcherForTestId, [successInitButton]
04-13 12:01:13.304 24987 25035 D Detox   : class androidx.test.espresso.Espresso, onView, [(with tag value: is "successInitButton" and view has effective visibility=VISIBLE)]
04-13 12:01:13.305 24987 25035 D Detox   : class com.wix.detox.espresso.DetoxViewActions, click, []
04-13 12:01:13.314 24987 25035 D Detox   : class com.wix.detox.espresso.EspressoDetox, perform, [androidx.test.espresso.ViewInteraction@3580e98, com.wix.detox.espresso.action.RNClickAction@280b6f1]
04-13 12:01:13.321 24987 24987 I ViewInteraction: Performing 'com.wix.detox.espresso.action.detoxsingletap@7f182d6 click' action on view (with tag value: is "successInitButton" and view has effective visibility=VISIBLE)
04-13 12:01:13.432 24987 25031 D AppsFlyer_6.2.0: Initializing AppsFlyer SDK: (v6.2.0.91)
04-13 12:01:13.641 24987 24999 I com.detoxtest: Background concurrent copying GC freed 162996(8774KB) AllocSpace objects, 5(244KB) LOS objects, 49% free, 3731KB/7462KB, paused 2.209ms total 143.896ms
04-13 12:01:13.727 24987 25063 I TetheringManager: registerTetheringEventCallback:com.detoxtest
04-13 12:01:13.756 24987 25035 I WebSocketClient: At sendAction
04-13 12:01:13.757 24987 25035 D WebSocketClient: Detox Action Sent: invokeResult
04-13 12:01:13.761 24987 25044 I WebSocketClient: At onMessage
04-13 12:01:13.761 24987 25044 I WebSocketClient: At receiveAction
04-13 12:01:13.762 24987 25044 D WebSocketClient: Detox Action Received: invoke
04-13 12:01:13.762 24987 25044 I DetoxManager: onAction: type: invoke params: {"target":{"type":"Class","value":"com.wix.detox.espresso.DetoxAssertion"},"method":"assertMatcher","args":[{"type":"Invocation","value":{"target":{"type":"Class","value":"androidx.test.espresso.Espresso"},"method":"onView","args":[{"type":"Invocation","value":{"target":{"type":"Class","value":"com.wix.detox.espresso.DetoxMatcher"},"method":"matcherForTestId","args":["successInitResult"]}}]}},{"type":"Invocation","value":{"target":{"type":"Class","value":"com.wix.detox.espresso.DetoxMatcher"},"method":"matcherForText","args":["Success"]}}]}
04-13 12:01:13.762 24987 25035 D Detox   : class com.wix.detox.espresso.DetoxMatcher, matcherForTestId, [successInitResult]
04-13 12:01:13.762 24987 25035 D Detox   : class androidx.test.espresso.Espresso, onView, [(with tag value: is "successInitResult" and view has effective visibility=VISIBLE)]
04-13 12:01:13.762 24987 25035 D Detox   : class com.wix.detox.espresso.DetoxMatcher, matcherForText, [Success]
04-13 12:01:13.763 24987 25035 D Detox   : class com.wix.detox.espresso.DetoxAssertion, assertMatcher, [androidx.test.espresso.ViewInteraction@cd9e555, (with text: is "Success" and view has effective visibility=VISIBLE)]
04-13 12:01:13.770 24987 24987 I ViewInteraction: Checking 'MatchesViewAssertion(Detox){viewMatcher=(with text: is "Success" and view has effective visibility=VISIBLE)}' assertion on view (with tag value: is "successInitResult" and view has effective visibility=VISIBLE)
04-13 12:01:13.771 24987 25035 I WebSocketClient: At sendAction
04-13 12:01:13.771 24987 25035 D WebSocketClient: Detox Action Sent: invokeResult
04-13 12:01:13.802 24987 25071 I com.detoxtest: Waiting for a blocking GC ClassLinker
