--------- beginning of main
04-13 11:32:20.027 21138 21182 D SoLoader: init exiting
04-13 11:32:20.042 21138 21138 E unknown:ReactNative: Unable to launch logbox because react was unable to create the root view
04-13 11:32:20.051 21138 21181 E ReactNativeJNI: logMarker RUN_JS_BUNDLE_END
04-13 11:32:20.053 21138 21181 I ReactNativeJS: Running "detoxTest" with {"rootTag":1}
04-13 11:32:20.064 21138 21185 I Detox   : Detox thread starting (com.wix.detox.manager)
04-13 11:32:20.067 21138 21185 I DetoxManager: DetoxServerUrl: ws://localhost:61485
04-13 11:32:20.075 21138 21185 I DetoxManager: DetoxSessionId: 16dc1e3d-e499-7766-9a5f-5e62ef5e5b5b
04-13 11:32:20.079 21138 21138 D DetoxRNLoading: Got new RN-context directly and immediately
04-13 11:32:20.082 21138 21185 I DetoxRNIdleRes: Setting up Espresso Idling Resources for React Native.
04-13 11:32:20.123 21138 21185 D AsyncStorageIR: Checking whether a custom IR for Async-Storage is required... (legacy=false)
04-13 11:32:20.123 21138 21185 D DetoxRNHelpers: Native module not resolved: no such class
04-13 11:32:20.123 21138 21185 D AsyncStorageIR: Checking whether a custom IR for Async-Storage is required... (legacy=true)
04-13 11:32:20.124 21138 21185 D AsyncStorageIR: IR for Async-Storage is required! (legacy=true)
04-13 11:32:20.129 21138 21138 D AsyncStorageIRLegacy: Async-storage is busy!
04-13 11:32:20.143 21138 21185 I WebSocketClient: At connectToServer
04-13 11:32:20.177 21138 21194 I WebSocketClient: At onOpen
04-13 11:32:20.177 21138 21194 I WebSocketClient: At sendAction
04-13 11:32:20.178 21138 21194 D WebSocketClient: Detox Action Sent: login
04-13 11:32:20.383 21138 21138 I Detox   : Wait is over: app is now idle!
04-13 11:32:20.390 21138 21194 I WebSocketClient: At sendAction
04-13 11:32:20.391 21138 21194 D WebSocketClient: Detox Action Sent: ready
04-13 11:32:20.395 21138 21194 I WebSocketClient: At onMessage
04-13 11:32:20.395 21138 21194 I WebSocketClient: At receiveAction
04-13 11:32:20.395 21138 21194 D WebSocketClient: Detox Action Received: loginSuccess
04-13 11:32:20.395 21138 21194 I DetoxManager: onAction: type: loginSuccess params: {"testerConnected":true,"appConnected":true}
04-13 11:32:20.439 21138 21194 I WebSocketClient: At onMessage
04-13 11:32:20.439 21138 21194 I WebSocketClient: At receiveAction
04-13 11:32:20.439 21138 21194 D WebSocketClient: Detox Action Received: reactNativeReload
04-13 11:32:20.439 21138 21194 I DetoxManager: onAction: type: reactNativeReload params: {}
04-13 11:32:20.444 21138 21185 I DetoxRNExt: Reloading React Native
04-13 11:32:20.452 21138 21207 E unknown:ReactNative: ReactInstanceManager.createReactContext: mJSIModulePackage null
04-13 11:32:20.452 21138 21208 E ReactNativeJNI: logMarker CREATE_REACT_CONTEXT_END
04-13 11:32:20.456 21138 21208 E ReactNativeJNI: logMarker RUN_JS_BUNDLE_START
04-13 11:32:20.456 21138 21209 E unknown:ReactNative: ReactInstanceManager.attachRootViewToInstance()
04-13 11:32:20.456 21138 21209 W unknown:ViewManagerPropertyUpdater: Could not find generated setter for class com.facebook.react.views.art.ARTGroupViewManager
04-13 11:32:20.457 21138 21209 W unknown:ViewManagerPropertyUpdater: Could not find generated setter for class com.facebook.react.views.art.ARTGroupShadowNode
04-13 11:32:20.457 21138 21209 W unknown:ViewManagerPropertyUpdater: Could not find generated setter for class com.facebook.react.views.art.ARTShapeViewManager
04-13 11:32:20.457 21138 21209 W unknown:ViewManagerPropertyUpdater: Could not find generated setter for class com.facebook.react.views.art.ARTShapeShadowNode
04-13 11:32:20.457 21138 21209 W unknown:ViewManagerPropertyUpdater: Could not find generated setter for class com.facebook.react.views.art.ARTTextViewManager
04-13 11:32:20.457 21138 21209 W unknown:ViewManagerPropertyUpdater: Could not find generated setter for class com.facebook.react.views.art.ARTTextShadowNode
04-13 11:32:20.457 21138 21209 W unknown:ViewManagerPropertyUpdater: Could not find generated setter for class com.facebook.react.views.checkbox.ReactCheckBoxManager
04-13 11:32:20.458 21138 21209 W unknown:ViewManagerPropertyUpdater: Could not find generated setter for class com.facebook.react.uimanager.LayoutShadowNode
04-13 11:32:20.461 21138 21209 W unknown:ViewManagerPropertyUpdater: Could not find generated setter for class com.facebook.react.views.picker.ReactDialogPickerManager
04-13 11:32:20.462 21138 21209 W unknown:ViewManagerPropertyUpdater: Could not find generated setter for class com.facebook.react.views.drawer.ReactDrawerLayoutManager
04-13 11:32:20.463 21138 21209 W unknown:ViewManagerPropertyUpdater: Could not find generated setter for class com.facebook.react.views.picker.ReactDropdownPickerManager
04-13 11:32:20.464 21138 21209 W unknown:ViewManagerPropertyUpdater: Could not find generated setter for class com.facebook.react.views.scroll.ReactHorizontalScrollViewManager
04-13 11:32:20.465 21138 21209 W unknown:ViewManagerPropertyUpdater: Could not find generated setter for class com.facebook.react.views.scroll.ReactHorizontalScrollContainerViewManager
04-13 11:32:20.465 21138 21209 W unknown:ViewManagerPropertyUpdater: Could not find generated setter for class com.facebook.react.views.progressbar.ReactProgressBarViewManager
04-13 11:32:20.466 21138 21209 W unknown:ViewManagerPropertyUpdater: Could not find generated setter for class com.facebook.react.views.progressbar.ProgressBarShadowNode
04-13 11:32:20.467 21138 21209 W unknown:ViewManagerPropertyUpdater: Could not find generated setter for class com.facebook.react.views.scroll.ReactScrollViewManager
04-13 11:32:20.469 21138 21209 W unknown:ViewManagerPropertyUpdater: Could not find generated setter for class com.facebook.react.views.slider.ReactSliderManager
04-13 11:32:20.469 21138 21209 W unknown:ViewManagerPropertyUpdater: Could not find generated setter for class com.facebook.react.views.slider.ReactSliderManager$ReactSliderShadowNode
04-13 11:32:20.470 21138 21209 W unknown:ViewManagerPropertyUpdater: Could not find generated setter for class com.facebook.react.views.switchview.ReactSwitchManager
04-13 11:32:20.471 21138 21209 W unknown:ViewManagerPropertyUpdater: Could not find generated setter for class com.facebook.react.views.switchview.ReactSwitchManager$ReactSwitchShadowNode
04-13 11:32:20.472 21138 21209 W unknown:ViewManagerPropertyUpdater: Could not find generated setter for class com.facebook.react.views.swiperefresh.SwipeRefreshLayoutManager
04-13 11:32:20.474 21138 21209 W unknown:ViewManagerPropertyUpdater: Could not find generated setter for class com.facebook.react.views.art.ARTSurfaceViewManager
04-13 11:32:20.475 21138 21209 W unknown:ViewManagerPropertyUpdater: Could not find generated setter for class com.facebook.react.views.art.ARTSurfaceViewShadowNode
04-13 11:32:20.475 21138 21209 W unknown:ViewManagerPropertyUpdater: Could not find generated setter for class com.facebook.react.views.text.frescosupport.FrescoBasedReactTextInlineImageViewManager
04-13 11:32:20.475 21138 21209 W unknown:ViewManagerPropertyUpdater: Could not find generated setter for class com.facebook.react.views.text.frescosupport.FrescoBasedReactTextInlineImageShadowNode
04-13 11:32:20.475 21138 21209 W unknown:ViewManagerPropertyUpdater: Could not find generated setter for class com.facebook.react.views.image.ReactImageManager
04-13 11:32:20.476 21138 21209 W unknown:ViewManagerPropertyUpdater: Could not find generated setter for class com.facebook.react.views.modal.ReactModalHostManager
04-13 11:32:20.479 21138 21209 W unknown:ViewManagerPropertyUpdater: Could not find generated setter for class com.facebook.react.views.modal.ModalHostShadowNode
04-13 11:32:20.479 21138 21209 W unknown:ViewManagerPropertyUpdater: Could not find generated setter for class com.facebook.react.views.text.ReactRawTextManager
04-13 11:32:20.479 21138 21209 W unknown:ViewManagerPropertyUpdater: Could not find generated setter for class com.facebook.react.views.text.ReactRawTextShadowNode
04-13 11:32:20.479 21138 21209 W unknown:ViewManagerPropertyUpdater: Could not find generated setter for class com.facebook.react.views.textinput.ReactTextInputManager
04-13 11:32:20.494 21138 21209 W unknown:ViewManagerPropertyUpdater: Could not find generated setter for class com.facebook.react.views.textinput.ReactTextInputShadowNode
04-13 11:32:20.495 21138 21209 W unknown:ViewManagerPropertyUpdater: Could not find generated setter for class com.facebook.react.views.text.ReactTextViewManager
04-13 11:32:20.495 21138 21209 W unknown:ViewManagerPropertyUpdater: Could not find generated setter for class com.facebook.react.views.text.ReactTextShadowNode
04-13 11:32:20.495 21138 21209 W unknown:ViewManagerPropertyUpdater: Could not find generated setter for class com.facebook.react.views.view.ReactViewManager
04-13 11:32:20.496 21138 21209 W unknown:ViewManagerPropertyUpdater: Could not find generated setter for class com.facebook.react.views.viewpager.ReactViewPagerManager
04-13 11:32:20.496 21138 21209 W unknown:ViewManagerPropertyUpdater: Could not find generated setter for class com.facebook.react.views.text.ReactVirtualTextViewManager
04-13 11:32:20.496 21138 21209 W unknown:ViewManagerPropertyUpdater: Could not find generated setter for class com.facebook.react.views.text.ReactVirtualTextShadowNode
04-13 11:32:20.497 21138 21209 E unknown:ReactRootView: runApplication: call AppRegistry.runApplication
04-13 11:32:20.497 21138 21138 I DetoxRNLoading: Got new RN-context async'ly through listener
04-13 11:32:20.497 21138 21185 I DetoxRNIdleRes: Setting up Espresso Idling Resources for React Native.
04-13 11:32:20.500 21138 21185 D AsyncStorageIR: Checking whether a custom IR for Async-Storage is required... (legacy=false)
04-13 11:32:20.500 21138 21185 D DetoxRNHelpers: Native module not resolved: no such class
04-13 11:32:20.500 21138 21185 D AsyncStorageIR: Checking whether a custom IR for Async-Storage is required... (legacy=true)
04-13 11:32:20.500 21138 21185 D AsyncStorageIR: IR for Async-Storage is required! (legacy=true)
04-13 11:32:20.502 21138 21138 I Detox   : UIManagerModule is busy
04-13 11:32:20.507 21138 21138 D AsyncStorageIRLegacy: Async-storage is busy!
04-13 11:32:20.511 21138 21185 I WebSocketClient: At sendAction
04-13 11:32:20.512 21138 21185 D WebSocketClient: Detox Action Sent: ready
04-13 11:32:20.518 21138 21194 I WebSocketClient: At onMessage
04-13 11:32:20.518 21138 21194 I WebSocketClient: At receiveAction
04-13 11:32:20.519 21138 21194 D WebSocketClient: Detox Action Received: invoke
04-13 11:32:20.519 21138 21194 I DetoxManager: onAction: type: invoke params: {"target":{"type":"Class","value":"com.wix.detox.espresso.DetoxAssertion"},"method":"assertMatcher","args":[{"type":"Invocation","value":{"target":{"type":"Class","value":"androidx.test.espresso.Espresso"},"method":"onView","args":[{"type":"Invocation","value":{"target":{"type":"Class","value":"com.wix.detox.espresso.DetoxMatcher"},"method":"matcherForTestId","args":["successInitButton"]}}]}},{"type":"Invocation","value":{"target":{"type":"Class","value":"com.wix.detox.espresso.DetoxMatcher"},"method":"matcherForSufficientlyVisible","args":[]}}]}
04-13 11:32:20.520 21138 21138 I IdlingResourceRegistry: Ignoring message from unregistered resource: androidx.test.espresso.base.LooperIdlingResourceInterrogationHandler@f361957
04-13 11:32:20.520 21138 21138 I IdlingResourceRegistry: Ignoring message from unregistered resource: androidx.test.espresso.base.LooperIdlingResourceInterrogationHandler@f361957
04-13 11:32:20.536 21138 21185 D Detox   : class com.wix.detox.espresso.DetoxMatcher, matcherForTestId, [successInitButton]
04-13 11:32:20.557 21138 21185 D Detox   : class androidx.test.espresso.Espresso, onView, [(with tag value: is "successInitButton" and view has effective visibility=VISIBLE)]
04-13 11:32:20.558 21138 21185 D Detox   : class com.wix.detox.espresso.DetoxMatcher, matcherForSufficientlyVisible, []
04-13 11:32:20.559 21138 21185 D Detox   : class com.wix.detox.espresso.DetoxAssertion, assertMatcher, [androidx.test.espresso.ViewInteraction@88c0fdc, at least 75 percent of the view's area is displayed to the user.]
04-13 11:32:20.560 21138 21138 E unknown:ReactNative: Unable to launch logbox because react was unable to create the root view
04-13 11:32:20.576 21138 21208 E ReactNativeJNI: logMarker RUN_JS_BUNDLE_END
04-13 11:32:20.576 21138 21208 I ReactNativeJS: Running "detoxTest" with {"rootTag":11}
04-13 11:32:20.813 21138 21138 I ViewInteraction: Checking 'MatchesViewAssertion(Detox){viewMatcher=at least 75 percent of the view's area is displayed to the user.}' assertion on view (with tag value: is "successInitButton" and view has effective visibility=VISIBLE)
04-13 11:32:20.814 21138 21185 I WebSocketClient: At sendAction
04-13 11:32:20.815 21138 21185 D WebSocketClient: Detox Action Sent: invokeResult
04-13 11:32:20.820 21138 21194 I WebSocketClient: At onMessage
04-13 11:32:20.820 21138 21194 I WebSocketClient: At receiveAction
04-13 11:32:20.820 21138 21194 D WebSocketClient: Detox Action Received: invoke
04-13 11:32:20.820 21138 21194 I DetoxManager: onAction: type: invoke params: {"target":{"type":"Class","value":"com.wix.detox.espresso.EspressoDetox"},"method":"perform","args":[{"type":"Invocation","value":{"target":{"type":"Class","value":"androidx.test.espresso.Espresso"},"method":"onView","args":[{"type":"Invocation","value":{"target":{"type":"Class","value":"com.wix.detox.espresso.DetoxMatcher"},"method":"matcherForTestId","args":["successInitButton"]}}]}},{"type":"Invocation","value":{"target":{"type":"Class","value":"com.wix.detox.espresso.DetoxViewActions"},"method":"click","args":[]}}]}
04-13 11:32:20.821 21138 21185 D Detox   : class com.wix.detox.espresso.DetoxMatcher, matcherForTestId, [successInitButton]
04-13 11:32:20.821 21138 21185 D Detox   : class androidx.test.espresso.Espresso, onView, [(with tag value: is "successInitButton" and view has effective visibility=VISIBLE)]
04-13 11:32:20.821 21138 21185 D Detox   : class com.wix.detox.espresso.DetoxViewActions, click, []
04-13 11:32:20.829 21138 21185 D Detox   : class com.wix.detox.espresso.EspressoDetox, perform, [androidx.test.espresso.ViewInteraction@fa081d1, com.wix.detox.espresso.action.RNClickAction@78b2436]
04-13 11:32:20.833 21138 21138 I ViewInteraction: Performing 'com.wix.detox.espresso.action.detoxsingletap@30b0f37 click' action on view (with tag value: is "successInitButton" and view has effective visibility=VISIBLE)
04-13 11:32:20.882 21138 21138 I Detox   : UIManagerModule is busy
04-13 11:32:21.000 21138 21209 D AppsFlyer_6.2.0: Initializing AppsFlyer SDK: (v6.2.0.91)
04-13 11:32:21.165 21138 21219 I TetheringManager: registerTetheringEventCallback:com.detoxtest
04-13 11:32:21.208 21138 21219 I com.detoxtest: Waiting for a blocking GC ClassLinker
04-13 11:32:21.210 21138 21223 I com.detoxtest: Waiting for a blocking GC ClassLinker
04-13 11:32:21.231 21138 21219 I com.detoxtest: WaitForGcToComplete blocked ClassLinker on ClassLinker for 22.568ms
04-13 11:32:21.231 21138 21223 I com.detoxtest: WaitForGcToComplete blocked ClassLinker on ClassLinker for 21.048ms
04-13 11:32:21.426 21138 21185 I WebSocketClient: At sendAction
04-13 11:32:21.426 21138 21185 D WebSocketClient: Detox Action Sent: invokeResult
04-13 11:32:21.431 21138 21194 I WebSocketClient: At onMessage
04-13 11:32:21.431 21138 21194 I WebSocketClient: At receiveAction
04-13 11:32:21.432 21138 21194 D WebSocketClient: Detox Action Received: invoke
04-13 11:32:21.433 21138 21194 I DetoxManager: onAction: type: invoke params: {"target":{"type":"Class","value":"com.wix.detox.espresso.DetoxAssertion"},"method":"assertMatcher","args":[{"type":"Invocation","value":{"target":{"type":"Class","value":"androidx.test.espresso.Espresso"},"method":"onView","args":[{"type":"Invocation","value":{"target":{"type":"Class","value":"com.wix.detox.espresso.DetoxMatcher"},"method":"matcherForTestId","args":["successInitResult"]}}]}},{"type":"Invocation","value":{"target":{"type":"Class","value":"com.wix.detox.espresso.DetoxMatcher"},"method":"matcherForText","args":["Success"]}}]}
04-13 11:32:21.433 21138 21185 D Detox   : class com.wix.detox.espresso.DetoxMatcher, matcherForTestId, [successInitResult]
04-13 11:32:21.433 21138 21185 D Detox   : class androidx.test.espresso.Espresso, onView, [(with tag value: is "successInitResult" and view has effective visibility=VISIBLE)]
04-13 11:32:21.434 21138 21185 D Detox   : class com.wix.detox.espresso.DetoxMatcher, matcherForText, [Success]
04-13 11:32:21.434 21138 21185 D Detox   : class com.wix.detox.espresso.DetoxAssertion, assertMatcher, [androidx.test.espresso.ViewInteraction@8c29f93, (with text: is "Success" and view has effective visibility=VISIBLE)]
04-13 11:32:21.438 21138 21138 I ViewInteraction: Checking 'MatchesViewAssertion(Detox){viewMatcher=(with text: is "Success" and view has effective visibility=VISIBLE)}' assertion on view (with tag value: is "successInitResult" and view has effective visibility=VISIBLE)
04-13 11:32:21.439 21138 21185 I WebSocketClient: At sendAction
04-13 11:32:21.440 21138 21185 D WebSocketClient: Detox Action Sent: invokeResult
