--------- beginning of main
04-13 11:33:44.013 21468 21518 D AsyncStorageIR: Checking whether a custom IR for Async-Storage is required... (legacy=false)
04-13 11:33:44.013 21468 21518 D DetoxRNHelpers: Native module not resolved: no such class
04-13 11:33:44.013 21468 21518 D AsyncStorageIR: Checking whether a custom IR for Async-Storage is required... (legacy=true)
04-13 11:33:44.014 21468 21518 D AsyncStorageIR: IR for Async-Storage is required! (legacy=true)
04-13 11:33:44.016 21468 21468 D AsyncStorageIRLegacy: Async-storage is busy!
04-13 11:33:44.020 21468 21518 I WebSocketClient: At connectToServer
04-13 11:33:44.040 21468 21521 I WebSocketClient: At onOpen
04-13 11:33:44.040 21468 21521 I WebSocketClient: At sendAction
04-13 11:33:44.040 21468 21521 D WebSocketClient: Detox Action Sent: login
04-13 11:33:44.183 21468 21468 I Detox   : Wait is over: app is now idle!
04-13 11:33:44.191 21468 21521 I WebSocketClient: At sendAction
04-13 11:33:44.193 21468 21521 D WebSocketClient: Detox Action Sent: ready
04-13 11:33:44.196 21468 21521 I WebSocketClient: At onMessage
04-13 11:33:44.196 21468 21521 I WebSocketClient: At receiveAction
04-13 11:33:44.196 21468 21521 D WebSocketClient: Detox Action Received: loginSuccess
04-13 11:33:44.196 21468 21521 I DetoxManager: onAction: type: loginSuccess params: {"testerConnected":true,"appConnected":true}
04-13 11:33:44.243 21468 21521 I WebSocketClient: At onMessage
04-13 11:33:44.243 21468 21521 I WebSocketClient: At receiveAction
04-13 11:33:44.243 21468 21521 D WebSocketClient: Detox Action Received: reactNativeReload
04-13 11:33:44.243 21468 21521 I DetoxManager: onAction: type: reactNativeReload params: {}
04-13 11:33:44.248 21468 21518 I DetoxRNExt: Reloading React Native
04-13 11:33:44.264 21468 21534 E unknown:ReactNative: ReactInstanceManager.createReactContext: mJSIModulePackage null
04-13 11:33:44.264 21468 21535 E ReactNativeJNI: logMarker CREATE_REACT_CONTEXT_END
04-13 11:33:44.269 21468 21535 E ReactNativeJNI: logMarker RUN_JS_BUNDLE_START
04-13 11:33:44.271 21468 21537 E unknown:ReactNative: ReactInstanceManager.attachRootViewToInstance()
04-13 11:33:44.275 21468 21537 W unknown:ViewManagerPropertyUpdater: Could not find generated setter for class com.facebook.react.views.art.ARTGroupViewManager
04-13 11:33:44.275 21468 21537 W unknown:ViewManagerPropertyUpdater: Could not find generated setter for class com.facebook.react.views.art.ARTGroupShadowNode
04-13 11:33:44.275 21468 21537 W unknown:ViewManagerPropertyUpdater: Could not find generated setter for class com.facebook.react.views.art.ARTShapeViewManager
04-13 11:33:44.275 21468 21537 W unknown:ViewManagerPropertyUpdater: Could not find generated setter for class com.facebook.react.views.art.ARTShapeShadowNode
04-13 11:33:44.276 21468 21537 W unknown:ViewManagerPropertyUpdater: Could not find generated setter for class com.facebook.react.views.art.ARTTextViewManager
04-13 11:33:44.276 21468 21537 W unknown:ViewManagerPropertyUpdater: Could not find generated setter for class com.facebook.react.views.art.ARTTextShadowNode
04-13 11:33:44.276 21468 21537 W unknown:ViewManagerPropertyUpdater: Could not find generated setter for class com.facebook.react.views.checkbox.ReactCheckBoxManager
04-13 11:33:44.279 21468 21537 W unknown:ViewManagerPropertyUpdater: Could not find generated setter for class com.facebook.react.uimanager.LayoutShadowNode
04-13 11:33:44.281 21468 21537 W unknown:ViewManagerPropertyUpdater: Could not find generated setter for class com.facebook.react.views.picker.ReactDialogPickerManager
04-13 11:33:44.282 21468 21537 W unknown:ViewManagerPropertyUpdater: Could not find generated setter for class com.facebook.react.views.drawer.ReactDrawerLayoutManager
04-13 11:33:44.283 21468 21537 W unknown:ViewManagerPropertyUpdater: Could not find generated setter for class com.facebook.react.views.picker.ReactDropdownPickerManager
04-13 11:33:44.284 21468 21537 W unknown:ViewManagerPropertyUpdater: Could not find generated setter for class com.facebook.react.views.scroll.ReactHorizontalScrollViewManager
04-13 11:33:44.287 21468 21537 W unknown:ViewManagerPropertyUpdater: Could not find generated setter for class com.facebook.react.views.scroll.ReactHorizontalScrollContainerViewManager
04-13 11:33:44.287 21468 21537 W unknown:ViewManagerPropertyUpdater: Could not find generated setter for class com.facebook.react.views.progressbar.ReactProgressBarViewManager
04-13 11:33:44.288 21468 21537 W unknown:ViewManagerPropertyUpdater: Could not find generated setter for class com.facebook.react.views.progressbar.ProgressBarShadowNode
04-13 11:33:44.289 21468 21537 W unknown:ViewManagerPropertyUpdater: Could not find generated setter for class com.facebook.react.views.scroll.ReactScrollViewManager
04-13 11:33:44.290 21468 21537 W unknown:ViewManagerPropertyUpdater: Could not find generated setter for class com.facebook.react.views.slider.ReactSliderManager
04-13 11:33:44.290 21468 21537 W unknown:ViewManagerPropertyUpdater: Could not find generated setter for class com.facebook.react.views.slider.ReactSliderManager$ReactSliderShadowNode
04-13 11:33:44.291 21468 21537 W unknown:ViewManagerPropertyUpdater: Could not find generated setter for class com.facebook.react.views.switchview.ReactSwitchManager
04-13 11:33:44.292 21468 21537 W unknown:ViewManagerPropertyUpdater: Could not find generated setter for class com.facebook.react.views.switchview.ReactSwitchManager$ReactSwitchShadowNode
04-13 11:33:44.292 21468 21537 W unknown:ViewManagerPropertyUpdater: Could not find generated setter for class com.facebook.react.views.swiperefresh.SwipeRefreshLayoutManager
04-13 11:33:44.293 21468 21537 W unknown:ViewManagerPropertyUpdater: Could not find generated setter for class com.facebook.react.views.art.ARTSurfaceViewManager
04-13 11:33:44.293 21468 21537 W unknown:ViewManagerPropertyUpdater: Could not find generated setter for class com.facebook.react.views.art.ARTSurfaceViewShadowNode
04-13 11:33:44.293 21468 21537 W unknown:ViewManagerPropertyUpdater: Could not find generated setter for class com.facebook.react.views.text.frescosupport.FrescoBasedReactTextInlineImageViewManager
04-13 11:33:44.293 21468 21537 W unknown:ViewManagerPropertyUpdater: Could not find generated setter for class com.facebook.react.views.text.frescosupport.FrescoBasedReactTextInlineImageShadowNode
04-13 11:33:44.294 21468 21537 W unknown:ViewManagerPropertyUpdater: Could not find generated setter for class com.facebook.react.views.image.ReactImageManager
04-13 11:33:44.294 21468 21537 W unknown:ViewManagerPropertyUpdater: Could not find generated setter for class com.facebook.react.views.modal.ReactModalHostManager
04-13 11:33:44.295 21468 21537 W unknown:ViewManagerPropertyUpdater: Could not find generated setter for class com.facebook.react.views.modal.ModalHostShadowNode
04-13 11:33:44.295 21468 21537 W unknown:ViewManagerPropertyUpdater: Could not find generated setter for class com.facebook.react.views.text.ReactRawTextManager
04-13 11:33:44.295 21468 21537 W unknown:ViewManagerPropertyUpdater: Could not find generated setter for class com.facebook.react.views.text.ReactRawTextShadowNode
04-13 11:33:44.296 21468 21537 W unknown:ViewManagerPropertyUpdater: Could not find generated setter for class com.facebook.react.views.textinput.ReactTextInputManager
04-13 11:33:44.297 21468 21537 W unknown:ViewManagerPropertyUpdater: Could not find generated setter for class com.facebook.react.views.textinput.ReactTextInputShadowNode
04-13 11:33:44.298 21468 21537 W unknown:ViewManagerPropertyUpdater: Could not find generated setter for class com.facebook.react.views.text.ReactTextViewManager
04-13 11:33:44.298 21468 21537 W unknown:ViewManagerPropertyUpdater: Could not find generated setter for class com.facebook.react.views.text.ReactTextShadowNode
04-13 11:33:44.298 21468 21537 W unknown:ViewManagerPropertyUpdater: Could not find generated setter for class com.facebook.react.views.view.ReactViewManager
04-13 11:33:44.302 21468 21537 W unknown:ViewManagerPropertyUpdater: Could not find generated setter for class com.facebook.react.views.viewpager.ReactViewPagerManager
04-13 11:33:44.302 21468 21537 W unknown:ViewManagerPropertyUpdater: Could not find generated setter for class com.facebook.react.views.text.ReactVirtualTextViewManager
04-13 11:33:44.302 21468 21537 W unknown:ViewManagerPropertyUpdater: Could not find generated setter for class com.facebook.react.views.text.ReactVirtualTextShadowNode
04-13 11:33:44.303 21468 21537 E unknown:ReactRootView: runApplication: call AppRegistry.runApplication
04-13 11:33:44.304 21468 21468 I DetoxRNLoading: Got new RN-context async'ly through listener
04-13 11:33:44.304 21468 21518 I DetoxRNIdleRes: Setting up Espresso Idling Resources for React Native.
04-13 11:33:44.306 21468 21518 D AsyncStorageIR: Checking whether a custom IR for Async-Storage is required... (legacy=false)
04-13 11:33:44.307 21468 21518 D DetoxRNHelpers: Native module not resolved: no such class
04-13 11:33:44.307 21468 21518 D AsyncStorageIR: Checking whether a custom IR for Async-Storage is required... (legacy=true)
04-13 11:33:44.307 21468 21518 D AsyncStorageIR: IR for Async-Storage is required! (legacy=true)
04-13 11:33:44.307 21468 21468 I Detox   : UIManagerModule is busy
04-13 11:33:44.308 21468 21468 D AsyncStorageIRLegacy: Async-storage is busy!
04-13 11:33:44.309 21468 21518 I WebSocketClient: At sendAction
04-13 11:33:44.309 21468 21518 D WebSocketClient: Detox Action Sent: ready
04-13 11:33:44.315 21468 21521 I WebSocketClient: At onMessage
04-13 11:33:44.315 21468 21521 I WebSocketClient: At receiveAction
04-13 11:33:44.315 21468 21521 D WebSocketClient: Detox Action Received: invoke
04-13 11:33:44.316 21468 21521 I DetoxManager: onAction: type: invoke params: {"target":{"type":"Class","value":"com.wix.detox.espresso.DetoxAssertion"},"method":"assertMatcher","args":[{"type":"Invocation","value":{"target":{"type":"Class","value":"androidx.test.espresso.Espresso"},"method":"onView","args":[{"type":"Invocation","value":{"target":{"type":"Class","value":"com.wix.detox.espresso.DetoxMatcher"},"method":"matcherForTestId","args":["successInitButton"]}}]}},{"type":"Invocation","value":{"target":{"type":"Class","value":"com.wix.detox.espresso.DetoxMatcher"},"method":"matcherForSufficientlyVisible","args":[]}}]}
04-13 11:33:44.337 21468 21518 D Detox   : class com.wix.detox.espresso.DetoxMatcher, matcherForTestId, [successInitButton]
04-13 11:33:44.355 21468 21468 E unknown:ReactNative: Unable to launch logbox because react was unable to create the root view
04-13 11:33:44.360 21468 21518 D Detox   : class androidx.test.espresso.Espresso, onView, [(with tag value: is "successInitButton" and view has effective visibility=VISIBLE)]
04-13 11:33:44.361 21468 21518 D Detox   : class com.wix.detox.espresso.DetoxMatcher, matcherForSufficientlyVisible, []
04-13 11:33:44.362 21468 21518 D Detox   : class com.wix.detox.espresso.DetoxAssertion, assertMatcher, [androidx.test.espresso.ViewInteraction@c44dc4f, at least 75 percent of the view's area is displayed to the user.]
04-13 11:33:44.373 21468 21535 E ReactNativeJNI: logMarker RUN_JS_BUNDLE_END
04-13 11:33:44.373 21468 21535 I ReactNativeJS: Running "detoxTest" with {"rootTag":11}
04-13 11:33:44.606 21468 21468 I ViewInteraction: Checking 'MatchesViewAssertion(Detox){viewMatcher=at least 75 percent of the view's area is displayed to the user.}' assertion on view (with tag value: is "successInitButton" and view has effective visibility=VISIBLE)
04-13 11:33:44.607 21468 21518 I WebSocketClient: At sendAction
04-13 11:33:44.608 21468 21518 D WebSocketClient: Detox Action Sent: invokeResult
04-13 11:33:44.612 21468 21521 I WebSocketClient: At onMessage
04-13 11:33:44.613 21468 21521 I WebSocketClient: At receiveAction
04-13 11:33:44.613 21468 21521 D WebSocketClient: Detox Action Received: invoke
04-13 11:33:44.613 21468 21521 I DetoxManager: onAction: type: invoke params: {"target":{"type":"Class","value":"com.wix.detox.espresso.EspressoDetox"},"method":"perform","args":[{"type":"Invocation","value":{"target":{"type":"Class","value":"androidx.test.espresso.Espresso"},"method":"onView","args":[{"type":"Invocation","value":{"target":{"type":"Class","value":"com.wix.detox.espresso.DetoxMatcher"},"method":"matcherForTestId","args":["successInitButton"]}}]}},{"type":"Invocation","value":{"target":{"type":"Class","value":"com.wix.detox.espresso.DetoxViewActions"},"method":"click","args":[]}}]}
04-13 11:33:44.613 21468 21518 D Detox   : class com.wix.detox.espresso.DetoxMatcher, matcherForTestId, [successInitButton]
04-13 11:33:44.613 21468 21518 D Detox   : class androidx.test.espresso.Espresso, onView, [(with tag value: is "successInitButton" and view has effective visibility=VISIBLE)]
04-13 11:33:44.614 21468 21518 D Detox   : class com.wix.detox.espresso.DetoxViewActions, click, []
04-13 11:33:44.622 21468 21518 D Detox   : class com.wix.detox.espresso.EspressoDetox, perform, [androidx.test.espresso.ViewInteraction@bfeb8f8, com.wix.detox.espresso.action.RNClickAction@fa081d1]
04-13 11:33:44.625 21468 21468 I ViewInteraction: Performing 'com.wix.detox.espresso.action.detoxsingletap@78b2436 click' action on view (with tag value: is "successInitButton" and view has effective visibility=VISIBLE)
04-13 11:33:44.785 21468 21537 D AppsFlyer_6.2.0: Initializing AppsFlyer SDK: (v6.2.0.91)
04-13 11:33:44.953 21468 21545 I TetheringManager: registerTetheringEventCallback:com.detoxtest
04-13 11:33:45.052 21468 21518 I WebSocketClient: At sendAction
04-13 11:33:45.052 21468 21518 D WebSocketClient: Detox Action Sent: invokeResult
04-13 11:33:45.056 21468 21521 I WebSocketClient: At onMessage
04-13 11:33:45.056 21468 21521 I WebSocketClient: At receiveAction
04-13 11:33:45.056 21468 21521 D WebSocketClient: Detox Action Received: invoke
04-13 11:33:45.056 21468 21521 I DetoxManager: onAction: type: invoke params: {"target":{"type":"Class","value":"com.wix.detox.espresso.DetoxAssertion"},"method":"assertMatcher","args":[{"type":"Invocation","value":{"target":{"type":"Class","value":"androidx.test.espresso.Espresso"},"method":"onView","args":[{"type":"Invocation","value":{"target":{"type":"Class","value":"com.wix.detox.espresso.DetoxMatcher"},"method":"matcherForTestId","args":["successInitResult"]}}]}},{"type":"Invocation","value":{"target":{"type":"Class","value":"com.wix.detox.espresso.DetoxMatcher"},"method":"matcherForText","args":["Success"]}}]}
04-13 11:33:45.057 21468 21518 D Detox   : class com.wix.detox.espresso.DetoxMatcher, matcherForTestId, [successInitResult]
04-13 11:33:45.058 21468 21518 D Detox   : class androidx.test.espresso.Espresso, onView, [(with tag value: is "successInitResult" and view has effective visibility=VISIBLE)]
04-13 11:33:45.059 21468 21518 D Detox   : class com.wix.detox.espresso.DetoxMatcher, matcherForText, [Success]
04-13 11:33:45.059 21468 21518 D Detox   : class com.wix.detox.espresso.DetoxAssertion, assertMatcher, [androidx.test.espresso.ViewInteraction@d390d04, (with text: is "Success" and view has effective visibility=VISIBLE)]
04-13 11:33:45.063 21468 21468 I ViewInteraction: Checking 'MatchesViewAssertion(Detox){viewMatcher=(with text: is "Success" and view has effective visibility=VISIBLE)}' assertion on view (with tag value: is "successInitResult" and view has effective visibility=VISIBLE)
04-13 11:33:45.064 21468 21518 I WebSocketClient: At sendAction
04-13 11:33:45.066 21468 21518 D WebSocketClient: Detox Action Sent: invokeResult
