--------- beginning of main
04-13 11:54:02.014 24371 24371 I Detox   : Wait is over: app is now idle!
04-13 11:54:02.025 24371 24423 I WebSocketClient: At sendAction
04-13 11:54:02.027 24371 24423 D WebSocketClient: Detox Action Sent: ready
04-13 11:54:02.032 24371 24423 I WebSocketClient: At onMessage
04-13 11:54:02.032 24371 24423 I WebSocketClient: At receiveAction
04-13 11:54:02.032 24371 24423 D WebSocketClient: Detox Action Received: loginSuccess
04-13 11:54:02.032 24371 24423 I DetoxManager: onAction: type: loginSuccess params: {"testerConnected":true,"appConnected":true}
04-13 11:54:02.037 24371 24423 I WebSocketClient: At onMessage
04-13 11:54:02.037 24371 24423 I WebSocketClient: At receiveAction
04-13 11:54:02.037 24371 24423 D WebSocketClient: Detox Action Received: isReady
04-13 11:54:02.037 24371 24423 I DetoxManager: onAction: type: isReady params: {}
04-13 11:54:02.042 24371 24371 I Detox   : Wait is over: app is now idle!
04-13 11:54:02.043 24371 24418 I WebSocketClient: At sendAction
04-13 11:54:02.043 24371 24418 D WebSocketClient: Detox Action Sent: ready
04-13 11:54:02.089 24371 24423 I WebSocketClient: At onMessage
04-13 11:54:02.090 24371 24423 I WebSocketClient: At receiveAction
04-13 11:54:02.090 24371 24423 D WebSocketClient: Detox Action Received: invoke
04-13 11:54:02.090 24371 24423 I DetoxManager: onAction: type: invoke params: {"target":{"type":"Class","value":"com.wix.detox.espresso.DetoxAssertion"},"method":"assertMatcher","args":[{"type":"Invocation","value":{"target":{"type":"Class","value":"androidx.test.espresso.Espresso"},"method":"onView","args":[{"type":"Invocation","value":{"target":{"type":"Class","value":"com.wix.detox.espresso.DetoxMatcher"},"method":"matcherForTestId","args":["successInitButton"]}}]}},{"type":"Invocation","value":{"target":{"type":"Class","value":"com.wix.detox.espresso.DetoxMatcher"},"method":"matcherForSufficientlyVisible","args":[]}}]}
04-13 11:54:02.112 24371 24418 D Detox   : class com.wix.detox.espresso.DetoxMatcher, matcherForTestId, [successInitButton]
04-13 11:54:02.137 24371 24418 D Detox   : class androidx.test.espresso.Espresso, onView, [(with tag value: is "successInitButton" and view has effective visibility=VISIBLE)]
04-13 11:54:02.139 24371 24418 D Detox   : class com.wix.detox.espresso.DetoxMatcher, matcherForSufficientlyVisible, []
04-13 11:54:02.140 24371 24418 D Detox   : class com.wix.detox.espresso.DetoxAssertion, assertMatcher, [androidx.test.espresso.ViewInteraction@a74700a, at least 75 percent of the view's area is displayed to the user.]
04-13 11:54:02.167 24371 24371 I ViewInteraction: Checking 'MatchesViewAssertion(Detox){viewMatcher=at least 75 percent of the view's area is displayed to the user.}' assertion on view (with tag value: is "successInitButton" and view has effective visibility=VISIBLE)
04-13 11:54:02.169 24371 24418 I WebSocketClient: At sendAction
04-13 11:54:02.169 24371 24418 D WebSocketClient: Detox Action Sent: invokeResult
04-13 11:54:02.174 24371 24423 I WebSocketClient: At onMessage
04-13 11:54:02.174 24371 24423 I WebSocketClient: At receiveAction
04-13 11:54:02.175 24371 24423 D WebSocketClient: Detox Action Received: invoke
04-13 11:54:02.175 24371 24423 I DetoxManager: onAction: type: invoke params: {"target":{"type":"Class","value":"com.wix.detox.espresso.EspressoDetox"},"method":"perform","args":[{"type":"Invocation","value":{"target":{"type":"Class","value":"androidx.test.espresso.Espresso"},"method":"onView","args":[{"type":"Invocation","value":{"target":{"type":"Class","value":"com.wix.detox.espresso.DetoxMatcher"},"method":"matcherForTestId","args":["successInitButton"]}}]}},{"type":"Invocation","value":{"target":{"type":"Class","value":"com.wix.detox.espresso.DetoxViewActions"},"method":"click","args":[]}}]}
04-13 11:54:02.175 24371 24418 D Detox   : class com.wix.detox.espresso.DetoxMatcher, matcherForTestId, [successInitButton]
04-13 11:54:02.176 24371 24418 D Detox   : class androidx.test.espresso.Espresso, onView, [(with tag value: is "successInitButton" and view has effective visibility=VISIBLE)]
04-13 11:54:02.176 24371 24418 D Detox   : class com.wix.detox.espresso.DetoxViewActions, click, []
04-13 11:54:02.190 24371 24418 D Detox   : class com.wix.detox.espresso.EspressoDetox, perform, [androidx.test.espresso.ViewInteraction@3580e98, com.wix.detox.espresso.action.RNClickAction@280b6f1]
04-13 11:54:02.197 24371 24371 I ViewInteraction: Performing 'com.wix.detox.espresso.action.detoxsingletap@7f182d6 click' action on view (with tag value: is "successInitButton" and view has effective visibility=VISIBLE)
04-13 11:54:02.376 24371 24415 D AppsFlyer_6.2.0: Initializing AppsFlyer SDK: (v6.2.0.91)
04-13 11:54:02.592 24371 24444 I TetheringManager: registerTetheringEventCallback:com.detoxtest
04-13 11:54:02.646 24371 24418 I WebSocketClient: At sendAction
04-13 11:54:02.646 24371 24418 D WebSocketClient: Detox Action Sent: invokeResult
04-13 11:54:02.651 24371 24423 I WebSocketClient: At onMessage
04-13 11:54:02.651 24371 24423 I WebSocketClient: At receiveAction
04-13 11:54:02.651 24371 24423 D WebSocketClient: Detox Action Received: invoke
04-13 11:54:02.651 24371 24423 I DetoxManager: onAction: type: invoke params: {"target":{"type":"Class","value":"com.wix.detox.espresso.DetoxAssertion"},"method":"assertMatcher","args":[{"type":"Invocation","value":{"target":{"type":"Class","value":"androidx.test.espresso.Espresso"},"method":"onView","args":[{"type":"Invocation","value":{"target":{"type":"Class","value":"com.wix.detox.espresso.DetoxMatcher"},"method":"matcherForTestId","args":["successInitResult"]}}]}},{"type":"Invocation","value":{"target":{"type":"Class","value":"com.wix.detox.espresso.DetoxMatcher"},"method":"matcherForText","args":["Success"]}}]}
04-13 11:54:02.652 24371 24418 D Detox   : class com.wix.detox.espresso.DetoxMatcher, matcherForTestId, [successInitResult]
04-13 11:54:02.652 24371 24418 D Detox   : class androidx.test.espresso.Espresso, onView, [(with tag value: is "successInitResult" and view has effective visibility=VISIBLE)]
04-13 11:54:02.652 24371 24418 D Detox   : class com.wix.detox.espresso.DetoxMatcher, matcherForText, [Success]
04-13 11:54:02.653 24371 24418 D Detox   : class com.wix.detox.espresso.DetoxAssertion, assertMatcher, [androidx.test.espresso.ViewInteraction@bfeb8f8, (with text: is "Success" and view has effective visibility=VISIBLE)]
04-13 11:54:02.656 24371 24371 I ViewInteraction: Checking 'MatchesViewAssertion(Detox){viewMatcher=(with text: is "Success" and view has effective visibility=VISIBLE)}' assertion on view (with tag value: is "successInitResult" and view has effective visibility=VISIBLE)
04-13 11:54:02.657 24371 24418 I WebSocketClient: At sendAction
04-13 11:54:02.658 24371 24418 D WebSocketClient: Detox Action Sent: invokeResult
04-13 11:54:02.711 24371 24423 I WebSocketClient: At onMessage
04-13 11:54:02.711 24371 24423 I WebSocketClient: At receiveAction
04-13 11:54:02.711 24371 24423 D WebSocketClient: Detox Action Received: invoke
04-13 11:54:02.711 24371 24423 I DetoxManager: onAction: type: invoke params: {"target":{"type":"Class","value":"com.wix.detox.espresso.DetoxAssertion"},"method":"assertMatcher","args":[{"type":"Invocation","value":{"target":{"type":"Class","value":"androidx.test.espresso.Espresso"},"method":"onView","args":[{"type":"Invocation","value":{"target":{"type":"Class","value":"com.wix.detox.espresso.DetoxMatcher"},"method":"matcherForTestId","args":["noDevKeyButton"]}}]}},{"type":"Invocation","value":{"target":{"type":"Class","value":"com.wix.detox.espresso.DetoxMatcher"},"method":"matcherForSufficientlyVisible","args":[]}}]}
04-13 11:54:02.712 24371 24418 D Detox   : class com.wix.detox.espresso.DetoxMatcher, matcherForTestId, [noDevKeyButton]
04-13 11:54:02.712 24371 24418 D Detox   : class androidx.test.espresso.Espresso, onView, [(with tag value: is "noDevKeyButton" and view has effective visibility=VISIBLE)]
04-13 11:54:02.712 24371 24418 D Detox   : class com.wix.detox.espresso.DetoxMatcher, matcherForSufficientlyVisible, []
04-13 11:54:02.713 24371 24418 D Detox   : class com.wix.detox.espresso.DetoxAssertion, assertMatcher, [androidx.test.espresso.ViewInteraction@95a6a0d, at least 75 percent of the view's area is displayed to the user.]
04-13 11:54:02.720 24371 24371 I ViewInteraction: Checking 'MatchesViewAssertion(Detox){viewMatcher=at least 75 percent of the view's area is displayed to the user.}' assertion on view (with tag value: is "noDevKeyButton" and view has effective visibility=VISIBLE)
04-13 11:54:02.722 24371 24418 I WebSocketClient: At sendAction
04-13 11:54:02.722 24371 24418 D WebSocketClient: Detox Action Sent: invokeResult
04-13 11:54:02.729 24371 24423 I WebSocketClient: At onMessage
04-13 11:54:02.729 24371 24423 I WebSocketClient: At receiveAction
04-13 11:54:02.730 24371 24423 D WebSocketClient: Detox Action Received: invoke
04-13 11:54:02.731 24371 24423 I DetoxManager: onAction: type: invoke params: {"target":{"type":"Class","value":"com.wix.detox.espresso.EspressoDetox"},"method":"perform","args":[{"type":"Invocation","value":{"target":{"type":"Class","value":"androidx.test.espresso.Espresso"},"method":"onView","args":[{"type":"Invocation","value":{"target":{"type":"Class","value":"com.wix.detox.espresso.DetoxMatcher"},"method":"matcherForTestId","args":["noDevKeyButton"]}}]}},{"type":"Invocation","value":{"target":{"type":"Class","value":"com.wix.detox.espresso.DetoxViewActions"},"method":"click","args":[]}}]}
04-13 11:54:02.732 24371 24418 D Detox   : class com.wix.detox.espresso.DetoxMatcher, matcherForTestId, [noDevKeyButton]
04-13 11:54:02.735 24371 24418 D Detox   : class androidx.test.espresso.Espresso, onView, [(with tag value: is "noDevKeyButton" and view has effective visibility=VISIBLE)]
04-13 11:54:02.736 24371 24418 D Detox   : class com.wix.detox.espresso.DetoxViewActions, click, []
04-13 11:54:02.736 24371 24418 D Detox   : class com.wix.detox.espresso.EspressoDetox, perform, [androidx.test.espresso.ViewInteraction@add4dc2, com.wix.detox.espresso.action.RNClickAction@3f767d3]
04-13 11:54:02.745 24371 24371 I ViewInteraction: Performing 'com.wix.detox.espresso.action.detoxsingletap@22baf10 click' action on view (with tag value: is "noDevKeyButton" and view has effective visibility=VISIBLE)
04-13 11:54:03.246 24371 24418 I WebSocketClient: At sendAction
04-13 11:54:03.246 24371 24418 D WebSocketClient: Detox Action Sent: invokeResult
04-13 11:54:03.251 24371 24423 I WebSocketClient: At onMessage
04-13 11:54:03.251 24371 24423 I WebSocketClient: At receiveAction
04-13 11:54:03.251 24371 24423 D WebSocketClient: Detox Action Received: invoke
04-13 11:54:03.252 24371 24423 I DetoxManager: onAction: type: invoke params: {"target":{"type":"Class","value":"com.wix.detox.espresso.DetoxAssertion"},"method":"assertMatcher","args":[{"type":"Invocation","value":{"target":{"type":"Class","value":"androidx.test.espresso.Espresso"},"method":"onView","args":[{"type":"Invocation","value":{"target":{"type":"Class","value":"com.wix.detox.espresso.DetoxMatcher"},"method":"matcherForTestId","args":["noDevKeyInitResult"]}}]}},{"type":"Invocation","value":{"target":{"type":"Class","value":"com.wix.detox.espresso.DetoxMatcher"},"method":"matcherForText","args":["No 'devKey' found or its empty"]}}]}
04-13 11:54:03.252 24371 24418 D Detox   : class com.wix.detox.espresso.DetoxMatcher, matcherForTestId, [noDevKeyInitResult]
04-13 11:54:03.252 24371 24418 D Detox   : class androidx.test.espresso.Espresso, onView, [(with tag value: is "noDevKeyInitResult" and view has effective visibility=VISIBLE)]
04-13 11:54:03.253 24371 24418 D Detox   : class com.wix.detox.espresso.DetoxMatcher, matcherForText, [No 'devKey' found or its empty]
04-13 11:54:03.253 24371 24418 D Detox   : class com.wix.detox.espresso.DetoxAssertion, assertMatcher, [androidx.test.espresso.ViewInteraction@82f9aa0, (with text: is "No 'devKey' found or its empty" and view has effective visibility=VISIBLE)]
04-13 11:54:03.255 24371 24371 I ViewInteraction: Checking 'MatchesViewAssertion(Detox){viewMatcher=(with text: is "No 'devKey' found or its empty" and view has effective visibility=VISIBLE)}' assertion on view (with tag value: is "noDevKeyInitResult" and view has effective visibility=VISIBLE)
04-13 11:54:03.256 24371 24418 I WebSocketClient: At sendAction
04-13 11:54:03.257 24371 24418 D WebSocketClient: Detox Action Sent: invokeResult
