--------- beginning of main
04-13 12:13:06.221 26586 26658 I TetheringManager: registerTetheringEventCallback:com.detoxtest
04-13 12:13:06.309 26586 26636 I WebSocketClient: At sendAction
04-13 12:13:06.309 26586 26636 D WebSocketClient: Detox Action Sent: invokeResult
04-13 12:13:06.313 26586 26639 I WebSocketClient: At onMessage
04-13 12:13:06.313 26586 26639 I WebSocketClient: At receiveAction
04-13 12:13:06.314 26586 26639 D WebSocketClient: Detox Action Received: invoke
04-13 12:13:06.314 26586 26639 I DetoxManager: onAction: type: invoke params: {"target":{"type":"Class","value":"com.wix.detox.espresso.DetoxAssertion"},"method":"assertMatcher","args":[{"type":"Invocation","value":{"target":{"type":"Class","value":"androidx.test.espresso.Espresso"},"method":"onView","args":[{"type":"Invocation","value":{"target":{"type":"Class","value":"com.wix.detox.espresso.DetoxMatcher"},"method":"matcherForTestId","args":["successInitResult"]}}]}},{"type":"Invocation","value":{"target":{"type":"Class","value":"com.wix.detox.espresso.DetoxMatcher"},"method":"matcherForText","args":["Success"]}}]}
04-13 12:13:06.314 26586 26636 D Detox   : class com.wix.detox.espresso.DetoxMatcher, matcherForTestId, [successInitResult]
04-13 12:13:06.314 26586 26636 D Detox   : class androidx.test.espresso.Espresso, onView, [(with tag value: is "successInitResult" and view has effective visibility=VISIBLE)]
04-13 12:13:06.315 26586 26636 D Detox   : class com.wix.detox.espresso.DetoxMatcher, matcherForText, [Success]
04-13 12:13:06.316 26586 26636 D Detox   : class com.wix.detox.espresso.DetoxAssertion, assertMatcher, [androidx.test.espresso.ViewInteraction@5e26ca4, (with text: is "Success" and view has effective visibility=VISIBLE)]
04-13 12:13:06.320 26586 26586 I ViewInteraction: Checking 'MatchesViewAssertion(Detox){viewMatcher=(with text: is "Success" and view has effective visibility=VISIBLE)}' assertion on view (with tag value: is "successInitResult" and view has effective visibility=VISIBLE)
04-13 12:13:06.321 26586 26636 I WebSocketClient: At sendAction
04-13 12:13:06.324 26586 26636 D WebSocketClient: Detox Action Sent: invokeResult
04-13 12:13:06.376 26586 26639 I WebSocketClient: At onMessage
04-13 12:13:06.376 26586 26639 I WebSocketClient: At receiveAction
04-13 12:13:06.376 26586 26639 D WebSocketClient: Detox Action Received: invoke
04-13 12:13:06.376 26586 26639 I DetoxManager: onAction: type: invoke params: {"target":{"type":"Class","value":"com.wix.detox.espresso.DetoxAssertion"},"method":"assertMatcher","args":[{"type":"Invocation","value":{"target":{"type":"Class","value":"androidx.test.espresso.Espresso"},"method":"onView","args":[{"type":"Invocation","value":{"target":{"type":"Class","value":"com.wix.detox.espresso.DetoxMatcher"},"method":"matcherForTestId","args":["noDevKeyButton"]}}]}},{"type":"Invocation","value":{"target":{"type":"Class","value":"com.wix.detox.espresso.DetoxMatcher"},"method":"matcherForSufficientlyVisible","args":[]}}]}
04-13 12:13:06.376 26586 26636 D Detox   : class com.wix.detox.espresso.DetoxMatcher, matcherForTestId, [noDevKeyButton]
04-13 12:13:06.377 26586 26636 D Detox   : class androidx.test.espresso.Espresso, onView, [(with tag value: is "noDevKeyButton" and view has effective visibility=VISIBLE)]
04-13 12:13:06.377 26586 26636 D Detox   : class com.wix.detox.espresso.DetoxMatcher, matcherForSufficientlyVisible, []
04-13 12:13:06.377 26586 26636 D Detox   : class com.wix.detox.espresso.DetoxAssertion, assertMatcher, [androidx.test.espresso.ViewInteraction@95a6a0d, at least 75 percent of the view's area is displayed to the user.]
04-13 12:13:06.396 26586 26586 I ViewInteraction: Checking 'MatchesViewAssertion(Detox){viewMatcher=at least 75 percent of the view's area is displayed to the user.}' assertion on view (with tag value: is "noDevKeyButton" and view has effective visibility=VISIBLE)
04-13 12:13:06.398 26586 26636 I WebSocketClient: At sendAction
04-13 12:13:06.408 26586 26636 D WebSocketClient: Detox Action Sent: invokeResult
04-13 12:13:06.412 26586 26639 I WebSocketClient: At onMessage
04-13 12:13:06.412 26586 26639 I WebSocketClient: At receiveAction
04-13 12:13:06.412 26586 26639 D WebSocketClient: Detox Action Received: invoke
04-13 12:13:06.412 26586 26639 I DetoxManager: onAction: type: invoke params: {"target":{"type":"Class","value":"com.wix.detox.espresso.EspressoDetox"},"method":"perform","args":[{"type":"Invocation","value":{"target":{"type":"Class","value":"androidx.test.espresso.Espresso"},"method":"onView","args":[{"type":"Invocation","value":{"target":{"type":"Class","value":"com.wix.detox.espresso.DetoxMatcher"},"method":"matcherForTestId","args":["noDevKeyButton"]}}]}},{"type":"Invocation","value":{"target":{"type":"Class","value":"com.wix.detox.espresso.DetoxViewActions"},"method":"click","args":[]}}]}
04-13 12:13:06.413 26586 26636 D Detox   : class com.wix.detox.espresso.DetoxMatcher, matcherForTestId, [noDevKeyButton]
04-13 12:13:06.413 26586 26636 D Detox   : class androidx.test.espresso.Espresso, onView, [(with tag value: is "noDevKeyButton" and view has effective visibility=VISIBLE)]
04-13 12:13:06.414 26586 26636 D Detox   : class com.wix.detox.espresso.DetoxViewActions, click, []
04-13 12:13:06.414 26586 26636 D Detox   : class com.wix.detox.espresso.EspressoDetox, perform, [androidx.test.espresso.ViewInteraction@add4dc2, com.wix.detox.espresso.action.RNClickAction@3f767d3]
04-13 12:13:06.426 26586 26586 I ViewInteraction: Performing 'com.wix.detox.espresso.action.detoxsingletap@22baf10 click' action on view (with tag value: is "noDevKeyButton" and view has effective visibility=VISIBLE)
04-13 12:13:06.841 26586 26636 I WebSocketClient: At sendAction
04-13 12:13:06.841 26586 26636 D WebSocketClient: Detox Action Sent: invokeResult
04-13 12:13:06.845 26586 26639 I WebSocketClient: At onMessage
04-13 12:13:06.845 26586 26639 I WebSocketClient: At receiveAction
04-13 12:13:06.846 26586 26639 D WebSocketClient: Detox Action Received: invoke
04-13 12:13:06.846 26586 26639 I DetoxManager: onAction: type: invoke params: {"target":{"type":"Class","value":"com.wix.detox.espresso.DetoxAssertion"},"method":"assertMatcher","args":[{"type":"Invocation","value":{"target":{"type":"Class","value":"androidx.test.espresso.Espresso"},"method":"onView","args":[{"type":"Invocation","value":{"target":{"type":"Class","value":"com.wix.detox.espresso.DetoxMatcher"},"method":"matcherForTestId","args":["noDevKeyInitResult"]}}]}},{"type":"Invocation","value":{"target":{"type":"Class","value":"com.wix.detox.espresso.DetoxMatcher"},"method":"matcherForText","args":["No 'devKey' found or its empty"]}}]}
04-13 12:13:06.846 26586 26636 D Detox   : class com.wix.detox.espresso.DetoxMatcher, matcherForTestId, [noDevKeyInitResult]
04-13 12:13:06.846 26586 26636 D Detox   : class androidx.test.espresso.Espresso, onView, [(with tag value: is "noDevKeyInitResult" and view has effective visibility=VISIBLE)]
04-13 12:13:06.846 26586 26636 D Detox   : class com.wix.detox.espresso.DetoxMatcher, matcherForText, [No 'devKey' found or its empty]
04-13 12:13:06.846 26586 26636 D Detox   : class com.wix.detox.espresso.DetoxAssertion, assertMatcher, [androidx.test.espresso.ViewInteraction@bd50288, (with text: is "No 'devKey' found or its empty" and view has effective visibility=VISIBLE)]
04-13 12:13:06.849 26586 26586 I ViewInteraction: Checking 'MatchesViewAssertion(Detox){viewMatcher=(with text: is "No 'devKey' found or its empty" and view has effective visibility=VISIBLE)}' assertion on view (with tag value: is "noDevKeyInitResult" and view has effective visibility=VISIBLE)
04-13 12:13:06.849 26586 26636 I WebSocketClient: At sendAction
04-13 12:13:06.849 26586 26636 D WebSocketClient: Detox Action Sent: invokeResult
