--------- beginning of main
04-13 12:11:33.019 26077 26077 I Detox   : UIManagerModule is busy
04-13 12:11:33.079 26077 26121 D AppsFlyer_6.2.0: Initializing AppsFlyer SDK: (v6.2.0.91)
04-13 12:11:33.356 26077 26148 I TetheringManager: registerTetheringEventCallback:com.detoxtest
04-13 12:11:33.482 26077 26155 I com.detoxtest: Waiting for a blocking GC ClassLinker
04-13 12:11:33.482 26077 26148 I com.detoxtest: Waiting for a blocking GC ClassLinker
04-13 12:11:33.518 26077 26155 I com.detoxtest: WaitForGcToComplete blocked ClassLinker on ClassLinker for 35.913ms
04-13 12:11:33.519 26077 26148 I com.detoxtest: WaitForGcToComplete blocked ClassLinker on ClassLinker for 36.323ms
04-13 12:11:33.554 26077 26127 I WebSocketClient: At sendAction
04-13 12:11:33.554 26077 26127 D WebSocketClient: Detox Action Sent: invokeResult
04-13 12:11:33.559 26077 26129 I WebSocketClient: At onMessage
04-13 12:11:33.559 26077 26129 I WebSocketClient: At receiveAction
04-13 12:11:33.559 26077 26129 D WebSocketClient: Detox Action Received: invoke
04-13 12:11:33.559 26077 26129 I DetoxManager: onAction: type: invoke params: {"target":{"type":"Class","value":"com.wix.detox.espresso.DetoxAssertion"},"method":"assertMatcher","args":[{"type":"Invocation","value":{"target":{"type":"Class","value":"androidx.test.espresso.Espresso"},"method":"onView","args":[{"type":"Invocation","value":{"target":{"type":"Class","value":"com.wix.detox.espresso.DetoxMatcher"},"method":"matcherForTestId","args":["successInitResult"]}}]}},{"type":"Invocation","value":{"target":{"type":"Class","value":"com.wix.detox.espresso.DetoxMatcher"},"method":"matcherForText","args":["Success"]}}]}
04-13 12:11:33.560 26077 26127 D Detox   : class com.wix.detox.espresso.DetoxMatcher, matcherForTestId, [successInitResult]
04-13 12:11:33.561 26077 26127 D Detox   : class androidx.test.espresso.Espresso, onView, [(with tag value: is "successInitResult" and view has effective visibility=VISIBLE)]
04-13 12:11:33.562 26077 26127 D Detox   : class com.wix.detox.espresso.DetoxMatcher, matcherForText, [Success]
04-13 12:11:33.563 26077 26127 D Detox   : class com.wix.detox.espresso.DetoxAssertion, assertMatcher, [androidx.test.espresso.ViewInteraction@5e26ca4, (with text: is "Success" and view has effective visibility=VISIBLE)]
04-13 12:11:33.568 26077 26077 I ViewInteraction: Checking 'MatchesViewAssertion(Detox){viewMatcher=(with text: is "Success" and view has effective visibility=VISIBLE)}' assertion on view (with tag value: is "successInitResult" and view has effective visibility=VISIBLE)
04-13 12:11:33.568 26077 26127 I WebSocketClient: At sendAction
04-13 12:11:33.568 26077 26127 D WebSocketClient: Detox Action Sent: invokeResult
04-13 12:11:33.619 26077 26129 I WebSocketClient: At onMessage
04-13 12:11:33.619 26077 26129 I WebSocketClient: At receiveAction
04-13 12:11:33.619 26077 26129 D WebSocketClient: Detox Action Received: invoke
04-13 12:11:33.620 26077 26129 I DetoxManager: onAction: type: invoke params: {"target":{"type":"Class","value":"com.wix.detox.espresso.DetoxAssertion"},"method":"assertMatcher","args":[{"type":"Invocation","value":{"target":{"type":"Class","value":"androidx.test.espresso.Espresso"},"method":"onView","args":[{"type":"Invocation","value":{"target":{"type":"Class","value":"com.wix.detox.espresso.DetoxMatcher"},"method":"matcherForTestId","args":["noDevKeyButton"]}}]}},{"type":"Invocation","value":{"target":{"type":"Class","value":"com.wix.detox.espresso.DetoxMatcher"},"method":"matcherForSufficientlyVisible","args":[]}}]}
04-13 12:11:33.622 26077 26127 D Detox   : class com.wix.detox.espresso.DetoxMatcher, matcherForTestId, [noDevKeyButton]
04-13 12:11:33.623 26077 26127 D Detox   : class androidx.test.espresso.Espresso, onView, [(with tag value: is "noDevKeyButton" and view has effective visibility=VISIBLE)]
04-13 12:11:33.628 26077 26127 D Detox   : class com.wix.detox.espresso.DetoxMatcher, matcherForSufficientlyVisible, []
04-13 12:11:33.628 26077 26127 D Detox   : class com.wix.detox.espresso.DetoxAssertion, assertMatcher, [androidx.test.espresso.ViewInteraction@95a6a0d, at least 75 percent of the view's area is displayed to the user.]
04-13 12:11:33.640 26077 26077 I ViewInteraction: Checking 'MatchesViewAssertion(Detox){viewMatcher=at least 75 percent of the view's area is displayed to the user.}' assertion on view (with tag value: is "noDevKeyButton" and view has effective visibility=VISIBLE)
04-13 12:11:33.642 26077 26127 I WebSocketClient: At sendAction
04-13 12:11:33.651 26077 26127 D WebSocketClient: Detox Action Sent: invokeResult
04-13 12:11:33.653 26077 26129 I WebSocketClient: At onMessage
04-13 12:11:33.653 26077 26129 I WebSocketClient: At receiveAction
04-13 12:11:33.653 26077 26129 D WebSocketClient: Detox Action Received: invoke
04-13 12:11:33.653 26077 26129 I DetoxManager: onAction: type: invoke params: {"target":{"type":"Class","value":"com.wix.detox.espresso.EspressoDetox"},"method":"perform","args":[{"type":"Invocation","value":{"target":{"type":"Class","value":"androidx.test.espresso.Espresso"},"method":"onView","args":[{"type":"Invocation","value":{"target":{"type":"Class","value":"com.wix.detox.espresso.DetoxMatcher"},"method":"matcherForTestId","args":["noDevKeyButton"]}}]}},{"type":"Invocation","value":{"target":{"type":"Class","value":"com.wix.detox.espresso.DetoxViewActions"},"method":"click","args":[]}}]}
04-13 12:11:33.653 26077 26127 D Detox   : class com.wix.detox.espresso.DetoxMatcher, matcherForTestId, [noDevKeyButton]
04-13 12:11:33.654 26077 26127 D Detox   : class androidx.test.espresso.Espresso, onView, [(with tag value: is "noDevKeyButton" and view has effective visibility=VISIBLE)]
04-13 12:11:33.654 26077 26127 D Detox   : class com.wix.detox.espresso.DetoxViewActions, click, []
04-13 12:11:33.654 26077 26127 D Detox   : class com.wix.detox.espresso.EspressoDetox, perform, [androidx.test.espresso.ViewInteraction@add4dc2, com.wix.detox.espresso.action.RNClickAction@3f767d3]
04-13 12:11:33.664 26077 26077 I ViewInteraction: Performing 'com.wix.detox.espresso.action.detoxsingletap@22baf10 click' action on view (with tag value: is "noDevKeyButton" and view has effective visibility=VISIBLE)
04-13 12:11:34.175 26077 26127 I WebSocketClient: At sendAction
04-13 12:11:34.175 26077 26127 D WebSocketClient: Detox Action Sent: invokeResult
04-13 12:11:34.179 26077 26129 I WebSocketClient: At onMessage
04-13 12:11:34.179 26077 26129 I WebSocketClient: At receiveAction
04-13 12:11:34.179 26077 26129 D WebSocketClient: Detox Action Received: invoke
04-13 12:11:34.180 26077 26129 I DetoxManager: onAction: type: invoke params: {"target":{"type":"Class","value":"com.wix.detox.espresso.DetoxAssertion"},"method":"assertMatcher","args":[{"type":"Invocation","value":{"target":{"type":"Class","value":"androidx.test.espresso.Espresso"},"method":"onView","args":[{"type":"Invocation","value":{"target":{"type":"Class","value":"com.wix.detox.espresso.DetoxMatcher"},"method":"matcherForTestId","args":["noDevKeyInitResult"]}}]}},{"type":"Invocation","value":{"target":{"type":"Class","value":"com.wix.detox.espresso.DetoxMatcher"},"method":"matcherForText","args":["No 'devKey' found or its empty"]}}]}
04-13 12:11:34.180 26077 26127 D Detox   : class com.wix.detox.espresso.DetoxMatcher, matcherForTestId, [noDevKeyInitResult]
04-13 12:11:34.180 26077 26127 D Detox   : class androidx.test.espresso.Espresso, onView, [(with tag value: is "noDevKeyInitResult" and view has effective visibility=VISIBLE)]
04-13 12:11:34.180 26077 26127 D Detox   : class com.wix.detox.espresso.DetoxMatcher, matcherForText, [No 'devKey' found or its empty]
04-13 12:11:34.180 26077 26127 D Detox   : class com.wix.detox.espresso.DetoxAssertion, assertMatcher, [androidx.test.espresso.ViewInteraction@82f9aa0, (with text: is "No 'devKey' found or its empty" and view has effective visibility=VISIBLE)]
04-13 12:11:34.183 26077 26077 I ViewInteraction: Checking 'MatchesViewAssertion(Detox){viewMatcher=(with text: is "No 'devKey' found or its empty" and view has effective visibility=VISIBLE)}' assertion on view (with tag value: is "noDevKeyInitResult" and view has effective visibility=VISIBLE)
04-13 12:11:34.185 26077 26127 I WebSocketClient: At sendAction
04-13 12:11:34.186 26077 26127 D WebSocketClient: Detox Action Sent: invokeResult
