--------- beginning of main
04-13 11:34:50.909 21736 21736 W com.detoxtest: Unexpected CPU variant for X86 using defaults: x86
04-13 11:34:50.913 21736 21736 E com.detoxtest: Not starting debugger since process cannot load the jdwp agent.
--------- beginning of system
04-13 11:34:50.937 21736 21736 W ActivityThread: Package uses different ABI(s) than its instrumentation: package[com.detoxtest]: x86, null instrumentation[com.detoxtest.test]: null, null
04-13 11:34:50.942 21736 21736 I com.detoxtest: The ClassLoaderContext is a special shared library.
04-13 11:34:50.944 21736 21736 I chatty  : uid=10260(com.detoxtest) identical 2 lines
04-13 11:34:50.945 21736 21736 I com.detoxtest: The ClassLoaderContext is a special shared library.
04-13 11:34:50.987 21736 21736 W com.detoxtest: ClassLoaderContext classpath size mismatch. expected=0, found=4 (PCL[]{PCL[/system/framework/android.test.base.jar*84046222]} | PCL[/system/framework/android.test.runner.jar*2838042966:/system/framework/android.test.mock.jar*2353512044:/system/framework/android.test.base.jar*84046222:/data/app/~~zgkRYYzltNmzNW2M_o_CHg==/com.detoxtest.test-L0RVqLYCvYGsGHI-_w4LMg==/base.apk*3736732199]{PCL[/system/framework/android.test.base.jar*84046222]})
04-13 11:34:51.004 21736 21736 I com.detoxtest: The ClassLoaderContext is a special shared library.
04-13 11:34:51.007 21736 21736 I chatty  : uid=10260(com.detoxtest) identical 3 lines
04-13 11:34:51.008 21736 21736 I com.detoxtest: The ClassLoaderContext is a special shared library.
04-13 11:34:51.055 21736 21736 W com.detoxtest: ClassLoaderContext classpath size mismatch. expected=0, found=4 (PCL[]{PCL[/system/framework/android.test.base.jar*84046222]} | PCL[/system/framework/android.test.runner.jar*2838042966:/system/framework/android.test.mock.jar*2353512044:/system/framework/android.test.base.jar*84046222:/data/app/~~zgkRYYzltNmzNW2M_o_CHg==/com.detoxtest.test-L0RVqLYCvYGsGHI-_w4LMg==/base.apk*3736732199]{PCL[/system/framework/android.test.base.jar*84046222]#PCL[/system/framework/android.test.mock.jar*2353512044]{PCL[/system/framework/android.test.base.jar*84046222]}#PCL[/system/framework/android.test.runner.jar*2838042966]{PCL[/system/framework/android.test.base.jar*84046222]#PCL[/system/framework/android.test.mock.jar*2353512044]{PCL[/system/framework/android.test.base.jar*84046222]}}};PCL[/system/framework/android.test.runner.jar*2838042966:/system/framework/android.test.mock.jar*2353512044:/system/framework/android.test.base.jar*84046222:/data/app/~~zgkRYYzltNmzNW2M_o_CHg==/com.detoxtest.test-L0RVqLYCvYGsGHI-_w4LMg==/base.apk*3736732199:/data/app/~~rvbvVUDaxbmRIAh7gwAPmw==/com.detoxtest-xEKkdzM5a0FXizZFESC1FQ==/base.apk*4000934944]{PCL[/system/framework/android.test.base.jar*84046222]})
04-13 11:34:51.055 21736 21736 W com.detoxtest: Found duplicate classes, falling back to extracting from APK : /data/app/~~rvbvVUDaxbmRIAh7gwAPmw==/com.detoxtest-xEKkdzM5a0FXizZFESC1FQ==/base.apk
04-13 11:34:51.055 21736 21736 W com.detoxtest: NOTE: This wastes RAM and hurts startup performance.
04-13 11:34:51.055 21736 21736 W com.detoxtest: Found duplicated class when checking oat files: 'Landroid/support/v4/app/INotificationSideChannel$Stub$Proxy;' in /data/app/~~rvbvVUDaxbmRIAh7gwAPmw==/com.detoxtest-xEKkdzM5a0FXizZFESC1FQ==/base.apk and /data/app/~~rvbvVUDaxbmRIAh7gwAPmw==/com.detoxtest-xEKkdzM5a0FXizZFESC1FQ==/base.apk
04-13 11:34:51.055 21736 21736 W com.detoxtest: 
04-13 11:34:51.117 21736 21736 D NetworkSecurityConfig: Using Network Security Config from resource network_security_config debugBuild: false
04-13 11:34:51.117 21736 21736 D NetworkSecurityConfig: Using Network Security Config from resource network_security_config debugBuild: false
04-13 11:34:51.132 21736 21736 I MonitoringInstr: Instrumentation started!
04-13 11:34:51.134 21736 21736 I MonitoringInstr: Setting context classloader to 'dalvik.system.PathClassLoader[DexPathList[[zip file "/system/framework/android.test.runner.jar", zip file "/system/framework/android.test.mock.jar", zip file "/system/framework/android.test.base.jar", zip file "/data/app/~~zgkRYYzltNmzNW2M_o_CHg==/com.detoxtest.test-L0RVqLYCvYGsGHI-_w4LMg==/base.apk", zip file "/data/app/~~rvbvVUDaxbmRIAh7gwAPmw==/com.detoxtest-xEKkdzM5a0FXizZFESC1FQ==/base.apk"],nativeLibraryDirectories=[/data/app/~~zgkRYYzltNmzNW2M_o_CHg==/com.detoxtest.test-L0RVqLYCvYGsGHI-_w4LMg==/lib/x86, /data/app/~~rvbvVUDaxbmRIAh7gwAPmw==/com.detoxtest-xEKkdzM5a0FXizZFESC1FQ==/lib/x86, /data/app/~~zgkRYYzltNmzNW2M_o_CHg==/com.detoxtest.test-L0RVqLYCvYGsGHI-_w4LMg==/base.apk!/lib/x86, /data/app/~~rvbvVUDaxbmRIAh7gwAPmw==/com.detoxtest-xEKkdzM5a0FXizZFESC1FQ==/base.apk!/lib/x86, /system/lib, /system_ext/lib, /product/lib]]]', Original: 'dalvik.system.PathClassLoader[DexPathList[[zip file "/system/framework/android.test.runner.jar", zip file "/system/framework/android.test.mock.jar", zip file "/system/framework/android.test.base.jar", zip file "/data/app/~~zgkRYYzltNmzNW2M_o_CHg==/com.detoxtest.test-L0RVqLYCvYGsGHI-_w4LMg==/base.apk", zip file "/data/app/~~rvbvVUDaxbmRIAh7gwAPmw==/com.detoxtest-xEKkdzM5a0FXizZFESC1FQ==/base.apk"],nativeLibraryDirectories=[/data/app/~~zgkRYYzltNmzNW2M_o_CHg==/com.detoxtest.test-L0RVqLYCvYGsGHI-_w4LMg==/lib/x86, /data/app/~~rvbvVUDaxbmRIAh7gwAPmw==/com.detoxtest-xEKkdzM5a0FXizZFESC1FQ==/lib/x86, /data/app/~~zgkRYYzltNmzNW2M_o_CHg==/com.detoxtest.test-L0RVqLYCvYGsGHI-_w4LMg==/base.apk!/lib/x86, /data/app/~~rvbvVUDaxbmRIAh7gwAPmw==/com.detoxtest-xEKkdzM5a0FXizZFESC1FQ==/base.apk!/lib/x86, /system/lib, /system_ext/lib, /product/lib]]]'
04-13 11:34:51.136 21736 21736 D SoLoader: init start
04-13 11:34:51.137 21736 21736 D SoLoader: adding system library source: /vendor/lib
04-13 11:34:51.137 21736 21736 D SoLoader: adding system library source: /system/lib
04-13 11:34:51.137 21736 21736 D SoLoader: adding application source: com.facebook.soloader.DirectorySoSource[root = /data/app/~~rvbvVUDaxbmRIAh7gwAPmw==/com.detoxtest-xEKkdzM5a0FXizZFESC1FQ==/lib/x86 flags = 0]
04-13 11:34:51.137 21736 21736 D SoLoader: adding backup source from : com.facebook.soloader.ApkSoSource[root = /data/user/0/com.detoxtest/lib-main flags = 1]
04-13 11:34:51.137 21736 21736 D SoLoader: Preparing SO source: com.facebook.soloader.DirectorySoSource[root = /system/lib flags = 2]
04-13 11:34:51.137 21736 21736 D SoLoader: Preparing SO source: com.facebook.soloader.DirectorySoSource[root = /vendor/lib flags = 2]
04-13 11:34:51.138 21736 21736 D SoLoader: Preparing SO source: com.facebook.soloader.DirectorySoSource[root = /data/app/~~rvbvVUDaxbmRIAh7gwAPmw==/com.detoxtest-xEKkdzM5a0FXizZFESC1FQ==/lib/x86 flags = 0]
04-13 11:34:51.138 21736 21736 D SoLoader: Preparing SO source: com.facebook.soloader.ApkSoSource[root = /data/user/0/com.detoxtest/lib-main flags = 1]
04-13 11:34:51.138 21736 21736 V fb-UnpackingSoSource: locked dso store /data/user/0/com.detoxtest/lib-main
04-13 11:34:51.141 21736 21736 V fb-UnpackingSoSource: deps mismatch on deps store: regenerating
04-13 11:34:51.141 21736 21736 V fb-UnpackingSoSource: so store dirty: regenerating
04-13 11:34:51.151 21736 21736 D ApkSoSource: not allowing consideration of lib/x86/libc++_shared.so: deferring to libdir
04-13 11:34:51.151 21736 21736 D ApkSoSource: not allowing consideration of lib/x86/libfb.so: deferring to libdir
04-13 11:34:51.151 21736 21736 D ApkSoSource: not allowing consideration of lib/x86/libfbjni.so: deferring to libdir
04-13 11:34:51.151 21736 21736 D ApkSoSource: not allowing consideration of lib/x86/libfolly_futures.so: deferring to libdir
04-13 11:34:51.151 21736 21736 D ApkSoSource: not allowing consideration of lib/x86/libfolly_json.so: deferring to libdir
04-13 11:34:51.151 21736 21736 D ApkSoSource: not allowing consideration of lib/x86/libglog.so: deferring to libdir
04-13 11:34:51.151 21736 21736 D ApkSoSource: not allowing consideration of lib/x86/libglog_init.so: deferring to libdir
04-13 11:34:51.152 21736 21736 D ApkSoSource: not allowing consideration of lib/x86/libhermes-executor-debug.so: deferring to libdir
04-13 11:34:51.152 21736 21736 D ApkSoSource: not allowing consideration of lib/x86/libhermes-executor-release.so: deferring to libdir
04-13 11:34:51.152 21736 21736 D ApkSoSource: not allowing consideration of lib/x86/libhermes-inspector.so: deferring to libdir
04-13 11:34:51.152 21736 21736 D ApkSoSource: not allowing consideration of lib/x86/libimagepipeline.so: deferring to libdir
04-13 11:34:51.152 21736 21736 D ApkSoSource: not allowing consideration of lib/x86/libjsc.so: deferring to libdir
04-13 11:34:51.152 21736 21736 D ApkSoSource: not allowing consideration of lib/x86/libjscexecutor.so: deferring to libdir
04-13 11:34:51.152 21736 21736 D ApkSoSource: not allowing consideration of lib/x86/libjsijniprofiler.so: deferring to libdir
04-13 11:34:51.152 21736 21736 D ApkSoSource: not allowing consideration of lib/x86/libjsinspector.so: deferring to libdir
04-13 11:34:51.152 21736 21736 D ApkSoSource: not allowing consideration of lib/x86/libnative-filters.so: deferring to libdir
04-13 11:34:51.152 21736 21736 D ApkSoSource: not allowing consideration of lib/x86/libnative-imagetranscoder.so: deferring to libdir
04-13 11:34:51.152 21736 21736 D ApkSoSource: not allowing consideration of lib/x86/libreactnativeblob.so: deferring to libdir
04-13 11:34:51.152 21736 21736 D ApkSoSource: not allowing consideration of lib/x86/libreactnativejni.so: deferring to libdir
04-13 11:34:51.152 21736 21736 D ApkSoSource: not allowing consideration of lib/x86/libyoga.so: deferring to libdir
04-13 11:34:51.152 21736 21736 V fb-UnpackingSoSource: regenerating DSO store com.facebook.soloader.ApkSoSource
04-13 11:34:51.153 21736 21736 V fb-UnpackingSoSource: Finished regenerating DSO store com.facebook.soloader.ApkSoSource
04-13 11:34:51.153 21736 21736 V fb-UnpackingSoSource: starting syncer worker
04-13 11:34:51.162 21736 21736 V fb-UnpackingSoSource: releasing dso store lock for /data/user/0/com.detoxtest/lib-main (from syncer thread)
04-13 11:34:51.162 21736 21736 V fb-UnpackingSoSource: not releasing dso store lock for /data/user/0/com.detoxtest/lib-main (syncer thread started)
04-13 11:34:51.162 21736 21736 D SoLoader: init finish: 4 SO sources prepared
04-13 11:34:51.162 21736 21736 D SoLoader: init exiting
04-13 11:34:51.163 21736 21736 D SoLoader: init exiting
04-13 11:34:51.164 21736 21736 D SoLoader: About to load: libjscexecutor.so
04-13 11:34:51.164 21736 21736 D SoLoader: libjscexecutor.so not found on /data/user/0/com.detoxtest/lib-main
04-13 11:34:51.164 21736 21736 D SoLoader: libjscexecutor.so found on /data/app/~~rvbvVUDaxbmRIAh7gwAPmw==/com.detoxtest-xEKkdzM5a0FXizZFESC1FQ==/lib/x86
04-13 11:34:51.164 21736 21736 D SoLoader: Not resolving dependencies for libjscexecutor.so
04-13 11:34:51.169 21736 21736 D JavaScriptCore.Version: 245459.0.0
04-13 11:34:51.169 21736 21736 D SoLoader: Loaded: libjscexecutor.so
04-13 11:34:51.170 21736 21736 D SoLoader: init exiting
04-13 11:34:51.173 21736 21736 I MonitoringInstr: No JSBridge.
04-13 11:34:51.176 21736 21756 I MonitoringInstr: Setting context classloader to 'dalvik.system.PathClassLoader[DexPathList[[zip file "/system/framework/android.test.runner.jar", zip file "/system/framework/android.test.mock.jar", zip file "/system/framework/android.test.base.jar", zip file "/data/app/~~zgkRYYzltNmzNW2M_o_CHg==/com.detoxtest.test-L0RVqLYCvYGsGHI-_w4LMg==/base.apk", zip file "/data/app/~~rvbvVUDaxbmRIAh7gwAPmw==/com.detoxtest-xEKkdzM5a0FXizZFESC1FQ==/base.apk"],nativeLibraryDirectories=[/data/app/~~zgkRYYzltNmzNW2M_o_CHg==/com.detoxtest.test-L0RVqLYCvYGsGHI-_w4LMg==/lib/x86, /data/app/~~rvbvVUDaxbmRIAh7gwAPmw==/com.detoxtest-xEKkdzM5a0FXizZFESC1FQ==/lib/x86, /data/app/~~zgkRYYzltNmzNW2M_o_CHg==/com.detoxtest.test-L0RVqLYCvYGsGHI-_w4LMg==/base.apk!/lib/x86, /data/app/~~rvbvVUDaxbmRIAh7gwAPmw==/com.detoxtest-xEKkdzM5a0FXizZFESC1FQ==/base.apk!/lib/x86, /system/lib, /system_ext/lib, /product/lib]]]', Original: 'dalvik.system.PathClassLoader[DexPathList[[zip file "/system/framework/android.test.runner.jar", zip file "/system/framework/android.test.mock.jar", zip file "/system/framework/android.test.base.jar", zip file "/data/app/~~zgkRYYzltNmzNW2M_o_CHg==/com.detoxtest.test-L0RVqLYCvYGsGHI-_w4LMg==/base.apk", zip file "/data/app/~~rvbvVUDaxbmRIAh7gwAPmw==/com.detoxtest-xEKkdzM5a0FXizZFESC1FQ==/base.apk"],nativeLibraryDirectories=[/data/app/~~zgkRYYzltNmzNW2M_o_CHg==/com.detoxtest.test-L0RVqLYCvYGsGHI-_w4LMg==/lib/x86, /data/app/~~rvbvVUDaxbmRIAh7gwAPmw==/com.detoxtest-xEKkdzM5a0FXizZFESC1FQ==/lib/x86, /data/app/~~zgkRYYzltNmzNW2M_o_CHg==/com.detoxtest.test-L0RVqLYCvYGsGHI-_w4LMg==/base.apk!/lib/x86, /data/app/~~rvbvVUDaxbmRIAh7gwAPmw==/com.detoxtest-xEKkdzM5a0FXizZFESC1FQ==/base.apk!/lib/x86, /system/lib, /system_ext/lib, /product/lib]]]'
04-13 11:34:51.189 21736 21756 I UsageTrackerFacilitator: Usage tracking enabled
04-13 11:34:51.196 21736 21756 I TestRequestBuilder: Scanning classpath to find tests in paths [/data/app/~~zgkRYYzltNmzNW2M_o_CHg==/com.detoxtest.test-L0RVqLYCvYGsGHI-_w4LMg==/base.apk]
04-13 11:34:51.197 21736 21756 W com.detoxtest: Opening an oat file without a class loader. Are you using the deprecated DexFile APIs?
04-13 11:34:51.407 21736 21756 D TestExecutor: Adding listener androidx.test.internal.runner.listener.LogRunListener
04-13 11:34:51.408 21736 21756 D TestExecutor: Adding listener androidx.test.internal.runner.listener.InstrumentationResultPrinter
04-13 11:34:51.408 21736 21756 D TestExecutor: Adding listener androidx.test.internal.runner.listener.ActivityFinisherRunListener
04-13 11:34:51.409 21736 21756 I TestRunner: run started: 1 tests
04-13 11:34:51.414 21736 21756 I TestRunner: started: runDetoxTests(com.detoxtest.DetoxTest)
04-13 11:34:51.417 21736 21736 I MonitoringInstr: Activities that are still in CREATED to STOPPED: 0
04-13 11:34:51.452 21736 21756 D EventInjectionStrategy: Creating injection strategy with input manager.
04-13 11:34:51.520 21736 21773 D libEGL  : loaded /vendor/lib/egl/libEGL_emulation.so
04-13 11:34:51.522 21736 21773 D libEGL  : loaded /vendor/lib/egl/libGLESv1_CM_emulation.so
04-13 11:34:51.523 21736 21773 D libEGL  : loaded /vendor/lib/egl/libGLESv2_emulation.so
04-13 11:34:51.549 21736 21736 D LifecycleMonitor: Lifecycle status change: com.detoxtest.MainActivity@d952f0b in: PRE_ON_CREATE
04-13 11:34:51.562 21736 21775 D SoLoader: About to load: libreactnativejni.so
04-13 11:34:51.562 21736 21775 D SoLoader: libreactnativejni.so not found on /data/user/0/com.detoxtest/lib-main
04-13 11:34:51.562 21736 21775 D SoLoader: libreactnativejni.so found on /data/app/~~rvbvVUDaxbmRIAh7gwAPmw==/com.detoxtest-xEKkdzM5a0FXizZFESC1FQ==/lib/x86
04-13 11:34:51.562 21736 21775 D SoLoader: Not resolving dependencies for libreactnativejni.so
04-13 11:34:51.564 21736 21775 D SoLoader: Loaded: libreactnativejni.so
04-13 11:34:51.565 21736 21775 D SoLoader: About to load: libfbjni.so
04-13 11:34:51.565 21736 21775 D SoLoader: libfbjni.so not found on /data/user/0/com.detoxtest/lib-main
04-13 11:34:51.565 21736 21775 D SoLoader: libfbjni.so found on /data/app/~~rvbvVUDaxbmRIAh7gwAPmw==/com.detoxtest-xEKkdzM5a0FXizZFESC1FQ==/lib/x86
04-13 11:34:51.565 21736 21775 D SoLoader: Not resolving dependencies for libfbjni.so
04-13 11:34:51.570 21736 21775 D SoLoader: Loaded: libfbjni.so
04-13 11:34:51.581 21736 21736 D LifecycleMonitor: Lifecycle status change: com.detoxtest.MainActivity@d952f0b in: CREATED
04-13 11:34:51.586 21736 21736 D LifecycleMonitor: Lifecycle status change: com.detoxtest.MainActivity@d952f0b in: STARTED
04-13 11:34:51.587 21736 21736 D LifecycleMonitor: Lifecycle status change: com.detoxtest.MainActivity@d952f0b in: RESUMED
04-13 11:34:51.601 21736 21775 E unknown:ReactNative: ReactInstanceManager.createReactContext: mJSIModulePackage null
04-13 11:34:51.602 21736 21778 E ReactNativeJNI: logMarker CREATE_REACT_CONTEXT_END
04-13 11:34:51.608 21736 21778 E ReactNativeJNI: logMarker RUN_JS_BUNDLE_START
04-13 11:34:51.610 21736 21779 E unknown:ReactNative: ReactInstanceManager.attachRootViewToInstance()
04-13 11:34:51.623 21736 21779 W unknown:ViewManagerPropertyUpdater: Could not find generated setter for class com.facebook.react.views.art.ARTGroupViewManager
04-13 11:34:51.623 21736 21779 W unknown:ViewManagerPropertyUpdater: Could not find generated setter for class com.facebook.react.views.art.ARTGroupShadowNode
04-13 11:34:51.625 21736 21779 W unknown:ViewManagerPropertyUpdater: Could not find generated setter for class com.facebook.react.views.art.ARTShapeViewManager
04-13 11:34:51.625 21736 21779 W unknown:ViewManagerPropertyUpdater: Could not find generated setter for class com.facebook.react.views.art.ARTShapeShadowNode
04-13 11:34:51.626 21736 21779 W unknown:ViewManagerPropertyUpdater: Could not find generated setter for class com.facebook.react.views.art.ARTTextViewManager
04-13 11:34:51.626 21736 21779 W unknown:ViewManagerPropertyUpdater: Could not find generated setter for class com.facebook.react.views.art.ARTTextShadowNode
04-13 11:34:51.626 21736 21779 W unknown:ViewManagerPropertyUpdater: Could not find generated setter for class com.facebook.react.views.checkbox.ReactCheckBoxManager
04-13 11:34:51.628 21736 21779 W unknown:ViewManagerPropertyUpdater: Could not find generated setter for class com.facebook.react.uimanager.LayoutShadowNode
04-13 11:34:51.629 21736 21779 W unknown:ViewManagerPropertyUpdater: Could not find generated setter for class com.facebook.react.views.picker.ReactDialogPickerManager
04-13 11:34:51.631 21736 21779 W unknown:ViewManagerPropertyUpdater: Could not find generated setter for class com.facebook.react.views.drawer.ReactDrawerLayoutManager
04-13 11:34:51.632 21736 21779 W unknown:ViewManagerPropertyUpdater: Could not find generated setter for class com.facebook.react.views.picker.ReactDropdownPickerManager
04-13 11:34:51.633 21736 21779 W unknown:ViewManagerPropertyUpdater: Could not find generated setter for class com.facebook.react.views.scroll.ReactHorizontalScrollViewManager
04-13 11:34:51.637 21736 21779 W unknown:ViewManagerPropertyUpdater: Could not find generated setter for class com.facebook.react.views.scroll.ReactHorizontalScrollContainerViewManager
04-13 11:34:51.644 21736 21779 W unknown:ViewManagerPropertyUpdater: Could not find generated setter for class com.facebook.react.views.progressbar.ReactProgressBarViewManager
04-13 11:34:51.645 21736 21779 W unknown:ViewManagerPropertyUpdater: Could not find generated setter for class com.facebook.react.views.progressbar.ProgressBarShadowNode
04-13 11:34:51.646 21736 21779 W unknown:ViewManagerPropertyUpdater: Could not find generated setter for class com.facebook.react.views.scroll.ReactScrollViewManager
04-13 11:34:51.648 21736 21779 W unknown:ViewManagerPropertyUpdater: Could not find generated setter for class com.facebook.react.views.slider.ReactSliderManager
04-13 11:34:51.654 21736 21779 W unknown:ViewManagerPropertyUpdater: Could not find generated setter for class com.facebook.react.views.slider.ReactSliderManager$ReactSliderShadowNode
04-13 11:34:51.654 21736 21779 W unknown:ViewManagerPropertyUpdater: Could not find generated setter for class com.facebook.react.views.switchview.ReactSwitchManager
04-13 11:34:51.656 21736 21779 W unknown:ViewManagerPropertyUpdater: Could not find generated setter for class com.facebook.react.views.switchview.ReactSwitchManager$ReactSwitchShadowNode
04-13 11:34:51.657 21736 21779 W unknown:ViewManagerPropertyUpdater: Could not find generated setter for class com.facebook.react.views.swiperefresh.SwipeRefreshLayoutManager
04-13 11:34:51.657 21736 21779 W unknown:ViewManagerPropertyUpdater: Could not find generated setter for class com.facebook.react.views.art.ARTSurfaceViewManager
04-13 11:34:51.659 21736 21779 W unknown:ViewManagerPropertyUpdater: Could not find generated setter for class com.facebook.react.views.art.ARTSurfaceViewShadowNode
04-13 11:34:51.661 21736 21779 W unknown:ViewManagerPropertyUpdater: Could not find generated setter for class com.facebook.react.views.text.frescosupport.FrescoBasedReactTextInlineImageViewManager
04-13 11:34:51.661 21736 21779 W unknown:ViewManagerPropertyUpdater: Could not find generated setter for class com.facebook.react.views.text.frescosupport.FrescoBasedReactTextInlineImageShadowNode
04-13 11:34:51.662 21736 21779 W unknown:ViewManagerPropertyUpdater: Could not find generated setter for class com.facebook.react.views.image.ReactImageManager
04-13 11:34:51.663 21736 21779 W unknown:ViewManagerPropertyUpdater: Could not find generated setter for class com.facebook.react.views.modal.ReactModalHostManager
04-13 11:34:51.664 21736 21779 W unknown:ViewManagerPropertyUpdater: Could not find generated setter for class com.facebook.react.views.modal.ModalHostShadowNode
04-13 11:34:51.664 21736 21779 W unknown:ViewManagerPropertyUpdater: Could not find generated setter for class com.facebook.react.views.text.ReactRawTextManager
04-13 11:34:51.665 21736 21779 W unknown:ViewManagerPropertyUpdater: Could not find generated setter for class com.facebook.react.views.text.ReactRawTextShadowNode
04-13 11:34:51.665 21736 21779 W unknown:ViewManagerPropertyUpdater: Could not find generated setter for class com.facebook.react.views.textinput.ReactTextInputManager
04-13 11:34:51.670 21736 21779 W unknown:ViewManagerPropertyUpdater: Could not find generated setter for class com.facebook.react.views.textinput.ReactTextInputShadowNode
04-13 11:34:51.671 21736 21779 W unknown:ViewManagerPropertyUpdater: Could not find generated setter for class com.facebook.react.views.text.ReactTextViewManager
04-13 11:34:51.672 21736 21779 W unknown:ViewManagerPropertyUpdater: Could not find generated setter for class com.facebook.react.views.text.ReactTextShadowNode
04-13 11:34:51.672 21736 21779 W unknown:ViewManagerPropertyUpdater: Could not find generated setter for class com.facebook.react.views.view.ReactViewManager
04-13 11:34:51.673 21736 21779 W unknown:ViewManagerPropertyUpdater: Could not find generated setter for class com.facebook.react.views.viewpager.ReactViewPagerManager
04-13 11:34:51.673 21736 21779 W unknown:ViewManagerPropertyUpdater: Could not find generated setter for class com.facebook.react.views.text.ReactVirtualTextViewManager
04-13 11:34:51.674 21736 21779 W unknown:ViewManagerPropertyUpdater: Could not find generated setter for class com.facebook.react.views.text.ReactVirtualTextShadowNode
04-13 11:34:51.676 21736 21779 D SoLoader: About to load: libyoga.so
04-13 11:34:51.680 21736 21779 D SoLoader: libyoga.so not found on /data/user/0/com.detoxtest/lib-main
04-13 11:34:51.680 21736 21779 D SoLoader: libyoga.so found on /data/app/~~rvbvVUDaxbmRIAh7gwAPmw==/com.detoxtest-xEKkdzM5a0FXizZFESC1FQ==/lib/x86
04-13 11:34:51.680 21736 21779 D SoLoader: Not resolving dependencies for libyoga.so
04-13 11:34:51.681 21736 21779 D SoLoader: Loaded: libyoga.so
04-13 11:34:51.684 21736 21779 E unknown:ReactRootView: runApplication: call AppRegistry.runApplication
04-13 11:34:51.695 21736 21772 D HostConnection: HostConnection::get() New Host Connection established 0xe9915430, tid 21772
04-13 11:34:51.707 21736 21778 E ReactNativeJNI: logMarker RUN_JS_BUNDLE_END
04-13 11:34:51.708 21736 21778 I ReactNativeJS: Running "detoxTest" with {"rootTag":1}
04-13 11:34:51.709 21736 21772 D HostConnection: HostComposition ext ANDROID_EMU_CHECKSUM_HELPER_v1 ANDROID_EMU_native_sync_v2 ANDROID_EMU_native_sync_v3 ANDROID_EMU_native_sync_v4 ANDROID_EMU_dma_v1 ANDROID_EMU_direct_mem ANDROID_EMU_host_composition_v1 ANDROID_EMU_host_composition_v2 ANDROID_EMU_YUV_Cache ANDROID_EMU_async_unmap_buffer GL_OES_EGL_image_external_essl3 GL_OES_vertex_array_object GL_KHR_texture_compression_astc_ldr ANDROID_EMU_gles_max_version_3_0 
04-13 11:34:51.713 21736 21772 W OpenGLRenderer: Failed to choose config with EGL_SWAP_BEHAVIOR_PRESERVED, retrying without...
04-13 11:34:51.715 21736 21772 D EGL_emulation: eglCreateContext: 0xe97372f0: maj 3 min 0 rcv 3
04-13 11:34:51.735 21736 21772 D EGL_emulation: eglMakeCurrent: 0xe97372f0: ver 3 0 (tinfo 0xe9a7ddb0)
04-13 11:34:51.736 21736 21779 D SoLoader: init exiting
04-13 11:34:51.751 21736 21779 W unknown:ReactNative: Tried to update non-existent root tag: 0
04-13 11:34:51.758 21736 21772 I Gralloc4: mapper 4.x is not supported
04-13 11:34:51.759 21736 21772 D HostConnection: createUnique: call
04-13 11:34:51.760 21736 21772 D HostConnection: HostConnection::get() New Host Connection established 0xe99147d0, tid 21772
04-13 11:34:51.760 21736 21772 D eglCodecCommon: allocate: Ask for block of size 0x100
04-13 11:34:51.760 21736 21772 D eglCodecCommon: allocate: ioctl allocate returned offset 0x3fc0ff000 size 0x2000
04-13 11:34:51.781 21736 21772 D HostConnection: HostComposition ext ANDROID_EMU_CHECKSUM_HELPER_v1 ANDROID_EMU_native_sync_v2 ANDROID_EMU_native_sync_v3 ANDROID_EMU_native_sync_v4 ANDROID_EMU_dma_v1 ANDROID_EMU_direct_mem ANDROID_EMU_host_composition_v1 ANDROID_EMU_host_composition_v2 ANDROID_EMU_YUV_Cache ANDROID_EMU_async_unmap_buffer GL_OES_EGL_image_external_essl3 GL_OES_vertex_array_object GL_KHR_texture_compression_astc_ldr ANDROID_EMU_gles_max_version_3_0 
04-13 11:34:51.787 21736 21772 D EGL_emulation: eglMakeCurrent: 0xe97372f0: ver 3 0 (tinfo 0xe9a7ddb0)
04-13 11:34:51.821 21736 21736 E unknown:ReactNative: Unable to launch logbox because react was unable to create the root view
04-13 11:34:51.841 21736 21786 I Detox   : Detox thread starting (com.wix.detox.manager)
04-13 11:34:51.856 21736 21786 I DetoxManager: DetoxServerUrl: ws://localhost:61802
04-13 11:34:51.856 21736 21786 I DetoxManager: DetoxSessionId: 24765e28-6669-eff8-0aa6-6e96e90beb5b
04-13 11:34:51.858 21736 21736 D DetoxRNLoading: Got new RN-context directly and immediately
04-13 11:34:51.860 21736 21786 I DetoxRNIdleRes: Setting up Espresso Idling Resources for React Native.
04-13 11:34:51.879 21736 21786 D AsyncStorageIR: Checking whether a custom IR for Async-Storage is required... (legacy=false)
04-13 11:34:51.879 21736 21786 D DetoxRNHelpers: Native module not resolved: no such class
04-13 11:34:51.879 21736 21786 D AsyncStorageIR: Checking whether a custom IR for Async-Storage is required... (legacy=true)
04-13 11:34:51.880 21736 21786 D AsyncStorageIR: IR for Async-Storage is required! (legacy=true)
04-13 11:34:51.883 21736 21736 D AsyncStorageIRLegacy: Async-storage is busy!
04-13 11:34:51.888 21736 21786 I WebSocketClient: At connectToServer
04-13 11:34:51.924 21736 21788 I WebSocketClient: At onOpen
04-13 11:34:51.924 21736 21788 I WebSocketClient: At sendAction
04-13 11:34:51.924 21736 21788 D WebSocketClient: Detox Action Sent: login
04-13 11:34:52.049 21736 21736 I Detox   : Wait is over: app is now idle!
04-13 11:34:52.058 21736 21788 I WebSocketClient: At sendAction
04-13 11:34:52.060 21736 21788 D WebSocketClient: Detox Action Sent: ready
04-13 11:34:52.064 21736 21788 I WebSocketClient: At onMessage
04-13 11:34:52.064 21736 21788 I WebSocketClient: At receiveAction
04-13 11:34:52.064 21736 21788 D WebSocketClient: Detox Action Received: loginSuccess
04-13 11:34:52.064 21736 21788 I DetoxManager: onAction: type: loginSuccess params: {"testerConnected":true,"appConnected":true}
04-13 11:34:52.069 21736 21788 I WebSocketClient: At onMessage
04-13 11:34:52.070 21736 21788 I WebSocketClient: At receiveAction
04-13 11:34:52.070 21736 21788 D WebSocketClient: Detox Action Received: isReady
04-13 11:34:52.071 21736 21788 I DetoxManager: onAction: type: isReady params: {}
04-13 11:34:52.075 21736 21736 I Detox   : Wait is over: app is now idle!
04-13 11:34:52.075 21736 21786 I WebSocketClient: At sendAction
04-13 11:34:52.076 21736 21786 D WebSocketClient: Detox Action Sent: ready
