--------- beginning of main
04-13 11:07:28.000 18009 18071 I WebSocketClient: At onMessage
04-13 11:07:28.000 18009 18071 I WebSocketClient: At receiveAction
04-13 11:07:28.000 18009 18071 D WebSocketClient: Detox Action Received: invoke
04-13 11:07:28.000 18009 18071 I DetoxManager: onAction: type: invoke params: {"target":{"type":"Class","value":"com.wix.detox.espresso.DetoxAssertion"},"method":"assertMatcher","args":[{"type":"Invocation","value":{"target":{"type":"Class","value":"androidx.test.espresso.Espresso"},"method":"onView","args":[{"type":"Invocation","value":{"target":{"type":"Class","value":"com.wix.detox.espresso.DetoxMatcher"},"method":"matcherForTestId","args":["welcome"]}}]}},{"type":"Invocation","value":{"target":{"type":"Class","value":"com.wix.detox.espresso.DetoxMatcher"},"method":"matcherForSufficientlyVisible","args":[]}}]}
04-13 11:07:28.019 18009 18059 D Detox   : class com.wix.detox.espresso.DetoxMatcher, matcherForTestId, [welcome]
04-13 11:07:28.020 18009 18009 E unknown:ReactNative: Unable to launch logbox because react was unable to create the root view
04-13 11:07:28.040 18009 18086 E ReactNativeJNI: logMarker RUN_JS_BUNDLE_END
04-13 11:07:28.041 18009 18086 I ReactNativeJS: Running "detoxTest" with {"rootTag":11}
04-13 11:07:28.048 18009 18059 D Detox   : class androidx.test.espresso.Espresso, onView, [(with tag value: is "welcome" and view has effective visibility=VISIBLE)]
04-13 11:07:28.048 18009 18059 D Detox   : class com.wix.detox.espresso.DetoxMatcher, matcherForSufficientlyVisible, []
04-13 11:07:28.049 18009 18059 D Detox   : class com.wix.detox.espresso.DetoxAssertion, assertMatcher, [androidx.test.espresso.ViewInteraction@7f182d6, at least 75 percent of the view's area is displayed to the user.]
04-13 11:07:28.336 18009 18009 I ViewInteraction: Checking 'MatchesViewAssertion(Detox){viewMatcher=at least 75 percent of the view's area is displayed to the user.}' assertion on view (with tag value: is "welcome" and view has effective visibility=VISIBLE)
04-13 11:07:28.341 18009 18059 I DetoxActionHandlers: Test exception
04-13 11:07:28.341 18009 18059 I DetoxActionHandlers: java.lang.reflect.InvocationTargetException
04-13 11:07:28.341 18009 18059 I DetoxActionHandlers: 	at java.lang.reflect.Method.invoke(Native Method)
04-13 11:07:28.341 18009 18059 I DetoxActionHandlers: 	at org.apache.commons.lang3.reflect.MethodUtils.invokeStaticMethod(MethodUtils.java:443)
04-13 11:07:28.341 18009 18059 I DetoxActionHandlers: 	at org.apache.commons.lang3.reflect.MethodUtils.invokeStaticMethod(MethodUtils.java:405)
04-13 11:07:28.341 18009 18059 I DetoxActionHandlers: 	at com.wix.invoke.types.ClassTarget.execute(ClassTarget.java:23)
04-13 11:07:28.341 18009 18059 I DetoxActionHandlers: 	at com.wix.invoke.types.Target.invoke(Target.java:59)
04-13 11:07:28.341 18009 18059 I DetoxActionHandlers: 	at com.wix.invoke.MethodInvocation.invoke(MethodInvocation.java:35)
04-13 11:07:28.341 18009 18059 I DetoxActionHandlers: 	at com.wix.invoke.MethodInvocation.invoke(MethodInvocation.java:26)
04-13 11:07:28.341 18009 18059 I DetoxActionHandlers: 	at com.wix.invoke.MethodInvocation.invoke(MethodInvocation.java:20)
04-13 11:07:28.341 18009 18059 I DetoxActionHandlers: 	at com.wix.detox.InvokeActionHandler.handle(DetoxActionHandlers.kt:55)
04-13 11:07:28.341 18009 18059 I DetoxActionHandlers: 	at com.wix.detox.DetoxManager$4.run(DetoxManager.java:116)
04-13 11:07:28.341 18009 18059 I DetoxActionHandlers: 	at android.os.Handler.handleCallback(Handler.java:907)
04-13 11:07:28.341 18009 18059 I DetoxActionHandlers: 	at android.os.Handler.dispatchMessage(Handler.java:99)
04-13 11:07:28.341 18009 18059 I DetoxActionHandlers: 	at android.os.Looper.loop(Looper.java:223)
04-13 11:07:28.341 18009 18059 I DetoxActionHandlers: 	at com.wix.detox.Detox$1.run(Detox.java:214)
04-13 11:07:28.341 18009 18059 I DetoxActionHandlers: 	at java.lang.Thread.run(Thread.java:923)
04-13 11:07:28.341 18009 18059 I DetoxActionHandlers: Caused by: androidx.test.espresso.base.DefaultFailureHandler$AssertionFailedWithCauseError: 'at least 75 percent of the view's area is displayed to the user.' doesn't match the selected view.
04-13 11:07:28.341 18009 18059 I DetoxActionHandlers: Expected: at least 75 percent of the view's area is displayed to the user.
04-13 11:07:28.341 18009 18059 I DetoxActionHandlers:      Got: null
04-13 11:07:28.341 18009 18059 I DetoxActionHandlers: 
04-13 11:07:28.341 18009 18059 I DetoxActionHandlers: 	at dalvik.system.VMStack.getThreadStackTrace(Native Method)
04-13 11:07:28.341 18009 18059 I DetoxActionHandlers: 	at java.lang.Thread.getStackTrace(Thread.java:1736)
04-13 11:07:28.341 18009 18059 I DetoxActionHandlers: 	at androidx.test.espresso.base.DefaultFailureHandler.getUserFriendlyError(DefaultFailureHandler.java:96)
04-13 11:07:28.341 18009 18059 I DetoxActionHandlers: 	at androidx.test.espresso.base.DefaultFailureHandler.handle(DefaultFailureHandler.java:59)
04-13 11:07:28.341 18009 18059 I DetoxActionHandlers: 	at androidx.test.espresso.ViewInteraction.waitForAndHandleInteractionResults(ViewInteraction.java:324)
04-13 11:07:28.341 18009 18059 I DetoxActionHandlers: 	at androidx.test.espresso.ViewInteraction.check(ViewInteraction.java:306)
04-13 11:07:28.341 18009 18059 I DetoxActionHandlers: 	at com.wix.detox.espresso.DetoxAssertion.assertMatcher(DetoxAssertion.java:32)
04-13 11:07:28.341 18009 18059 I DetoxActionHandlers: 	... 15 more
04-13 11:07:28.341 18009 18059 I DetoxActionHandlers: Caused by: junit.framework.AssertionFailedError: 'at least 75 percent of the view's area is displayed to the user.' doesn't match the selected view.
04-13 11:07:28.341 18009 18059 I DetoxActionHandlers: Expected: at least 75 percent of the view's area is displayed to the user.
04-13 11:07:28.341 18009 18059 I DetoxActionHandlers:      Got: null
04-13 11:07:28.341 18009 18059 I DetoxActionHandlers: 
04-13 11:07:28.341 18009 18059 I DetoxActionHandlers: 	at androidx.test.espresso.matcher.ViewMatchers.assertThat(ViewMatchers.java:540)
04-13 11:07:28.341 18009 18059 I DetoxActionHandlers: 	at com.wix.detox.espresso.assertion.ViewAssertions$MatchesViewAssertion.check(ViewAssertions.java:52)
04-13 11:07:28.341 18009 18059 I DetoxActionHandlers: 	at androidx.test.espresso.ViewInteraction$SingleExecutionViewAssertion.check(ViewInteraction.java:425)
04-13 11:07:28.341 18009 18059 I DetoxActionHandlers: 	at androidx.test.espresso.ViewInteraction$2.call(ViewInteraction.java:288)
04-13 11:07:28.341 18009 18059 I DetoxActionHandlers: 	at androidx.test.espresso.ViewInteraction$2.call(ViewInteraction.java:272)
04-13 11:07:28.341 18009 18059 I DetoxActionHandlers: 	at java.util.concurrent.FutureTask.run(FutureTask.java:266)
04-13 11:07:28.341 18009 18059 I DetoxActionHandlers: 	at android.os.Handler.handleCallback(Handler.java:907)
04-13 11:07:28.341 18009 18059 I DetoxActionHandlers: 	at android.os.Handler.dispatchMessage(Handler.java:99)
04-13 11:07:28.341 18009 18059 I DetoxActionHandlers: 	at android.os.Looper.loop(Looper.java:223)
04-13 11:07:28.341 18009 18059 I DetoxActionHandlers: 	at android.app.ActivityThread.main(ActivityThread.java:7478)
04-13 11:07:28.341 18009 18059 I DetoxActionHandlers: 	at java.lang.reflect.Method.invoke(Native Method)
04-13 11:07:28.341 18009 18059 I DetoxActionHandlers: 	at com.android.internal.os.RuntimeInit$MethodAndArgsCaller.run(RuntimeInit.java:549)
04-13 11:07:28.341 18009 18059 I DetoxActionHandlers: 	at com.android.internal.os.ZygoteInit.main(ZygoteInit.java:941)
04-13 11:07:28.360 18009 18059 I WebSocketClient: At sendAction
04-13 11:07:28.360 18009 18059 D WebSocketClient: Detox Action Sent: testFailed
04-13 11:07:28.409 18009 18071 I WebSocketClient: At onMessage
04-13 11:07:28.409 18009 18071 I WebSocketClient: At receiveAction
04-13 11:07:28.409 18009 18071 D WebSocketClient: Detox Action Received: reactNativeReload
04-13 11:07:28.409 18009 18071 I DetoxManager: onAction: type: reactNativeReload params: {}
04-13 11:07:28.413 18009 18059 I DetoxRNExt: Reloading React Native
04-13 11:07:28.428 18009 18098 E ReactNativeJNI: logMarker CREATE_REACT_CONTEXT_END
04-13 11:07:28.429 18009 18096 E unknown:ReactNative: ReactInstanceManager.createReactContext: mJSIModulePackage null
04-13 11:07:28.437 18009 18098 E ReactNativeJNI: logMarker RUN_JS_BUNDLE_START
04-13 11:07:28.439 18009 18100 E unknown:ReactNative: ReactInstanceManager.attachRootViewToInstance()
04-13 11:07:28.440 18009 18100 W unknown:ViewManagerPropertyUpdater: Could not find generated setter for class com.facebook.react.views.art.ARTGroupViewManager
04-13 11:07:28.441 18009 18100 W unknown:ViewManagerPropertyUpdater: Could not find generated setter for class com.facebook.react.views.art.ARTGroupShadowNode
04-13 11:07:28.442 18009 18100 W unknown:ViewManagerPropertyUpdater: Could not find generated setter for class com.facebook.react.views.art.ARTShapeViewManager
04-13 11:07:28.442 18009 18100 W unknown:ViewManagerPropertyUpdater: Could not find generated setter for class com.facebook.react.views.art.ARTShapeShadowNode
04-13 11:07:28.443 18009 18100 W unknown:ViewManagerPropertyUpdater: Could not find generated setter for class com.facebook.react.views.art.ARTTextViewManager
04-13 11:07:28.443 18009 18100 W unknown:ViewManagerPropertyUpdater: Could not find generated setter for class com.facebook.react.views.art.ARTTextShadowNode
04-13 11:07:28.443 18009 18100 W unknown:ViewManagerPropertyUpdater: Could not find generated setter for class com.facebook.react.views.checkbox.ReactCheckBoxManager
04-13 11:07:28.444 18009 18100 W unknown:ViewManagerPropertyUpdater: Could not find generated setter for class com.facebook.react.uimanager.LayoutShadowNode
04-13 11:07:28.447 18009 18100 W unknown:ViewManagerPropertyUpdater: Could not find generated setter for class com.facebook.react.views.picker.ReactDialogPickerManager
04-13 11:07:28.447 18009 18100 W unknown:ViewManagerPropertyUpdater: Could not find generated setter for class com.facebook.react.views.drawer.ReactDrawerLayoutManager
04-13 11:07:28.452 18009 18100 W unknown:ViewManagerPropertyUpdater: Could not find generated setter for class com.facebook.react.views.picker.ReactDropdownPickerManager
04-13 11:07:28.456 18009 18100 W unknown:ViewManagerPropertyUpdater: Could not find generated setter for class com.facebook.react.views.scroll.ReactHorizontalScrollViewManager
04-13 11:07:28.457 18009 18100 W unknown:ViewManagerPropertyUpdater: Could not find generated setter for class com.facebook.react.views.scroll.ReactHorizontalScrollContainerViewManager
04-13 11:07:28.458 18009 18100 W unknown:ViewManagerPropertyUpdater: Could not find generated setter for class com.facebook.react.views.progressbar.ReactProgressBarViewManager
04-13 11:07:28.459 18009 18100 W unknown:ViewManagerPropertyUpdater: Could not find generated setter for class com.facebook.react.views.progressbar.ProgressBarShadowNode
04-13 11:07:28.460 18009 18100 W unknown:ViewManagerPropertyUpdater: Could not find generated setter for class com.facebook.react.views.scroll.ReactScrollViewManager
04-13 11:07:28.460 18009 18100 W unknown:ViewManagerPropertyUpdater: Could not find generated setter for class com.facebook.react.views.slider.ReactSliderManager
04-13 11:07:28.460 18009 18100 W unknown:ViewManagerPropertyUpdater: Could not find generated setter for class com.facebook.react.views.slider.ReactSliderManager$ReactSliderShadowNode
04-13 11:07:28.461 18009 18100 W unknown:ViewManagerPropertyUpdater: Could not find generated setter for class com.facebook.react.views.switchview.ReactSwitchManager
04-13 11:07:28.461 18009 18100 W unknown:ViewManagerPropertyUpdater: Could not find generated setter for class com.facebook.react.views.switchview.ReactSwitchManager$ReactSwitchShadowNode
04-13 11:07:28.461 18009 18100 W unknown:ViewManagerPropertyUpdater: Could not find generated setter for class com.facebook.react.views.swiperefresh.SwipeRefreshLayoutManager
04-13 11:07:28.462 18009 18100 W unknown:ViewManagerPropertyUpdater: Could not find generated setter for class com.facebook.react.views.art.ARTSurfaceViewManager
04-13 11:07:28.462 18009 18100 W unknown:ViewManagerPropertyUpdater: Could not find generated setter for class com.facebook.react.views.art.ARTSurfaceViewShadowNode
04-13 11:07:28.462 18009 18100 W unknown:ViewManagerPropertyUpdater: Could not find generated setter for class com.facebook.react.views.text.frescosupport.FrescoBasedReactTextInlineImageViewManager
04-13 11:07:28.462 18009 18100 W unknown:ViewManagerPropertyUpdater: Could not find generated setter for class com.facebook.react.views.text.frescosupport.FrescoBasedReactTextInlineImageShadowNode
04-13 11:07:28.463 18009 18100 W unknown:ViewManagerPropertyUpdater: Could not find generated setter for class com.facebook.react.views.image.ReactImageManager
04-13 11:07:28.464 18009 18100 W unknown:ViewManagerPropertyUpdater: Could not find generated setter for class com.facebook.react.views.modal.ReactModalHostManager
04-13 11:07:28.464 18009 18100 W unknown:ViewManagerPropertyUpdater: Could not find generated setter for class com.facebook.react.views.modal.ModalHostShadowNode
04-13 11:07:28.464 18009 18100 W unknown:ViewManagerPropertyUpdater: Could not find generated setter for class com.facebook.react.views.text.ReactRawTextManager
04-13 11:07:28.464 18009 18100 W unknown:ViewManagerPropertyUpdater: Could not find generated setter for class com.facebook.react.views.text.ReactRawTextShadowNode
04-13 11:07:28.465 18009 18100 W unknown:ViewManagerPropertyUpdater: Could not find generated setter for class com.facebook.react.views.textinput.ReactTextInputManager
04-13 11:07:28.469 18009 18100 W unknown:ViewManagerPropertyUpdater: Could not find generated setter for class com.facebook.react.views.textinput.ReactTextInputShadowNode
04-13 11:07:28.469 18009 18100 W unknown:ViewManagerPropertyUpdater: Could not find generated setter for class com.facebook.react.views.text.ReactTextViewManager
04-13 11:07:28.469 18009 18100 W unknown:ViewManagerPropertyUpdater: Could not find generated setter for class com.facebook.react.views.text.ReactTextShadowNode
04-13 11:07:28.470 18009 18100 W unknown:ViewManagerPropertyUpdater: Could not find generated setter for class com.facebook.react.views.view.ReactViewManager
04-13 11:07:28.470 18009 18100 W unknown:ViewManagerPropertyUpdater: Could not find generated setter for class com.facebook.react.views.viewpager.ReactViewPagerManager
04-13 11:07:28.471 18009 18100 W unknown:ViewManagerPropertyUpdater: Could not find generated setter for class com.facebook.react.views.text.ReactVirtualTextViewManager
04-13 11:07:28.471 18009 18100 W unknown:ViewManagerPropertyUpdater: Could not find generated setter for class com.facebook.react.views.text.ReactVirtualTextShadowNode
04-13 11:07:28.472 18009 18100 E unknown:ReactRootView: runApplication: call AppRegistry.runApplication
04-13 11:07:28.472 18009 18009 I DetoxRNLoading: Got new RN-context async'ly through listener
04-13 11:07:28.473 18009 18059 I DetoxRNIdleRes: Setting up Espresso Idling Resources for React Native.
04-13 11:07:28.475 18009 18059 D AsyncStorageIR: Checking whether a custom IR for Async-Storage is required... (legacy=false)
04-13 11:07:28.475 18009 18059 D DetoxRNHelpers: Native module not resolved: no such class
04-13 11:07:28.475 18009 18059 D AsyncStorageIR: Checking whether a custom IR for Async-Storage is required... (legacy=true)
04-13 11:07:28.475 18009 18059 D AsyncStorageIR: IR for Async-Storage is required! (legacy=true)
04-13 11:07:28.483 18009 18009 I Detox   : UIManagerModule is busy
04-13 11:07:28.483 18009 18009 D AsyncStorageIRLegacy: Async-storage is busy!
04-13 11:07:28.485 18009 18059 I WebSocketClient: At sendAction
04-13 11:07:28.486 18009 18059 D WebSocketClient: Detox Action Sent: ready
04-13 11:07:28.492 18009 18071 I WebSocketClient: At onMessage
04-13 11:07:28.492 18009 18071 I WebSocketClient: At receiveAction
04-13 11:07:28.492 18009 18071 D WebSocketClient: Detox Action Received: invoke
04-13 11:07:28.492 18009 18071 I DetoxManager: onAction: type: invoke params: {"target":{"type":"Class","value":"com.wix.detox.espresso.EspressoDetox"},"method":"perform","args":[{"type":"Invocation","value":{"target":{"type":"Class","value":"androidx.test.espresso.Espresso"},"method":"onView","args":[{"type":"Invocation","value":{"target":{"type":"Class","value":"com.wix.detox.espresso.DetoxMatcher"},"method":"matcherForTestId","args":["hello_button"]}}]}},{"type":"Invocation","value":{"target":{"type":"Class","value":"com.wix.detox.espresso.DetoxViewActions"},"method":"click","args":[]}}]}
04-13 11:07:28.493 18009 18059 D Detox   : class com.wix.detox.espresso.DetoxMatcher, matcherForTestId, [hello_button]
04-13 11:07:28.493 18009 18059 D Detox   : class androidx.test.espresso.Espresso, onView, [(with tag value: is "hello_button" and view has effective visibility=VISIBLE)]
04-13 11:07:28.494 18009 18059 D Detox   : class com.wix.detox.espresso.DetoxViewActions, click, []
04-13 11:07:28.510 18009 18059 D Detox   : class com.wix.detox.espresso.EspressoDetox, perform, [androidx.test.espresso.ViewInteraction@a8a1358, com.wix.detox.espresso.action.RNClickAction@cbf3cb1]
04-13 11:07:28.512 18009 18009 E unknown:ReactNative: Unable to launch logbox because react was unable to create the root view
04-13 11:07:28.536 18009 18098 E ReactNativeJNI: logMarker RUN_JS_BUNDLE_END
04-13 11:07:28.537 18009 18098 I ReactNativeJS: Running "detoxTest" with {"rootTag":21}
04-13 11:07:28.801 18009 18059 I DetoxActionHandlers: Test exception
04-13 11:07:28.801 18009 18059 I DetoxActionHandlers: java.lang.reflect.InvocationTargetException
04-13 11:07:28.801 18009 18059 I DetoxActionHandlers: 	at java.lang.reflect.Method.invoke(Native Method)
04-13 11:07:28.801 18009 18059 I DetoxActionHandlers: 	at org.apache.commons.lang3.reflect.MethodUtils.invokeStaticMethod(MethodUtils.java:443)
04-13 11:07:28.801 18009 18059 I DetoxActionHandlers: 	at org.apache.commons.lang3.reflect.MethodUtils.invokeStaticMethod(MethodUtils.java:405)
04-13 11:07:28.801 18009 18059 I DetoxActionHandlers: 	at com.wix.invoke.types.ClassTarget.execute(ClassTarget.java:23)
04-13 11:07:28.801 18009 18059 I DetoxActionHandlers: 	at com.wix.invoke.types.Target.invoke(Target.java:59)
04-13 11:07:28.801 18009 18059 I DetoxActionHandlers: 	at com.wix.invoke.MethodInvocation.invoke(MethodInvocation.java:35)
04-13 11:07:28.801 18009 18059 I DetoxActionHandlers: 	at com.wix.invoke.MethodInvocation.invoke(MethodInvocation.java:26)
04-13 11:07:28.801 18009 18059 I DetoxActionHandlers: 	at com.wix.invoke.MethodInvocation.invoke(MethodInvocation.java:20)
04-13 11:07:28.801 18009 18059 I DetoxActionHandlers: 	at com.wix.detox.InvokeActionHandler.handle(DetoxActionHandlers.kt:55)
04-13 11:07:28.801 18009 18059 I DetoxActionHandlers: 	at com.wix.detox.DetoxManager$4.run(DetoxManager.java:116)
04-13 11:07:28.801 18009 18059 I DetoxActionHandlers: 	at android.os.Handler.handleCallback(Handler.java:907)
04-13 11:07:28.801 18009 18059 I DetoxActionHandlers: 	at android.os.Handler.dispatchMessage(Handler.java:99)
04-13 11:07:28.801 18009 18059 I DetoxActionHandlers: 	at android.os.Looper.loop(Looper.java:223)
04-13 11:07:28.801 18009 18059 I DetoxActionHandlers: 	at com.wix.detox.Detox$1.run(Detox.java:214)
04-13 11:07:28.801 18009 18059 I DetoxActionHandlers: 	at java.lang.Thread.run(Thread.java:923)
04-13 11:07:28.801 18009 18059 I DetoxActionHandlers: Caused by: androidx.test.espresso.NoMatchingViewException: No views in hierarchy found matching: (with tag value: is "hello_button" and view has effective visibility=VISIBLE)
04-13 11:07:28.801 18009 18059 I DetoxActionHandlers: 
04-13 11:07:28.801 18009 18059 I DetoxActionHandlers: View Hierarchy:
04-13 11:07:28.801 18009 18059 I DetoxActionHandlers: +>DecorView{id=-1, visibility=VISIBLE, width=1080, height=1920, has-focus=false, has-focusable=true, has-window-focus=true, is-clickable=false, is-enabled=true, is-focused=false, is-focusable=false, is-layout-requested=false, is-selected=false, layout-params={(0,0)(fillxfill) sim={adjust=resize} ty=BASE_APPLICATION wanim=0x10302ff
04-13 11:07:28.801 18009 18059 I DetoxActionHandlers:   fl=LAYOUT_IN_SCREEN FORCE_NOT_FULLSCREEN LAYOUT_INSET_DECOR SPLIT_TOUCH HARDWARE_ACCELERATED DRAWS_SYSTEM_BAR_BACKGROUNDS
04-13 11:07:28.801 18009 18059 I DetoxActionHandlers:   pfl=FORCE_DRAW_STATUS_BAR_BACKGROUND FIT_INSETS_CONTROLLED
04-13 11:07:28.801 18009 18059 I DetoxActionHandlers:   fitSides=}, tag=null, root-is-layout-requested=false, has-input-connection=false, x=0.0, y=0.0, child-count=3} 
04-13 11:07:28.801 18009 18059 I DetoxActionHandlers: |
04-13 11:07:28.801 18009 18059 I DetoxActionHandlers: +->LinearLayout{id=-1, visibility=VISIBLE, width=1080, height=1776, has-focus=false, has-focusable=true, has-window-focus=true, is-clickable=false, is-enabled=true, is-focused=false, is-focusable=false, is-layout-requested=false, is-selected=false, layout-params=android.widget.FrameLayout$LayoutParams@f3b773f, tag=null, root-is-layout-requested=false, has-input-connection=false, x=0.0, y=0.0, child-count=2} 
04-13 11:07:28.801 18009 18059 I DetoxActionHandlers: |
04-13 11:07:28.801 18009 18059 I DetoxActionHandlers: +-->ViewStub{id=16908714, res-name=action_mode_bar_stub, visibility=GONE, width=0, height=0, has-focus=false, has-focusable=false, has-window-focus=true, is-clickable=false, is-enabled=true, is-focused=false, is-focusable=false, is-layout-requested=true, is-selected=false, layout-params=android.widget.LinearLayout$LayoutParams@461280c, tag=null, root-is-layout-requested=false, has-input-connection=false, x=0.0, y=0.0} 
04-13 11:07:28.801 18009 18059 I DetoxActionHandlers: |
04-13 11:07:28.801 18009 18059 I DetoxActionHandlers: +-->FrameLayout{id=-1, visibility=VISIBLE, width=1080, height=1704, has-focus=false, has-focusable=true, has-window-focus=true, is-clickable=false, is-enabled=true, is-focused=false, is-focusable=false, is-layout-requested=false, is-selected=false, layout-params=android.widget.LinearLayout$LayoutParams@164bb6a, tag=null, root-is-layout-requested=false, has-input-connection=false, x=0.0, y=72.0, child-count=1} 
04-13 11:07:28.801 18009 18059 I DetoxActionHandlers: |
04-13 11:07:28.801 18009 18059 I DetoxActionHandlers: +--->FitWindowsLinearLayout{id=2131165199, res-name=action_bar_root, visibility=VISIBLE, width=1080, height=1704, has-focus=false, has-focusable=true, has-window-focus=true, is-clickable=false, is-enabled=true, is-focused=false, is-focusable=false, is-layout-requested=false, is-selected=false, layout-params=android.widget.FrameLayout$LayoutParams@fa081d1, tag=null, root-is-layout-requested=false, has-input-connection=false, x=0.0, y=0.0, child-count=2} 
04-13 11:07:28.801 18009 18059 I DetoxActionHandlers: |
04-13 11:07:28.801 18009 18059 I DetoxActionHandlers: +---->ViewStubCompat{id=2131165210, res-name=action_mode_bar_stub, visibility=GONE, width=0, height=0, has-focus=false, has-focusable=false, has-window-focus=true, is-clickable=false, is-enabled=true, is-focused=false, is-focusable=false, is-layout-requested=true, is-selected=false, layout-params=android.widget.LinearLayout$LayoutParams@78b2436, tag=null, root-is-layout-requested=false, has-input-connection=false, x=0.0, y=0.0} 
04-13 11:07:28.801 18009 18059 I DetoxActionHandlers: |
04-13 11:07:28.802 18009 18059 I DetoxActionHandlers: +---->ContentFrameLayout{id=16908290, res-name=content, visibility=VISIBLE, width=1080, height=1704, has-focus=false, has-focusable=true, has-window-focus=true, is-clickable=false, is-enabled=true, is-focused=false, is-focusable=false, is-layout-requested=false, is-selected=false, layout-params=android.widget.LinearLayout$LayoutParams@30b0f37, tag=null, root-is-layout-requested=false, has-input-connection=false, x=0.0, y=0.0, child-count=1} 
04-13 11:07:28.802 18009 18059 I DetoxActionHandlers: |
04-13 11:07:28.802 18009 18059 I DetoxActionHandlers: +----->ReactRootView{id=21, visibility=VISIBLE, width=1080, height=1704, has-focus=false, has-focusable=true, has-window-focus=true, is-clickable=false, is-enabled=true, is-focused=false, is-focusable=false, is-layout-requested=false, is-selected=false, layout-params=android.widget.FrameLayout$LayoutParams@95a6a0d, tag=null, root-is-layout-requested=false, has-input-connection=false, x=0.0, y=0.0, child-count=1} 
04-13 11:07:28.802 18009 18059 I DetoxActionHandlers: |
04-13 11:07:28.802 18009 18059 I DetoxActionHandlers: +------>ReactScrollView{id=23, visibility=VISIBLE, width=1080, height=246, has-focus=false, has-focusable=true, has-window-focus=true, is-clickable=false, is-enabled=true, is-focused=false, is-focusable=true, is-layout-requested=false, is-selected=false, layout-params=android.widget.FrameLayout$LayoutParams@51c7e2b, tag=null, root-is-layout-requested=false, has-input-connection=false, x=0.0, y=0.0, child-count=1} 
04-13 11:07:28.802 18009 18059 I DetoxActionHandlers: |
04-13 11:07:28.802 18009 18059 I DetoxActionHandlers: +------->ReactViewGroup{id=19, visibility=VISIBLE, width=1080, height=246, has-focus=false, has-focusable=true, has-window-focus=true, is-clickable=false, is-enabled=true, is-focused=false, is-focusable=false, is-layout-requested=false, is-selected=false, layout-params=android.widget.FrameLayout$LayoutParams@bd50288, tag=null, root-is-layout-requested=false, has-input-connection=false, x=0.0, y=0.0, child-count=1} 
04-13 11:07:28.802 18009 18059 I DetoxActionHandlers: |
04-13 11:07:28.802 18009 18059 I DetoxActionHandlers: +-------->ReactViewGroup{id=17, visibility=VISIBLE, width=1080, height=246, has-focus=false, has-focusable=true, has-window-focus=true, is-clickable=false, is-enabled=true, is-focused=false, is-focusable=false, is-layout-requested=false, is-selected=false, layout-params=android.view.ViewGroup$LayoutParams@da7b421, tag=null, root-is-layout-requested=false, has-input-connection=false, x=0.0, y=0.0, child-count=2} 
04-13 11:07:28.802 18009 18059 I DetoxActionHandlers: |
04-13 11:07:28.802 18009 18059 I DetoxActionHandlers: +--------->ReactViewGroup{id=9, visibility=VISIBLE, width=1080, height=105, has-focus=false, has-focusable=true, has-window-focus=true, is-clickable=false, is-enabled=true, is-focused=false, is-focusable=true, is-layout-requested=false, is-selected=false, layout-params=android.view.ViewGroup$LayoutParams@bcff046, tag=initButton, root-is-layout-requested=false, has-input-connection=false, x=0.0, y=0.0, child-count=1} 
04-13 11:07:28.802 18009 18059 I DetoxActionHandlers: |
04-13 11:07:28.802 18009 18059 I DetoxActionHandlers: +---------->ReactViewGroup{id=7, visibility=VISIBLE, width=1080, height=105, has-focus=false, has-focusable=true, has-window-focus=true, is-clickable=true, is-enabled=true, is-focused=false, is-focusable=true, is-layout-requested=false, is-selected=false, layout-params=android.view.ViewGroup$LayoutParams@ee2d207, tag=null, root-is-layout-requested=false, has-input-connection=false, x=0.0, y=0.0, child-count=1} 
04-13 11:07:28.802 18009 18059 I DetoxActionHandlers: |
04-13 11:07:28.802 18009 18059 I DetoxActionHandlers: +----------->ReactTextView{id=5, visibility=VISIBLE, width=1032, height=57, has-focus=false, has-focusable=false, has-window-focus=true, is-clickable=false, is-enabled=true, is-focused=false, is-focusable=false, is-layout-requested=false, is-selected=false, layout-params=android.view.ViewGroup$LayoutParams@afbbf34, tag=null, root-is-layout-requested=false, has-input-connection=false, x=24.0, y=24.0, text=INITSDK, input-type=0, ime-target=false, has-links=false} 
04-13 11:07:28.802 18009 18059 I DetoxActionHandlers: |
04-13 11:07:28.802 18009 18059 I DetoxActionHandlers: +--------->ReactTextView{id=15, visibility=VISIBLE, width=1020, height=81, has-focus=false, has-focusable=false, has-window-focus=true, is-clickable=false, is-enabled=true, is-focused=false, is-focusable=false, is-layout-requested=false, is-selected=false, layout-params=android.view.ViewGroup$LayoutParams@7aa715d, tag=null, root-is-layout-requested=false, has-input-connection=false, x=30.0, y=135.0, text=Not clicked yet, input-type=0, ime-target=false, has-links=false} 
04-13 11:07:28.802 18009 18059 I DetoxActionHandlers: |
04-13 11:07:28.802 18009 18059 I DetoxActionHandlers: +->View{id=16908336, res-name=navigationBarBackground, visibility=VISIBLE, width=1080, height=144, has-focus=false, has-focusable=false, has-window-focus=true, is-clickable=false, is-enabled=true, is-focused=false, is-focusable=false, is-layout-requested=false, is-selected=false, layout-params=android.widget.FrameLayout$LayoutParams@199fe4b, tag=null, root-is-layout-requested=false, has-input-connection=false, x=0.0, y=1776.0} 
04-13 11:07:28.802 18009 18059 I DetoxActionHandlers: |
04-13 11:07:28.802 18009 18059 I DetoxActionHandlers: +->View{id=16908335, res-name=statusBarBackground, visibility=VISIBLE, width=1080, height=72, has-focus=false, has-focusable=false, has-window-focus=true, is-clickable=false, is-enabled=true, is-focused=false, is-focusable=false, is-layout-requested=false, is-selected=false, layout-params=android.widget.FrameLayout$LayoutParams@30e5028, tag=null, root-is-layout-requested=false, has-input-connection=false, x=0.0, y=0.0} 
04-13 11:07:28.802 18009 18059 I DetoxActionHandlers: |
04-13 11:07:28.802 18009 18059 I DetoxActionHandlers: 	at dalvik.system.VMStack.getThreadStackTrace(Native Method)
04-13 11:07:28.802 18009 18059 I DetoxActionHandlers: 	at java.lang.Thread.getStackTrace(Thread.java:1736)
04-13 11:07:28.802 18009 18059 I DetoxActionHandlers: 	at androidx.test.espresso.base.DefaultFailureHandler.getUserFriendlyError(DefaultFailureHandler.java:96)
04-13 11:07:28.802 18009 18059 I DetoxActionHandlers: 	at androidx.test.espresso.base.DefaultFailureHandler.handle(DefaultFailureHandler.java:59)
04-13 11:07:28.802 18009 18059 I DetoxActionHandlers: 	at androidx.test.espresso.ViewInteraction.waitForAndHandleInteractionResults(ViewInteraction.java:322)
04-13 11:07:28.802 18009 18059 I DetoxActionHandlers: 	at androidx.test.espresso.ViewInteraction.desugaredPerform(ViewInteraction.java:178)
04-13 11:07:28.802 18009 18059 I DetoxActionHandlers: 	at androidx.test.espresso.ViewInteraction.perform(ViewInteraction.java:119)
04-13 11:07:28.802 18009 18059 I DetoxActionHandlers: 	at com.wix.detox.espresso.EspressoDetox.perform(EspressoDetox.java:38)
04-13 11:07:28.802 18009 18059 I DetoxActionHandlers: 	... 15 more
04-13 11:07:28.806 18009 18059 I WebSocketClient: At sendAction
04-13 11:07:28.807 18009 18059 D WebSocketClient: Detox Action Sent: testFailed
