--------- beginning of main
04-13 12:30:00.048 26887 26931 D AppsFlyer_6.2.0: Initializing AppsFlyer SDK: (v6.2.0.91)
04-13 12:30:00.279 26887 26967 I TetheringManager: registerTetheringEventCallback:com.detoxtest
04-13 12:30:00.375 26887 26937 I WebSocketClient: At sendAction
04-13 12:30:00.375 26887 26937 D WebSocketClient: Detox Action Sent: invokeResult
04-13 12:30:00.379 26887 26947 I WebSocketClient: At onMessage
04-13 12:30:00.379 26887 26947 I WebSocketClient: At receiveAction
04-13 12:30:00.379 26887 26947 D WebSocketClient: Detox Action Received: invoke
04-13 12:30:00.379 26887 26947 I DetoxManager: onAction: type: invoke params: {"target":{"type":"Class","value":"com.wix.detox.espresso.DetoxAssertion"},"method":"assertMatcher","args":[{"type":"Invocation","value":{"target":{"type":"Class","value":"androidx.test.espresso.Espresso"},"method":"onView","args":[{"type":"Invocation","value":{"target":{"type":"Class","value":"com.wix.detox.espresso.DetoxMatcher"},"method":"matcherForTestId","args":["successInitResult"]}}]}},{"type":"Invocation","value":{"target":{"type":"Class","value":"com.wix.detox.espresso.DetoxMatcher"},"method":"matcherForText","args":["Success"]}}]}
04-13 12:30:00.380 26887 26937 D Detox   : class com.wix.detox.espresso.DetoxMatcher, matcherForTestId, [successInitResult]
04-13 12:30:00.380 26887 26937 D Detox   : class androidx.test.espresso.Espresso, onView, [(with tag value: is "successInitResult" and view has effective visibility=VISIBLE)]
04-13 12:30:00.380 26887 26937 D Detox   : class com.wix.detox.espresso.DetoxMatcher, matcherForText, [Success]
04-13 12:30:00.382 26887 26937 D Detox   : class com.wix.detox.espresso.DetoxAssertion, assertMatcher, [androidx.test.espresso.ViewInteraction@5e26ca4, (with text: is "Success" and view has effective visibility=VISIBLE)]
04-13 12:30:00.393 26887 26887 I ViewInteraction: Checking 'MatchesViewAssertion(Detox){viewMatcher=(with text: is "Success" and view has effective visibility=VISIBLE)}' assertion on view (with tag value: is "successInitResult" and view has effective visibility=VISIBLE)
04-13 12:30:00.394 26887 26937 I WebSocketClient: At sendAction
04-13 12:30:00.395 26887 26937 D WebSocketClient: Detox Action Sent: invokeResult
04-13 12:30:00.445 26887 26947 I WebSocketClient: At onMessage
04-13 12:30:00.448 26887 26947 I WebSocketClient: At receiveAction
04-13 12:30:00.448 26887 26947 D WebSocketClient: Detox Action Received: invoke
04-13 12:30:00.448 26887 26947 I DetoxManager: onAction: type: invoke params: {"target":{"type":"Class","value":"com.wix.detox.espresso.DetoxAssertion"},"method":"assertMatcher","args":[{"type":"Invocation","value":{"target":{"type":"Class","value":"androidx.test.espresso.Espresso"},"method":"onView","args":[{"type":"Invocation","value":{"target":{"type":"Class","value":"com.wix.detox.espresso.DetoxMatcher"},"method":"matcherForTestId","args":["noDevKeyButton"]}}]}},{"type":"Invocation","value":{"target":{"type":"Class","value":"com.wix.detox.espresso.DetoxMatcher"},"method":"matcherForSufficientlyVisible","args":[]}}]}
04-13 12:30:00.448 26887 26937 D Detox   : class com.wix.detox.espresso.DetoxMatcher, matcherForTestId, [noDevKeyButton]
04-13 12:30:00.449 26887 26937 D Detox   : class androidx.test.espresso.Espresso, onView, [(with tag value: is "noDevKeyButton" and view has effective visibility=VISIBLE)]
04-13 12:30:00.451 26887 26937 D Detox   : class com.wix.detox.espresso.DetoxMatcher, matcherForSufficientlyVisible, []
04-13 12:30:00.451 26887 26937 D Detox   : class com.wix.detox.espresso.DetoxAssertion, assertMatcher, [androidx.test.espresso.ViewInteraction@95a6a0d, at least 75 percent of the view's area is displayed to the user.]
04-13 12:30:00.461 26887 26887 I ViewInteraction: Checking 'MatchesViewAssertion(Detox){viewMatcher=at least 75 percent of the view's area is displayed to the user.}' assertion on view (with tag value: is "noDevKeyButton" and view has effective visibility=VISIBLE)
04-13 12:30:00.461 26887 26937 I WebSocketClient: At sendAction
04-13 12:30:00.462 26887 26937 D WebSocketClient: Detox Action Sent: invokeResult
04-13 12:30:00.467 26887 26947 I WebSocketClient: At onMessage
04-13 12:30:00.467 26887 26947 I WebSocketClient: At receiveAction
04-13 12:30:00.467 26887 26947 D WebSocketClient: Detox Action Received: invoke
04-13 12:30:00.467 26887 26947 I DetoxManager: onAction: type: invoke params: {"target":{"type":"Class","value":"com.wix.detox.espresso.EspressoDetox"},"method":"perform","args":[{"type":"Invocation","value":{"target":{"type":"Class","value":"androidx.test.espresso.Espresso"},"method":"onView","args":[{"type":"Invocation","value":{"target":{"type":"Class","value":"com.wix.detox.espresso.DetoxMatcher"},"method":"matcherForTestId","args":["noDevKeyButton"]}}]}},{"type":"Invocation","value":{"target":{"type":"Class","value":"com.wix.detox.espresso.DetoxViewActions"},"method":"click","args":[]}}]}
04-13 12:30:00.468 26887 26937 D Detox   : class com.wix.detox.espresso.DetoxMatcher, matcherForTestId, [noDevKeyButton]
04-13 12:30:00.471 26887 26937 D Detox   : class androidx.test.espresso.Espresso, onView, [(with tag value: is "noDevKeyButton" and view has effective visibility=VISIBLE)]
04-13 12:30:00.471 26887 26937 D Detox   : class com.wix.detox.espresso.DetoxViewActions, click, []
04-13 12:30:00.471 26887 26937 D Detox   : class com.wix.detox.espresso.EspressoDetox, perform, [androidx.test.espresso.ViewInteraction@add4dc2, com.wix.detox.espresso.action.RNClickAction@3f767d3]
04-13 12:30:00.480 26887 26887 I ViewInteraction: Performing 'com.wix.detox.espresso.action.detoxsingletap@22baf10 click' action on view (with tag value: is "noDevKeyButton" and view has effective visibility=VISIBLE)
04-13 12:30:00.891 26887 26937 I WebSocketClient: At sendAction
04-13 12:30:00.891 26887 26937 D WebSocketClient: Detox Action Sent: invokeResult
04-13 12:30:00.894 26887 26947 I WebSocketClient: At onMessage
04-13 12:30:00.895 26887 26947 I WebSocketClient: At receiveAction
04-13 12:30:00.895 26887 26947 D WebSocketClient: Detox Action Received: invoke
04-13 12:30:00.895 26887 26947 I DetoxManager: onAction: type: invoke params: {"target":{"type":"Class","value":"com.wix.detox.espresso.DetoxAssertion"},"method":"assertMatcher","args":[{"type":"Invocation","value":{"target":{"type":"Class","value":"androidx.test.espresso.Espresso"},"method":"onView","args":[{"type":"Invocation","value":{"target":{"type":"Class","value":"com.wix.detox.espresso.DetoxMatcher"},"method":"matcherForTestId","args":["noDevKeyInitResult"]}}]}},{"type":"Invocation","value":{"target":{"type":"Class","value":"com.wix.detox.espresso.DetoxMatcher"},"method":"matcherForText","args":["No 'devKey' found or its empty"]}}]}
04-13 12:30:00.895 26887 26937 D Detox   : class com.wix.detox.espresso.DetoxMatcher, matcherForTestId, [noDevKeyInitResult]
04-13 12:30:00.895 26887 26937 D Detox   : class androidx.test.espresso.Espresso, onView, [(with tag value: is "noDevKeyInitResult" and view has effective visibility=VISIBLE)]
04-13 12:30:00.895 26887 26937 D Detox   : class com.wix.detox.espresso.DetoxMatcher, matcherForText, [No 'devKey' found or its empty]
04-13 12:30:00.896 26887 26937 D Detox   : class com.wix.detox.espresso.DetoxAssertion, assertMatcher, [androidx.test.espresso.ViewInteraction@bd50288, (with text: is "No 'devKey' found or its empty" and view has effective visibility=VISIBLE)]
04-13 12:30:00.899 26887 26887 I ViewInteraction: Checking 'MatchesViewAssertion(Detox){viewMatcher=(with text: is "No 'devKey' found or its empty" and view has effective visibility=VISIBLE)}' assertion on view (with tag value: is "noDevKeyInitResult" and view has effective visibility=VISIBLE)
04-13 12:30:00.899 26887 26937 I WebSocketClient: At sendAction
04-13 12:30:00.899 26887 26937 D WebSocketClient: Detox Action Sent: invokeResult
