--------- beginning of main
04-13 11:40:07.074 22506 22534 D TestExecutor: Adding listener androidx.test.internal.runner.listener.LogRunListener
04-13 11:40:07.076 22506 22534 D TestExecutor: Adding listener androidx.test.internal.runner.listener.InstrumentationResultPrinter
04-13 11:40:07.076 22506 22534 D TestExecutor: Adding listener androidx.test.internal.runner.listener.ActivityFinisherRunListener
04-13 11:40:07.078 22506 22534 I TestRunner: run started: 1 tests
04-13 11:40:07.083 22506 22534 I TestRunner: started: runDetoxTests(com.detoxtest.DetoxTest)
04-13 11:40:07.085 22506 22506 I MonitoringInstr: Activities that are still in CREATED to STOPPED: 0
04-13 11:40:07.127 22506 22534 D EventInjectionStrategy: Creating injection strategy with input manager.
04-13 11:40:07.195 22506 22546 D libEGL  : loaded /vendor/lib/egl/libEGL_emulation.so
04-13 11:40:07.199 22506 22546 D libEGL  : loaded /vendor/lib/egl/libGLESv1_CM_emulation.so
04-13 11:40:07.202 22506 22546 D libEGL  : loaded /vendor/lib/egl/libGLESv2_emulation.so
04-13 11:40:07.211 22506 22506 D LifecycleMonitor: Lifecycle status change: com.detoxtest.MainActivity@d952f0b in: PRE_ON_CREATE
04-13 11:40:07.231 22506 22547 D SoLoader: About to load: libreactnativejni.so
04-13 11:40:07.233 22506 22547 D SoLoader: libreactnativejni.so not found on /data/user/0/com.detoxtest/lib-main
04-13 11:40:07.233 22506 22547 D SoLoader: libreactnativejni.so found on /data/app/~~6njAaQyNd9go_-qOHkso9w==/com.detoxtest-iAdME_Yp7yIxff9jmofn6A==/lib/x86
04-13 11:40:07.233 22506 22547 D SoLoader: Not resolving dependencies for libreactnativejni.so
04-13 11:40:07.244 22506 22547 D SoLoader: Loaded: libreactnativejni.so
04-13 11:40:07.244 22506 22547 D SoLoader: About to load: libfbjni.so
04-13 11:40:07.244 22506 22506 D LifecycleMonitor: Lifecycle status change: com.detoxtest.MainActivity@d952f0b in: CREATED
04-13 11:40:07.244 22506 22547 D SoLoader: libfbjni.so not found on /data/user/0/com.detoxtest/lib-main
04-13 11:40:07.244 22506 22547 D SoLoader: libfbjni.so found on /data/app/~~6njAaQyNd9go_-qOHkso9w==/com.detoxtest-iAdME_Yp7yIxff9jmofn6A==/lib/x86
04-13 11:40:07.245 22506 22547 D SoLoader: Not resolving dependencies for libfbjni.so
04-13 11:40:07.246 22506 22506 D LifecycleMonitor: Lifecycle status change: com.detoxtest.MainActivity@d952f0b in: STARTED
04-13 11:40:07.247 22506 22506 D LifecycleMonitor: Lifecycle status change: com.detoxtest.MainActivity@d952f0b in: RESUMED
04-13 11:40:07.248 22506 22547 D SoLoader: Loaded: libfbjni.so
04-13 11:40:07.263 22506 22547 E unknown:ReactNative: ReactInstanceManager.createReactContext: mJSIModulePackage null
04-13 11:40:07.263 22506 22549 E ReactNativeJNI: logMarker CREATE_REACT_CONTEXT_END
04-13 11:40:07.272 22506 22550 E unknown:ReactNative: ReactInstanceManager.attachRootViewToInstance()
04-13 11:40:07.275 22506 22549 E ReactNativeJNI: logMarker RUN_JS_BUNDLE_START
04-13 11:40:07.290 22506 22544 D HostConnection: HostConnection::get() New Host Connection established 0xe9914770, tid 22544
04-13 11:40:07.296 22506 22544 D HostConnection: HostComposition ext ANDROID_EMU_CHECKSUM_HELPER_v1 ANDROID_EMU_native_sync_v2 ANDROID_EMU_native_sync_v3 ANDROID_EMU_native_sync_v4 ANDROID_EMU_dma_v1 ANDROID_EMU_direct_mem ANDROID_EMU_host_composition_v1 ANDROID_EMU_host_composition_v2 ANDROID_EMU_YUV_Cache ANDROID_EMU_async_unmap_buffer GL_OES_EGL_image_external_essl3 GL_OES_vertex_array_object GL_KHR_texture_compression_astc_ldr ANDROID_EMU_gles_max_version_3_0 
04-13 11:40:07.312 22506 22550 W unknown:ViewManagerPropertyUpdater: Could not find generated setter for class com.facebook.react.views.art.ARTGroupViewManager
04-13 11:40:07.312 22506 22550 W unknown:ViewManagerPropertyUpdater: Could not find generated setter for class com.facebook.react.views.art.ARTGroupShadowNode
04-13 11:40:07.314 22506 22550 W unknown:ViewManagerPropertyUpdater: Could not find generated setter for class com.facebook.react.views.art.ARTShapeViewManager
04-13 11:40:07.314 22506 22550 W unknown:ViewManagerPropertyUpdater: Could not find generated setter for class com.facebook.react.views.art.ARTShapeShadowNode
04-13 11:40:07.316 22506 22544 W OpenGLRenderer: Failed to choose config with EGL_SWAP_BEHAVIOR_PRESERVED, retrying without...
04-13 11:40:07.318 22506 22550 W unknown:ViewManagerPropertyUpdater: Could not find generated setter for class com.facebook.react.views.art.ARTTextViewManager
04-13 11:40:07.318 22506 22550 W unknown:ViewManagerPropertyUpdater: Could not find generated setter for class com.facebook.react.views.art.ARTTextShadowNode
04-13 11:40:07.319 22506 22550 W unknown:ViewManagerPropertyUpdater: Could not find generated setter for class com.facebook.react.views.checkbox.ReactCheckBoxManager
04-13 11:40:07.320 22506 22550 W unknown:ViewManagerPropertyUpdater: Could not find generated setter for class com.facebook.react.uimanager.LayoutShadowNode
04-13 11:40:07.323 22506 22544 D EGL_emulation: eglCreateContext: 0xe9737d70: maj 3 min 0 rcv 3
04-13 11:40:07.326 22506 22550 W unknown:ViewManagerPropertyUpdater: Could not find generated setter for class com.facebook.react.views.picker.ReactDialogPickerManager
04-13 11:40:07.327 22506 22550 W unknown:ViewManagerPropertyUpdater: Could not find generated setter for class com.facebook.react.views.drawer.ReactDrawerLayoutManager
04-13 11:40:07.328 22506 22550 W unknown:ViewManagerPropertyUpdater: Could not find generated setter for class com.facebook.react.views.picker.ReactDropdownPickerManager
04-13 11:40:07.329 22506 22550 W unknown:ViewManagerPropertyUpdater: Could not find generated setter for class com.facebook.react.views.scroll.ReactHorizontalScrollViewManager
04-13 11:40:07.335 22506 22550 W unknown:ViewManagerPropertyUpdater: Could not find generated setter for class com.facebook.react.views.scroll.ReactHorizontalScrollContainerViewManager
04-13 11:40:07.344 22506 22544 D EGL_emulation: eglMakeCurrent: 0xe9737d70: ver 3 0 (tinfo 0xe9a7da70)
04-13 11:40:07.345 22506 22550 W unknown:ViewManagerPropertyUpdater: Could not find generated setter for class com.facebook.react.views.progressbar.ReactProgressBarViewManager
04-13 11:40:07.357 22506 22550 W unknown:ViewManagerPropertyUpdater: Could not find generated setter for class com.facebook.react.views.progressbar.ProgressBarShadowNode
04-13 11:40:07.358 22506 22550 W unknown:ViewManagerPropertyUpdater: Could not find generated setter for class com.facebook.react.views.scroll.ReactScrollViewManager
04-13 11:40:07.359 22506 22550 W unknown:ViewManagerPropertyUpdater: Could not find generated setter for class com.facebook.react.views.slider.ReactSliderManager
04-13 11:40:07.364 22506 22550 W unknown:ViewManagerPropertyUpdater: Could not find generated setter for class com.facebook.react.views.slider.ReactSliderManager$ReactSliderShadowNode
04-13 11:40:07.364 22506 22550 W unknown:ViewManagerPropertyUpdater: Could not find generated setter for class com.facebook.react.views.switchview.ReactSwitchManager
04-13 11:40:07.371 22506 22550 W unknown:ViewManagerPropertyUpdater: Could not find generated setter for class com.facebook.react.views.switchview.ReactSwitchManager$ReactSwitchShadowNode
04-13 11:40:07.371 22506 22544 I Gralloc4: mapper 4.x is not supported
04-13 11:40:07.375 22506 22550 W unknown:ViewManagerPropertyUpdater: Could not find generated setter for class com.facebook.react.views.swiperefresh.SwipeRefreshLayoutManager
04-13 11:40:07.376 22506 22544 D HostConnection: createUnique: call
04-13 11:40:07.376 22506 22544 D HostConnection: HostConnection::get() New Host Connection established 0xe9914d10, tid 22544
04-13 11:40:07.376 22506 22544 D eglCodecCommon: allocate: Ask for block of size 0x100
04-13 11:40:07.376 22506 22544 D eglCodecCommon: allocate: ioctl allocate returned offset 0x3fc0ff000 size 0x2000
04-13 11:40:07.377 22506 22550 W unknown:ViewManagerPropertyUpdater: Could not find generated setter for class com.facebook.react.views.art.ARTSurfaceViewManager
04-13 11:40:07.378 22506 22550 W unknown:ViewManagerPropertyUpdater: Could not find generated setter for class com.facebook.react.views.art.ARTSurfaceViewShadowNode
04-13 11:40:07.380 22506 22550 W unknown:ViewManagerPropertyUpdater: Could not find generated setter for class com.facebook.react.views.text.frescosupport.FrescoBasedReactTextInlineImageViewManager
04-13 11:40:07.380 22506 22550 W unknown:ViewManagerPropertyUpdater: Could not find generated setter for class com.facebook.react.views.text.frescosupport.FrescoBasedReactTextInlineImageShadowNode
04-13 11:40:07.381 22506 22550 W unknown:ViewManagerPropertyUpdater: Could not find generated setter for class com.facebook.react.views.image.ReactImageManager
04-13 11:40:07.383 22506 22550 W unknown:ViewManagerPropertyUpdater: Could not find generated setter for class com.facebook.react.views.modal.ReactModalHostManager
04-13 11:40:07.384 22506 22550 W unknown:ViewManagerPropertyUpdater: Could not find generated setter for class com.facebook.react.views.modal.ModalHostShadowNode
04-13 11:40:07.384 22506 22550 W unknown:ViewManagerPropertyUpdater: Could not find generated setter for class com.facebook.react.views.text.ReactRawTextManager
04-13 11:40:07.385 22506 22550 W unknown:ViewManagerPropertyUpdater: Could not find generated setter for class com.facebook.react.views.text.ReactRawTextShadowNode
04-13 11:40:07.386 22506 22550 W unknown:ViewManagerPropertyUpdater: Could not find generated setter for class com.facebook.react.views.textinput.ReactTextInputManager
04-13 11:40:07.387 22506 22550 W unknown:ViewManagerPropertyUpdater: Could not find generated setter for class com.facebook.react.views.textinput.ReactTextInputShadowNode
04-13 11:40:07.390 22506 22550 W unknown:ViewManagerPropertyUpdater: Could not find generated setter for class com.facebook.react.views.text.ReactTextViewManager
04-13 11:40:07.390 22506 22550 W unknown:ViewManagerPropertyUpdater: Could not find generated setter for class com.facebook.react.views.text.ReactTextShadowNode
04-13 11:40:07.391 22506 22550 W unknown:ViewManagerPropertyUpdater: Could not find generated setter for class com.facebook.react.views.view.ReactViewManager
04-13 11:40:07.391 22506 22550 W unknown:ViewManagerPropertyUpdater: Could not find generated setter for class com.facebook.react.views.viewpager.ReactViewPagerManager
04-13 11:40:07.392 22506 22550 W unknown:ViewManagerPropertyUpdater: Could not find generated setter for class com.facebook.react.views.text.ReactVirtualTextViewManager
04-13 11:40:07.393 22506 22550 W unknown:ViewManagerPropertyUpdater: Could not find generated setter for class com.facebook.react.views.text.ReactVirtualTextShadowNode
04-13 11:40:07.399 22506 22550 D SoLoader: About to load: libyoga.so
04-13 11:40:07.400 22506 22550 D SoLoader: libyoga.so not found on /data/user/0/com.detoxtest/lib-main
04-13 11:40:07.400 22506 22550 D SoLoader: libyoga.so found on /data/app/~~6njAaQyNd9go_-qOHkso9w==/com.detoxtest-iAdME_Yp7yIxff9jmofn6A==/lib/x86
04-13 11:40:07.400 22506 22550 D SoLoader: Not resolving dependencies for libyoga.so
04-13 11:40:07.405 22506 22550 D SoLoader: Loaded: libyoga.so
04-13 11:40:07.405 22506 22544 D HostConnection: HostComposition ext ANDROID_EMU_CHECKSUM_HELPER_v1 ANDROID_EMU_native_sync_v2 ANDROID_EMU_native_sync_v3 ANDROID_EMU_native_sync_v4 ANDROID_EMU_dma_v1 ANDROID_EMU_direct_mem ANDROID_EMU_host_composition_v1 ANDROID_EMU_host_composition_v2 ANDROID_EMU_YUV_Cache ANDROID_EMU_async_unmap_buffer GL_OES_EGL_image_external_essl3 GL_OES_vertex_array_object GL_KHR_texture_compression_astc_ldr ANDROID_EMU_gles_max_version_3_0 
04-13 11:40:07.411 22506 22544 D EGL_emulation: eglMakeCurrent: 0xe9737d70: ver 3 0 (tinfo 0xe9a7da70)
04-13 11:40:07.416 22506 22550 E unknown:ReactRootView: runApplication: call AppRegistry.runApplication
04-13 11:40:07.443 22506 22550 D SoLoader: init exiting
04-13 11:40:07.447 22506 22506 E unknown:ReactNative: Unable to launch logbox because react was unable to create the root view
04-13 11:40:07.459 22506 22553 I Detox   : Detox thread starting (com.wix.detox.manager)
04-13 11:40:07.464 22506 22549 E ReactNativeJNI: logMarker RUN_JS_BUNDLE_END
04-13 11:40:07.465 22506 22553 I DetoxManager: DetoxServerUrl: ws://localhost:62316
04-13 11:40:07.465 22506 22553 I DetoxManager: DetoxSessionId: 2e2f1205-c229-1c42-a38b-78c5de7758d6
04-13 11:40:07.471 22506 22549 I ReactNativeJS: Running "detoxTest" with {"rootTag":1}
04-13 11:40:07.473 22506 22506 D DetoxRNLoading: Got new RN-context directly and immediately
04-13 11:40:07.475 22506 22553 I DetoxRNIdleRes: Setting up Espresso Idling Resources for React Native.
04-13 11:40:07.505 22506 22553 D AsyncStorageIR: Checking whether a custom IR for Async-Storage is required... (legacy=false)
04-13 11:40:07.505 22506 22553 D DetoxRNHelpers: Native module not resolved: no such class
04-13 11:40:07.505 22506 22553 D AsyncStorageIR: Checking whether a custom IR for Async-Storage is required... (legacy=true)
04-13 11:40:07.506 22506 22553 D AsyncStorageIR: IR for Async-Storage is required! (legacy=true)
04-13 11:40:07.532 22506 22506 D AsyncStorageIRLegacy: Async-storage is busy!
04-13 11:40:07.550 22506 22553 I WebSocketClient: At connectToServer
04-13 11:40:07.574 22506 22560 I WebSocketClient: At onOpen
04-13 11:40:07.574 22506 22560 I WebSocketClient: At sendAction
04-13 11:40:07.574 22506 22560 D WebSocketClient: Detox Action Sent: login
04-13 11:40:07.806 22506 22506 I Detox   : Wait is over: app is now idle!
04-13 11:40:07.811 22506 22560 I WebSocketClient: At sendAction
04-13 11:40:07.813 22506 22560 D WebSocketClient: Detox Action Sent: ready
04-13 11:40:07.817 22506 22560 I WebSocketClient: At onMessage
04-13 11:40:07.817 22506 22560 I WebSocketClient: At receiveAction
04-13 11:40:07.817 22506 22560 D WebSocketClient: Detox Action Received: loginSuccess
04-13 11:40:07.817 22506 22560 I DetoxManager: onAction: type: loginSuccess params: {"testerConnected":true,"appConnected":true}
04-13 11:40:07.881 22506 22560 I WebSocketClient: At onMessage
04-13 11:40:07.881 22506 22560 I WebSocketClient: At receiveAction
04-13 11:40:07.882 22506 22560 D WebSocketClient: Detox Action Received: invoke
04-13 11:40:07.882 22506 22560 I DetoxManager: onAction: type: invoke params: {"target":{"type":"Class","value":"com.wix.detox.espresso.DetoxAssertion"},"method":"assertMatcher","args":[{"type":"Invocation","value":{"target":{"type":"Class","value":"androidx.test.espresso.Espresso"},"method":"onView","args":[{"type":"Invocation","value":{"target":{"type":"Class","value":"com.wix.detox.espresso.DetoxMatcher"},"method":"matcherForTestId","args":["successInitButton"]}}]}},{"type":"Invocation","value":{"target":{"type":"Class","value":"com.wix.detox.espresso.DetoxMatcher"},"method":"matcherForSufficientlyVisible","args":[]}}]}
04-13 11:40:07.908 22506 22553 D Detox   : class com.wix.detox.espresso.DetoxMatcher, matcherForTestId, [successInitButton]
04-13 11:40:07.933 22506 22553 D Detox   : class androidx.test.espresso.Espresso, onView, [(with tag value: is "successInitButton" and view has effective visibility=VISIBLE)]
04-13 11:40:07.935 22506 22553 D Detox   : class com.wix.detox.espresso.DetoxMatcher, matcherForSufficientlyVisible, []
04-13 11:40:07.936 22506 22553 D Detox   : class com.wix.detox.espresso.DetoxAssertion, assertMatcher, [androidx.test.espresso.ViewInteraction@a74700a, at least 75 percent of the view's area is displayed to the user.]
04-13 11:40:07.956 22506 22506 I ViewInteraction: Checking 'MatchesViewAssertion(Detox){viewMatcher=at least 75 percent of the view's area is displayed to the user.}' assertion on view (with tag value: is "successInitButton" and view has effective visibility=VISIBLE)
04-13 11:40:07.959 22506 22553 I WebSocketClient: At sendAction
04-13 11:40:07.959 22506 22553 D WebSocketClient: Detox Action Sent: invokeResult
04-13 11:40:07.965 22506 22560 I WebSocketClient: At onMessage
04-13 11:40:07.965 22506 22560 I WebSocketClient: At receiveAction
04-13 11:40:07.965 22506 22560 D WebSocketClient: Detox Action Received: invoke
04-13 11:40:07.965 22506 22560 I DetoxManager: onAction: type: invoke params: {"target":{"type":"Class","value":"com.wix.detox.espresso.EspressoDetox"},"method":"perform","args":[{"type":"Invocation","value":{"target":{"type":"Class","value":"androidx.test.espresso.Espresso"},"method":"onView","args":[{"type":"Invocation","value":{"target":{"type":"Class","value":"com.wix.detox.espresso.DetoxMatcher"},"method":"matcherForTestId","args":["successInitButton"]}}]}},{"type":"Invocation","value":{"target":{"type":"Class","value":"com.wix.detox.espresso.DetoxViewActions"},"method":"click","args":[]}}]}
04-13 11:40:07.965 22506 22553 D Detox   : class com.wix.detox.espresso.DetoxMatcher, matcherForTestId, [successInitButton]
04-13 11:40:07.966 22506 22553 D Detox   : class androidx.test.espresso.Espresso, onView, [(with tag value: is "successInitButton" and view has effective visibility=VISIBLE)]
04-13 11:40:07.966 22506 22553 D Detox   : class com.wix.detox.espresso.DetoxViewActions, click, []
04-13 11:40:07.976 22506 22553 D Detox   : class com.wix.detox.espresso.EspressoDetox, perform, [androidx.test.espresso.ViewInteraction@3580e98, com.wix.detox.espresso.action.RNClickAction@280b6f1]
04-13 11:40:07.981 22506 22506 I ViewInteraction: Performing 'com.wix.detox.espresso.action.detoxsingletap@7f182d6 click' action on view (with tag value: is "successInitButton" and view has effective visibility=VISIBLE)
04-13 11:40:08.033 22506 22506 I Detox   : UIManagerModule is busy
04-13 11:40:08.134 22506 22550 D AppsFlyer_6.2.0: Initializing AppsFlyer SDK: (v6.2.0.91)
04-13 11:40:08.338 22506 22579 I TetheringManager: registerTetheringEventCallback:com.detoxtest
04-13 11:40:08.576 22506 22553 I WebSocketClient: At sendAction
04-13 11:40:08.576 22506 22553 D WebSocketClient: Detox Action Sent: invokeResult
04-13 11:40:08.582 22506 22560 I WebSocketClient: At onMessage
04-13 11:40:08.582 22506 22560 I WebSocketClient: At receiveAction
04-13 11:40:08.583 22506 22560 D WebSocketClient: Detox Action Received: invoke
04-13 11:40:08.583 22506 22560 I DetoxManager: onAction: type: invoke params: {"target":{"type":"Class","value":"com.wix.detox.espresso.DetoxAssertion"},"method":"assertMatcher","args":[{"type":"Invocation","value":{"target":{"type":"Class","value":"androidx.test.espresso.Espresso"},"method":"onView","args":[{"type":"Invocation","value":{"target":{"type":"Class","value":"com.wix.detox.espresso.DetoxMatcher"},"method":"matcherForTestId","args":["successInitResult"]}}]}},{"type":"Invocation","value":{"target":{"type":"Class","value":"com.wix.detox.espresso.DetoxMatcher"},"method":"matcherForText","args":["Success"]}}]}
04-13 11:40:08.583 22506 22553 D Detox   : class com.wix.detox.espresso.DetoxMatcher, matcherForTestId, [successInitResult]
04-13 11:40:08.583 22506 22553 D Detox   : class androidx.test.espresso.Espresso, onView, [(with tag value: is "successInitResult" and view has effective visibility=VISIBLE)]
04-13 11:40:08.584 22506 22553 D Detox   : class com.wix.detox.espresso.DetoxMatcher, matcherForText, [Success]
04-13 11:40:08.587 22506 22553 D Detox   : class com.wix.detox.espresso.DetoxAssertion, assertMatcher, [androidx.test.espresso.ViewInteraction@859f2ed, (with text: is "Success" and view has effective visibility=VISIBLE)]
04-13 11:40:08.594 22506 22506 I ViewInteraction: Checking 'MatchesViewAssertion(Detox){viewMatcher=(with text: is "Success" and view has effective visibility=VISIBLE)}' assertion on view (with tag value: is "successInitResult" and view has effective visibility=VISIBLE)
04-13 11:40:08.595 22506 22553 I WebSocketClient: At sendAction
04-13 11:40:08.595 22506 22553 D WebSocketClient: Detox Action Sent: invokeResult
