--------- beginning of main
04-13 11:16:54.004 18658 18703 W unknown:ViewManagerPropertyUpdater: Could not find generated setter for class com.facebook.react.views.art.ARTSurfaceViewManager
04-13 11:16:54.004 18658 18703 W unknown:ViewManagerPropertyUpdater: Could not find generated setter for class com.facebook.react.views.art.ARTSurfaceViewShadowNode
04-13 11:16:54.005 18658 18703 W unknown:ViewManagerPropertyUpdater: Could not find generated setter for class com.facebook.react.views.text.frescosupport.FrescoBasedReactTextInlineImageViewManager
04-13 11:16:54.005 18658 18703 W unknown:ViewManagerPropertyUpdater: Could not find generated setter for class com.facebook.react.views.text.frescosupport.FrescoBasedReactTextInlineImageShadowNode
04-13 11:16:54.007 18658 18703 W unknown:ViewManagerPropertyUpdater: Could not find generated setter for class com.facebook.react.views.image.ReactImageManager
04-13 11:16:54.019 18658 18703 W unknown:ViewManagerPropertyUpdater: Could not find generated setter for class com.facebook.react.views.modal.ReactModalHostManager
04-13 11:16:54.022 18658 18703 W unknown:ViewManagerPropertyUpdater: Could not find generated setter for class com.facebook.react.views.modal.ModalHostShadowNode
04-13 11:16:54.023 18658 18703 W unknown:ViewManagerPropertyUpdater: Could not find generated setter for class com.facebook.react.views.text.ReactRawTextManager
04-13 11:16:54.024 18658 18703 W unknown:ViewManagerPropertyUpdater: Could not find generated setter for class com.facebook.react.views.text.ReactRawTextShadowNode
04-13 11:16:54.024 18658 18703 W unknown:ViewManagerPropertyUpdater: Could not find generated setter for class com.facebook.react.views.textinput.ReactTextInputManager
04-13 11:16:54.027 18658 18703 W unknown:ViewManagerPropertyUpdater: Could not find generated setter for class com.facebook.react.views.textinput.ReactTextInputShadowNode
04-13 11:16:54.032 18658 18703 W unknown:ViewManagerPropertyUpdater: Could not find generated setter for class com.facebook.react.views.text.ReactTextViewManager
04-13 11:16:54.039 18658 18703 W unknown:ViewManagerPropertyUpdater: Could not find generated setter for class com.facebook.react.views.text.ReactTextShadowNode
04-13 11:16:54.042 18658 18703 W unknown:ViewManagerPropertyUpdater: Could not find generated setter for class com.facebook.react.views.view.ReactViewManager
04-13 11:16:54.049 18658 18695 D HostConnection: HostComposition ext ANDROID_EMU_CHECKSUM_HELPER_v1 ANDROID_EMU_native_sync_v2 ANDROID_EMU_native_sync_v3 ANDROID_EMU_native_sync_v4 ANDROID_EMU_dma_v1 ANDROID_EMU_direct_mem ANDROID_EMU_host_composition_v1 ANDROID_EMU_host_composition_v2 ANDROID_EMU_YUV_Cache ANDROID_EMU_async_unmap_buffer GL_OES_EGL_image_external_essl3 GL_OES_vertex_array_object GL_KHR_texture_compression_astc_ldr ANDROID_EMU_gles_max_version_3_0 
04-13 11:16:54.052 18658 18703 W unknown:ViewManagerPropertyUpdater: Could not find generated setter for class com.facebook.react.views.viewpager.ReactViewPagerManager
04-13 11:16:54.062 18658 18703 W unknown:ViewManagerPropertyUpdater: Could not find generated setter for class com.facebook.react.views.text.ReactVirtualTextViewManager
04-13 11:16:54.064 18658 18703 W unknown:ViewManagerPropertyUpdater: Could not find generated setter for class com.facebook.react.views.text.ReactVirtualTextShadowNode
04-13 11:16:54.070 18658 18695 D EGL_emulation: eglMakeCurrent: 0xe9736790: ver 3 0 (tinfo 0xe9a7ce70)
04-13 11:16:54.086 18658 18703 D SoLoader: About to load: libyoga.so
04-13 11:16:54.089 18658 18703 D SoLoader: libyoga.so not found on /data/user/0/com.detoxtest/lib-main
04-13 11:16:54.090 18658 18703 D SoLoader: libyoga.so found on /data/app/~~ztoYMKec5aB8tNKfIBY3jA==/com.detoxtest-zkfkjvOUH9BaBzzY7yLdSg==/lib/x86
04-13 11:16:54.090 18658 18703 D SoLoader: Not resolving dependencies for libyoga.so
04-13 11:16:54.100 18658 18703 D SoLoader: Loaded: libyoga.so
04-13 11:16:54.119 18658 18703 E unknown:ReactRootView: runApplication: call AppRegistry.runApplication
04-13 11:16:54.197 18658 18706 I Detox   : Detox thread starting (com.wix.detox.manager)
04-13 11:16:54.203 18658 18703 D SoLoader: init exiting
04-13 11:16:54.212 18658 18706 I DetoxManager: DetoxServerUrl: ws://localhost:60040
04-13 11:16:54.214 18658 18658 E unknown:ReactNative: Unable to launch logbox because react was unable to create the root view
04-13 11:16:54.218 18658 18706 I DetoxManager: DetoxSessionId: 393f989d-2485-dd2b-d975-e18b1420ed03
04-13 11:16:54.228 18658 18658 D DetoxRNLoading: Got new RN-context directly and immediately
04-13 11:16:54.230 18658 18706 I DetoxRNIdleRes: Setting up Espresso Idling Resources for React Native.
04-13 11:16:54.256 18658 18702 E ReactNativeJNI: logMarker RUN_JS_BUNDLE_END
04-13 11:16:54.256 18658 18702 I ReactNativeJS: Running "detoxTest" with {"rootTag":1}
04-13 11:16:54.261 18658 18706 D AsyncStorageIR: Checking whether a custom IR for Async-Storage is required... (legacy=false)
04-13 11:16:54.261 18658 18706 D DetoxRNHelpers: Native module not resolved: no such class
04-13 11:16:54.261 18658 18706 D AsyncStorageIR: Checking whether a custom IR for Async-Storage is required... (legacy=true)
04-13 11:16:54.262 18658 18706 D AsyncStorageIR: IR for Async-Storage is required! (legacy=true)
04-13 11:16:54.266 18658 18658 D AsyncStorageIRLegacy: Async-storage is busy!
04-13 11:16:54.274 18658 18706 I WebSocketClient: At connectToServer
04-13 11:16:54.312 18658 18709 I WebSocketClient: At onOpen
04-13 11:16:54.312 18658 18709 I WebSocketClient: At sendAction
04-13 11:16:54.312 18658 18709 D WebSocketClient: Detox Action Sent: login
04-13 11:16:54.797 18658 18658 I Detox   : Wait is over: app is now idle!
04-13 11:16:54.812 18658 18709 I WebSocketClient: At sendAction
04-13 11:16:54.814 18658 18709 D WebSocketClient: Detox Action Sent: ready
04-13 11:16:54.824 18658 18709 I WebSocketClient: At onMessage
04-13 11:16:54.825 18658 18709 I WebSocketClient: At receiveAction
04-13 11:16:54.825 18658 18709 D WebSocketClient: Detox Action Received: loginSuccess
04-13 11:16:54.825 18658 18709 I DetoxManager: onAction: type: loginSuccess params: {"testerConnected":true,"appConnected":true}
04-13 11:16:54.909 18658 18709 I WebSocketClient: At onMessage
04-13 11:16:54.909 18658 18709 I WebSocketClient: At receiveAction
04-13 11:16:54.909 18658 18709 D WebSocketClient: Detox Action Received: reactNativeReload
04-13 11:16:54.909 18658 18709 I DetoxManager: onAction: type: reactNativeReload params: {}
04-13 11:16:54.918 18658 18706 I DetoxRNExt: Reloading React Native
04-13 11:16:54.941 18658 18725 E unknown:ReactNative: ReactInstanceManager.createReactContext: mJSIModulePackage null
04-13 11:16:54.942 18658 18726 E ReactNativeJNI: logMarker CREATE_REACT_CONTEXT_END
04-13 11:16:54.956 18658 18726 E ReactNativeJNI: logMarker RUN_JS_BUNDLE_START
04-13 11:16:54.957 18658 18727 E unknown:ReactNative: ReactInstanceManager.attachRootViewToInstance()
04-13 11:16:54.959 18658 18727 W unknown:ViewManagerPropertyUpdater: Could not find generated setter for class com.facebook.react.views.art.ARTGroupViewManager
04-13 11:16:54.959 18658 18727 W unknown:ViewManagerPropertyUpdater: Could not find generated setter for class com.facebook.react.views.art.ARTGroupShadowNode
04-13 11:16:54.960 18658 18727 W unknown:ViewManagerPropertyUpdater: Could not find generated setter for class com.facebook.react.views.art.ARTShapeViewManager
04-13 11:16:54.960 18658 18727 W unknown:ViewManagerPropertyUpdater: Could not find generated setter for class com.facebook.react.views.art.ARTShapeShadowNode
04-13 11:16:54.961 18658 18727 W unknown:ViewManagerPropertyUpdater: Could not find generated setter for class com.facebook.react.views.art.ARTTextViewManager
04-13 11:16:54.962 18658 18727 W unknown:ViewManagerPropertyUpdater: Could not find generated setter for class com.facebook.react.views.art.ARTTextShadowNode
04-13 11:16:54.963 18658 18727 W unknown:ViewManagerPropertyUpdater: Could not find generated setter for class com.facebook.react.views.checkbox.ReactCheckBoxManager
04-13 11:16:54.968 18658 18727 W unknown:ViewManagerPropertyUpdater: Could not find generated setter for class com.facebook.react.uimanager.LayoutShadowNode
04-13 11:16:54.976 18658 18727 W unknown:ViewManagerPropertyUpdater: Could not find generated setter for class com.facebook.react.views.picker.ReactDialogPickerManager
04-13 11:16:54.978 18658 18727 W unknown:ViewManagerPropertyUpdater: Could not find generated setter for class com.facebook.react.views.drawer.ReactDrawerLayoutManager
04-13 11:16:54.980 18658 18727 W unknown:ViewManagerPropertyUpdater: Could not find generated setter for class com.facebook.react.views.picker.ReactDropdownPickerManager
04-13 11:16:54.982 18658 18727 W unknown:ViewManagerPropertyUpdater: Could not find generated setter for class com.facebook.react.views.scroll.ReactHorizontalScrollViewManager
04-13 11:16:54.991 18658 18727 W unknown:ViewManagerPropertyUpdater: Could not find generated setter for class com.facebook.react.views.scroll.ReactHorizontalScrollContainerViewManager
04-13 11:16:54.992 18658 18727 W unknown:ViewManagerPropertyUpdater: Could not find generated setter for class com.facebook.react.views.progressbar.ReactProgressBarViewManager
04-13 11:16:54.998 18658 18727 W unknown:ViewManagerPropertyUpdater: Could not find generated setter for class com.facebook.react.views.progressbar.ProgressBarShadowNode
04-13 11:16:55.000 18658 18727 W unknown:ViewManagerPropertyUpdater: Could not find generated setter for class com.facebook.react.views.scroll.ReactScrollViewManager
04-13 11:16:55.010 18658 18727 W unknown:ViewManagerPropertyUpdater: Could not find generated setter for class com.facebook.react.views.slider.ReactSliderManager
04-13 11:16:55.018 18658 18727 W unknown:ViewManagerPropertyUpdater: Could not find generated setter for class com.facebook.react.views.slider.ReactSliderManager$ReactSliderShadowNode
04-13 11:16:55.019 18658 18727 W unknown:ViewManagerPropertyUpdater: Could not find generated setter for class com.facebook.react.views.switchview.ReactSwitchManager
04-13 11:16:55.023 18658 18727 W unknown:ViewManagerPropertyUpdater: Could not find generated setter for class com.facebook.react.views.switchview.ReactSwitchManager$ReactSwitchShadowNode
04-13 11:16:55.024 18658 18727 W unknown:ViewManagerPropertyUpdater: Could not find generated setter for class com.facebook.react.views.swiperefresh.SwipeRefreshLayoutManager
04-13 11:16:55.028 18658 18727 W unknown:ViewManagerPropertyUpdater: Could not find generated setter for class com.facebook.react.views.art.ARTSurfaceViewManager
04-13 11:16:55.028 18658 18727 W unknown:ViewManagerPropertyUpdater: Could not find generated setter for class com.facebook.react.views.art.ARTSurfaceViewShadowNode
04-13 11:16:55.029 18658 18727 W unknown:ViewManagerPropertyUpdater: Could not find generated setter for class com.facebook.react.views.text.frescosupport.FrescoBasedReactTextInlineImageViewManager
04-13 11:16:55.030 18658 18727 W unknown:ViewManagerPropertyUpdater: Could not find generated setter for class com.facebook.react.views.text.frescosupport.FrescoBasedReactTextInlineImageShadowNode
04-13 11:16:55.030 18658 18727 W unknown:ViewManagerPropertyUpdater: Could not find generated setter for class com.facebook.react.views.image.ReactImageManager
04-13 11:16:55.032 18658 18727 W unknown:ViewManagerPropertyUpdater: Could not find generated setter for class com.facebook.react.views.modal.ReactModalHostManager
04-13 11:16:55.033 18658 18727 W unknown:ViewManagerPropertyUpdater: Could not find generated setter for class com.facebook.react.views.modal.ModalHostShadowNode
04-13 11:16:55.033 18658 18727 W unknown:ViewManagerPropertyUpdater: Could not find generated setter for class com.facebook.react.views.text.ReactRawTextManager
04-13 11:16:55.033 18658 18727 W unknown:ViewManagerPropertyUpdater: Could not find generated setter for class com.facebook.react.views.text.ReactRawTextShadowNode
04-13 11:16:55.034 18658 18727 W unknown:ViewManagerPropertyUpdater: Could not find generated setter for class com.facebook.react.views.textinput.ReactTextInputManager
04-13 11:16:55.041 18658 18727 W unknown:ViewManagerPropertyUpdater: Could not find generated setter for class com.facebook.react.views.textinput.ReactTextInputShadowNode
04-13 11:16:55.044 18658 18727 W unknown:ViewManagerPropertyUpdater: Could not find generated setter for class com.facebook.react.views.text.ReactTextViewManager
04-13 11:16:55.047 18658 18727 W unknown:ViewManagerPropertyUpdater: Could not find generated setter for class com.facebook.react.views.text.ReactTextShadowNode
04-13 11:16:55.047 18658 18727 W unknown:ViewManagerPropertyUpdater: Could not find generated setter for class com.facebook.react.views.view.ReactViewManager
04-13 11:16:55.051 18658 18727 W unknown:ViewManagerPropertyUpdater: Could not find generated setter for class com.facebook.react.views.viewpager.ReactViewPagerManager
04-13 11:16:55.053 18658 18727 W unknown:ViewManagerPropertyUpdater: Could not find generated setter for class com.facebook.react.views.text.ReactVirtualTextViewManager
04-13 11:16:55.054 18658 18727 W unknown:ViewManagerPropertyUpdater: Could not find generated setter for class com.facebook.react.views.text.ReactVirtualTextShadowNode
04-13 11:16:55.056 18658 18727 E unknown:ReactRootView: runApplication: call AppRegistry.runApplication
04-13 11:16:55.059 18658 18658 I DetoxRNLoading: Got new RN-context async'ly through listener
04-13 11:16:55.059 18658 18706 I DetoxRNIdleRes: Setting up Espresso Idling Resources for React Native.
04-13 11:16:55.063 18658 18706 D AsyncStorageIR: Checking whether a custom IR for Async-Storage is required... (legacy=false)
04-13 11:16:55.063 18658 18706 D DetoxRNHelpers: Native module not resolved: no such class
04-13 11:16:55.063 18658 18706 D AsyncStorageIR: Checking whether a custom IR for Async-Storage is required... (legacy=true)
04-13 11:16:55.064 18658 18706 D AsyncStorageIR: IR for Async-Storage is required! (legacy=true)
04-13 11:16:55.066 18658 18658 I Detox   : UIManagerModule is busy
04-13 11:16:55.067 18658 18658 D AsyncStorageIRLegacy: Async-storage is busy!
04-13 11:16:55.071 18658 18706 I WebSocketClient: At sendAction
04-13 11:16:55.072 18658 18706 D WebSocketClient: Detox Action Sent: ready
04-13 11:16:55.080 18658 18709 I WebSocketClient: At onMessage
04-13 11:16:55.080 18658 18709 I WebSocketClient: At receiveAction
04-13 11:16:55.081 18658 18709 D WebSocketClient: Detox Action Received: invoke
04-13 11:16:55.081 18658 18709 I DetoxManager: onAction: type: invoke params: {"target":{"type":"Class","value":"com.wix.detox.espresso.DetoxAssertion"},"method":"assertMatcher","args":[{"type":"Invocation","value":{"target":{"type":"Class","value":"androidx.test.espresso.Espresso"},"method":"onView","args":[{"type":"Invocation","value":{"target":{"type":"Class","value":"com.wix.detox.espresso.DetoxMatcher"},"method":"matcherForTestId","args":["initButton"]}}]}},{"type":"Invocation","value":{"target":{"type":"Class","value":"com.wix.detox.espresso.DetoxMatcher"},"method":"matcherForSufficientlyVisible","args":[]}}]}
04-13 11:16:55.115 18658 18706 D Detox   : class com.wix.detox.espresso.DetoxMatcher, matcherForTestId, [initButton]
04-13 11:16:55.191 18658 18706 D Detox   : class androidx.test.espresso.Espresso, onView, [(with tag value: is "initButton" and view has effective visibility=VISIBLE)]
04-13 11:16:55.193 18658 18706 D Detox   : class com.wix.detox.espresso.DetoxMatcher, matcherForSufficientlyVisible, []
04-13 11:16:55.197 18658 18706 D Detox   : class com.wix.detox.espresso.DetoxAssertion, assertMatcher, [androidx.test.espresso.ViewInteraction@7f182d6, at least 75 percent of the view's area is displayed to the user.]
04-13 11:16:55.231 18658 18658 E unknown:ReactNative: Unable to launch logbox because react was unable to create the root view
04-13 11:16:55.280 18658 18726 E ReactNativeJNI: logMarker RUN_JS_BUNDLE_END
04-13 11:16:55.285 18658 18726 I ReactNativeJS: Running "detoxTest" with {"rootTag":11}
04-13 11:16:55.289 18658 18670 I com.detoxtest: Background concurrent copying GC freed 166329(8646KB) AllocSpace objects, 1(36KB) LOS objects, 49% free, 3515KB/7030KB, paused 3.303ms total 162.933ms
04-13 11:16:55.698 18658 18658 I ViewInteraction: Checking 'MatchesViewAssertion(Detox){viewMatcher=at least 75 percent of the view's area is displayed to the user.}' assertion on view (with tag value: is "initButton" and view has effective visibility=VISIBLE)
04-13 11:16:55.704 18658 18706 I WebSocketClient: At sendAction
04-13 11:16:55.704 18658 18706 D WebSocketClient: Detox Action Sent: invokeResult
04-13 11:16:55.719 18658 18709 I WebSocketClient: At onMessage
04-13 11:16:55.719 18658 18709 I WebSocketClient: At receiveAction
04-13 11:16:55.720 18658 18709 D WebSocketClient: Detox Action Received: invoke
04-13 11:16:55.720 18658 18709 I DetoxManager: onAction: type: invoke params: {"target":{"type":"Class","value":"com.wix.detox.espresso.EspressoDetox"},"method":"perform","args":[{"type":"Invocation","value":{"target":{"type":"Class","value":"androidx.test.espresso.Espresso"},"method":"onView","args":[{"type":"Invocation","value":{"target":{"type":"Class","value":"com.wix.detox.espresso.DetoxMatcher"},"method":"matcherForTestId","args":["initButton"]}}]}},{"type":"Invocation","value":{"target":{"type":"Class","value":"com.wix.detox.espresso.DetoxViewActions"},"method":"click","args":[]}}]}
04-13 11:16:55.720 18658 18706 D Detox   : class com.wix.detox.espresso.DetoxMatcher, matcherForTestId, [initButton]
04-13 11:16:55.721 18658 18706 D Detox   : class androidx.test.espresso.Espresso, onView, [(with tag value: is "initButton" and view has effective visibility=VISIBLE)]
04-13 11:16:55.722 18658 18706 D Detox   : class com.wix.detox.espresso.DetoxViewActions, click, []
04-13 11:16:55.739 18658 18706 D Detox   : class com.wix.detox.espresso.EspressoDetox, perform, [androidx.test.espresso.ViewInteraction@c1cee6b, com.wix.detox.espresso.action.RNClickAction@ab84dc8]
04-13 11:16:55.748 18658 18658 I ViewInteraction: Performing 'com.wix.detox.espresso.action.detoxsingletap@8dc3e61 click' action on view (with tag value: is "initButton" and view has effective visibility=VISIBLE)
