--------- beginning of main
04-13 12:01:11.496 24987 24987 W com.detoxtest: Unexpected CPU variant for X86 using defaults: x86
04-13 12:01:11.503 24987 24987 E com.detoxtest: Not starting debugger since process cannot load the jdwp agent.
--------- beginning of system
04-13 12:01:11.531 24987 24987 W ActivityThread: Package uses different ABI(s) than its instrumentation: package[com.detoxtest]: x86, null instrumentation[com.detoxtest.test]: null, null
04-13 12:01:11.534 24987 24987 I com.detoxtest: The ClassLoaderContext is a special shared library.
04-13 12:01:11.537 24987 24987 I chatty  : uid=10284(com.detoxtest) identical 2 lines
04-13 12:01:11.537 24987 24987 I com.detoxtest: The ClassLoaderContext is a special shared library.
04-13 12:01:11.593 24987 24987 W com.detoxtest: ClassLoaderContext classpath size mismatch. expected=0, found=4 (PCL[]{PCL[/system/framework/android.test.base.jar*84046222]} | PCL[/system/framework/android.test.runner.jar*2838042966:/system/framework/android.test.mock.jar*2353512044:/system/framework/android.test.base.jar*84046222:/data/app/~~UOx-t1SMXMX-8FXzwopvMA==/com.detoxtest.test-M5GrOAGIDAyInzHVUrCZAw==/base.apk*3736732199]{PCL[/system/framework/android.test.base.jar*84046222]})
04-13 12:01:11.608 24987 24987 I com.detoxtest: The ClassLoaderContext is a special shared library.
04-13 12:01:11.614 24987 24987 I chatty  : uid=10284(com.detoxtest) identical 3 lines
04-13 12:01:11.616 24987 24987 I com.detoxtest: The ClassLoaderContext is a special shared library.
04-13 12:01:11.679 24987 24987 W com.detoxtest: ClassLoaderContext classpath size mismatch. expected=0, found=4 (PCL[]{PCL[/system/framework/android.test.base.jar*84046222]} | PCL[/system/framework/android.test.runner.jar*2838042966:/system/framework/android.test.mock.jar*2353512044:/system/framework/android.test.base.jar*84046222:/data/app/~~UOx-t1SMXMX-8FXzwopvMA==/com.detoxtest.test-M5GrOAGIDAyInzHVUrCZAw==/base.apk*3736732199]{PCL[/system/framework/android.test.base.jar*84046222]#PCL[/system/framework/android.test.mock.jar*2353512044]{PCL[/system/framework/android.test.base.jar*84046222]}#PCL[/system/framework/android.test.runner.jar*2838042966]{PCL[/system/framework/android.test.base.jar*84046222]#PCL[/system/framework/android.test.mock.jar*2353512044]{PCL[/system/framework/android.test.base.jar*84046222]}}};PCL[/system/framework/android.test.runner.jar*2838042966:/system/framework/android.test.mock.jar*2353512044:/system/framework/android.test.base.jar*84046222:/data/app/~~UOx-t1SMXMX-8FXzwopvMA==/com.detoxtest.test-M5GrOAGIDAyInzHVUrCZAw==/base.apk*3736732199:/data/app/~~sLIMYZPcUwcCQisf6pHHhQ==/com.detoxtest-CKZpVM0OtOTOvnWVNpQc0Q==/base.apk*4000934944]{PCL[/system/framework/android.test.base.jar*84046222]})
04-13 12:01:11.679 24987 24987 W com.detoxtest: Found duplicate classes, falling back to extracting from APK : /data/app/~~sLIMYZPcUwcCQisf6pHHhQ==/com.detoxtest-CKZpVM0OtOTOvnWVNpQc0Q==/base.apk
04-13 12:01:11.679 24987 24987 W com.detoxtest: NOTE: This wastes RAM and hurts startup performance.
04-13 12:01:11.680 24987 24987 W com.detoxtest: Found duplicated class when checking oat files: 'Landroid/support/v4/app/INotificationSideChannel$Stub$Proxy;' in /data/app/~~sLIMYZPcUwcCQisf6pHHhQ==/com.detoxtest-CKZpVM0OtOTOvnWVNpQc0Q==/base.apk and /data/app/~~sLIMYZPcUwcCQisf6pHHhQ==/com.detoxtest-CKZpVM0OtOTOvnWVNpQc0Q==/base.apk
04-13 12:01:11.680 24987 24987 W com.detoxtest: 
04-13 12:01:11.831 24987 24987 D NetworkSecurityConfig: Using Network Security Config from resource network_security_config debugBuild: false
04-13 12:01:11.834 24987 24987 D NetworkSecurityConfig: Using Network Security Config from resource network_security_config debugBuild: false
04-13 12:01:11.847 24987 24987 I MonitoringInstr: Instrumentation started!
04-13 12:01:11.849 24987 24987 I MonitoringInstr: Setting context classloader to 'dalvik.system.PathClassLoader[DexPathList[[zip file "/system/framework/android.test.runner.jar", zip file "/system/framework/android.test.mock.jar", zip file "/system/framework/android.test.base.jar", zip file "/data/app/~~UOx-t1SMXMX-8FXzwopvMA==/com.detoxtest.test-M5GrOAGIDAyInzHVUrCZAw==/base.apk", zip file "/data/app/~~sLIMYZPcUwcCQisf6pHHhQ==/com.detoxtest-CKZpVM0OtOTOvnWVNpQc0Q==/base.apk"],nativeLibraryDirectories=[/data/app/~~UOx-t1SMXMX-8FXzwopvMA==/com.detoxtest.test-M5GrOAGIDAyInzHVUrCZAw==/lib/x86, /data/app/~~sLIMYZPcUwcCQisf6pHHhQ==/com.detoxtest-CKZpVM0OtOTOvnWVNpQc0Q==/lib/x86, /data/app/~~UOx-t1SMXMX-8FXzwopvMA==/com.detoxtest.test-M5GrOAGIDAyInzHVUrCZAw==/base.apk!/lib/x86, /data/app/~~sLIMYZPcUwcCQisf6pHHhQ==/com.detoxtest-CKZpVM0OtOTOvnWVNpQc0Q==/base.apk!/lib/x86, /system/lib, /system_ext/lib, /product/lib]]]', Original: 'dalvik.system.PathClassLoader[DexPathList[[zip file "/system/framework/android.test.runner.jar", zip file "/system/framework/android.test.mock.jar", zip file "/system/framework/android.test.base.jar", zip file "/data/app/~~UOx-t1SMXMX-8FXzwopvMA==/com.detoxtest.test-M5GrOAGIDAyInzHVUrCZAw==/base.apk", zip file "/data/app/~~sLIMYZPcUwcCQisf6pHHhQ==/com.detoxtest-CKZpVM0OtOTOvnWVNpQc0Q==/base.apk"],nativeLibraryDirectories=[/data/app/~~UOx-t1SMXMX-8FXzwopvMA==/com.detoxtest.test-M5GrOAGIDAyInzHVUrCZAw==/lib/x86, /data/app/~~sLIMYZPcUwcCQisf6pHHhQ==/com.detoxtest-CKZpVM0OtOTOvnWVNpQc0Q==/lib/x86, /data/app/~~UOx-t1SMXMX-8FXzwopvMA==/com.detoxtest.test-M5GrOAGIDAyInzHVUrCZAw==/base.apk!/lib/x86, /data/app/~~sLIMYZPcUwcCQisf6pHHhQ==/com.detoxtest-CKZpVM0OtOTOvnWVNpQc0Q==/base.apk!/lib/x86, /system/lib, /system_ext/lib, /product/lib]]]'
04-13 12:01:11.855 24987 24987 D SoLoader: init start
04-13 12:01:11.855 24987 24987 D SoLoader: adding system library source: /vendor/lib
04-13 12:01:11.856 24987 24987 D SoLoader: adding system library source: /system/lib
04-13 12:01:11.857 24987 24987 D SoLoader: adding application source: com.facebook.soloader.DirectorySoSource[root = /data/app/~~sLIMYZPcUwcCQisf6pHHhQ==/com.detoxtest-CKZpVM0OtOTOvnWVNpQc0Q==/lib/x86 flags = 0]
04-13 12:01:11.858 24987 24987 D SoLoader: adding backup source from : com.facebook.soloader.ApkSoSource[root = /data/user/0/com.detoxtest/lib-main flags = 1]
04-13 12:01:11.858 24987 24987 D SoLoader: Preparing SO source: com.facebook.soloader.DirectorySoSource[root = /system/lib flags = 2]
04-13 12:01:11.858 24987 24987 D SoLoader: Preparing SO source: com.facebook.soloader.DirectorySoSource[root = /vendor/lib flags = 2]
04-13 12:01:11.858 24987 24987 D SoLoader: Preparing SO source: com.facebook.soloader.DirectorySoSource[root = /data/app/~~sLIMYZPcUwcCQisf6pHHhQ==/com.detoxtest-CKZpVM0OtOTOvnWVNpQc0Q==/lib/x86 flags = 0]
04-13 12:01:11.858 24987 24987 D SoLoader: Preparing SO source: com.facebook.soloader.ApkSoSource[root = /data/user/0/com.detoxtest/lib-main flags = 1]
04-13 12:01:11.859 24987 24987 V fb-UnpackingSoSource: locked dso store /data/user/0/com.detoxtest/lib-main
04-13 12:01:11.861 24987 24987 V fb-UnpackingSoSource: deps mismatch on deps store: regenerating
04-13 12:01:11.861 24987 24987 V fb-UnpackingSoSource: so store dirty: regenerating
04-13 12:01:11.906 24987 24987 D ApkSoSource: not allowing consideration of lib/x86/libc++_shared.so: deferring to libdir
04-13 12:01:11.907 24987 24987 D ApkSoSource: not allowing consideration of lib/x86/libfb.so: deferring to libdir
04-13 12:01:11.907 24987 24987 D ApkSoSource: not allowing consideration of lib/x86/libfbjni.so: deferring to libdir
04-13 12:01:11.907 24987 24987 D ApkSoSource: not allowing consideration of lib/x86/libfolly_futures.so: deferring to libdir
04-13 12:01:11.907 24987 24987 D ApkSoSource: not allowing consideration of lib/x86/libfolly_json.so: deferring to libdir
04-13 12:01:11.908 24987 24987 D ApkSoSource: not allowing consideration of lib/x86/libglog.so: deferring to libdir
04-13 12:01:11.908 24987 24987 D ApkSoSource: not allowing consideration of lib/x86/libglog_init.so: deferring to libdir
04-13 12:01:11.908 24987 24987 D ApkSoSource: not allowing consideration of lib/x86/libhermes-executor-debug.so: deferring to libdir
04-13 12:01:11.908 24987 24987 D ApkSoSource: not allowing consideration of lib/x86/libhermes-executor-release.so: deferring to libdir
04-13 12:01:11.908 24987 24987 D ApkSoSource: not allowing consideration of lib/x86/libhermes-inspector.so: deferring to libdir
04-13 12:01:11.908 24987 24987 D ApkSoSource: not allowing consideration of lib/x86/libimagepipeline.so: deferring to libdir
04-13 12:01:11.909 24987 24987 D ApkSoSource: not allowing consideration of lib/x86/libjsc.so: deferring to libdir
04-13 12:01:11.909 24987 24987 D ApkSoSource: not allowing consideration of lib/x86/libjscexecutor.so: deferring to libdir
04-13 12:01:11.909 24987 24987 D ApkSoSource: not allowing consideration of lib/x86/libjsijniprofiler.so: deferring to libdir
04-13 12:01:11.909 24987 24987 D ApkSoSource: not allowing consideration of lib/x86/libjsinspector.so: deferring to libdir
04-13 12:01:11.910 24987 24987 D ApkSoSource: not allowing consideration of lib/x86/libnative-filters.so: deferring to libdir
04-13 12:01:11.910 24987 24987 D ApkSoSource: not allowing consideration of lib/x86/libnative-imagetranscoder.so: deferring to libdir
04-13 12:01:11.911 24987 24987 D ApkSoSource: not allowing consideration of lib/x86/libreactnativeblob.so: deferring to libdir
04-13 12:01:11.911 24987 24987 D ApkSoSource: not allowing consideration of lib/x86/libreactnativejni.so: deferring to libdir
04-13 12:01:11.911 24987 24987 D ApkSoSource: not allowing consideration of lib/x86/libyoga.so: deferring to libdir
04-13 12:01:11.911 24987 24987 V fb-UnpackingSoSource: regenerating DSO store com.facebook.soloader.ApkSoSource
04-13 12:01:11.913 24987 24987 V fb-UnpackingSoSource: Finished regenerating DSO store com.facebook.soloader.ApkSoSource
04-13 12:01:11.913 24987 24987 V fb-UnpackingSoSource: starting syncer worker
04-13 12:01:11.924 24987 24987 V fb-UnpackingSoSource: releasing dso store lock for /data/user/0/com.detoxtest/lib-main (from syncer thread)
04-13 12:01:11.924 24987 24987 V fb-UnpackingSoSource: not releasing dso store lock for /data/user/0/com.detoxtest/lib-main (syncer thread started)
04-13 12:01:11.924 24987 24987 D SoLoader: init finish: 4 SO sources prepared
04-13 12:01:11.924 24987 24987 D SoLoader: init exiting
04-13 12:01:11.927 24987 24987 D SoLoader: init exiting
04-13 12:01:11.928 24987 24987 D SoLoader: About to load: libjscexecutor.so
04-13 12:01:11.928 24987 24987 D SoLoader: libjscexecutor.so not found on /data/user/0/com.detoxtest/lib-main
04-13 12:01:11.928 24987 24987 D SoLoader: libjscexecutor.so found on /data/app/~~sLIMYZPcUwcCQisf6pHHhQ==/com.detoxtest-CKZpVM0OtOTOvnWVNpQc0Q==/lib/x86
04-13 12:01:11.928 24987 24987 D SoLoader: Not resolving dependencies for libjscexecutor.so
04-13 12:01:11.934 24987 24987 D JavaScriptCore.Version: 245459.0.0
04-13 12:01:11.934 24987 24987 D SoLoader: Loaded: libjscexecutor.so
04-13 12:01:11.936 24987 24987 D SoLoader: init exiting
04-13 12:01:11.940 24987 24987 I MonitoringInstr: No JSBridge.
04-13 12:01:11.943 24987 25015 I MonitoringInstr: Setting context classloader to 'dalvik.system.PathClassLoader[DexPathList[[zip file "/system/framework/android.test.runner.jar", zip file "/system/framework/android.test.mock.jar", zip file "/system/framework/android.test.base.jar", zip file "/data/app/~~UOx-t1SMXMX-8FXzwopvMA==/com.detoxtest.test-M5GrOAGIDAyInzHVUrCZAw==/base.apk", zip file "/data/app/~~sLIMYZPcUwcCQisf6pHHhQ==/com.detoxtest-CKZpVM0OtOTOvnWVNpQc0Q==/base.apk"],nativeLibraryDirectories=[/data/app/~~UOx-t1SMXMX-8FXzwopvMA==/com.detoxtest.test-M5GrOAGIDAyInzHVUrCZAw==/lib/x86, /data/app/~~sLIMYZPcUwcCQisf6pHHhQ==/com.detoxtest-CKZpVM0OtOTOvnWVNpQc0Q==/lib/x86, /data/app/~~UOx-t1SMXMX-8FXzwopvMA==/com.detoxtest.test-M5GrOAGIDAyInzHVUrCZAw==/base.apk!/lib/x86, /data/app/~~sLIMYZPcUwcCQisf6pHHhQ==/com.detoxtest-CKZpVM0OtOTOvnWVNpQc0Q==/base.apk!/lib/x86, /system/lib, /system_ext/lib, /product/lib]]]', Original: 'dalvik.system.PathClassLoader[DexPathList[[zip file "/system/framework/android.test.runner.jar", zip file "/system/framework/android.test.mock.jar", zip file "/system/framework/android.test.base.jar", zip file "/data/app/~~UOx-t1SMXMX-8FXzwopvMA==/com.detoxtest.test-M5GrOAGIDAyInzHVUrCZAw==/base.apk", zip file "/data/app/~~sLIMYZPcUwcCQisf6pHHhQ==/com.detoxtest-CKZpVM0OtOTOvnWVNpQc0Q==/base.apk"],nativeLibraryDirectories=[/data/app/~~UOx-t1SMXMX-8FXzwopvMA==/com.detoxtest.test-M5GrOAGIDAyInzHVUrCZAw==/lib/x86, /data/app/~~sLIMYZPcUwcCQisf6pHHhQ==/com.detoxtest-CKZpVM0OtOTOvnWVNpQc0Q==/lib/x86, /data/app/~~UOx-t1SMXMX-8FXzwopvMA==/com.detoxtest.test-M5GrOAGIDAyInzHVUrCZAw==/base.apk!/lib/x86, /data/app/~~sLIMYZPcUwcCQisf6pHHhQ==/com.detoxtest-CKZpVM0OtOTOvnWVNpQc0Q==/base.apk!/lib/x86, /system/lib, /system_ext/lib, /product/lib]]]'
04-13 12:01:11.960 24987 25015 I UsageTrackerFacilitator: Usage tracking enabled
04-13 12:01:11.966 24987 25015 I TestRequestBuilder: Scanning classpath to find tests in paths [/data/app/~~UOx-t1SMXMX-8FXzwopvMA==/com.detoxtest.test-M5GrOAGIDAyInzHVUrCZAw==/base.apk]
04-13 12:01:11.967 24987 25015 W com.detoxtest: Opening an oat file without a class loader. Are you using the deprecated DexFile APIs?
04-13 12:01:12.225 24987 25015 D TestExecutor: Adding listener androidx.test.internal.runner.listener.LogRunListener
04-13 12:01:12.226 24987 25015 D TestExecutor: Adding listener androidx.test.internal.runner.listener.InstrumentationResultPrinter
04-13 12:01:12.226 24987 25015 D TestExecutor: Adding listener androidx.test.internal.runner.listener.ActivityFinisherRunListener
04-13 12:01:12.228 24987 25015 I TestRunner: run started: 1 tests
04-13 12:01:12.237 24987 25015 I TestRunner: started: runDetoxTests(com.detoxtest.DetoxTest)
04-13 12:01:12.241 24987 24987 I MonitoringInstr: Activities that are still in CREATED to STOPPED: 0
04-13 12:01:12.286 24987 25015 D EventInjectionStrategy: Creating injection strategy with input manager.
04-13 12:01:12.383 24987 25027 D libEGL  : loaded /vendor/lib/egl/libEGL_emulation.so
04-13 12:01:12.396 24987 25027 D libEGL  : loaded /vendor/lib/egl/libGLESv1_CM_emulation.so
04-13 12:01:12.396 24987 24987 D LifecycleMonitor: Lifecycle status change: com.detoxtest.MainActivity@d952f0b in: PRE_ON_CREATE
04-13 12:01:12.400 24987 25027 D libEGL  : loaded /vendor/lib/egl/libGLESv2_emulation.so
04-13 12:01:12.427 24987 25028 D SoLoader: About to load: libreactnativejni.so
04-13 12:01:12.431 24987 25028 D SoLoader: libreactnativejni.so not found on /data/user/0/com.detoxtest/lib-main
04-13 12:01:12.431 24987 25028 D SoLoader: libreactnativejni.so found on /data/app/~~sLIMYZPcUwcCQisf6pHHhQ==/com.detoxtest-CKZpVM0OtOTOvnWVNpQc0Q==/lib/x86
04-13 12:01:12.431 24987 25028 D SoLoader: Not resolving dependencies for libreactnativejni.so
04-13 12:01:12.447 24987 25028 D SoLoader: Loaded: libreactnativejni.so
04-13 12:01:12.448 24987 25028 D SoLoader: About to load: libfbjni.so
04-13 12:01:12.448 24987 25028 D SoLoader: libfbjni.so not found on /data/user/0/com.detoxtest/lib-main
04-13 12:01:12.448 24987 25028 D SoLoader: libfbjni.so found on /data/app/~~sLIMYZPcUwcCQisf6pHHhQ==/com.detoxtest-CKZpVM0OtOTOvnWVNpQc0Q==/lib/x86
04-13 12:01:12.448 24987 25028 D SoLoader: Not resolving dependencies for libfbjni.so
04-13 12:01:12.451 24987 25028 D SoLoader: Loaded: libfbjni.so
04-13 12:01:12.455 24987 24987 D LifecycleMonitor: Lifecycle status change: com.detoxtest.MainActivity@d952f0b in: CREATED
04-13 12:01:12.458 24987 24987 D LifecycleMonitor: Lifecycle status change: com.detoxtest.MainActivity@d952f0b in: STARTED
04-13 12:01:12.459 24987 24987 D LifecycleMonitor: Lifecycle status change: com.detoxtest.MainActivity@d952f0b in: RESUMED
04-13 12:01:12.504 24987 25025 D HostConnection: HostConnection::get() New Host Connection established 0xe9914230, tid 25025
04-13 12:01:12.517 24987 25028 E unknown:ReactNative: ReactInstanceManager.createReactContext: mJSIModulePackage null
04-13 12:01:12.520 24987 25030 E ReactNativeJNI: logMarker CREATE_REACT_CONTEXT_END
04-13 12:01:12.541 24987 25030 E ReactNativeJNI: logMarker RUN_JS_BUNDLE_START
04-13 12:01:12.547 24987 25031 E unknown:ReactNative: ReactInstanceManager.attachRootViewToInstance()
04-13 12:01:12.561 24987 25031 W unknown:ViewManagerPropertyUpdater: Could not find generated setter for class com.facebook.react.views.art.ARTGroupViewManager
04-13 12:01:12.561 24987 25031 W unknown:ViewManagerPropertyUpdater: Could not find generated setter for class com.facebook.react.views.art.ARTGroupShadowNode
04-13 12:01:12.563 24987 25031 W unknown:ViewManagerPropertyUpdater: Could not find generated setter for class com.facebook.react.views.art.ARTShapeViewManager
04-13 12:01:12.563 24987 25031 W unknown:ViewManagerPropertyUpdater: Could not find generated setter for class com.facebook.react.views.art.ARTShapeShadowNode
04-13 12:01:12.564 24987 25031 W unknown:ViewManagerPropertyUpdater: Could not find generated setter for class com.facebook.react.views.art.ARTTextViewManager
04-13 12:01:12.564 24987 25031 W unknown:ViewManagerPropertyUpdater: Could not find generated setter for class com.facebook.react.views.art.ARTTextShadowNode
04-13 12:01:12.564 24987 25031 W unknown:ViewManagerPropertyUpdater: Could not find generated setter for class com.facebook.react.views.checkbox.ReactCheckBoxManager
04-13 12:01:12.568 24987 25031 W unknown:ViewManagerPropertyUpdater: Could not find generated setter for class com.facebook.react.uimanager.LayoutShadowNode
04-13 12:01:12.570 24987 25031 W unknown:ViewManagerPropertyUpdater: Could not find generated setter for class com.facebook.react.views.picker.ReactDialogPickerManager
04-13 12:01:12.572 24987 25025 D HostConnection: HostComposition ext ANDROID_EMU_CHECKSUM_HELPER_v1 ANDROID_EMU_native_sync_v2 ANDROID_EMU_native_sync_v3 ANDROID_EMU_native_sync_v4 ANDROID_EMU_dma_v1 ANDROID_EMU_direct_mem ANDROID_EMU_host_composition_v1 ANDROID_EMU_host_composition_v2 ANDROID_EMU_YUV_Cache ANDROID_EMU_async_unmap_buffer GL_OES_EGL_image_external_essl3 GL_OES_vertex_array_object GL_KHR_texture_compression_astc_ldr ANDROID_EMU_gles_max_version_3_0 
04-13 12:01:12.572 24987 25031 W unknown:ViewManagerPropertyUpdater: Could not find generated setter for class com.facebook.react.views.drawer.ReactDrawerLayoutManager
04-13 12:01:12.576 24987 25031 W unknown:ViewManagerPropertyUpdater: Could not find generated setter for class com.facebook.react.views.picker.ReactDropdownPickerManager
04-13 12:01:12.577 24987 25031 W unknown:ViewManagerPropertyUpdater: Could not find generated setter for class com.facebook.react.views.scroll.ReactHorizontalScrollViewManager
04-13 12:01:12.579 24987 25025 W OpenGLRenderer: Failed to choose config with EGL_SWAP_BEHAVIOR_PRESERVED, retrying without...
04-13 12:01:12.581 24987 25031 W unknown:ViewManagerPropertyUpdater: Could not find generated setter for class com.facebook.react.views.scroll.ReactHorizontalScrollContainerViewManager
04-13 12:01:12.587 24987 25025 D EGL_emulation: eglCreateContext: 0xe9737600: maj 3 min 0 rcv 3
04-13 12:01:12.589 24987 25031 W unknown:ViewManagerPropertyUpdater: Could not find generated setter for class com.facebook.react.views.progressbar.ReactProgressBarViewManager
04-13 12:01:12.590 24987 25031 W unknown:ViewManagerPropertyUpdater: Could not find generated setter for class com.facebook.react.views.progressbar.ProgressBarShadowNode
04-13 12:01:12.591 24987 25031 W unknown:ViewManagerPropertyUpdater: Could not find generated setter for class com.facebook.react.views.scroll.ReactScrollViewManager
04-13 12:01:12.592 24987 25031 W unknown:ViewManagerPropertyUpdater: Could not find generated setter for class com.facebook.react.views.slider.ReactSliderManager
04-13 12:01:12.595 24987 25031 W unknown:ViewManagerPropertyUpdater: Could not find generated setter for class com.facebook.react.views.slider.ReactSliderManager$ReactSliderShadowNode
04-13 12:01:12.596 24987 25031 W unknown:ViewManagerPropertyUpdater: Could not find generated setter for class com.facebook.react.views.switchview.ReactSwitchManager
04-13 12:01:12.601 24987 25031 W unknown:ViewManagerPropertyUpdater: Could not find generated setter for class com.facebook.react.views.switchview.ReactSwitchManager$ReactSwitchShadowNode
04-13 12:01:12.605 24987 25031 W unknown:ViewManagerPropertyUpdater: Could not find generated setter for class com.facebook.react.views.swiperefresh.SwipeRefreshLayoutManager
04-13 12:01:12.607 24987 25031 W unknown:ViewManagerPropertyUpdater: Could not find generated setter for class com.facebook.react.views.art.ARTSurfaceViewManager
04-13 12:01:12.607 24987 25025 D EGL_emulation: eglMakeCurrent: 0xe9737600: ver 3 0 (tinfo 0xe9a7ca90)
04-13 12:01:12.607 24987 25031 W unknown:ViewManagerPropertyUpdater: Could not find generated setter for class com.facebook.react.views.art.ARTSurfaceViewShadowNode
04-13 12:01:12.607 24987 25031 W unknown:ViewManagerPropertyUpdater: Could not find generated setter for class com.facebook.react.views.text.frescosupport.FrescoBasedReactTextInlineImageViewManager
04-13 12:01:12.607 24987 25031 W unknown:ViewManagerPropertyUpdater: Could not find generated setter for class com.facebook.react.views.text.frescosupport.FrescoBasedReactTextInlineImageShadowNode
04-13 12:01:12.609 24987 25031 W unknown:ViewManagerPropertyUpdater: Could not find generated setter for class com.facebook.react.views.image.ReactImageManager
04-13 12:01:12.611 24987 25031 W unknown:ViewManagerPropertyUpdater: Could not find generated setter for class com.facebook.react.views.modal.ReactModalHostManager
04-13 12:01:12.613 24987 25031 W unknown:ViewManagerPropertyUpdater: Could not find generated setter for class com.facebook.react.views.modal.ModalHostShadowNode
04-13 12:01:12.613 24987 25031 W unknown:ViewManagerPropertyUpdater: Could not find generated setter for class com.facebook.react.views.text.ReactRawTextManager
04-13 12:01:12.613 24987 25031 W unknown:ViewManagerPropertyUpdater: Could not find generated setter for class com.facebook.react.views.text.ReactRawTextShadowNode
04-13 12:01:12.614 24987 25031 W unknown:ViewManagerPropertyUpdater: Could not find generated setter for class com.facebook.react.views.textinput.ReactTextInputManager
04-13 12:01:12.619 24987 25031 W unknown:ViewManagerPropertyUpdater: Could not find generated setter for class com.facebook.react.views.textinput.ReactTextInputShadowNode
04-13 12:01:12.620 24987 25031 W unknown:ViewManagerPropertyUpdater: Could not find generated setter for class com.facebook.react.views.text.ReactTextViewManager
04-13 12:01:12.621 24987 25031 W unknown:ViewManagerPropertyUpdater: Could not find generated setter for class com.facebook.react.views.text.ReactTextShadowNode
04-13 12:01:12.621 24987 25031 W unknown:ViewManagerPropertyUpdater: Could not find generated setter for class com.facebook.react.views.view.ReactViewManager
04-13 12:01:12.622 24987 25031 W unknown:ViewManagerPropertyUpdater: Could not find generated setter for class com.facebook.react.views.viewpager.ReactViewPagerManager
04-13 12:01:12.632 24987 25031 W unknown:ViewManagerPropertyUpdater: Could not find generated setter for class com.facebook.react.views.text.ReactVirtualTextViewManager
04-13 12:01:12.633 24987 25031 W unknown:ViewManagerPropertyUpdater: Could not find generated setter for class com.facebook.react.views.text.ReactVirtualTextShadowNode
04-13 12:01:12.637 24987 25025 I Gralloc4: mapper 4.x is not supported
04-13 12:01:12.640 24987 25031 D SoLoader: About to load: libyoga.so
04-13 12:01:12.641 24987 25025 D HostConnection: createUnique: call
04-13 12:01:12.641 24987 25031 D SoLoader: libyoga.so not found on /data/user/0/com.detoxtest/lib-main
04-13 12:01:12.641 24987 25025 D HostConnection: HostConnection::get() New Host Connection established 0xe9916810, tid 25025
04-13 12:01:12.641 24987 25031 D SoLoader: libyoga.so found on /data/app/~~sLIMYZPcUwcCQisf6pHHhQ==/com.detoxtest-CKZpVM0OtOTOvnWVNpQc0Q==/lib/x86
04-13 12:01:12.641 24987 25031 D SoLoader: Not resolving dependencies for libyoga.so
04-13 12:01:12.641 24987 25025 D eglCodecCommon: allocate: Ask for block of size 0x100
04-13 12:01:12.642 24987 25025 D eglCodecCommon: allocate: ioctl allocate returned offset 0x3fc0ff000 size 0x2000
04-13 12:01:12.643 24987 25031 D SoLoader: Loaded: libyoga.so
04-13 12:01:12.649 24987 25031 E unknown:ReactRootView: runApplication: call AppRegistry.runApplication
04-13 12:01:12.649 24987 25025 D HostConnection: HostComposition ext ANDROID_EMU_CHECKSUM_HELPER_v1 ANDROID_EMU_native_sync_v2 ANDROID_EMU_native_sync_v3 ANDROID_EMU_native_sync_v4 ANDROID_EMU_dma_v1 ANDROID_EMU_direct_mem ANDROID_EMU_host_composition_v1 ANDROID_EMU_host_composition_v2 ANDROID_EMU_YUV_Cache ANDROID_EMU_async_unmap_buffer GL_OES_EGL_image_external_essl3 GL_OES_vertex_array_object GL_KHR_texture_compression_astc_ldr ANDROID_EMU_gles_max_version_3_0 
04-13 12:01:12.657 24987 25025 D EGL_emulation: eglMakeCurrent: 0xe9737600: ver 3 0 (tinfo 0xe9a7ca90)
04-13 12:01:12.696 24987 25031 D SoLoader: init exiting
04-13 12:01:12.702 24987 24987 E unknown:ReactNative: Unable to launch logbox because react was unable to create the root view
04-13 12:01:12.742 24987 25035 I Detox   : Detox thread starting (com.wix.detox.manager)
04-13 12:01:12.746 24987 25035 I DetoxManager: DetoxServerUrl: ws://localhost:64023
04-13 12:01:12.746 24987 25035 I DetoxManager: DetoxSessionId: 51555c36-e1e3-826e-79f1-399a27b05936
04-13 12:01:12.750 24987 24987 D DetoxRNLoading: Got new RN-context directly and immediately
04-13 12:01:12.757 24987 25030 E ReactNativeJNI: logMarker RUN_JS_BUNDLE_END
04-13 12:01:12.758 24987 25030 I ReactNativeJS: Running "detoxTest" with {"rootTag":1}
04-13 12:01:12.758 24987 25035 I DetoxRNIdleRes: Setting up Espresso Idling Resources for React Native.
04-13 12:01:12.781 24987 25035 D AsyncStorageIR: Checking whether a custom IR for Async-Storage is required... (legacy=false)
04-13 12:01:12.781 24987 25035 D DetoxRNHelpers: Native module not resolved: no such class
04-13 12:01:12.781 24987 25035 D AsyncStorageIR: Checking whether a custom IR for Async-Storage is required... (legacy=true)
04-13 12:01:12.781 24987 25035 D AsyncStorageIR: IR for Async-Storage is required! (legacy=true)
04-13 12:01:12.789 24987 24987 D AsyncStorageIRLegacy: Async-storage is busy!
04-13 12:01:12.796 24987 25035 I WebSocketClient: At connectToServer
04-13 12:01:12.831 24987 25044 I WebSocketClient: At onOpen
04-13 12:01:12.831 24987 25044 I WebSocketClient: At sendAction
04-13 12:01:12.831 24987 25044 D WebSocketClient: Detox Action Sent: login
04-13 12:01:13.132 24987 24987 I Detox   : Wait is over: app is now idle!
04-13 12:01:13.141 24987 25044 I WebSocketClient: At sendAction
04-13 12:01:13.143 24987 25044 D WebSocketClient: Detox Action Sent: ready
04-13 12:01:13.149 24987 25044 I WebSocketClient: At onMessage
04-13 12:01:13.149 24987 25044 I WebSocketClient: At receiveAction
04-13 12:01:13.149 24987 25044 D WebSocketClient: Detox Action Received: loginSuccess
04-13 12:01:13.149 24987 25044 I DetoxManager: onAction: type: loginSuccess params: {"testerConnected":true,"appConnected":true}
04-13 12:01:13.153 24987 25044 I WebSocketClient: At onMessage
04-13 12:01:13.153 24987 25044 I WebSocketClient: At receiveAction
04-13 12:01:13.153 24987 25044 D WebSocketClient: Detox Action Received: isReady
04-13 12:01:13.153 24987 25044 I DetoxManager: onAction: type: isReady params: {}
04-13 12:01:13.159 24987 24987 I Detox   : Wait is over: app is now idle!
04-13 12:01:13.159 24987 25035 I WebSocketClient: At sendAction
04-13 12:01:13.159 24987 25035 D WebSocketClient: Detox Action Sent: ready
