--------- beginning of main
04-13 11:30:31.001 20814 20858 W unknown:ViewManagerPropertyUpdater: Could not find generated setter for class com.facebook.react.views.art.ARTGroupViewManager
04-13 11:30:31.004 20814 20852 D HostConnection: HostComposition ext ANDROID_EMU_CHECKSUM_HELPER_v1 ANDROID_EMU_native_sync_v2 ANDROID_EMU_native_sync_v3 ANDROID_EMU_native_sync_v4 ANDROID_EMU_dma_v1 ANDROID_EMU_direct_mem ANDROID_EMU_host_composition_v1 ANDROID_EMU_host_composition_v2 ANDROID_EMU_YUV_Cache ANDROID_EMU_async_unmap_buffer GL_OES_EGL_image_external_essl3 GL_OES_vertex_array_object GL_KHR_texture_compression_astc_ldr ANDROID_EMU_gles_max_version_3_0 
04-13 11:30:31.010 20814 20858 W unknown:ViewManagerPropertyUpdater: Could not find generated setter for class com.facebook.react.views.art.ARTGroupShadowNode
04-13 11:30:31.015 20814 20858 W unknown:ViewManagerPropertyUpdater: Could not find generated setter for class com.facebook.react.views.art.ARTShapeViewManager
04-13 11:30:31.015 20814 20858 W unknown:ViewManagerPropertyUpdater: Could not find generated setter for class com.facebook.react.views.art.ARTShapeShadowNode
04-13 11:30:31.015 20814 20852 W OpenGLRenderer: Failed to choose config with EGL_SWAP_BEHAVIOR_PRESERVED, retrying without...
04-13 11:30:31.016 20814 20858 W unknown:ViewManagerPropertyUpdater: Could not find generated setter for class com.facebook.react.views.art.ARTTextViewManager
04-13 11:30:31.016 20814 20858 W unknown:ViewManagerPropertyUpdater: Could not find generated setter for class com.facebook.react.views.art.ARTTextShadowNode
04-13 11:30:31.017 20814 20858 W unknown:ViewManagerPropertyUpdater: Could not find generated setter for class com.facebook.react.views.checkbox.ReactCheckBoxManager
04-13 11:30:31.017 20814 20852 D EGL_emulation: eglCreateContext: 0xe9737de0: maj 3 min 0 rcv 3
04-13 11:30:31.025 20814 20858 W unknown:ViewManagerPropertyUpdater: Could not find generated setter for class com.facebook.react.uimanager.LayoutShadowNode
04-13 11:30:31.029 20814 20858 W unknown:ViewManagerPropertyUpdater: Could not find generated setter for class com.facebook.react.views.picker.ReactDialogPickerManager
04-13 11:30:31.035 20814 20858 W unknown:ViewManagerPropertyUpdater: Could not find generated setter for class com.facebook.react.views.drawer.ReactDrawerLayoutManager
04-13 11:30:31.040 20814 20858 W unknown:ViewManagerPropertyUpdater: Could not find generated setter for class com.facebook.react.views.picker.ReactDropdownPickerManager
04-13 11:30:31.041 20814 20858 W unknown:ViewManagerPropertyUpdater: Could not find generated setter for class com.facebook.react.views.scroll.ReactHorizontalScrollViewManager
04-13 11:30:31.043 20814 20852 D EGL_emulation: eglMakeCurrent: 0xe9737de0: ver 3 0 (tinfo 0xe9a7c6f0)
04-13 11:30:31.048 20814 20858 W unknown:ViewManagerPropertyUpdater: Could not find generated setter for class com.facebook.react.views.scroll.ReactHorizontalScrollContainerViewManager
04-13 11:30:31.057 20814 20858 W unknown:ViewManagerPropertyUpdater: Could not find generated setter for class com.facebook.react.views.progressbar.ReactProgressBarViewManager
04-13 11:30:31.059 20814 20858 W unknown:ViewManagerPropertyUpdater: Could not find generated setter for class com.facebook.react.views.progressbar.ProgressBarShadowNode
04-13 11:30:31.061 20814 20858 W unknown:ViewManagerPropertyUpdater: Could not find generated setter for class com.facebook.react.views.scroll.ReactScrollViewManager
04-13 11:30:31.064 20814 20858 W unknown:ViewManagerPropertyUpdater: Could not find generated setter for class com.facebook.react.views.slider.ReactSliderManager
04-13 11:30:31.065 20814 20858 W unknown:ViewManagerPropertyUpdater: Could not find generated setter for class com.facebook.react.views.slider.ReactSliderManager$ReactSliderShadowNode
04-13 11:30:31.067 20814 20858 W unknown:ViewManagerPropertyUpdater: Could not find generated setter for class com.facebook.react.views.switchview.ReactSwitchManager
04-13 11:30:31.073 20814 20858 W unknown:ViewManagerPropertyUpdater: Could not find generated setter for class com.facebook.react.views.switchview.ReactSwitchManager$ReactSwitchShadowNode
04-13 11:30:31.073 20814 20852 I Gralloc4: mapper 4.x is not supported
04-13 11:30:31.074 20814 20858 W unknown:ViewManagerPropertyUpdater: Could not find generated setter for class com.facebook.react.views.swiperefresh.SwipeRefreshLayoutManager
04-13 11:30:31.084 20814 20858 W unknown:ViewManagerPropertyUpdater: Could not find generated setter for class com.facebook.react.views.art.ARTSurfaceViewManager
04-13 11:30:31.086 20814 20852 D HostConnection: createUnique: call
04-13 11:30:31.089 20814 20852 D HostConnection: HostConnection::get() New Host Connection established 0xe99154f0, tid 20852
04-13 11:30:31.091 20814 20852 D eglCodecCommon: allocate: Ask for block of size 0x100
04-13 11:30:31.091 20814 20852 D eglCodecCommon: allocate: ioctl allocate returned offset 0x3fc0ff000 size 0x2000
04-13 11:30:31.093 20814 20858 W unknown:ViewManagerPropertyUpdater: Could not find generated setter for class com.facebook.react.views.art.ARTSurfaceViewShadowNode
04-13 11:30:31.095 20814 20858 W unknown:ViewManagerPropertyUpdater: Could not find generated setter for class com.facebook.react.views.text.frescosupport.FrescoBasedReactTextInlineImageViewManager
04-13 11:30:31.095 20814 20858 W unknown:ViewManagerPropertyUpdater: Could not find generated setter for class com.facebook.react.views.text.frescosupport.FrescoBasedReactTextInlineImageShadowNode
04-13 11:30:31.096 20814 20858 W unknown:ViewManagerPropertyUpdater: Could not find generated setter for class com.facebook.react.views.image.ReactImageManager
04-13 11:30:31.104 20814 20858 W unknown:ViewManagerPropertyUpdater: Could not find generated setter for class com.facebook.react.views.modal.ReactModalHostManager
04-13 11:30:31.112 20814 20858 W unknown:ViewManagerPropertyUpdater: Could not find generated setter for class com.facebook.react.views.modal.ModalHostShadowNode
04-13 11:30:31.113 20814 20858 W unknown:ViewManagerPropertyUpdater: Could not find generated setter for class com.facebook.react.views.text.ReactRawTextManager
04-13 11:30:31.115 20814 20858 W unknown:ViewManagerPropertyUpdater: Could not find generated setter for class com.facebook.react.views.text.ReactRawTextShadowNode
04-13 11:30:31.118 20814 20858 W unknown:ViewManagerPropertyUpdater: Could not find generated setter for class com.facebook.react.views.textinput.ReactTextInputManager
04-13 11:30:31.123 20814 20858 W unknown:ViewManagerPropertyUpdater: Could not find generated setter for class com.facebook.react.views.textinput.ReactTextInputShadowNode
04-13 11:30:31.128 20814 20858 W unknown:ViewManagerPropertyUpdater: Could not find generated setter for class com.facebook.react.views.text.ReactTextViewManager
04-13 11:30:31.129 20814 20858 W unknown:ViewManagerPropertyUpdater: Could not find generated setter for class com.facebook.react.views.text.ReactTextShadowNode
04-13 11:30:31.130 20814 20858 W unknown:ViewManagerPropertyUpdater: Could not find generated setter for class com.facebook.react.views.view.ReactViewManager
04-13 11:30:31.132 20814 20858 W unknown:ViewManagerPropertyUpdater: Could not find generated setter for class com.facebook.react.views.viewpager.ReactViewPagerManager
04-13 11:30:31.135 20814 20858 W unknown:ViewManagerPropertyUpdater: Could not find generated setter for class com.facebook.react.views.text.ReactVirtualTextViewManager
04-13 11:30:31.135 20814 20858 W unknown:ViewManagerPropertyUpdater: Could not find generated setter for class com.facebook.react.views.text.ReactVirtualTextShadowNode
04-13 11:30:31.139 20814 20858 D SoLoader: About to load: libyoga.so
04-13 11:30:31.141 20814 20858 D SoLoader: libyoga.so not found on /data/user/0/com.detoxtest/lib-main
04-13 11:30:31.141 20814 20852 D HostConnection: HostComposition ext ANDROID_EMU_CHECKSUM_HELPER_v1 ANDROID_EMU_native_sync_v2 ANDROID_EMU_native_sync_v3 ANDROID_EMU_native_sync_v4 ANDROID_EMU_dma_v1 ANDROID_EMU_direct_mem ANDROID_EMU_host_composition_v1 ANDROID_EMU_host_composition_v2 ANDROID_EMU_YUV_Cache ANDROID_EMU_async_unmap_buffer GL_OES_EGL_image_external_essl3 GL_OES_vertex_array_object GL_KHR_texture_compression_astc_ldr ANDROID_EMU_gles_max_version_3_0 
04-13 11:30:31.141 20814 20858 D SoLoader: libyoga.so found on /data/app/~~AOLM1NYz_wlPjw7xDs2ngQ==/com.detoxtest-Z5GX7u62XQXMWJMqFdfmkg==/lib/x86
04-13 11:30:31.141 20814 20858 D SoLoader: Not resolving dependencies for libyoga.so
04-13 11:30:31.146 20814 20858 D SoLoader: Loaded: libyoga.so
04-13 11:30:31.157 20814 20852 D EGL_emulation: eglMakeCurrent: 0xe9737de0: ver 3 0 (tinfo 0xe9a7c6f0)
04-13 11:30:31.163 20814 20858 E unknown:ReactRootView: runApplication: call AppRegistry.runApplication
04-13 11:30:31.219 20814 20858 D SoLoader: init exiting
04-13 11:30:31.224 20814 20857 E ReactNativeJNI: logMarker RUN_JS_BUNDLE_END
04-13 11:30:31.227 20814 20857 I ReactNativeJS: Running "detoxTest" with {"rootTag":1}
04-13 11:30:31.232 20814 20814 E unknown:ReactNative: Unable to launch logbox because react was unable to create the root view
04-13 11:30:31.315 20814 20861 I Detox   : Detox thread starting (com.wix.detox.manager)
04-13 11:30:31.320 20814 20861 I DetoxManager: DetoxServerUrl: ws://localhost:61314
04-13 11:30:31.320 20814 20861 I DetoxManager: DetoxSessionId: 3f86a369-4dba-c8f0-3e19-8a0f6f414b41
04-13 11:30:31.331 20814 20814 D DetoxRNLoading: Got new RN-context directly and immediately
04-13 11:30:31.343 20814 20861 I DetoxRNIdleRes: Setting up Espresso Idling Resources for React Native.
04-13 11:30:31.379 20814 20861 D AsyncStorageIR: Checking whether a custom IR for Async-Storage is required... (legacy=false)
04-13 11:30:31.380 20814 20861 D DetoxRNHelpers: Native module not resolved: no such class
04-13 11:30:31.380 20814 20861 D AsyncStorageIR: Checking whether a custom IR for Async-Storage is required... (legacy=true)
04-13 11:30:31.380 20814 20861 D AsyncStorageIR: IR for Async-Storage is required! (legacy=true)
04-13 11:30:31.386 20814 20814 D AsyncStorageIRLegacy: Async-storage is busy!
04-13 11:30:31.389 20814 20861 I WebSocketClient: At connectToServer
04-13 11:30:31.410 20814 20867 I WebSocketClient: At onOpen
04-13 11:30:31.410 20814 20867 I WebSocketClient: At sendAction
04-13 11:30:31.411 20814 20867 D WebSocketClient: Detox Action Sent: login
04-13 11:30:31.680 20814 20814 I Detox   : Wait is over: app is now idle!
04-13 11:30:31.689 20814 20867 I WebSocketClient: At sendAction
04-13 11:30:31.691 20814 20867 D WebSocketClient: Detox Action Sent: ready
04-13 11:30:31.695 20814 20867 I WebSocketClient: At onMessage
04-13 11:30:31.696 20814 20867 I WebSocketClient: At receiveAction
04-13 11:30:31.696 20814 20867 D WebSocketClient: Detox Action Received: loginSuccess
04-13 11:30:31.696 20814 20867 I DetoxManager: onAction: type: loginSuccess params: {"testerConnected":true,"appConnected":true}
04-13 11:30:31.698 20814 20867 I WebSocketClient: At onMessage
04-13 11:30:31.699 20814 20867 I WebSocketClient: At receiveAction
04-13 11:30:31.699 20814 20867 D WebSocketClient: Detox Action Received: isReady
04-13 11:30:31.699 20814 20867 I DetoxManager: onAction: type: isReady params: {}
04-13 11:30:31.704 20814 20814 I Detox   : Wait is over: app is now idle!
04-13 11:30:31.704 20814 20861 I WebSocketClient: At sendAction
04-13 11:30:31.705 20814 20861 D WebSocketClient: Detox Action Sent: ready
04-13 11:30:31.748 20814 20867 I WebSocketClient: At onMessage
04-13 11:30:31.749 20814 20867 I WebSocketClient: At receiveAction
04-13 11:30:31.749 20814 20867 D WebSocketClient: Detox Action Received: reactNativeReload
04-13 11:30:31.749 20814 20867 I DetoxManager: onAction: type: reactNativeReload params: {}
04-13 11:30:31.755 20814 20861 I DetoxRNExt: Reloading React Native
04-13 11:30:31.773 20814 20880 E unknown:ReactNative: ReactInstanceManager.createReactContext: mJSIModulePackage null
04-13 11:30:31.773 20814 20882 E ReactNativeJNI: logMarker CREATE_REACT_CONTEXT_END
04-13 11:30:31.778 20814 20882 E ReactNativeJNI: logMarker RUN_JS_BUNDLE_START
04-13 11:30:31.779 20814 20883 E unknown:ReactNative: ReactInstanceManager.attachRootViewToInstance()
04-13 11:30:31.780 20814 20883 W unknown:ViewManagerPropertyUpdater: Could not find generated setter for class com.facebook.react.views.art.ARTGroupViewManager
04-13 11:30:31.781 20814 20883 W unknown:ViewManagerPropertyUpdater: Could not find generated setter for class com.facebook.react.views.art.ARTGroupShadowNode
04-13 11:30:31.781 20814 20883 W unknown:ViewManagerPropertyUpdater: Could not find generated setter for class com.facebook.react.views.art.ARTShapeViewManager
04-13 11:30:31.781 20814 20883 W unknown:ViewManagerPropertyUpdater: Could not find generated setter for class com.facebook.react.views.art.ARTShapeShadowNode
04-13 11:30:31.781 20814 20883 W unknown:ViewManagerPropertyUpdater: Could not find generated setter for class com.facebook.react.views.art.ARTTextViewManager
04-13 11:30:31.781 20814 20883 W unknown:ViewManagerPropertyUpdater: Could not find generated setter for class com.facebook.react.views.art.ARTTextShadowNode
04-13 11:30:31.781 20814 20883 W unknown:ViewManagerPropertyUpdater: Could not find generated setter for class com.facebook.react.views.checkbox.ReactCheckBoxManager
04-13 11:30:31.783 20814 20883 W unknown:ViewManagerPropertyUpdater: Could not find generated setter for class com.facebook.react.uimanager.LayoutShadowNode
04-13 11:30:31.789 20814 20883 W unknown:ViewManagerPropertyUpdater: Could not find generated setter for class com.facebook.react.views.picker.ReactDialogPickerManager
04-13 11:30:31.791 20814 20883 W unknown:ViewManagerPropertyUpdater: Could not find generated setter for class com.facebook.react.views.drawer.ReactDrawerLayoutManager
04-13 11:30:31.792 20814 20883 W unknown:ViewManagerPropertyUpdater: Could not find generated setter for class com.facebook.react.views.picker.ReactDropdownPickerManager
04-13 11:30:31.793 20814 20883 W unknown:ViewManagerPropertyUpdater: Could not find generated setter for class com.facebook.react.views.scroll.ReactHorizontalScrollViewManager
04-13 11:30:31.797 20814 20883 W unknown:ViewManagerPropertyUpdater: Could not find generated setter for class com.facebook.react.views.scroll.ReactHorizontalScrollContainerViewManager
04-13 11:30:31.800 20814 20883 W unknown:ViewManagerPropertyUpdater: Could not find generated setter for class com.facebook.react.views.progressbar.ReactProgressBarViewManager
04-13 11:30:31.802 20814 20883 W unknown:ViewManagerPropertyUpdater: Could not find generated setter for class com.facebook.react.views.progressbar.ProgressBarShadowNode
04-13 11:30:31.803 20814 20883 W unknown:ViewManagerPropertyUpdater: Could not find generated setter for class com.facebook.react.views.scroll.ReactScrollViewManager
04-13 11:30:31.807 20814 20883 W unknown:ViewManagerPropertyUpdater: Could not find generated setter for class com.facebook.react.views.slider.ReactSliderManager
04-13 11:30:31.810 20814 20883 W unknown:ViewManagerPropertyUpdater: Could not find generated setter for class com.facebook.react.views.slider.ReactSliderManager$ReactSliderShadowNode
04-13 11:30:31.811 20814 20883 W unknown:ViewManagerPropertyUpdater: Could not find generated setter for class com.facebook.react.views.switchview.ReactSwitchManager
04-13 11:30:31.813 20814 20883 W unknown:ViewManagerPropertyUpdater: Could not find generated setter for class com.facebook.react.views.switchview.ReactSwitchManager$ReactSwitchShadowNode
04-13 11:30:31.814 20814 20883 W unknown:ViewManagerPropertyUpdater: Could not find generated setter for class com.facebook.react.views.swiperefresh.SwipeRefreshLayoutManager
04-13 11:30:31.816 20814 20883 W unknown:ViewManagerPropertyUpdater: Could not find generated setter for class com.facebook.react.views.art.ARTSurfaceViewManager
04-13 11:30:31.817 20814 20883 W unknown:ViewManagerPropertyUpdater: Could not find generated setter for class com.facebook.react.views.art.ARTSurfaceViewShadowNode
04-13 11:30:31.818 20814 20883 W unknown:ViewManagerPropertyUpdater: Could not find generated setter for class com.facebook.react.views.text.frescosupport.FrescoBasedReactTextInlineImageViewManager
04-13 11:30:31.819 20814 20883 W unknown:ViewManagerPropertyUpdater: Could not find generated setter for class com.facebook.react.views.text.frescosupport.FrescoBasedReactTextInlineImageShadowNode
04-13 11:30:31.822 20814 20883 W unknown:ViewManagerPropertyUpdater: Could not find generated setter for class com.facebook.react.views.image.ReactImageManager
04-13 11:30:31.825 20814 20883 W unknown:ViewManagerPropertyUpdater: Could not find generated setter for class com.facebook.react.views.modal.ReactModalHostManager
04-13 11:30:31.826 20814 20883 W unknown:ViewManagerPropertyUpdater: Could not find generated setter for class com.facebook.react.views.modal.ModalHostShadowNode
04-13 11:30:31.827 20814 20883 W unknown:ViewManagerPropertyUpdater: Could not find generated setter for class com.facebook.react.views.text.ReactRawTextManager
04-13 11:30:31.827 20814 20883 W unknown:ViewManagerPropertyUpdater: Could not find generated setter for class com.facebook.react.views.text.ReactRawTextShadowNode
04-13 11:30:31.828 20814 20883 W unknown:ViewManagerPropertyUpdater: Could not find generated setter for class com.facebook.react.views.textinput.ReactTextInputManager
04-13 11:30:31.834 20814 20883 W unknown:ViewManagerPropertyUpdater: Could not find generated setter for class com.facebook.react.views.textinput.ReactTextInputShadowNode
04-13 11:30:31.837 20814 20883 W unknown:ViewManagerPropertyUpdater: Could not find generated setter for class com.facebook.react.views.text.ReactTextViewManager
04-13 11:30:31.837 20814 20883 W unknown:ViewManagerPropertyUpdater: Could not find generated setter for class com.facebook.react.views.text.ReactTextShadowNode
04-13 11:30:31.838 20814 20883 W unknown:ViewManagerPropertyUpdater: Could not find generated setter for class com.facebook.react.views.view.ReactViewManager
04-13 11:30:31.839 20814 20883 W unknown:ViewManagerPropertyUpdater: Could not find generated setter for class com.facebook.react.views.viewpager.ReactViewPagerManager
04-13 11:30:31.839 20814 20883 W unknown:ViewManagerPropertyUpdater: Could not find generated setter for class com.facebook.react.views.text.ReactVirtualTextViewManager
04-13 11:30:31.839 20814 20883 W unknown:ViewManagerPropertyUpdater: Could not find generated setter for class com.facebook.react.views.text.ReactVirtualTextShadowNode
04-13 11:30:31.841 20814 20883 E unknown:ReactRootView: runApplication: call AppRegistry.runApplication
04-13 11:30:31.841 20814 20814 I DetoxRNLoading: Got new RN-context async'ly through listener
04-13 11:30:31.842 20814 20861 I DetoxRNIdleRes: Setting up Espresso Idling Resources for React Native.
04-13 11:30:31.844 20814 20861 D AsyncStorageIR: Checking whether a custom IR for Async-Storage is required... (legacy=false)
04-13 11:30:31.844 20814 20861 D DetoxRNHelpers: Native module not resolved: no such class
04-13 11:30:31.844 20814 20861 D AsyncStorageIR: Checking whether a custom IR for Async-Storage is required... (legacy=true)
04-13 11:30:31.844 20814 20861 D AsyncStorageIR: IR for Async-Storage is required! (legacy=true)
04-13 11:30:31.846 20814 20814 I Detox   : UIManagerModule is busy
04-13 11:30:31.846 20814 20814 D AsyncStorageIRLegacy: Async-storage is busy!
04-13 11:30:31.847 20814 20861 I WebSocketClient: At sendAction
04-13 11:30:31.848 20814 20861 D WebSocketClient: Detox Action Sent: ready
04-13 11:30:31.855 20814 20867 I WebSocketClient: At onMessage
04-13 11:30:31.855 20814 20867 I WebSocketClient: At receiveAction
04-13 11:30:31.855 20814 20867 D WebSocketClient: Detox Action Received: invoke
04-13 11:30:31.855 20814 20867 I DetoxManager: onAction: type: invoke params: {"target":{"type":"Class","value":"com.wix.detox.espresso.DetoxAssertion"},"method":"assertMatcher","args":[{"type":"Invocation","value":{"target":{"type":"Class","value":"androidx.test.espresso.Espresso"},"method":"onView","args":[{"type":"Invocation","value":{"target":{"type":"Class","value":"com.wix.detox.espresso.DetoxMatcher"},"method":"matcherForTestId","args":["initButton"]}}]}},{"type":"Invocation","value":{"target":{"type":"Class","value":"com.wix.detox.espresso.DetoxMatcher"},"method":"matcherForSufficientlyVisible","args":[]}}]}
04-13 11:30:31.871 20814 20861 D Detox   : class com.wix.detox.espresso.DetoxMatcher, matcherForTestId, [initButton]
04-13 11:30:31.883 20814 20814 E unknown:ReactNative: Unable to launch logbox because react was unable to create the root view
04-13 11:30:31.895 20814 20861 D Detox   : class androidx.test.espresso.Espresso, onView, [(with tag value: is "initButton" and view has effective visibility=VISIBLE)]
04-13 11:30:31.896 20814 20861 D Detox   : class com.wix.detox.espresso.DetoxMatcher, matcherForSufficientlyVisible, []
04-13 11:30:31.898 20814 20861 D Detox   : class com.wix.detox.espresso.DetoxAssertion, assertMatcher, [androidx.test.espresso.ViewInteraction@f616ae, at least 75 percent of the view's area is displayed to the user.]
04-13 11:30:31.903 20814 20882 E ReactNativeJNI: logMarker RUN_JS_BUNDLE_END
04-13 11:30:31.904 20814 20882 I ReactNativeJS: Running "detoxTest" with {"rootTag":11}
04-13 11:30:32.222 20814 20814 I ViewInteraction: Checking 'MatchesViewAssertion(Detox){viewMatcher=at least 75 percent of the view's area is displayed to the user.}' assertion on view (with tag value: is "initButton" and view has effective visibility=VISIBLE)
04-13 11:30:32.227 20814 20861 I DetoxActionHandlers: Test exception
04-13 11:30:32.227 20814 20861 I DetoxActionHandlers: java.lang.reflect.InvocationTargetException
04-13 11:30:32.227 20814 20861 I DetoxActionHandlers: 	at java.lang.reflect.Method.invoke(Native Method)
04-13 11:30:32.227 20814 20861 I DetoxActionHandlers: 	at org.apache.commons.lang3.reflect.MethodUtils.invokeStaticMethod(MethodUtils.java:443)
04-13 11:30:32.227 20814 20861 I DetoxActionHandlers: 	at org.apache.commons.lang3.reflect.MethodUtils.invokeStaticMethod(MethodUtils.java:405)
04-13 11:30:32.227 20814 20861 I DetoxActionHandlers: 	at com.wix.invoke.types.ClassTarget.execute(ClassTarget.java:23)
04-13 11:30:32.227 20814 20861 I DetoxActionHandlers: 	at com.wix.invoke.types.Target.invoke(Target.java:59)
04-13 11:30:32.227 20814 20861 I DetoxActionHandlers: 	at com.wix.invoke.MethodInvocation.invoke(MethodInvocation.java:35)
04-13 11:30:32.227 20814 20861 I DetoxActionHandlers: 	at com.wix.invoke.MethodInvocation.invoke(MethodInvocation.java:26)
04-13 11:30:32.227 20814 20861 I DetoxActionHandlers: 	at com.wix.invoke.MethodInvocation.invoke(MethodInvocation.java:20)
04-13 11:30:32.227 20814 20861 I DetoxActionHandlers: 	at com.wix.detox.InvokeActionHandler.handle(DetoxActionHandlers.kt:55)
04-13 11:30:32.227 20814 20861 I DetoxActionHandlers: 	at com.wix.detox.DetoxManager$4.run(DetoxManager.java:116)
04-13 11:30:32.227 20814 20861 I DetoxActionHandlers: 	at android.os.Handler.handleCallback(Handler.java:907)
04-13 11:30:32.227 20814 20861 I DetoxActionHandlers: 	at android.os.Handler.dispatchMessage(Handler.java:99)
04-13 11:30:32.227 20814 20861 I DetoxActionHandlers: 	at android.os.Looper.loop(Looper.java:223)
04-13 11:30:32.227 20814 20861 I DetoxActionHandlers: 	at com.wix.detox.Detox$1.run(Detox.java:214)
04-13 11:30:32.227 20814 20861 I DetoxActionHandlers: 	at java.lang.Thread.run(Thread.java:923)
04-13 11:30:32.227 20814 20861 I DetoxActionHandlers: Caused by: androidx.test.espresso.base.DefaultFailureHandler$AssertionFailedWithCauseError: 'at least 75 percent of the view's area is displayed to the user.' doesn't match the selected view.
04-13 11:30:32.227 20814 20861 I DetoxActionHandlers: Expected: at least 75 percent of the view's area is displayed to the user.
04-13 11:30:32.227 20814 20861 I DetoxActionHandlers:      Got: null
04-13 11:30:32.227 20814 20861 I DetoxActionHandlers: 
04-13 11:30:32.227 20814 20861 I DetoxActionHandlers: 	at dalvik.system.VMStack.getThreadStackTrace(Native Method)
04-13 11:30:32.227 20814 20861 I DetoxActionHandlers: 	at java.lang.Thread.getStackTrace(Thread.java:1736)
04-13 11:30:32.227 20814 20861 I DetoxActionHandlers: 	at androidx.test.espresso.base.DefaultFailureHandler.getUserFriendlyError(DefaultFailureHandler.java:96)
04-13 11:30:32.227 20814 20861 I DetoxActionHandlers: 	at androidx.test.espresso.base.DefaultFailureHandler.handle(DefaultFailureHandler.java:59)
04-13 11:30:32.227 20814 20861 I DetoxActionHandlers: 	at androidx.test.espresso.ViewInteraction.waitForAndHandleInteractionResults(ViewInteraction.java:324)
04-13 11:30:32.227 20814 20861 I DetoxActionHandlers: 	at androidx.test.espresso.ViewInteraction.check(ViewInteraction.java:306)
04-13 11:30:32.227 20814 20861 I DetoxActionHandlers: 	at com.wix.detox.espresso.DetoxAssertion.assertMatcher(DetoxAssertion.java:32)
04-13 11:30:32.227 20814 20861 I DetoxActionHandlers: 	... 15 more
04-13 11:30:32.227 20814 20861 I DetoxActionHandlers: Caused by: junit.framework.AssertionFailedError: 'at least 75 percent of the view's area is displayed to the user.' doesn't match the selected view.
04-13 11:30:32.227 20814 20861 I DetoxActionHandlers: Expected: at least 75 percent of the view's area is displayed to the user.
04-13 11:30:32.227 20814 20861 I DetoxActionHandlers:      Got: null
04-13 11:30:32.227 20814 20861 I DetoxActionHandlers: 
04-13 11:30:32.227 20814 20861 I DetoxActionHandlers: 	at androidx.test.espresso.matcher.ViewMatchers.assertThat(ViewMatchers.java:540)
04-13 11:30:32.227 20814 20861 I DetoxActionHandlers: 	at com.wix.detox.espresso.assertion.ViewAssertions$MatchesViewAssertion.check(ViewAssertions.java:52)
04-13 11:30:32.227 20814 20861 I DetoxActionHandlers: 	at androidx.test.espresso.ViewInteraction$SingleExecutionViewAssertion.check(ViewInteraction.java:425)
04-13 11:30:32.227 20814 20861 I DetoxActionHandlers: 	at androidx.test.espresso.ViewInteraction$2.call(ViewInteraction.java:288)
04-13 11:30:32.227 20814 20861 I DetoxActionHandlers: 	at androidx.test.espresso.ViewInteraction$2.call(ViewInteraction.java:272)
04-13 11:30:32.227 20814 20861 I DetoxActionHandlers: 	at java.util.concurrent.FutureTask.run(FutureTask.java:266)
04-13 11:30:32.227 20814 20861 I DetoxActionHandlers: 	at android.os.Handler.handleCallback(Handler.java:907)
04-13 11:30:32.227 20814 20861 I DetoxActionHandlers: 	at android.os.Handler.dispatchMessage(Handler.java:99)
04-13 11:30:32.227 20814 20861 I DetoxActionHandlers: 	at android.os.Looper.loop(Looper.java:223)
04-13 11:30:32.227 20814 20861 I DetoxActionHandlers: 	at android.app.ActivityThread.main(ActivityThread.java:7478)
04-13 11:30:32.227 20814 20861 I DetoxActionHandlers: 	at java.lang.reflect.Method.invoke(Native Method)
04-13 11:30:32.227 20814 20861 I DetoxActionHandlers: 	at com.android.internal.os.RuntimeInit$MethodAndArgsCaller.run(RuntimeInit.java:549)
04-13 11:30:32.227 20814 20861 I DetoxActionHandlers: 	at com.android.internal.os.ZygoteInit.main(ZygoteInit.java:941)
04-13 11:30:32.245 20814 20861 I WebSocketClient: At sendAction
04-13 11:30:32.245 20814 20861 D WebSocketClient: Detox Action Sent: testFailed
