--------- beginning of main
04-13 11:29:25.390 20499 20499 W com.detoxtest: Unexpected CPU variant for X86 using defaults: x86
04-13 11:29:25.404 20499 20499 E com.detoxtest: Not starting debugger since process cannot load the jdwp agent.
--------- beginning of system
04-13 11:29:25.469 20499 20499 W ActivityThread: Package uses different ABI(s) than its instrumentation: package[com.detoxtest]: x86, null instrumentation[com.detoxtest.test]: null, null
04-13 11:29:25.486 20499 20499 I com.detoxtest: The ClassLoaderContext is a special shared library.
04-13 11:29:25.494 20499 20499 I chatty  : uid=10252(com.detoxtest) identical 2 lines
04-13 11:29:25.497 20499 20499 I com.detoxtest: The ClassLoaderContext is a special shared library.
04-13 11:29:25.592 20499 20499 W com.detoxtest: ClassLoaderContext classpath size mismatch. expected=0, found=4 (PCL[]{PCL[/system/framework/android.test.base.jar*84046222]} | PCL[/system/framework/android.test.runner.jar*2838042966:/system/framework/android.test.mock.jar*2353512044:/system/framework/android.test.base.jar*84046222:/data/app/~~8lcciOFNKkFtFjM9Mo0fSQ==/com.detoxtest.test-HpG8dG3N9h5ElmwaQT6Thg==/base.apk*3736732199]{PCL[/system/framework/android.test.base.jar*84046222]})
04-13 11:29:25.609 20499 20499 I com.detoxtest: The ClassLoaderContext is a special shared library.
04-13 11:29:25.615 20499 20499 I chatty  : uid=10252(com.detoxtest) identical 3 lines
04-13 11:29:25.616 20499 20499 I com.detoxtest: The ClassLoaderContext is a special shared library.
04-13 11:29:25.685 20499 20499 W com.detoxtest: ClassLoaderContext classpath size mismatch. expected=0, found=4 (PCL[]{PCL[/system/framework/android.test.base.jar*84046222]} | PCL[/system/framework/android.test.runner.jar*2838042966:/system/framework/android.test.mock.jar*2353512044:/system/framework/android.test.base.jar*84046222:/data/app/~~8lcciOFNKkFtFjM9Mo0fSQ==/com.detoxtest.test-HpG8dG3N9h5ElmwaQT6Thg==/base.apk*3736732199]{PCL[/system/framework/android.test.base.jar*84046222]#PCL[/system/framework/android.test.mock.jar*2353512044]{PCL[/system/framework/android.test.base.jar*84046222]}#PCL[/system/framework/android.test.runner.jar*2838042966]{PCL[/system/framework/android.test.base.jar*84046222]#PCL[/system/framework/android.test.mock.jar*2353512044]{PCL[/system/framework/android.test.base.jar*84046222]}}};PCL[/system/framework/android.test.runner.jar*2838042966:/system/framework/android.test.mock.jar*2353512044:/system/framework/android.test.base.jar*84046222:/data/app/~~8lcciOFNKkFtFjM9Mo0fSQ==/com.detoxtest.test-HpG8dG3N9h5ElmwaQT6Thg==/base.apk*3736732199:/data/app/~~SNLXC6s-OxAwZzgv8lcseA==/com.detoxtest-5kxoce6D9DU7lwJMTKjyXg==/base.apk*4000934944]{PCL[/system/framework/android.test.base.jar*84046222]})
04-13 11:29:25.685 20499 20499 W com.detoxtest: Found duplicate classes, falling back to extracting from APK : /data/app/~~SNLXC6s-OxAwZzgv8lcseA==/com.detoxtest-5kxoce6D9DU7lwJMTKjyXg==/base.apk
04-13 11:29:25.685 20499 20499 W com.detoxtest: NOTE: This wastes RAM and hurts startup performance.
04-13 11:29:25.685 20499 20499 W com.detoxtest: Found duplicated class when checking oat files: 'Landroid/support/v4/app/INotificationSideChannel$Stub$Proxy;' in /data/app/~~SNLXC6s-OxAwZzgv8lcseA==/com.detoxtest-5kxoce6D9DU7lwJMTKjyXg==/base.apk and /data/app/~~SNLXC6s-OxAwZzgv8lcseA==/com.detoxtest-5kxoce6D9DU7lwJMTKjyXg==/base.apk
04-13 11:29:25.685 20499 20499 W com.detoxtest: 
04-13 11:29:25.804 20499 20499 D NetworkSecurityConfig: Using Network Security Config from resource network_security_config debugBuild: false
04-13 11:29:25.804 20499 20499 D NetworkSecurityConfig: Using Network Security Config from resource network_security_config debugBuild: false
04-13 11:29:25.816 20499 20499 I MonitoringInstr: Instrumentation started!
04-13 11:29:25.819 20499 20499 I MonitoringInstr: Setting context classloader to 'dalvik.system.PathClassLoader[DexPathList[[zip file "/system/framework/android.test.runner.jar", zip file "/system/framework/android.test.mock.jar", zip file "/system/framework/android.test.base.jar", zip file "/data/app/~~8lcciOFNKkFtFjM9Mo0fSQ==/com.detoxtest.test-HpG8dG3N9h5ElmwaQT6Thg==/base.apk", zip file "/data/app/~~SNLXC6s-OxAwZzgv8lcseA==/com.detoxtest-5kxoce6D9DU7lwJMTKjyXg==/base.apk"],nativeLibraryDirectories=[/data/app/~~8lcciOFNKkFtFjM9Mo0fSQ==/com.detoxtest.test-HpG8dG3N9h5ElmwaQT6Thg==/lib/x86, /data/app/~~SNLXC6s-OxAwZzgv8lcseA==/com.detoxtest-5kxoce6D9DU7lwJMTKjyXg==/lib/x86, /data/app/~~8lcciOFNKkFtFjM9Mo0fSQ==/com.detoxtest.test-HpG8dG3N9h5ElmwaQT6Thg==/base.apk!/lib/x86, /data/app/~~SNLXC6s-OxAwZzgv8lcseA==/com.detoxtest-5kxoce6D9DU7lwJMTKjyXg==/base.apk!/lib/x86, /system/lib, /system_ext/lib, /product/lib]]]', Original: 'dalvik.system.PathClassLoader[DexPathList[[zip file "/system/framework/android.test.runner.jar", zip file "/system/framework/android.test.mock.jar", zip file "/system/framework/android.test.base.jar", zip file "/data/app/~~8lcciOFNKkFtFjM9Mo0fSQ==/com.detoxtest.test-HpG8dG3N9h5ElmwaQT6Thg==/base.apk", zip file "/data/app/~~SNLXC6s-OxAwZzgv8lcseA==/com.detoxtest-5kxoce6D9DU7lwJMTKjyXg==/base.apk"],nativeLibraryDirectories=[/data/app/~~8lcciOFNKkFtFjM9Mo0fSQ==/com.detoxtest.test-HpG8dG3N9h5ElmwaQT6Thg==/lib/x86, /data/app/~~SNLXC6s-OxAwZzgv8lcseA==/com.detoxtest-5kxoce6D9DU7lwJMTKjyXg==/lib/x86, /data/app/~~8lcciOFNKkFtFjM9Mo0fSQ==/com.detoxtest.test-HpG8dG3N9h5ElmwaQT6Thg==/base.apk!/lib/x86, /data/app/~~SNLXC6s-OxAwZzgv8lcseA==/com.detoxtest-5kxoce6D9DU7lwJMTKjyXg==/base.apk!/lib/x86, /system/lib, /system_ext/lib, /product/lib]]]'
04-13 11:29:25.822 20499 20499 D SoLoader: init start
04-13 11:29:25.823 20499 20499 D SoLoader: adding system library source: /vendor/lib
04-13 11:29:25.823 20499 20499 D SoLoader: adding system library source: /system/lib
04-13 11:29:25.824 20499 20499 D SoLoader: adding application source: com.facebook.soloader.DirectorySoSource[root = /data/app/~~SNLXC6s-OxAwZzgv8lcseA==/com.detoxtest-5kxoce6D9DU7lwJMTKjyXg==/lib/x86 flags = 0]
04-13 11:29:25.824 20499 20499 D SoLoader: adding backup source from : com.facebook.soloader.ApkSoSource[root = /data/user/0/com.detoxtest/lib-main flags = 1]
04-13 11:29:25.824 20499 20499 D SoLoader: Preparing SO source: com.facebook.soloader.DirectorySoSource[root = /system/lib flags = 2]
04-13 11:29:25.825 20499 20499 D SoLoader: Preparing SO source: com.facebook.soloader.DirectorySoSource[root = /vendor/lib flags = 2]
04-13 11:29:25.825 20499 20499 D SoLoader: Preparing SO source: com.facebook.soloader.DirectorySoSource[root = /data/app/~~SNLXC6s-OxAwZzgv8lcseA==/com.detoxtest-5kxoce6D9DU7lwJMTKjyXg==/lib/x86 flags = 0]
04-13 11:29:25.825 20499 20499 D SoLoader: Preparing SO source: com.facebook.soloader.ApkSoSource[root = /data/user/0/com.detoxtest/lib-main flags = 1]
04-13 11:29:25.827 20499 20499 V fb-UnpackingSoSource: locked dso store /data/user/0/com.detoxtest/lib-main
04-13 11:29:25.831 20499 20499 V fb-UnpackingSoSource: deps mismatch on deps store: regenerating
04-13 11:29:25.831 20499 20499 V fb-UnpackingSoSource: so store dirty: regenerating
04-13 11:29:25.846 20499 20499 D ApkSoSource: not allowing consideration of lib/x86/libc++_shared.so: deferring to libdir
04-13 11:29:25.846 20499 20499 D ApkSoSource: not allowing consideration of lib/x86/libfb.so: deferring to libdir
04-13 11:29:25.846 20499 20499 D ApkSoSource: not allowing consideration of lib/x86/libfbjni.so: deferring to libdir
04-13 11:29:25.847 20499 20499 D ApkSoSource: not allowing consideration of lib/x86/libfolly_futures.so: deferring to libdir
04-13 11:29:25.847 20499 20499 D ApkSoSource: not allowing consideration of lib/x86/libfolly_json.so: deferring to libdir
04-13 11:29:25.847 20499 20499 D ApkSoSource: not allowing consideration of lib/x86/libglog.so: deferring to libdir
04-13 11:29:25.847 20499 20499 D ApkSoSource: not allowing consideration of lib/x86/libglog_init.so: deferring to libdir
04-13 11:29:25.847 20499 20499 D ApkSoSource: not allowing consideration of lib/x86/libhermes-executor-debug.so: deferring to libdir
04-13 11:29:25.847 20499 20499 D ApkSoSource: not allowing consideration of lib/x86/libhermes-executor-release.so: deferring to libdir
04-13 11:29:25.847 20499 20499 D ApkSoSource: not allowing consideration of lib/x86/libhermes-inspector.so: deferring to libdir
04-13 11:29:25.847 20499 20499 D ApkSoSource: not allowing consideration of lib/x86/libimagepipeline.so: deferring to libdir
04-13 11:29:25.847 20499 20499 D ApkSoSource: not allowing consideration of lib/x86/libjsc.so: deferring to libdir
04-13 11:29:25.847 20499 20499 D ApkSoSource: not allowing consideration of lib/x86/libjscexecutor.so: deferring to libdir
04-13 11:29:25.847 20499 20499 D ApkSoSource: not allowing consideration of lib/x86/libjsijniprofiler.so: deferring to libdir
04-13 11:29:25.847 20499 20499 D ApkSoSource: not allowing consideration of lib/x86/libjsinspector.so: deferring to libdir
04-13 11:29:25.847 20499 20499 D ApkSoSource: not allowing consideration of lib/x86/libnative-filters.so: deferring to libdir
04-13 11:29:25.848 20499 20499 D ApkSoSource: not allowing consideration of lib/x86/libnative-imagetranscoder.so: deferring to libdir
04-13 11:29:25.848 20499 20499 D ApkSoSource: not allowing consideration of lib/x86/libreactnativeblob.so: deferring to libdir
04-13 11:29:25.848 20499 20499 D ApkSoSource: not allowing consideration of lib/x86/libreactnativejni.so: deferring to libdir
04-13 11:29:25.848 20499 20499 D ApkSoSource: not allowing consideration of lib/x86/libyoga.so: deferring to libdir
04-13 11:29:25.849 20499 20499 V fb-UnpackingSoSource: regenerating DSO store com.facebook.soloader.ApkSoSource
04-13 11:29:25.849 20499 20499 V fb-UnpackingSoSource: Finished regenerating DSO store com.facebook.soloader.ApkSoSource
04-13 11:29:25.849 20499 20499 V fb-UnpackingSoSource: starting syncer worker
04-13 11:29:25.857 20499 20499 V fb-UnpackingSoSource: releasing dso store lock for /data/user/0/com.detoxtest/lib-main (from syncer thread)
04-13 11:29:25.857 20499 20499 V fb-UnpackingSoSource: not releasing dso store lock for /data/user/0/com.detoxtest/lib-main (syncer thread started)
04-13 11:29:25.857 20499 20499 D SoLoader: init finish: 4 SO sources prepared
04-13 11:29:25.857 20499 20499 D SoLoader: init exiting
04-13 11:29:25.859 20499 20499 D SoLoader: init exiting
04-13 11:29:25.859 20499 20499 D SoLoader: About to load: libjscexecutor.so
04-13 11:29:25.859 20499 20499 D SoLoader: libjscexecutor.so not found on /data/user/0/com.detoxtest/lib-main
04-13 11:29:25.859 20499 20499 D SoLoader: libjscexecutor.so found on /data/app/~~SNLXC6s-OxAwZzgv8lcseA==/com.detoxtest-5kxoce6D9DU7lwJMTKjyXg==/lib/x86
04-13 11:29:25.859 20499 20499 D SoLoader: Not resolving dependencies for libjscexecutor.so
04-13 11:29:25.864 20499 20499 D JavaScriptCore.Version: 245459.0.0
04-13 11:29:25.864 20499 20499 D SoLoader: Loaded: libjscexecutor.so
04-13 11:29:25.865 20499 20499 D SoLoader: init exiting
04-13 11:29:25.868 20499 20499 I MonitoringInstr: No JSBridge.
04-13 11:29:25.870 20499 20519 I MonitoringInstr: Setting context classloader to 'dalvik.system.PathClassLoader[DexPathList[[zip file "/system/framework/android.test.runner.jar", zip file "/system/framework/android.test.mock.jar", zip file "/system/framework/android.test.base.jar", zip file "/data/app/~~8lcciOFNKkFtFjM9Mo0fSQ==/com.detoxtest.test-HpG8dG3N9h5ElmwaQT6Thg==/base.apk", zip file "/data/app/~~SNLXC6s-OxAwZzgv8lcseA==/com.detoxtest-5kxoce6D9DU7lwJMTKjyXg==/base.apk"],nativeLibraryDirectories=[/data/app/~~8lcciOFNKkFtFjM9Mo0fSQ==/com.detoxtest.test-HpG8dG3N9h5ElmwaQT6Thg==/lib/x86, /data/app/~~SNLXC6s-OxAwZzgv8lcseA==/com.detoxtest-5kxoce6D9DU7lwJMTKjyXg==/lib/x86, /data/app/~~8lcciOFNKkFtFjM9Mo0fSQ==/com.detoxtest.test-HpG8dG3N9h5ElmwaQT6Thg==/base.apk!/lib/x86, /data/app/~~SNLXC6s-OxAwZzgv8lcseA==/com.detoxtest-5kxoce6D9DU7lwJMTKjyXg==/base.apk!/lib/x86, /system/lib, /system_ext/lib, /product/lib]]]', Original: 'dalvik.system.PathClassLoader[DexPathList[[zip file "/system/framework/android.test.runner.jar", zip file "/system/framework/android.test.mock.jar", zip file "/system/framework/android.test.base.jar", zip file "/data/app/~~8lcciOFNKkFtFjM9Mo0fSQ==/com.detoxtest.test-HpG8dG3N9h5ElmwaQT6Thg==/base.apk", zip file "/data/app/~~SNLXC6s-OxAwZzgv8lcseA==/com.detoxtest-5kxoce6D9DU7lwJMTKjyXg==/base.apk"],nativeLibraryDirectories=[/data/app/~~8lcciOFNKkFtFjM9Mo0fSQ==/com.detoxtest.test-HpG8dG3N9h5ElmwaQT6Thg==/lib/x86, /data/app/~~SNLXC6s-OxAwZzgv8lcseA==/com.detoxtest-5kxoce6D9DU7lwJMTKjyXg==/lib/x86, /data/app/~~8lcciOFNKkFtFjM9Mo0fSQ==/com.detoxtest.test-HpG8dG3N9h5ElmwaQT6Thg==/base.apk!/lib/x86, /data/app/~~SNLXC6s-OxAwZzgv8lcseA==/com.detoxtest-5kxoce6D9DU7lwJMTKjyXg==/base.apk!/lib/x86, /system/lib, /system_ext/lib, /product/lib]]]'
04-13 11:29:25.885 20499 20519 I UsageTrackerFacilitator: Usage tracking enabled
04-13 11:29:25.890 20499 20519 I TestRequestBuilder: Scanning classpath to find tests in paths [/data/app/~~8lcciOFNKkFtFjM9Mo0fSQ==/com.detoxtest.test-HpG8dG3N9h5ElmwaQT6Thg==/base.apk]
04-13 11:29:25.891 20499 20519 W com.detoxtest: Opening an oat file without a class loader. Are you using the deprecated DexFile APIs?
04-13 11:29:26.137 20499 20519 D TestExecutor: Adding listener androidx.test.internal.runner.listener.LogRunListener
04-13 11:29:26.137 20499 20519 D TestExecutor: Adding listener androidx.test.internal.runner.listener.InstrumentationResultPrinter
04-13 11:29:26.137 20499 20519 D TestExecutor: Adding listener androidx.test.internal.runner.listener.ActivityFinisherRunListener
04-13 11:29:26.139 20499 20519 I TestRunner: run started: 1 tests
04-13 11:29:26.145 20499 20519 I TestRunner: started: runDetoxTests(com.detoxtest.DetoxTest)
04-13 11:29:26.149 20499 20499 I MonitoringInstr: Activities that are still in CREATED to STOPPED: 0
04-13 11:29:26.192 20499 20519 D EventInjectionStrategy: Creating injection strategy with input manager.
04-13 11:29:26.288 20499 20529 D libEGL  : loaded /vendor/lib/egl/libEGL_emulation.so
04-13 11:29:26.305 20499 20529 D libEGL  : loaded /vendor/lib/egl/libGLESv1_CM_emulation.so
04-13 11:29:26.310 20499 20529 D libEGL  : loaded /vendor/lib/egl/libGLESv2_emulation.so
04-13 11:29:26.315 20499 20499 D LifecycleMonitor: Lifecycle status change: com.detoxtest.MainActivity@d952f0b in: PRE_ON_CREATE
04-13 11:29:26.371 20499 20531 D SoLoader: About to load: libreactnativejni.so
04-13 11:29:26.375 20499 20531 D SoLoader: libreactnativejni.so not found on /data/user/0/com.detoxtest/lib-main
04-13 11:29:26.375 20499 20531 D SoLoader: libreactnativejni.so found on /data/app/~~SNLXC6s-OxAwZzgv8lcseA==/com.detoxtest-5kxoce6D9DU7lwJMTKjyXg==/lib/x86
04-13 11:29:26.375 20499 20531 D SoLoader: Not resolving dependencies for libreactnativejni.so
04-13 11:29:26.381 20499 20499 D LifecycleMonitor: Lifecycle status change: com.detoxtest.MainActivity@d952f0b in: CREATED
04-13 11:29:26.391 20499 20499 D LifecycleMonitor: Lifecycle status change: com.detoxtest.MainActivity@d952f0b in: STARTED
04-13 11:29:26.393 20499 20499 D LifecycleMonitor: Lifecycle status change: com.detoxtest.MainActivity@d952f0b in: RESUMED
04-13 11:29:26.401 20499 20531 D SoLoader: Loaded: libreactnativejni.so
04-13 11:29:26.401 20499 20531 D SoLoader: About to load: libfbjni.so
04-13 11:29:26.401 20499 20531 D SoLoader: libfbjni.so not found on /data/user/0/com.detoxtest/lib-main
04-13 11:29:26.406 20499 20531 D SoLoader: libfbjni.so found on /data/app/~~SNLXC6s-OxAwZzgv8lcseA==/com.detoxtest-5kxoce6D9DU7lwJMTKjyXg==/lib/x86
04-13 11:29:26.406 20499 20531 D SoLoader: Not resolving dependencies for libfbjni.so
04-13 11:29:26.406 20499 20531 D SoLoader: Loaded: libfbjni.so
04-13 11:29:26.461 20499 20531 E unknown:ReactNative: ReactInstanceManager.createReactContext: mJSIModulePackage null
04-13 11:29:26.463 20499 20527 D HostConnection: HostConnection::get() New Host Connection established 0xe9914410, tid 20527
04-13 11:29:26.472 20499 20527 D HostConnection: HostComposition ext ANDROID_EMU_CHECKSUM_HELPER_v1 ANDROID_EMU_native_sync_v2 ANDROID_EMU_native_sync_v3 ANDROID_EMU_native_sync_v4 ANDROID_EMU_dma_v1 ANDROID_EMU_direct_mem ANDROID_EMU_host_composition_v1 ANDROID_EMU_host_composition_v2 ANDROID_EMU_YUV_Cache ANDROID_EMU_async_unmap_buffer GL_OES_EGL_image_external_essl3 GL_OES_vertex_array_object GL_KHR_texture_compression_astc_ldr ANDROID_EMU_gles_max_version_3_0 
04-13 11:29:26.476 20499 20536 E ReactNativeJNI: logMarker CREATE_REACT_CONTEXT_END
04-13 11:29:26.479 20499 20527 W OpenGLRenderer: Failed to choose config with EGL_SWAP_BEHAVIOR_PRESERVED, retrying without...
04-13 11:29:26.480 20499 20527 D EGL_emulation: eglCreateContext: 0xe970f900: maj 3 min 0 rcv 3
04-13 11:29:26.486 20499 20536 E ReactNativeJNI: logMarker RUN_JS_BUNDLE_START
04-13 11:29:26.492 20499 20537 E unknown:ReactNative: ReactInstanceManager.attachRootViewToInstance()
04-13 11:29:26.507 20499 20527 D EGL_emulation: eglMakeCurrent: 0xe970f900: ver 3 0 (tinfo 0xe9a7d650)
04-13 11:29:26.543 20499 20527 I Gralloc4: mapper 4.x is not supported
04-13 11:29:26.546 20499 20527 D HostConnection: createUnique: call
04-13 11:29:26.547 20499 20527 D HostConnection: HostConnection::get() New Host Connection established 0xe9914470, tid 20527
04-13 11:29:26.547 20499 20527 D eglCodecCommon: allocate: Ask for block of size 0x100
04-13 11:29:26.547 20499 20527 D eglCodecCommon: allocate: ioctl allocate returned offset 0x3fc0ff000 size 0x2000
04-13 11:29:26.555 20499 20537 W unknown:ViewManagerPropertyUpdater: Could not find generated setter for class com.facebook.react.views.art.ARTGroupViewManager
04-13 11:29:26.556 20499 20537 W unknown:ViewManagerPropertyUpdater: Could not find generated setter for class com.facebook.react.views.art.ARTGroupShadowNode
04-13 11:29:26.558 20499 20537 W unknown:ViewManagerPropertyUpdater: Could not find generated setter for class com.facebook.react.views.art.ARTShapeViewManager
04-13 11:29:26.558 20499 20537 W unknown:ViewManagerPropertyUpdater: Could not find generated setter for class com.facebook.react.views.art.ARTShapeShadowNode
04-13 11:29:26.559 20499 20537 W unknown:ViewManagerPropertyUpdater: Could not find generated setter for class com.facebook.react.views.art.ARTTextViewManager
04-13 11:29:26.560 20499 20537 W unknown:ViewManagerPropertyUpdater: Could not find generated setter for class com.facebook.react.views.art.ARTTextShadowNode
04-13 11:29:26.561 20499 20537 W unknown:ViewManagerPropertyUpdater: Could not find generated setter for class com.facebook.react.views.checkbox.ReactCheckBoxManager
04-13 11:29:26.567 20499 20537 W unknown:ViewManagerPropertyUpdater: Could not find generated setter for class com.facebook.react.uimanager.LayoutShadowNode
04-13 11:29:26.572 20499 20537 W unknown:ViewManagerPropertyUpdater: Could not find generated setter for class com.facebook.react.views.picker.ReactDialogPickerManager
04-13 11:29:26.578 20499 20537 W unknown:ViewManagerPropertyUpdater: Could not find generated setter for class com.facebook.react.views.drawer.ReactDrawerLayoutManager
04-13 11:29:26.580 20499 20537 W unknown:ViewManagerPropertyUpdater: Could not find generated setter for class com.facebook.react.views.picker.ReactDropdownPickerManager
04-13 11:29:26.581 20499 20537 W unknown:ViewManagerPropertyUpdater: Could not find generated setter for class com.facebook.react.views.scroll.ReactHorizontalScrollViewManager
04-13 11:29:26.584 20499 20527 D HostConnection: HostComposition ext ANDROID_EMU_CHECKSUM_HELPER_v1 ANDROID_EMU_native_sync_v2 ANDROID_EMU_native_sync_v3 ANDROID_EMU_native_sync_v4 ANDROID_EMU_dma_v1 ANDROID_EMU_direct_mem ANDROID_EMU_host_composition_v1 ANDROID_EMU_host_composition_v2 ANDROID_EMU_YUV_Cache ANDROID_EMU_async_unmap_buffer GL_OES_EGL_image_external_essl3 GL_OES_vertex_array_object GL_KHR_texture_compression_astc_ldr ANDROID_EMU_gles_max_version_3_0 
04-13 11:29:26.587 20499 20537 W unknown:ViewManagerPropertyUpdater: Could not find generated setter for class com.facebook.react.views.scroll.ReactHorizontalScrollContainerViewManager
04-13 11:29:26.595 20499 20527 D EGL_emulation: eglMakeCurrent: 0xe970f900: ver 3 0 (tinfo 0xe9a7d650)
04-13 11:29:26.596 20499 20537 W unknown:ViewManagerPropertyUpdater: Could not find generated setter for class com.facebook.react.views.progressbar.ReactProgressBarViewManager
04-13 11:29:26.600 20499 20537 W unknown:ViewManagerPropertyUpdater: Could not find generated setter for class com.facebook.react.views.progressbar.ProgressBarShadowNode
04-13 11:29:26.602 20499 20537 W unknown:ViewManagerPropertyUpdater: Could not find generated setter for class com.facebook.react.views.scroll.ReactScrollViewManager
04-13 11:29:26.607 20499 20537 W unknown:ViewManagerPropertyUpdater: Could not find generated setter for class com.facebook.react.views.slider.ReactSliderManager
04-13 11:29:26.611 20499 20537 W unknown:ViewManagerPropertyUpdater: Could not find generated setter for class com.facebook.react.views.slider.ReactSliderManager$ReactSliderShadowNode
04-13 11:29:26.614 20499 20537 W unknown:ViewManagerPropertyUpdater: Could not find generated setter for class com.facebook.react.views.switchview.ReactSwitchManager
04-13 11:29:26.624 20499 20537 W unknown:ViewManagerPropertyUpdater: Could not find generated setter for class com.facebook.react.views.switchview.ReactSwitchManager$ReactSwitchShadowNode
04-13 11:29:26.626 20499 20537 W unknown:ViewManagerPropertyUpdater: Could not find generated setter for class com.facebook.react.views.swiperefresh.SwipeRefreshLayoutManager
04-13 11:29:26.632 20499 20537 W unknown:ViewManagerPropertyUpdater: Could not find generated setter for class com.facebook.react.views.art.ARTSurfaceViewManager
04-13 11:29:26.632 20499 20537 W unknown:ViewManagerPropertyUpdater: Could not find generated setter for class com.facebook.react.views.art.ARTSurfaceViewShadowNode
04-13 11:29:26.633 20499 20537 W unknown:ViewManagerPropertyUpdater: Could not find generated setter for class com.facebook.react.views.text.frescosupport.FrescoBasedReactTextInlineImageViewManager
04-13 11:29:26.633 20499 20537 W unknown:ViewManagerPropertyUpdater: Could not find generated setter for class com.facebook.react.views.text.frescosupport.FrescoBasedReactTextInlineImageShadowNode
04-13 11:29:26.636 20499 20537 W unknown:ViewManagerPropertyUpdater: Could not find generated setter for class com.facebook.react.views.image.ReactImageManager
04-13 11:29:26.641 20499 20537 W unknown:ViewManagerPropertyUpdater: Could not find generated setter for class com.facebook.react.views.modal.ReactModalHostManager
04-13 11:29:26.643 20499 20537 W unknown:ViewManagerPropertyUpdater: Could not find generated setter for class com.facebook.react.views.modal.ModalHostShadowNode
04-13 11:29:26.644 20499 20537 W unknown:ViewManagerPropertyUpdater: Could not find generated setter for class com.facebook.react.views.text.ReactRawTextManager
04-13 11:29:26.650 20499 20537 W unknown:ViewManagerPropertyUpdater: Could not find generated setter for class com.facebook.react.views.text.ReactRawTextShadowNode
04-13 11:29:26.653 20499 20537 W unknown:ViewManagerPropertyUpdater: Could not find generated setter for class com.facebook.react.views.textinput.ReactTextInputManager
04-13 11:29:26.659 20499 20537 W unknown:ViewManagerPropertyUpdater: Could not find generated setter for class com.facebook.react.views.textinput.ReactTextInputShadowNode
04-13 11:29:26.673 20499 20537 W unknown:ViewManagerPropertyUpdater: Could not find generated setter for class com.facebook.react.views.text.ReactTextViewManager
04-13 11:29:26.675 20499 20537 W unknown:ViewManagerPropertyUpdater: Could not find generated setter for class com.facebook.react.views.text.ReactTextShadowNode
04-13 11:29:26.676 20499 20537 W unknown:ViewManagerPropertyUpdater: Could not find generated setter for class com.facebook.react.views.view.ReactViewManager
04-13 11:29:26.677 20499 20537 W unknown:ViewManagerPropertyUpdater: Could not find generated setter for class com.facebook.react.views.viewpager.ReactViewPagerManager
04-13 11:29:26.678 20499 20543 I Detox   : Detox thread starting (com.wix.detox.manager)
04-13 11:29:26.680 20499 20537 W unknown:ViewManagerPropertyUpdater: Could not find generated setter for class com.facebook.react.views.text.ReactVirtualTextViewManager
04-13 11:29:26.680 20499 20537 W unknown:ViewManagerPropertyUpdater: Could not find generated setter for class com.facebook.react.views.text.ReactVirtualTextShadowNode
04-13 11:29:26.682 20499 20543 I DetoxManager: DetoxServerUrl: ws://localhost:61157
04-13 11:29:26.682 20499 20543 I DetoxManager: DetoxSessionId: 64ea9297-84d3-342a-21d1-0dce9b78d69a
04-13 11:29:26.691 20499 20537 D SoLoader: About to load: libyoga.so
04-13 11:29:26.692 20499 20537 D SoLoader: libyoga.so not found on /data/user/0/com.detoxtest/lib-main
04-13 11:29:26.692 20499 20537 D SoLoader: libyoga.so found on /data/app/~~SNLXC6s-OxAwZzgv8lcseA==/com.detoxtest-5kxoce6D9DU7lwJMTKjyXg==/lib/x86
04-13 11:29:26.692 20499 20537 D SoLoader: Not resolving dependencies for libyoga.so
04-13 11:29:26.692 20499 20537 D SoLoader: Loaded: libyoga.so
04-13 11:29:26.696 20499 20499 D DetoxRNLoading: Got new RN-context directly and immediately
04-13 11:29:26.704 20499 20537 E unknown:ReactRootView: runApplication: call AppRegistry.runApplication
04-13 11:29:26.714 20499 20543 I DetoxRNIdleRes: Setting up Espresso Idling Resources for React Native.
04-13 11:29:26.799 20499 20543 D AsyncStorageIR: Checking whether a custom IR for Async-Storage is required... (legacy=false)
04-13 11:29:26.799 20499 20543 D DetoxRNHelpers: Native module not resolved: no such class
04-13 11:29:26.799 20499 20543 D AsyncStorageIR: Checking whether a custom IR for Async-Storage is required... (legacy=true)
04-13 11:29:26.800 20499 20543 D AsyncStorageIR: IR for Async-Storage is required! (legacy=true)
04-13 11:29:26.811 20499 20499 D AsyncStorageIRLegacy: Async-storage is busy!
04-13 11:29:26.812 20499 20537 D SoLoader: init exiting
04-13 11:29:26.837 20499 20499 E unknown:ReactNative: Unable to launch logbox because react was unable to create the root view
04-13 11:29:26.841 20499 20543 I WebSocketClient: At connectToServer
04-13 11:29:26.907 20499 20555 I WebSocketClient: At onOpen
04-13 11:29:26.907 20499 20555 I WebSocketClient: At sendAction
04-13 11:29:26.908 20499 20555 D WebSocketClient: Detox Action Sent: login
04-13 11:29:26.961 20499 20536 E ReactNativeJNI: logMarker RUN_JS_BUNDLE_END
04-13 11:29:26.962 20499 20536 I ReactNativeJS: Running "detoxTest" with {"rootTag":1}
04-13 11:29:27.261 20499 20499 I Detox   : Wait is over: app is now idle!
04-13 11:29:27.266 20499 20555 I WebSocketClient: At sendAction
04-13 11:29:27.268 20499 20555 D WebSocketClient: Detox Action Sent: ready
04-13 11:29:27.274 20499 20555 I WebSocketClient: At onMessage
04-13 11:29:27.274 20499 20555 I WebSocketClient: At receiveAction
04-13 11:29:27.274 20499 20555 D WebSocketClient: Detox Action Received: loginSuccess
04-13 11:29:27.274 20499 20555 I DetoxManager: onAction: type: loginSuccess params: {"testerConnected":true,"appConnected":true}
