--------- beginning of main
04-13 11:13:04.032 18392 18392 D NetworkSecurityConfig: Using Network Security Config from resource network_security_config debugBuild: false
04-13 11:13:04.032 18392 18392 D NetworkSecurityConfig: Using Network Security Config from resource network_security_config debugBuild: false
04-13 11:13:04.040 18392 18392 I MonitoringInstr: Instrumentation started!
04-13 11:13:04.042 18392 18392 I MonitoringInstr: Setting context classloader to 'dalvik.system.PathClassLoader[DexPathList[[zip file "/system/framework/android.test.runner.jar", zip file "/system/framework/android.test.mock.jar", zip file "/system/framework/android.test.base.jar", zip file "/data/app/~~xKsLCyykYlfR4eZXfV7YAQ==/com.detoxtest.test-60tyIZxfRDK1K09byHTSvw==/base.apk", zip file "/data/app/~~MEJ8ddbvRXNfaEJtRi6osA==/com.detoxtest-iimykW5JgNtH_7BpwVhUJA==/base.apk"],nativeLibraryDirectories=[/data/app/~~xKsLCyykYlfR4eZXfV7YAQ==/com.detoxtest.test-60tyIZxfRDK1K09byHTSvw==/lib/x86, /data/app/~~MEJ8ddbvRXNfaEJtRi6osA==/com.detoxtest-iimykW5JgNtH_7BpwVhUJA==/lib/x86, /data/app/~~xKsLCyykYlfR4eZXfV7YAQ==/com.detoxtest.test-60tyIZxfRDK1K09byHTSvw==/base.apk!/lib/x86, /data/app/~~MEJ8ddbvRXNfaEJtRi6osA==/com.detoxtest-iimykW5JgNtH_7BpwVhUJA==/base.apk!/lib/x86, /system/lib, /system_ext/lib, /product/lib]]]', Original: 'dalvik.system.PathClassLoader[DexPathList[[zip file "/system/framework/android.test.runner.jar", zip file "/system/framework/android.test.mock.jar", zip file "/system/framework/android.test.base.jar", zip file "/data/app/~~xKsLCyykYlfR4eZXfV7YAQ==/com.detoxtest.test-60tyIZxfRDK1K09byHTSvw==/base.apk", zip file "/data/app/~~MEJ8ddbvRXNfaEJtRi6osA==/com.detoxtest-iimykW5JgNtH_7BpwVhUJA==/base.apk"],nativeLibraryDirectories=[/data/app/~~xKsLCyykYlfR4eZXfV7YAQ==/com.detoxtest.test-60tyIZxfRDK1K09byHTSvw==/lib/x86, /data/app/~~MEJ8ddbvRXNfaEJtRi6osA==/com.detoxtest-iimykW5JgNtH_7BpwVhUJA==/lib/x86, /data/app/~~xKsLCyykYlfR4eZXfV7YAQ==/com.detoxtest.test-60tyIZxfRDK1K09byHTSvw==/base.apk!/lib/x86, /data/app/~~MEJ8ddbvRXNfaEJtRi6osA==/com.detoxtest-iimykW5JgNtH_7BpwVhUJA==/base.apk!/lib/x86, /system/lib, /system_ext/lib, /product/lib]]]'
04-13 11:13:04.044 18392 18392 D SoLoader: init start
04-13 11:13:04.045 18392 18392 D SoLoader: adding system library source: /vendor/lib
04-13 11:13:04.045 18392 18392 D SoLoader: adding system library source: /system/lib
04-13 11:13:04.045 18392 18392 D SoLoader: adding application source: com.facebook.soloader.DirectorySoSource[root = /data/app/~~MEJ8ddbvRXNfaEJtRi6osA==/com.detoxtest-iimykW5JgNtH_7BpwVhUJA==/lib/x86 flags = 0]
04-13 11:13:04.046 18392 18392 D SoLoader: adding backup source from : com.facebook.soloader.ApkSoSource[root = /data/user/0/com.detoxtest/lib-main flags = 1]
04-13 11:13:04.046 18392 18392 D SoLoader: Preparing SO source: com.facebook.soloader.DirectorySoSource[root = /system/lib flags = 2]
04-13 11:13:04.046 18392 18392 D SoLoader: Preparing SO source: com.facebook.soloader.DirectorySoSource[root = /vendor/lib flags = 2]
04-13 11:13:04.046 18392 18392 D SoLoader: Preparing SO source: com.facebook.soloader.DirectorySoSource[root = /data/app/~~MEJ8ddbvRXNfaEJtRi6osA==/com.detoxtest-iimykW5JgNtH_7BpwVhUJA==/lib/x86 flags = 0]
04-13 11:13:04.046 18392 18392 D SoLoader: Preparing SO source: com.facebook.soloader.ApkSoSource[root = /data/user/0/com.detoxtest/lib-main flags = 1]
04-13 11:13:04.047 18392 18392 V fb-UnpackingSoSource: locked dso store /data/user/0/com.detoxtest/lib-main
04-13 11:13:04.048 18392 18392 V fb-UnpackingSoSource: deps mismatch on deps store: regenerating
04-13 11:13:04.048 18392 18392 V fb-UnpackingSoSource: so store dirty: regenerating
04-13 11:13:04.058 18392 18392 D ApkSoSource: not allowing consideration of lib/x86/libc++_shared.so: deferring to libdir
04-13 11:13:04.058 18392 18392 D ApkSoSource: not allowing consideration of lib/x86/libfb.so: deferring to libdir
04-13 11:13:04.059 18392 18392 D ApkSoSource: not allowing consideration of lib/x86/libfbjni.so: deferring to libdir
04-13 11:13:04.059 18392 18392 D ApkSoSource: not allowing consideration of lib/x86/libfolly_futures.so: deferring to libdir
04-13 11:13:04.059 18392 18392 D ApkSoSource: not allowing consideration of lib/x86/libfolly_json.so: deferring to libdir
04-13 11:13:04.059 18392 18392 D ApkSoSource: not allowing consideration of lib/x86/libglog.so: deferring to libdir
04-13 11:13:04.059 18392 18392 D ApkSoSource: not allowing consideration of lib/x86/libglog_init.so: deferring to libdir
04-13 11:13:04.059 18392 18392 D ApkSoSource: not allowing consideration of lib/x86/libhermes-executor-debug.so: deferring to libdir
04-13 11:13:04.059 18392 18392 D ApkSoSource: not allowing consideration of lib/x86/libhermes-executor-release.so: deferring to libdir
04-13 11:13:04.059 18392 18392 D ApkSoSource: not allowing consideration of lib/x86/libhermes-inspector.so: deferring to libdir
04-13 11:13:04.059 18392 18392 D ApkSoSource: not allowing consideration of lib/x86/libimagepipeline.so: deferring to libdir
04-13 11:13:04.059 18392 18392 D ApkSoSource: not allowing consideration of lib/x86/libjsc.so: deferring to libdir
04-13 11:13:04.059 18392 18392 D ApkSoSource: not allowing consideration of lib/x86/libjscexecutor.so: deferring to libdir
04-13 11:13:04.059 18392 18392 D ApkSoSource: not allowing consideration of lib/x86/libjsijniprofiler.so: deferring to libdir
04-13 11:13:04.059 18392 18392 D ApkSoSource: not allowing consideration of lib/x86/libjsinspector.so: deferring to libdir
04-13 11:13:04.059 18392 18392 D ApkSoSource: not allowing consideration of lib/x86/libnative-filters.so: deferring to libdir
04-13 11:13:04.059 18392 18392 D ApkSoSource: not allowing consideration of lib/x86/libnative-imagetranscoder.so: deferring to libdir
04-13 11:13:04.059 18392 18392 D ApkSoSource: not allowing consideration of lib/x86/libreactnativeblob.so: deferring to libdir
04-13 11:13:04.059 18392 18392 D ApkSoSource: not allowing consideration of lib/x86/libreactnativejni.so: deferring to libdir
04-13 11:13:04.060 18392 18392 D ApkSoSource: not allowing consideration of lib/x86/libyoga.so: deferring to libdir
04-13 11:13:04.060 18392 18392 V fb-UnpackingSoSource: regenerating DSO store com.facebook.soloader.ApkSoSource
04-13 11:13:04.060 18392 18392 V fb-UnpackingSoSource: Finished regenerating DSO store com.facebook.soloader.ApkSoSource
04-13 11:13:04.060 18392 18392 V fb-UnpackingSoSource: starting syncer worker
04-13 11:13:04.069 18392 18392 V fb-UnpackingSoSource: releasing dso store lock for /data/user/0/com.detoxtest/lib-main (from syncer thread)
04-13 11:13:04.069 18392 18392 V fb-UnpackingSoSource: not releasing dso store lock for /data/user/0/com.detoxtest/lib-main (syncer thread started)
04-13 11:13:04.069 18392 18392 D SoLoader: init finish: 4 SO sources prepared
04-13 11:13:04.069 18392 18392 D SoLoader: init exiting
04-13 11:13:04.071 18392 18392 D SoLoader: init exiting
04-13 11:13:04.071 18392 18392 D SoLoader: About to load: libjscexecutor.so
04-13 11:13:04.071 18392 18392 D SoLoader: libjscexecutor.so not found on /data/user/0/com.detoxtest/lib-main
04-13 11:13:04.071 18392 18392 D SoLoader: libjscexecutor.so found on /data/app/~~MEJ8ddbvRXNfaEJtRi6osA==/com.detoxtest-iimykW5JgNtH_7BpwVhUJA==/lib/x86
04-13 11:13:04.072 18392 18392 D SoLoader: Not resolving dependencies for libjscexecutor.so
04-13 11:13:04.076 18392 18392 D JavaScriptCore.Version: 245459.0.0
04-13 11:13:04.076 18392 18392 D SoLoader: Loaded: libjscexecutor.so
04-13 11:13:04.077 18392 18392 D SoLoader: init exiting
04-13 11:13:04.080 18392 18392 I MonitoringInstr: No JSBridge.
04-13 11:13:04.083 18392 18412 I MonitoringInstr: Setting context classloader to 'dalvik.system.PathClassLoader[DexPathList[[zip file "/system/framework/android.test.runner.jar", zip file "/system/framework/android.test.mock.jar", zip file "/system/framework/android.test.base.jar", zip file "/data/app/~~xKsLCyykYlfR4eZXfV7YAQ==/com.detoxtest.test-60tyIZxfRDK1K09byHTSvw==/base.apk", zip file "/data/app/~~MEJ8ddbvRXNfaEJtRi6osA==/com.detoxtest-iimykW5JgNtH_7BpwVhUJA==/base.apk"],nativeLibraryDirectories=[/data/app/~~xKsLCyykYlfR4eZXfV7YAQ==/com.detoxtest.test-60tyIZxfRDK1K09byHTSvw==/lib/x86, /data/app/~~MEJ8ddbvRXNfaEJtRi6osA==/com.detoxtest-iimykW5JgNtH_7BpwVhUJA==/lib/x86, /data/app/~~xKsLCyykYlfR4eZXfV7YAQ==/com.detoxtest.test-60tyIZxfRDK1K09byHTSvw==/base.apk!/lib/x86, /data/app/~~MEJ8ddbvRXNfaEJtRi6osA==/com.detoxtest-iimykW5JgNtH_7BpwVhUJA==/base.apk!/lib/x86, /system/lib, /system_ext/lib, /product/lib]]]', Original: 'dalvik.system.PathClassLoader[DexPathList[[zip file "/system/framework/android.test.runner.jar", zip file "/system/framework/android.test.mock.jar", zip file "/system/framework/android.test.base.jar", zip file "/data/app/~~xKsLCyykYlfR4eZXfV7YAQ==/com.detoxtest.test-60tyIZxfRDK1K09byHTSvw==/base.apk", zip file "/data/app/~~MEJ8ddbvRXNfaEJtRi6osA==/com.detoxtest-iimykW5JgNtH_7BpwVhUJA==/base.apk"],nativeLibraryDirectories=[/data/app/~~xKsLCyykYlfR4eZXfV7YAQ==/com.detoxtest.test-60tyIZxfRDK1K09byHTSvw==/lib/x86, /data/app/~~MEJ8ddbvRXNfaEJtRi6osA==/com.detoxtest-iimykW5JgNtH_7BpwVhUJA==/lib/x86, /data/app/~~xKsLCyykYlfR4eZXfV7YAQ==/com.detoxtest.test-60tyIZxfRDK1K09byHTSvw==/base.apk!/lib/x86, /data/app/~~MEJ8ddbvRXNfaEJtRi6osA==/com.detoxtest-iimykW5JgNtH_7BpwVhUJA==/base.apk!/lib/x86, /system/lib, /system_ext/lib, /product/lib]]]'
04-13 11:13:04.097 18392 18412 I UsageTrackerFacilitator: Usage tracking enabled
04-13 11:13:04.103 18392 18412 I TestRequestBuilder: Scanning classpath to find tests in paths [/data/app/~~xKsLCyykYlfR4eZXfV7YAQ==/com.detoxtest.test-60tyIZxfRDK1K09byHTSvw==/base.apk]
04-13 11:13:04.104 18392 18412 W com.detoxtest: Opening an oat file without a class loader. Are you using the deprecated DexFile APIs?
04-13 11:13:04.273 18392 18412 D TestExecutor: Adding listener androidx.test.internal.runner.listener.LogRunListener
04-13 11:13:04.275 18392 18412 D TestExecutor: Adding listener androidx.test.internal.runner.listener.InstrumentationResultPrinter
04-13 11:13:04.275 18392 18412 D TestExecutor: Adding listener androidx.test.internal.runner.listener.ActivityFinisherRunListener
04-13 11:13:04.276 18392 18412 I TestRunner: run started: 1 tests
04-13 11:13:04.281 18392 18412 I TestRunner: started: runDetoxTests(com.detoxtest.DetoxTest)
04-13 11:13:04.285 18392 18392 I MonitoringInstr: Activities that are still in CREATED to STOPPED: 0
04-13 11:13:04.321 18392 18412 D EventInjectionStrategy: Creating injection strategy with input manager.
04-13 11:13:04.388 18392 18430 D libEGL  : loaded /vendor/lib/egl/libEGL_emulation.so
04-13 11:13:04.395 18392 18430 D libEGL  : loaded /vendor/lib/egl/libGLESv1_CM_emulation.so
04-13 11:13:04.396 18392 18430 D libEGL  : loaded /vendor/lib/egl/libGLESv2_emulation.so
04-13 11:13:04.399 18392 18392 D LifecycleMonitor: Lifecycle status change: com.detoxtest.MainActivity@d952f0b in: PRE_ON_CREATE
04-13 11:13:04.411 18392 18431 D SoLoader: About to load: libreactnativejni.so
04-13 11:13:04.412 18392 18431 D SoLoader: libreactnativejni.so not found on /data/user/0/com.detoxtest/lib-main
04-13 11:13:04.412 18392 18431 D SoLoader: libreactnativejni.so found on /data/app/~~MEJ8ddbvRXNfaEJtRi6osA==/com.detoxtest-iimykW5JgNtH_7BpwVhUJA==/lib/x86
04-13 11:13:04.412 18392 18431 D SoLoader: Not resolving dependencies for libreactnativejni.so
04-13 11:13:04.416 18392 18431 D SoLoader: Loaded: libreactnativejni.so
04-13 11:13:04.417 18392 18431 D SoLoader: About to load: libfbjni.so
04-13 11:13:04.417 18392 18431 D SoLoader: libfbjni.so not found on /data/user/0/com.detoxtest/lib-main
04-13 11:13:04.417 18392 18431 D SoLoader: libfbjni.so found on /data/app/~~MEJ8ddbvRXNfaEJtRi6osA==/com.detoxtest-iimykW5JgNtH_7BpwVhUJA==/lib/x86
04-13 11:13:04.417 18392 18431 D SoLoader: Not resolving dependencies for libfbjni.so
04-13 11:13:04.421 18392 18392 D LifecycleMonitor: Lifecycle status change: com.detoxtest.MainActivity@d952f0b in: CREATED
04-13 11:13:04.421 18392 18431 D SoLoader: Loaded: libfbjni.so
04-13 11:13:04.422 18392 18392 D LifecycleMonitor: Lifecycle status change: com.detoxtest.MainActivity@d952f0b in: STARTED
04-13 11:13:04.423 18392 18392 D LifecycleMonitor: Lifecycle status change: com.detoxtest.MainActivity@d952f0b in: RESUMED
04-13 11:13:04.443 18392 18433 E ReactNativeJNI: logMarker CREATE_REACT_CONTEXT_END
04-13 11:13:04.443 18392 18431 E unknown:ReactNative: ReactInstanceManager.createReactContext: mJSIModulePackage null
04-13 11:13:04.449 18392 18433 E ReactNativeJNI: logMarker RUN_JS_BUNDLE_START
04-13 11:13:04.453 18392 18434 E unknown:ReactNative: ReactInstanceManager.attachRootViewToInstance()
04-13 11:13:04.471 18392 18392 W unknown:ViewManagerPropertyUpdater: Could not find generated setter for class com.facebook.react.views.art.ARTGroupViewManager
04-13 11:13:04.472 18392 18392 W unknown:ViewManagerPropertyUpdater: Could not find generated setter for class com.facebook.react.views.art.ARTGroupShadowNode
04-13 11:13:04.474 18392 18392 W unknown:ViewManagerPropertyUpdater: Could not find generated setter for class com.facebook.react.views.art.ARTShapeViewManager
04-13 11:13:04.474 18392 18392 W unknown:ViewManagerPropertyUpdater: Could not find generated setter for class com.facebook.react.views.art.ARTShapeShadowNode
04-13 11:13:04.475 18392 18392 W unknown:ViewManagerPropertyUpdater: Could not find generated setter for class com.facebook.react.views.art.ARTTextViewManager
04-13 11:13:04.475 18392 18392 W unknown:ViewManagerPropertyUpdater: Could not find generated setter for class com.facebook.react.views.art.ARTTextShadowNode
04-13 11:13:04.476 18392 18392 W unknown:ViewManagerPropertyUpdater: Could not find generated setter for class com.facebook.react.views.checkbox.ReactCheckBoxManager
04-13 11:13:04.479 18392 18392 W unknown:ViewManagerPropertyUpdater: Could not find generated setter for class com.facebook.react.uimanager.LayoutShadowNode
04-13 11:13:04.481 18392 18392 W unknown:ViewManagerPropertyUpdater: Could not find generated setter for class com.facebook.react.views.picker.ReactDialogPickerManager
04-13 11:13:04.483 18392 18392 W unknown:ViewManagerPropertyUpdater: Could not find generated setter for class com.facebook.react.views.drawer.ReactDrawerLayoutManager
04-13 11:13:04.486 18392 18392 W unknown:ViewManagerPropertyUpdater: Could not find generated setter for class com.facebook.react.views.picker.ReactDropdownPickerManager
04-13 11:13:04.487 18392 18392 W unknown:ViewManagerPropertyUpdater: Could not find generated setter for class com.facebook.react.views.scroll.ReactHorizontalScrollViewManager
04-13 11:13:04.489 18392 18392 W unknown:ViewManagerPropertyUpdater: Could not find generated setter for class com.facebook.react.views.scroll.ReactHorizontalScrollContainerViewManager
04-13 11:13:04.490 18392 18392 W unknown:ViewManagerPropertyUpdater: Could not find generated setter for class com.facebook.react.views.progressbar.ReactProgressBarViewManager
04-13 11:13:04.490 18392 18392 W unknown:ViewManagerPropertyUpdater: Could not find generated setter for class com.facebook.react.views.progressbar.ProgressBarShadowNode
04-13 11:13:04.492 18392 18392 W unknown:ViewManagerPropertyUpdater: Could not find generated setter for class com.facebook.react.views.scroll.ReactScrollViewManager
04-13 11:13:04.493 18392 18392 W unknown:ViewManagerPropertyUpdater: Could not find generated setter for class com.facebook.react.views.slider.ReactSliderManager
04-13 11:13:04.497 18392 18392 W unknown:ViewManagerPropertyUpdater: Could not find generated setter for class com.facebook.react.views.slider.ReactSliderManager$ReactSliderShadowNode
04-13 11:13:04.497 18392 18392 W unknown:ViewManagerPropertyUpdater: Could not find generated setter for class com.facebook.react.views.switchview.ReactSwitchManager
04-13 11:13:04.498 18392 18392 W unknown:ViewManagerPropertyUpdater: Could not find generated setter for class com.facebook.react.views.switchview.ReactSwitchManager$ReactSwitchShadowNode
04-13 11:13:04.507 18392 18392 W unknown:ViewManagerPropertyUpdater: Could not find generated setter for class com.facebook.react.views.swiperefresh.SwipeRefreshLayoutManager
04-13 11:13:04.509 18392 18392 W unknown:ViewManagerPropertyUpdater: Could not find generated setter for class com.facebook.react.views.art.ARTSurfaceViewManager
04-13 11:13:04.510 18392 18392 W unknown:ViewManagerPropertyUpdater: Could not find generated setter for class com.facebook.react.views.art.ARTSurfaceViewShadowNode
04-13 11:13:04.510 18392 18392 W unknown:ViewManagerPropertyUpdater: Could not find generated setter for class com.facebook.react.views.text.frescosupport.FrescoBasedReactTextInlineImageViewManager
04-13 11:13:04.510 18392 18392 W unknown:ViewManagerPropertyUpdater: Could not find generated setter for class com.facebook.react.views.text.frescosupport.FrescoBasedReactTextInlineImageShadowNode
04-13 11:13:04.511 18392 18392 W unknown:ViewManagerPropertyUpdater: Could not find generated setter for class com.facebook.react.views.image.ReactImageManager
04-13 11:13:04.513 18392 18392 W unknown:ViewManagerPropertyUpdater: Could not find generated setter for class com.facebook.react.views.modal.ReactModalHostManager
04-13 11:13:04.515 18392 18392 W unknown:ViewManagerPropertyUpdater: Could not find generated setter for class com.facebook.react.views.modal.ModalHostShadowNode
04-13 11:13:04.515 18392 18392 W unknown:ViewManagerPropertyUpdater: Could not find generated setter for class com.facebook.react.views.text.ReactRawTextManager
04-13 11:13:04.516 18392 18392 W unknown:ViewManagerPropertyUpdater: Could not find generated setter for class com.facebook.react.views.text.ReactRawTextShadowNode
04-13 11:13:04.517 18392 18392 W unknown:ViewManagerPropertyUpdater: Could not find generated setter for class com.facebook.react.views.textinput.ReactTextInputManager
04-13 11:13:04.525 18392 18392 W unknown:ViewManagerPropertyUpdater: Could not find generated setter for class com.facebook.react.views.textinput.ReactTextInputShadowNode
04-13 11:13:04.527 18392 18392 W unknown:ViewManagerPropertyUpdater: Could not find generated setter for class com.facebook.react.views.text.ReactTextViewManager
04-13 11:13:04.528 18392 18392 W unknown:ViewManagerPropertyUpdater: Could not find generated setter for class com.facebook.react.views.text.ReactTextShadowNode
04-13 11:13:04.528 18392 18392 W unknown:ViewManagerPropertyUpdater: Could not find generated setter for class com.facebook.react.views.view.ReactViewManager
04-13 11:13:04.530 18392 18392 W unknown:ViewManagerPropertyUpdater: Could not find generated setter for class com.facebook.react.views.viewpager.ReactViewPagerManager
04-13 11:13:04.532 18392 18392 W unknown:ViewManagerPropertyUpdater: Could not find generated setter for class com.facebook.react.views.text.ReactVirtualTextViewManager
04-13 11:13:04.532 18392 18392 W unknown:ViewManagerPropertyUpdater: Could not find generated setter for class com.facebook.react.views.text.ReactVirtualTextShadowNode
04-13 11:13:04.540 18392 18434 D SoLoader: About to load: libyoga.so
04-13 11:13:04.540 18392 18434 D SoLoader: libyoga.so not found on /data/user/0/com.detoxtest/lib-main
04-13 11:13:04.540 18392 18434 D SoLoader: libyoga.so found on /data/app/~~MEJ8ddbvRXNfaEJtRi6osA==/com.detoxtest-iimykW5JgNtH_7BpwVhUJA==/lib/x86
04-13 11:13:04.540 18392 18434 D SoLoader: Not resolving dependencies for libyoga.so
04-13 11:13:04.544 18392 18434 D SoLoader: Loaded: libyoga.so
04-13 11:13:04.548 18392 18434 E unknown:ReactRootView: runApplication: call AppRegistry.runApplication
04-13 11:13:04.559 18392 18428 D HostConnection: HostConnection::get() New Host Connection established 0xe9916390, tid 18428
04-13 11:13:04.562 18392 18428 D HostConnection: HostComposition ext ANDROID_EMU_CHECKSUM_HELPER_v1 ANDROID_EMU_native_sync_v2 ANDROID_EMU_native_sync_v3 ANDROID_EMU_native_sync_v4 ANDROID_EMU_dma_v1 ANDROID_EMU_direct_mem ANDROID_EMU_host_composition_v1 ANDROID_EMU_host_composition_v2 ANDROID_EMU_YUV_Cache ANDROID_EMU_async_unmap_buffer GL_OES_EGL_image_external_essl3 GL_OES_vertex_array_object GL_KHR_texture_compression_astc_ldr ANDROID_EMU_gles_max_version_3_0 
04-13 11:13:04.568 18392 18428 W OpenGLRenderer: Failed to choose config with EGL_SWAP_BEHAVIOR_PRESERVED, retrying without...
04-13 11:13:04.570 18392 18428 D EGL_emulation: eglCreateContext: 0xe971ebd0: maj 3 min 0 rcv 3
04-13 11:13:04.581 18392 18433 E ReactNativeJNI: logMarker RUN_JS_BUNDLE_END
04-13 11:13:04.581 18392 18433 I ReactNativeJS: Running "detoxTest" with {"rootTag":1}
04-13 11:13:04.602 18392 18428 D EGL_emulation: eglMakeCurrent: 0xe971ebd0: ver 3 0 (tinfo 0xe9a7c3d0)
04-13 11:13:04.603 18392 18434 D SoLoader: init exiting
04-13 11:13:04.611 18392 18434 W unknown:ReactNative: Tried to update non-existent root tag: 0
04-13 11:13:04.615 18392 18428 I Gralloc4: mapper 4.x is not supported
04-13 11:13:04.617 18392 18428 D HostConnection: createUnique: call
04-13 11:13:04.617 18392 18428 D HostConnection: HostConnection::get() New Host Connection established 0xe9915c10, tid 18428
04-13 11:13:04.617 18392 18428 D eglCodecCommon: allocate: Ask for block of size 0x100
04-13 11:13:04.618 18392 18428 D eglCodecCommon: allocate: ioctl allocate returned offset 0x3fc0ff000 size 0x2000
04-13 11:13:04.642 18392 18428 D HostConnection: HostComposition ext ANDROID_EMU_CHECKSUM_HELPER_v1 ANDROID_EMU_native_sync_v2 ANDROID_EMU_native_sync_v3 ANDROID_EMU_native_sync_v4 ANDROID_EMU_dma_v1 ANDROID_EMU_direct_mem ANDROID_EMU_host_composition_v1 ANDROID_EMU_host_composition_v2 ANDROID_EMU_YUV_Cache ANDROID_EMU_async_unmap_buffer GL_OES_EGL_image_external_essl3 GL_OES_vertex_array_object GL_KHR_texture_compression_astc_ldr ANDROID_EMU_gles_max_version_3_0 
04-13 11:13:04.651 18392 18428 D EGL_emulation: eglMakeCurrent: 0xe971ebd0: ver 3 0 (tinfo 0xe9a7c3d0)
04-13 11:13:04.692 18392 18392 E unknown:ReactNative: Unable to launch logbox because react was unable to create the root view
04-13 11:13:04.706 18392 18442 I Detox   : Detox thread starting (com.wix.detox.manager)
04-13 11:13:04.708 18392 18442 I DetoxManager: DetoxServerUrl: ws://localhost:59823
04-13 11:13:04.708 18392 18442 I DetoxManager: DetoxSessionId: 3f616254-0814-f98a-fb85-e635f9f32e35
04-13 11:13:04.724 18392 18392 D DetoxRNLoading: Got new RN-context directly and immediately
04-13 11:13:04.730 18392 18442 I DetoxRNIdleRes: Setting up Espresso Idling Resources for React Native.
04-13 11:13:04.763 18392 18442 D AsyncStorageIR: Checking whether a custom IR for Async-Storage is required... (legacy=false)
04-13 11:13:04.763 18392 18442 D DetoxRNHelpers: Native module not resolved: no such class
04-13 11:13:04.763 18392 18442 D AsyncStorageIR: Checking whether a custom IR for Async-Storage is required... (legacy=true)
04-13 11:13:04.763 18392 18442 D AsyncStorageIR: IR for Async-Storage is required! (legacy=true)
04-13 11:13:04.765 18392 18392 D AsyncStorageIRLegacy: Async-storage is busy!
04-13 11:13:04.770 18392 18442 I WebSocketClient: At connectToServer
04-13 11:13:04.799 18392 18445 I WebSocketClient: At onOpen
04-13 11:13:04.799 18392 18445 I WebSocketClient: At sendAction
04-13 11:13:04.799 18392 18445 D WebSocketClient: Detox Action Sent: login
04-13 11:13:04.930 18392 18392 I Detox   : Wait is over: app is now idle!
04-13 11:13:04.935 18392 18445 I WebSocketClient: At sendAction
04-13 11:13:04.939 18392 18445 D WebSocketClient: Detox Action Sent: ready
04-13 11:13:04.943 18392 18445 I WebSocketClient: At onMessage
04-13 11:13:04.943 18392 18445 I WebSocketClient: At receiveAction
04-13 11:13:04.943 18392 18445 D WebSocketClient: Detox Action Received: loginSuccess
04-13 11:13:04.943 18392 18445 I DetoxManager: onAction: type: loginSuccess params: {"testerConnected":true,"appConnected":true}
04-13 11:13:04.994 18392 18445 I WebSocketClient: At onMessage
04-13 11:13:04.994 18392 18445 I WebSocketClient: At receiveAction
04-13 11:13:04.994 18392 18445 D WebSocketClient: Detox Action Received: reactNativeReload
04-13 11:13:04.994 18392 18445 I DetoxManager: onAction: type: reactNativeReload params: {}
04-13 11:13:04.999 18392 18442 I DetoxRNExt: Reloading React Native
04-13 11:13:05.014 18392 18458 E unknown:ReactNative: ReactInstanceManager.createReactContext: mJSIModulePackage null
04-13 11:13:05.015 18392 18459 E ReactNativeJNI: logMarker CREATE_REACT_CONTEXT_END
04-13 11:13:05.024 18392 18459 E ReactNativeJNI: logMarker RUN_JS_BUNDLE_START
04-13 11:13:05.024 18392 18460 E unknown:ReactNative: ReactInstanceManager.attachRootViewToInstance()
04-13 11:13:05.026 18392 18460 W unknown:ViewManagerPropertyUpdater: Could not find generated setter for class com.facebook.react.views.art.ARTGroupViewManager
04-13 11:13:05.026 18392 18460 W unknown:ViewManagerPropertyUpdater: Could not find generated setter for class com.facebook.react.views.art.ARTGroupShadowNode
04-13 11:13:05.026 18392 18460 W unknown:ViewManagerPropertyUpdater: Could not find generated setter for class com.facebook.react.views.art.ARTShapeViewManager
04-13 11:13:05.027 18392 18460 W unknown:ViewManagerPropertyUpdater: Could not find generated setter for class com.facebook.react.views.art.ARTShapeShadowNode
04-13 11:13:05.027 18392 18460 W unknown:ViewManagerPropertyUpdater: Could not find generated setter for class com.facebook.react.views.art.ARTTextViewManager
04-13 11:13:05.027 18392 18460 W unknown:ViewManagerPropertyUpdater: Could not find generated setter for class com.facebook.react.views.art.ARTTextShadowNode
04-13 11:13:05.027 18392 18460 W unknown:ViewManagerPropertyUpdater: Could not find generated setter for class com.facebook.react.views.checkbox.ReactCheckBoxManager
04-13 11:13:05.028 18392 18460 W unknown:ViewManagerPropertyUpdater: Could not find generated setter for class com.facebook.react.uimanager.LayoutShadowNode
04-13 11:13:05.028 18392 18460 W unknown:ViewManagerPropertyUpdater: Could not find generated setter for class com.facebook.react.views.picker.ReactDialogPickerManager
04-13 11:13:05.029 18392 18460 W unknown:ViewManagerPropertyUpdater: Could not find generated setter for class com.facebook.react.views.drawer.ReactDrawerLayoutManager
04-13 11:13:05.029 18392 18460 W unknown:ViewManagerPropertyUpdater: Could not find generated setter for class com.facebook.react.views.picker.ReactDropdownPickerManager
04-13 11:13:05.029 18392 18460 W unknown:ViewManagerPropertyUpdater: Could not find generated setter for class com.facebook.react.views.scroll.ReactHorizontalScrollViewManager
04-13 11:13:05.030 18392 18460 W unknown:ViewManagerPropertyUpdater: Could not find generated setter for class com.facebook.react.views.scroll.ReactHorizontalScrollContainerViewManager
04-13 11:13:05.030 18392 18460 W unknown:ViewManagerPropertyUpdater: Could not find generated setter for class com.facebook.react.views.progressbar.ReactProgressBarViewManager
04-13 11:13:05.031 18392 18460 W unknown:ViewManagerPropertyUpdater: Could not find generated setter for class com.facebook.react.views.progressbar.ProgressBarShadowNode
04-13 11:13:05.031 18392 18460 W unknown:ViewManagerPropertyUpdater: Could not find generated setter for class com.facebook.react.views.scroll.ReactScrollViewManager
04-13 11:13:05.031 18392 18460 W unknown:ViewManagerPropertyUpdater: Could not find generated setter for class com.facebook.react.views.slider.ReactSliderManager
04-13 11:13:05.032 18392 18460 W unknown:ViewManagerPropertyUpdater: Could not find generated setter for class com.facebook.react.views.slider.ReactSliderManager$ReactSliderShadowNode
04-13 11:13:05.032 18392 18460 W unknown:ViewManagerPropertyUpdater: Could not find generated setter for class com.facebook.react.views.switchview.ReactSwitchManager
04-13 11:13:05.032 18392 18460 W unknown:ViewManagerPropertyUpdater: Could not find generated setter for class com.facebook.react.views.switchview.ReactSwitchManager$ReactSwitchShadowNode
04-13 11:13:05.033 18392 18460 W unknown:ViewManagerPropertyUpdater: Could not find generated setter for class com.facebook.react.views.swiperefresh.SwipeRefreshLayoutManager
04-13 11:13:05.033 18392 18460 W unknown:ViewManagerPropertyUpdater: Could not find generated setter for class com.facebook.react.views.art.ARTSurfaceViewManager
04-13 11:13:05.033 18392 18460 W unknown:ViewManagerPropertyUpdater: Could not find generated setter for class com.facebook.react.views.art.ARTSurfaceViewShadowNode
04-13 11:13:05.033 18392 18460 W unknown:ViewManagerPropertyUpdater: Could not find generated setter for class com.facebook.react.views.text.frescosupport.FrescoBasedReactTextInlineImageViewManager
04-13 11:13:05.033 18392 18460 W unknown:ViewManagerPropertyUpdater: Could not find generated setter for class com.facebook.react.views.text.frescosupport.FrescoBasedReactTextInlineImageShadowNode
04-13 11:13:05.034 18392 18460 W unknown:ViewManagerPropertyUpdater: Could not find generated setter for class com.facebook.react.views.image.ReactImageManager
04-13 11:13:05.035 18392 18460 W unknown:ViewManagerPropertyUpdater: Could not find generated setter for class com.facebook.react.views.modal.ReactModalHostManager
04-13 11:13:05.036 18392 18460 W unknown:ViewManagerPropertyUpdater: Could not find generated setter for class com.facebook.react.views.modal.ModalHostShadowNode
04-13 11:13:05.036 18392 18460 W unknown:ViewManagerPropertyUpdater: Could not find generated setter for class com.facebook.react.views.text.ReactRawTextManager
04-13 11:13:05.036 18392 18460 W unknown:ViewManagerPropertyUpdater: Could not find generated setter for class com.facebook.react.views.text.ReactRawTextShadowNode
04-13 11:13:05.037 18392 18460 W unknown:ViewManagerPropertyUpdater: Could not find generated setter for class com.facebook.react.views.textinput.ReactTextInputManager
04-13 11:13:05.038 18392 18460 W unknown:ViewManagerPropertyUpdater: Could not find generated setter for class com.facebook.react.views.textinput.ReactTextInputShadowNode
04-13 11:13:05.038 18392 18460 W unknown:ViewManagerPropertyUpdater: Could not find generated setter for class com.facebook.react.views.text.ReactTextViewManager
04-13 11:13:05.039 18392 18460 W unknown:ViewManagerPropertyUpdater: Could not find generated setter for class com.facebook.react.views.text.ReactTextShadowNode
04-13 11:13:05.040 18392 18460 W unknown:ViewManagerPropertyUpdater: Could not find generated setter for class com.facebook.react.views.view.ReactViewManager
04-13 11:13:05.043 18392 18460 W unknown:ViewManagerPropertyUpdater: Could not find generated setter for class com.facebook.react.views.viewpager.ReactViewPagerManager
04-13 11:13:05.043 18392 18460 W unknown:ViewManagerPropertyUpdater: Could not find generated setter for class com.facebook.react.views.text.ReactVirtualTextViewManager
04-13 11:13:05.043 18392 18460 W unknown:ViewManagerPropertyUpdater: Could not find generated setter for class com.facebook.react.views.text.ReactVirtualTextShadowNode
04-13 11:13:05.044 18392 18460 E unknown:ReactRootView: runApplication: call AppRegistry.runApplication
04-13 11:13:05.044 18392 18392 I DetoxRNLoading: Got new RN-context async'ly through listener
04-13 11:13:05.044 18392 18442 I DetoxRNIdleRes: Setting up Espresso Idling Resources for React Native.
04-13 11:13:05.046 18392 18442 D AsyncStorageIR: Checking whether a custom IR for Async-Storage is required... (legacy=false)
04-13 11:13:05.046 18392 18442 D DetoxRNHelpers: Native module not resolved: no such class
04-13 11:13:05.046 18392 18442 D AsyncStorageIR: Checking whether a custom IR for Async-Storage is required... (legacy=true)
04-13 11:13:05.046 18392 18442 D AsyncStorageIR: IR for Async-Storage is required! (legacy=true)
04-13 11:13:05.046 18392 18392 I Detox   : UIManagerModule is busy
04-13 11:13:05.049 18392 18392 D AsyncStorageIRLegacy: Async-storage is busy!
04-13 11:13:05.051 18392 18442 I WebSocketClient: At sendAction
04-13 11:13:05.051 18392 18442 D WebSocketClient: Detox Action Sent: ready
04-13 11:13:05.059 18392 18445 I WebSocketClient: At onMessage
04-13 11:13:05.059 18392 18445 I WebSocketClient: At receiveAction
04-13 11:13:05.060 18392 18445 D WebSocketClient: Detox Action Received: invoke
04-13 11:13:05.060 18392 18445 I DetoxManager: onAction: type: invoke params: {"target":{"type":"Class","value":"com.wix.detox.espresso.DetoxAssertion"},"method":"assertMatcher","args":[{"type":"Invocation","value":{"target":{"type":"Class","value":"androidx.test.espresso.Espresso"},"method":"onView","args":[{"type":"Invocation","value":{"target":{"type":"Class","value":"com.wix.detox.espresso.DetoxMatcher"},"method":"matcherForTestId","args":["initButton"]}}]}},{"type":"Invocation","value":{"target":{"type":"Class","value":"com.wix.detox.espresso.DetoxMatcher"},"method":"matcherForSufficientlyVisible","args":[]}}]}
04-13 11:13:05.080 18392 18442 D Detox   : class com.wix.detox.espresso.DetoxMatcher, matcherForTestId, [initButton]
04-13 11:13:05.086 18392 18392 E unknown:ReactNative: Unable to launch logbox because react was unable to create the root view
04-13 11:13:05.100 18392 18459 E ReactNativeJNI: logMarker RUN_JS_BUNDLE_END
04-13 11:13:05.101 18392 18459 I ReactNativeJS: Running "detoxTest" with {"rootTag":11}
04-13 11:13:05.103 18392 18442 D Detox   : class androidx.test.espresso.Espresso, onView, [(with tag value: is "initButton" and view has effective visibility=VISIBLE)]
04-13 11:13:05.104 18392 18442 D Detox   : class com.wix.detox.espresso.DetoxMatcher, matcherForSufficientlyVisible, []
04-13 11:13:05.105 18392 18442 D Detox   : class com.wix.detox.espresso.DetoxAssertion, assertMatcher, [androidx.test.espresso.ViewInteraction@f361957, at least 75 percent of the view's area is displayed to the user.]
04-13 11:13:05.341 18392 18392 I ViewInteraction: Checking 'MatchesViewAssertion(Detox){viewMatcher=at least 75 percent of the view's area is displayed to the user.}' assertion on view (with tag value: is "initButton" and view has effective visibility=VISIBLE)
04-13 11:13:05.344 18392 18442 I WebSocketClient: At sendAction
04-13 11:13:05.344 18392 18442 D WebSocketClient: Detox Action Sent: invokeResult
04-13 11:13:05.358 18392 18445 I WebSocketClient: At onMessage
