--------- beginning of main
04-13 11:35:09.000 21988 22008 D EventInjectionStrategy: Creating injection strategy with input manager.
04-13 11:35:09.055 21988 21988 D LifecycleMonitor: Lifecycle status change: com.detoxtest.MainActivity@d952f0b in: PRE_ON_CREATE
04-13 11:35:09.069 21988 22027 D SoLoader: About to load: libreactnativejni.so
04-13 11:35:09.069 21988 22027 D SoLoader: libreactnativejni.so not found on /data/user/0/com.detoxtest/lib-main
04-13 11:35:09.070 21988 22027 D SoLoader: libreactnativejni.so found on /data/app/~~av34R62ln1KQv7-vNo9xsA==/com.detoxtest-EKMeehzS2ot5tVs3iEUIfg==/lib/x86
04-13 11:35:09.070 21988 22027 D SoLoader: Not resolving dependencies for libreactnativejni.so
04-13 11:35:09.075 21988 22027 D SoLoader: Loaded: libreactnativejni.so
04-13 11:35:09.076 21988 22027 D SoLoader: About to load: libfbjni.so
04-13 11:35:09.076 21988 22027 D SoLoader: libfbjni.so not found on /data/user/0/com.detoxtest/lib-main
04-13 11:35:09.076 21988 22027 D SoLoader: libfbjni.so found on /data/app/~~av34R62ln1KQv7-vNo9xsA==/com.detoxtest-EKMeehzS2ot5tVs3iEUIfg==/lib/x86
04-13 11:35:09.076 21988 22027 D SoLoader: Not resolving dependencies for libfbjni.so
04-13 11:35:09.080 21988 22027 D SoLoader: Loaded: libfbjni.so
04-13 11:35:09.093 21988 22026 D libEGL  : loaded /vendor/lib/egl/libEGL_emulation.so
04-13 11:35:09.099 21988 22026 D libEGL  : loaded /vendor/lib/egl/libGLESv1_CM_emulation.so
04-13 11:35:09.103 21988 22026 D libEGL  : loaded /vendor/lib/egl/libGLESv2_emulation.so
04-13 11:35:09.104 21988 21988 D LifecycleMonitor: Lifecycle status change: com.detoxtest.MainActivity@d952f0b in: CREATED
04-13 11:35:09.105 21988 21988 D LifecycleMonitor: Lifecycle status change: com.detoxtest.MainActivity@d952f0b in: STARTED
04-13 11:35:09.106 21988 21988 D LifecycleMonitor: Lifecycle status change: com.detoxtest.MainActivity@d952f0b in: RESUMED
04-13 11:35:09.132 21988 22029 E ReactNativeJNI: logMarker CREATE_REACT_CONTEXT_END
04-13 11:35:09.133 21988 22027 E unknown:ReactNative: ReactInstanceManager.createReactContext: mJSIModulePackage null
04-13 11:35:09.143 21988 22029 E ReactNativeJNI: logMarker RUN_JS_BUNDLE_START
04-13 11:35:09.155 21988 22030 E unknown:ReactNative: ReactInstanceManager.attachRootViewToInstance()
04-13 11:35:09.163 21988 22024 D HostConnection: HostConnection::get() New Host Connection established 0xe99141d0, tid 22024
04-13 11:35:09.170 21988 22024 D HostConnection: HostComposition ext ANDROID_EMU_CHECKSUM_HELPER_v1 ANDROID_EMU_native_sync_v2 ANDROID_EMU_native_sync_v3 ANDROID_EMU_native_sync_v4 ANDROID_EMU_dma_v1 ANDROID_EMU_direct_mem ANDROID_EMU_host_composition_v1 ANDROID_EMU_host_composition_v2 ANDROID_EMU_YUV_Cache ANDROID_EMU_async_unmap_buffer GL_OES_EGL_image_external_essl3 GL_OES_vertex_array_object GL_KHR_texture_compression_astc_ldr ANDROID_EMU_gles_max_version_3_0 
04-13 11:35:09.172 21988 22030 W unknown:ViewManagerPropertyUpdater: Could not find generated setter for class com.facebook.react.views.art.ARTGroupViewManager
04-13 11:35:09.172 21988 22030 W unknown:ViewManagerPropertyUpdater: Could not find generated setter for class com.facebook.react.views.art.ARTGroupShadowNode
04-13 11:35:09.173 21988 22030 W unknown:ViewManagerPropertyUpdater: Could not find generated setter for class com.facebook.react.views.art.ARTShapeViewManager
04-13 11:35:09.173 21988 22030 W unknown:ViewManagerPropertyUpdater: Could not find generated setter for class com.facebook.react.views.art.ARTShapeShadowNode
04-13 11:35:09.174 21988 22030 W unknown:ViewManagerPropertyUpdater: Could not find generated setter for class com.facebook.react.views.art.ARTTextViewManager
04-13 11:35:09.175 21988 22030 W unknown:ViewManagerPropertyUpdater: Could not find generated setter for class com.facebook.react.views.art.ARTTextShadowNode
04-13 11:35:09.175 21988 22030 W unknown:ViewManagerPropertyUpdater: Could not find generated setter for class com.facebook.react.views.checkbox.ReactCheckBoxManager
04-13 11:35:09.177 21988 22030 W unknown:ViewManagerPropertyUpdater: Could not find generated setter for class com.facebook.react.uimanager.LayoutShadowNode
04-13 11:35:09.178 21988 22024 W OpenGLRenderer: Failed to choose config with EGL_SWAP_BEHAVIOR_PRESERVED, retrying without...
04-13 11:35:09.179 21988 22030 W unknown:ViewManagerPropertyUpdater: Could not find generated setter for class com.facebook.react.views.picker.ReactDialogPickerManager
04-13 11:35:09.180 21988 22024 D EGL_emulation: eglCreateContext: 0xe97345e0: maj 3 min 0 rcv 3
04-13 11:35:09.180 21988 22030 W unknown:ViewManagerPropertyUpdater: Could not find generated setter for class com.facebook.react.views.drawer.ReactDrawerLayoutManager
04-13 11:35:09.181 21988 22030 W unknown:ViewManagerPropertyUpdater: Could not find generated setter for class com.facebook.react.views.picker.ReactDropdownPickerManager
04-13 11:35:09.182 21988 22030 W unknown:ViewManagerPropertyUpdater: Could not find generated setter for class com.facebook.react.views.scroll.ReactHorizontalScrollViewManager
04-13 11:35:09.183 21988 22030 W unknown:ViewManagerPropertyUpdater: Could not find generated setter for class com.facebook.react.views.scroll.ReactHorizontalScrollContainerViewManager
04-13 11:35:09.186 21988 22030 W unknown:ViewManagerPropertyUpdater: Could not find generated setter for class com.facebook.react.views.progressbar.ReactProgressBarViewManager
04-13 11:35:09.187 21988 22030 W unknown:ViewManagerPropertyUpdater: Could not find generated setter for class com.facebook.react.views.progressbar.ProgressBarShadowNode
04-13 11:35:09.187 21988 22030 W unknown:ViewManagerPropertyUpdater: Could not find generated setter for class com.facebook.react.views.scroll.ReactScrollViewManager
04-13 11:35:09.189 21988 22030 W unknown:ViewManagerPropertyUpdater: Could not find generated setter for class com.facebook.react.views.slider.ReactSliderManager
04-13 11:35:09.196 21988 22030 W unknown:ViewManagerPropertyUpdater: Could not find generated setter for class com.facebook.react.views.slider.ReactSliderManager$ReactSliderShadowNode
04-13 11:35:09.196 21988 22030 W unknown:ViewManagerPropertyUpdater: Could not find generated setter for class com.facebook.react.views.switchview.ReactSwitchManager
04-13 11:35:09.199 21988 22024 D EGL_emulation: eglMakeCurrent: 0xe97345e0: ver 3 0 (tinfo 0xe9a7d530)
04-13 11:35:09.200 21988 22030 W unknown:ViewManagerPropertyUpdater: Could not find generated setter for class com.facebook.react.views.switchview.ReactSwitchManager$ReactSwitchShadowNode
04-13 11:35:09.204 21988 22030 W unknown:ViewManagerPropertyUpdater: Could not find generated setter for class com.facebook.react.views.swiperefresh.SwipeRefreshLayoutManager
04-13 11:35:09.206 21988 22030 W unknown:ViewManagerPropertyUpdater: Could not find generated setter for class com.facebook.react.views.art.ARTSurfaceViewManager
04-13 11:35:09.206 21988 22030 W unknown:ViewManagerPropertyUpdater: Could not find generated setter for class com.facebook.react.views.art.ARTSurfaceViewShadowNode
04-13 11:35:09.206 21988 22030 W unknown:ViewManagerPropertyUpdater: Could not find generated setter for class com.facebook.react.views.text.frescosupport.FrescoBasedReactTextInlineImageViewManager
04-13 11:35:09.206 21988 22030 W unknown:ViewManagerPropertyUpdater: Could not find generated setter for class com.facebook.react.views.text.frescosupport.FrescoBasedReactTextInlineImageShadowNode
04-13 11:35:09.210 21988 22030 W unknown:ViewManagerPropertyUpdater: Could not find generated setter for class com.facebook.react.views.image.ReactImageManager
04-13 11:35:09.211 21988 22030 W unknown:ViewManagerPropertyUpdater: Could not find generated setter for class com.facebook.react.views.modal.ReactModalHostManager
04-13 11:35:09.212 21988 22030 W unknown:ViewManagerPropertyUpdater: Could not find generated setter for class com.facebook.react.views.modal.ModalHostShadowNode
04-13 11:35:09.212 21988 22030 W unknown:ViewManagerPropertyUpdater: Could not find generated setter for class com.facebook.react.views.text.ReactRawTextManager
04-13 11:35:09.213 21988 22030 W unknown:ViewManagerPropertyUpdater: Could not find generated setter for class com.facebook.react.views.text.ReactRawTextShadowNode
04-13 11:35:09.213 21988 22030 W unknown:ViewManagerPropertyUpdater: Could not find generated setter for class com.facebook.react.views.textinput.ReactTextInputManager
04-13 11:35:09.215 21988 22030 W unknown:ViewManagerPropertyUpdater: Could not find generated setter for class com.facebook.react.views.textinput.ReactTextInputShadowNode
04-13 11:35:09.216 21988 22030 W unknown:ViewManagerPropertyUpdater: Could not find generated setter for class com.facebook.react.views.text.ReactTextViewManager
04-13 11:35:09.217 21988 22030 W unknown:ViewManagerPropertyUpdater: Could not find generated setter for class com.facebook.react.views.text.ReactTextShadowNode
04-13 11:35:09.217 21988 22030 W unknown:ViewManagerPropertyUpdater: Could not find generated setter for class com.facebook.react.views.view.ReactViewManager
04-13 11:35:09.220 21988 22030 W unknown:ViewManagerPropertyUpdater: Could not find generated setter for class com.facebook.react.views.viewpager.ReactViewPagerManager
04-13 11:35:09.225 21988 22030 W unknown:ViewManagerPropertyUpdater: Could not find generated setter for class com.facebook.react.views.text.ReactVirtualTextViewManager
04-13 11:35:09.225 21988 22030 W unknown:ViewManagerPropertyUpdater: Could not find generated setter for class com.facebook.react.views.text.ReactVirtualTextShadowNode
04-13 11:35:09.226 21988 22024 I Gralloc4: mapper 4.x is not supported
04-13 11:35:09.227 21988 22024 D HostConnection: createUnique: call
04-13 11:35:09.228 21988 22024 D HostConnection: HostConnection::get() New Host Connection established 0xe99154f0, tid 22024
04-13 11:35:09.228 21988 22024 D eglCodecCommon: allocate: Ask for block of size 0x100
04-13 11:35:09.228 21988 22024 D eglCodecCommon: allocate: ioctl allocate returned offset 0x3fc0ff000 size 0x2000
04-13 11:35:09.229 21988 22030 D SoLoader: About to load: libyoga.so
04-13 11:35:09.229 21988 22030 D SoLoader: libyoga.so not found on /data/user/0/com.detoxtest/lib-main
04-13 11:35:09.229 21988 22030 D SoLoader: libyoga.so found on /data/app/~~av34R62ln1KQv7-vNo9xsA==/com.detoxtest-EKMeehzS2ot5tVs3iEUIfg==/lib/x86
04-13 11:35:09.229 21988 22030 D SoLoader: Not resolving dependencies for libyoga.so
04-13 11:35:09.233 21988 22030 D SoLoader: Loaded: libyoga.so
04-13 11:35:09.238 21988 22030 E unknown:ReactRootView: runApplication: call AppRegistry.runApplication
04-13 11:35:09.253 21988 22024 D HostConnection: HostComposition ext ANDROID_EMU_CHECKSUM_HELPER_v1 ANDROID_EMU_native_sync_v2 ANDROID_EMU_native_sync_v3 ANDROID_EMU_native_sync_v4 ANDROID_EMU_dma_v1 ANDROID_EMU_direct_mem ANDROID_EMU_host_composition_v1 ANDROID_EMU_host_composition_v2 ANDROID_EMU_YUV_Cache ANDROID_EMU_async_unmap_buffer GL_OES_EGL_image_external_essl3 GL_OES_vertex_array_object GL_KHR_texture_compression_astc_ldr ANDROID_EMU_gles_max_version_3_0 
04-13 11:35:09.259 21988 22024 D EGL_emulation: eglMakeCurrent: 0xe97345e0: ver 3 0 (tinfo 0xe9a7d530)
04-13 11:35:09.261 21988 22030 D SoLoader: init exiting
04-13 11:35:09.279 21988 22029 E ReactNativeJNI: logMarker RUN_JS_BUNDLE_END
04-13 11:35:09.280 21988 22029 I ReactNativeJS: Running "detoxTest" with {"rootTag":1}
04-13 11:35:09.295 21988 21988 E unknown:ReactNative: Unable to launch logbox because react was unable to create the root view
04-13 11:35:09.311 21988 22038 I Detox   : Detox thread starting (com.wix.detox.manager)
04-13 11:35:09.315 21988 22038 I DetoxManager: DetoxServerUrl: ws://localhost:61935
04-13 11:35:09.315 21988 22038 I DetoxManager: DetoxSessionId: 3d2b677a-3234-4dd8-2d21-fa828ba6cec5
04-13 11:35:09.326 21988 21988 D DetoxRNLoading: Got new RN-context directly and immediately
04-13 11:35:09.329 21988 22038 I DetoxRNIdleRes: Setting up Espresso Idling Resources for React Native.
04-13 11:35:09.350 21988 22038 D AsyncStorageIR: Checking whether a custom IR for Async-Storage is required... (legacy=false)
04-13 11:35:09.350 21988 22038 D DetoxRNHelpers: Native module not resolved: no such class
04-13 11:35:09.350 21988 22038 D AsyncStorageIR: Checking whether a custom IR for Async-Storage is required... (legacy=true)
04-13 11:35:09.354 21988 22038 D AsyncStorageIR: IR for Async-Storage is required! (legacy=true)
04-13 11:35:09.369 21988 21988 D AsyncStorageIRLegacy: Async-storage is busy!
04-13 11:35:09.372 21988 22038 I WebSocketClient: At connectToServer
04-13 11:35:09.389 21988 22040 I WebSocketClient: At onOpen
04-13 11:35:09.389 21988 22040 I WebSocketClient: At sendAction
04-13 11:35:09.389 21988 22040 D WebSocketClient: Detox Action Sent: login
04-13 11:35:09.583 21988 21988 I Detox   : Wait is over: app is now idle!
04-13 11:35:09.591 21988 22040 I WebSocketClient: At sendAction
04-13 11:35:09.593 21988 22040 D WebSocketClient: Detox Action Sent: ready
04-13 11:35:09.596 21988 22040 I WebSocketClient: At onMessage
04-13 11:35:09.596 21988 22040 I WebSocketClient: At receiveAction
04-13 11:35:09.597 21988 22040 D WebSocketClient: Detox Action Received: loginSuccess
04-13 11:35:09.597 21988 22040 I DetoxManager: onAction: type: loginSuccess params: {"testerConnected":true,"appConnected":true}
04-13 11:35:09.643 21988 22040 I WebSocketClient: At onMessage
04-13 11:35:09.644 21988 22040 I WebSocketClient: At receiveAction
04-13 11:35:09.644 21988 22040 D WebSocketClient: Detox Action Received: invoke
04-13 11:35:09.644 21988 22040 I DetoxManager: onAction: type: invoke params: {"target":{"type":"Class","value":"com.wix.detox.espresso.DetoxAssertion"},"method":"assertMatcher","args":[{"type":"Invocation","value":{"target":{"type":"Class","value":"androidx.test.espresso.Espresso"},"method":"onView","args":[{"type":"Invocation","value":{"target":{"type":"Class","value":"com.wix.detox.espresso.DetoxMatcher"},"method":"matcherForTestId","args":["successInitButton"]}}]}},{"type":"Invocation","value":{"target":{"type":"Class","value":"com.wix.detox.espresso.DetoxMatcher"},"method":"matcherForSufficientlyVisible","args":[]}}]}
04-13 11:35:09.658 21988 22038 D Detox   : class com.wix.detox.espresso.DetoxMatcher, matcherForTestId, [successInitButton]
04-13 11:35:09.681 21988 22038 D Detox   : class androidx.test.espresso.Espresso, onView, [(with tag value: is "successInitButton" and view has effective visibility=VISIBLE)]
04-13 11:35:09.683 21988 22038 D Detox   : class com.wix.detox.espresso.DetoxMatcher, matcherForSufficientlyVisible, []
04-13 11:35:09.685 21988 22038 D Detox   : class com.wix.detox.espresso.DetoxAssertion, assertMatcher, [androidx.test.espresso.ViewInteraction@a74700a, at least 75 percent of the view's area is displayed to the user.]
04-13 11:35:09.705 21988 21988 I ViewInteraction: Checking 'MatchesViewAssertion(Detox){viewMatcher=at least 75 percent of the view's area is displayed to the user.}' assertion on view (with tag value: is "successInitButton" and view has effective visibility=VISIBLE)
04-13 11:35:09.707 21988 22038 I WebSocketClient: At sendAction
04-13 11:35:09.707 21988 22038 D WebSocketClient: Detox Action Sent: invokeResult
04-13 11:35:09.713 21988 22040 I WebSocketClient: At onMessage
04-13 11:35:09.713 21988 22040 I WebSocketClient: At receiveAction
04-13 11:35:09.713 21988 22040 D WebSocketClient: Detox Action Received: invoke
04-13 11:35:09.714 21988 22040 I DetoxManager: onAction: type: invoke params: {"target":{"type":"Class","value":"com.wix.detox.espresso.EspressoDetox"},"method":"perform","args":[{"type":"Invocation","value":{"target":{"type":"Class","value":"androidx.test.espresso.Espresso"},"method":"onView","args":[{"type":"Invocation","value":{"target":{"type":"Class","value":"com.wix.detox.espresso.DetoxMatcher"},"method":"matcherForTestId","args":["successInitButton"]}}]}},{"type":"Invocation","value":{"target":{"type":"Class","value":"com.wix.detox.espresso.DetoxViewActions"},"method":"click","args":[]}}]}
04-13 11:35:09.714 21988 22038 D Detox   : class com.wix.detox.espresso.DetoxMatcher, matcherForTestId, [successInitButton]
04-13 11:35:09.714 21988 22038 D Detox   : class androidx.test.espresso.Espresso, onView, [(with tag value: is "successInitButton" and view has effective visibility=VISIBLE)]
04-13 11:35:09.715 21988 22038 D Detox   : class com.wix.detox.espresso.DetoxViewActions, click, []
04-13 11:35:09.724 21988 22038 D Detox   : class com.wix.detox.espresso.EspressoDetox, perform, [androidx.test.espresso.ViewInteraction@3580e98, com.wix.detox.espresso.action.RNClickAction@280b6f1]
04-13 11:35:09.728 21988 21988 I ViewInteraction: Performing 'com.wix.detox.espresso.action.detoxsingletap@7f182d6 click' action on view (with tag value: is "successInitButton" and view has effective visibility=VISIBLE)
04-13 11:35:09.783 21988 21988 I Detox   : UIManagerModule is busy
04-13 11:35:09.893 21988 22030 D AppsFlyer_6.2.0: Initializing AppsFlyer SDK: (v6.2.0.91)
04-13 11:35:10.111 21988 22059 I TetheringManager: registerTetheringEventCallback:com.detoxtest
04-13 11:35:10.338 21988 22038 I WebSocketClient: At sendAction
04-13 11:35:10.338 21988 22038 D WebSocketClient: Detox Action Sent: invokeResult
04-13 11:35:10.342 21988 22040 I WebSocketClient: At onMessage
04-13 11:35:10.342 21988 22040 I WebSocketClient: At receiveAction
04-13 11:35:10.342 21988 22040 D WebSocketClient: Detox Action Received: invoke
04-13 11:35:10.342 21988 22040 I DetoxManager: onAction: type: invoke params: {"target":{"type":"Class","value":"com.wix.detox.espresso.DetoxAssertion"},"method":"assertMatcher","args":[{"type":"Invocation","value":{"target":{"type":"Class","value":"androidx.test.espresso.Espresso"},"method":"onView","args":[{"type":"Invocation","value":{"target":{"type":"Class","value":"com.wix.detox.espresso.DetoxMatcher"},"method":"matcherForTestId","args":["successInitResult"]}}]}},{"type":"Invocation","value":{"target":{"type":"Class","value":"com.wix.detox.espresso.DetoxMatcher"},"method":"matcherForText","args":["Success"]}}]}
04-13 11:35:10.343 21988 22038 D Detox   : class com.wix.detox.espresso.DetoxMatcher, matcherForTestId, [successInitResult]
04-13 11:35:10.343 21988 22038 D Detox   : class androidx.test.espresso.Espresso, onView, [(with tag value: is "successInitResult" and view has effective visibility=VISIBLE)]
04-13 11:35:10.343 21988 22038 D Detox   : class com.wix.detox.espresso.DetoxMatcher, matcherForText, [Success]
04-13 11:35:10.344 21988 22038 D Detox   : class com.wix.detox.espresso.DetoxAssertion, assertMatcher, [androidx.test.espresso.ViewInteraction@5e26ca4, (with text: is "Success" and view has effective visibility=VISIBLE)]
04-13 11:35:10.347 21988 21988 I ViewInteraction: Checking 'MatchesViewAssertion(Detox){viewMatcher=(with text: is "Success" and view has effective visibility=VISIBLE)}' assertion on view (with tag value: is "successInitResult" and view has effective visibility=VISIBLE)
04-13 11:35:10.348 21988 22038 I WebSocketClient: At sendAction
04-13 11:35:10.348 21988 22038 D WebSocketClient: Detox Action Sent: invokeResult
