--------- beginning of main
04-13 11:53:42.015 24122 24122 I Detox   : Wait is over: app is now idle!
04-13 11:53:42.021 24122 24174 I WebSocketClient: At sendAction
04-13 11:53:42.023 24122 24174 D WebSocketClient: Detox Action Sent: ready
04-13 11:53:42.027 24122 24174 I WebSocketClient: At onMessage
04-13 11:53:42.027 24122 24174 I WebSocketClient: At receiveAction
04-13 11:53:42.027 24122 24174 D WebSocketClient: Detox Action Received: loginSuccess
04-13 11:53:42.027 24122 24174 I DetoxManager: onAction: type: loginSuccess params: {"testerConnected":true,"appConnected":true}
04-13 11:53:42.029 24122 24174 I WebSocketClient: At onMessage
04-13 11:53:42.030 24122 24174 I WebSocketClient: At receiveAction
04-13 11:53:42.030 24122 24174 D WebSocketClient: Detox Action Received: isReady
04-13 11:53:42.030 24122 24174 I DetoxManager: onAction: type: isReady params: {}
04-13 11:53:42.032 24122 24122 I Detox   : Wait is over: app is now idle!
04-13 11:53:42.032 24122 24172 I WebSocketClient: At sendAction
04-13 11:53:42.033 24122 24172 D WebSocketClient: Detox Action Sent: ready
04-13 11:53:42.078 24122 24174 I WebSocketClient: At onMessage
04-13 11:53:42.078 24122 24174 I WebSocketClient: At receiveAction
04-13 11:53:42.078 24122 24174 D WebSocketClient: Detox Action Received: invoke
04-13 11:53:42.078 24122 24174 I DetoxManager: onAction: type: invoke params: {"target":{"type":"Class","value":"com.wix.detox.espresso.DetoxAssertion"},"method":"assertMatcher","args":[{"type":"Invocation","value":{"target":{"type":"Class","value":"androidx.test.espresso.Espresso"},"method":"onView","args":[{"type":"Invocation","value":{"target":{"type":"Class","value":"com.wix.detox.espresso.DetoxMatcher"},"method":"matcherForTestId","args":["successInitButton"]}}]}},{"type":"Invocation","value":{"target":{"type":"Class","value":"com.wix.detox.espresso.DetoxMatcher"},"method":"matcherForSufficientlyVisible","args":[]}}]}
04-13 11:53:42.095 24122 24172 D Detox   : class com.wix.detox.espresso.DetoxMatcher, matcherForTestId, [successInitButton]
04-13 11:53:42.122 24122 24172 D Detox   : class androidx.test.espresso.Espresso, onView, [(with tag value: is "successInitButton" and view has effective visibility=VISIBLE)]
04-13 11:53:42.123 24122 24172 D Detox   : class com.wix.detox.espresso.DetoxMatcher, matcherForSufficientlyVisible, []
04-13 11:53:42.124 24122 24172 D Detox   : class com.wix.detox.espresso.DetoxAssertion, assertMatcher, [androidx.test.espresso.ViewInteraction@a74700a, at least 75 percent of the view's area is displayed to the user.]
04-13 11:53:42.145 24122 24122 I ViewInteraction: Checking 'MatchesViewAssertion(Detox){viewMatcher=at least 75 percent of the view's area is displayed to the user.}' assertion on view (with tag value: is "successInitButton" and view has effective visibility=VISIBLE)
04-13 11:53:42.147 24122 24172 I WebSocketClient: At sendAction
04-13 11:53:42.147 24122 24172 D WebSocketClient: Detox Action Sent: invokeResult
04-13 11:53:42.153 24122 24174 I WebSocketClient: At onMessage
04-13 11:53:42.153 24122 24174 I WebSocketClient: At receiveAction
04-13 11:53:42.153 24122 24174 D WebSocketClient: Detox Action Received: invoke
04-13 11:53:42.153 24122 24174 I DetoxManager: onAction: type: invoke params: {"target":{"type":"Class","value":"com.wix.detox.espresso.EspressoDetox"},"method":"perform","args":[{"type":"Invocation","value":{"target":{"type":"Class","value":"androidx.test.espresso.Espresso"},"method":"onView","args":[{"type":"Invocation","value":{"target":{"type":"Class","value":"com.wix.detox.espresso.DetoxMatcher"},"method":"matcherForTestId","args":["successInitButton"]}}]}},{"type":"Invocation","value":{"target":{"type":"Class","value":"com.wix.detox.espresso.DetoxViewActions"},"method":"click","args":[]}}]}
04-13 11:53:42.153 24122 24172 D Detox   : class com.wix.detox.espresso.DetoxMatcher, matcherForTestId, [successInitButton]
04-13 11:53:42.153 24122 24172 D Detox   : class androidx.test.espresso.Espresso, onView, [(with tag value: is "successInitButton" and view has effective visibility=VISIBLE)]
04-13 11:53:42.154 24122 24172 D Detox   : class com.wix.detox.espresso.DetoxViewActions, click, []
04-13 11:53:42.162 24122 24172 D Detox   : class com.wix.detox.espresso.EspressoDetox, perform, [androidx.test.espresso.ViewInteraction@3580e98, com.wix.detox.espresso.action.RNClickAction@280b6f1]
04-13 11:53:42.169 24122 24122 I ViewInteraction: Performing 'com.wix.detox.espresso.action.detoxsingletap@7f182d6 click' action on view (with tag value: is "successInitButton" and view has effective visibility=VISIBLE)
04-13 11:53:42.217 24122 24122 I Detox   : UIManagerModule is busy
04-13 11:53:42.320 24122 24166 D AppsFlyer_6.2.0: Initializing AppsFlyer SDK: (v6.2.0.91)
04-13 11:53:42.552 24122 24193 I TetheringManager: registerTetheringEventCallback:com.detoxtest
04-13 11:53:42.755 24122 24172 I WebSocketClient: At sendAction
04-13 11:53:42.756 24122 24172 D WebSocketClient: Detox Action Sent: invokeResult
04-13 11:53:42.760 24122 24174 I WebSocketClient: At onMessage
04-13 11:53:42.760 24122 24174 I WebSocketClient: At receiveAction
04-13 11:53:42.760 24122 24174 D WebSocketClient: Detox Action Received: invoke
04-13 11:53:42.760 24122 24174 I DetoxManager: onAction: type: invoke params: {"target":{"type":"Class","value":"com.wix.detox.espresso.DetoxAssertion"},"method":"assertMatcher","args":[{"type":"Invocation","value":{"target":{"type":"Class","value":"androidx.test.espresso.Espresso"},"method":"onView","args":[{"type":"Invocation","value":{"target":{"type":"Class","value":"com.wix.detox.espresso.DetoxMatcher"},"method":"matcherForTestId","args":["successInitResult"]}}]}},{"type":"Invocation","value":{"target":{"type":"Class","value":"com.wix.detox.espresso.DetoxMatcher"},"method":"matcherForText","args":["Success"]}}]}
04-13 11:53:42.760 24122 24172 D Detox   : class com.wix.detox.espresso.DetoxMatcher, matcherForTestId, [successInitResult]
04-13 11:53:42.760 24122 24172 D Detox   : class androidx.test.espresso.Espresso, onView, [(with tag value: is "successInitResult" and view has effective visibility=VISIBLE)]
04-13 11:53:42.761 24122 24172 D Detox   : class com.wix.detox.espresso.DetoxMatcher, matcherForText, [Success]
04-13 11:53:42.762 24122 24172 D Detox   : class com.wix.detox.espresso.DetoxAssertion, assertMatcher, [androidx.test.espresso.ViewInteraction@5e26ca4, (with text: is "Success" and view has effective visibility=VISIBLE)]
04-13 11:53:42.769 24122 24122 I ViewInteraction: Checking 'MatchesViewAssertion(Detox){viewMatcher=(with text: is "Success" and view has effective visibility=VISIBLE)}' assertion on view (with tag value: is "successInitResult" and view has effective visibility=VISIBLE)
04-13 11:53:42.769 24122 24172 I WebSocketClient: At sendAction
04-13 11:53:42.769 24122 24172 D WebSocketClient: Detox Action Sent: invokeResult
