--------- beginning of main
04-13 11:53:42.015 24122 24122 I Detox   : Wait is over: app is now idle!
04-13 11:53:42.021 24122 24174 I WebSocketClient: At sendAction
04-13 11:53:42.023 24122 24174 D WebSocketClient: Detox Action Sent: ready
04-13 11:53:42.027 24122 24174 I WebSocketClient: At onMessage
04-13 11:53:42.027 24122 24174 I WebSocketClient: At receiveAction
04-13 11:53:42.027 24122 24174 D WebSocketClient: Detox Action Received: loginSuccess
04-13 11:53:42.027 24122 24174 I DetoxManager: onAction: type: loginSuccess params: {"testerConnected":true,"appConnected":true}
04-13 11:53:42.029 24122 24174 I WebSocketClient: At onMessage
04-13 11:53:42.030 24122 24174 I WebSocketClient: At receiveAction
04-13 11:53:42.030 24122 24174 D WebSocketClient: Detox Action Received: isReady
04-13 11:53:42.030 24122 24174 I DetoxManager: onAction: type: isReady params: {}
04-13 11:53:42.032 24122 24122 I Detox   : Wait is over: app is now idle!
04-13 11:53:42.032 24122 24172 I WebSocketClient: At sendAction
04-13 11:53:42.033 24122 24172 D WebSocketClient: Detox Action Sent: ready
04-13 11:53:42.078 24122 24174 I WebSocketClient: At onMessage
04-13 11:53:42.078 24122 24174 I WebSocketClient: At receiveAction
04-13 11:53:42.078 24122 24174 D WebSocketClient: Detox Action Received: invoke
04-13 11:53:42.078 24122 24174 I DetoxManager: onAction: type: invoke params: {"target":{"type":"Class","value":"com.wix.detox.espresso.DetoxAssertion"},"method":"assertMatcher","args":[{"type":"Invocation","value":{"target":{"type":"Class","value":"androidx.test.espresso.Espresso"},"method":"onView","args":[{"type":"Invocation","value":{"target":{"type":"Class","value":"com.wix.detox.espresso.DetoxMatcher"},"method":"matcherForTestId","args":["successInitButton"]}}]}},{"type":"Invocation","value":{"target":{"type":"Class","value":"com.wix.detox.espresso.DetoxMatcher"},"method":"matcherForSufficientlyVisible","args":[]}}]}
04-13 11:53:42.095 24122 24172 D Detox   : class com.wix.detox.espresso.DetoxMatcher, matcherForTestId, [successInitButton]
04-13 11:53:42.122 24122 24172 D Detox   : class androidx.test.espresso.Espresso, onView, [(with tag value: is "successInitButton" and view has effective visibility=VISIBLE)]
04-13 11:53:42.123 24122 24172 D Detox   : class com.wix.detox.espresso.DetoxMatcher, matcherForSufficientlyVisible, []
04-13 11:53:42.124 24122 24172 D Detox   : class com.wix.detox.espresso.DetoxAssertion, assertMatcher, [androidx.test.espresso.ViewInteraction@a74700a, at least 75 percent of the view's area is displayed to the user.]
04-13 11:53:42.145 24122 24122 I ViewInteraction: Checking 'MatchesViewAssertion(Detox){viewMatcher=at least 75 percent of the view's area is displayed to the user.}' assertion on view (with tag value: is "successInitButton" and view has effective visibility=VISIBLE)
04-13 11:53:42.147 24122 24172 I WebSocketClient: At sendAction
04-13 11:53:42.147 24122 24172 D WebSocketClient: Detox Action Sent: invokeResult
04-13 11:53:42.153 24122 24174 I WebSocketClient: At onMessage
04-13 11:53:42.153 24122 24174 I WebSocketClient: At receiveAction
04-13 11:53:42.153 24122 24174 D WebSocketClient: Detox Action Received: invoke
04-13 11:53:42.153 24122 24174 I DetoxManager: onAction: type: invoke params: {"target":{"type":"Class","value":"com.wix.detox.espresso.EspressoDetox"},"method":"perform","args":[{"type":"Invocation","value":{"target":{"type":"Class","value":"androidx.test.espresso.Espresso"},"method":"onView","args":[{"type":"Invocation","value":{"target":{"type":"Class","value":"com.wix.detox.espresso.DetoxMatcher"},"method":"matcherForTestId","args":["successInitButton"]}}]}},{"type":"Invocation","value":{"target":{"type":"Class","value":"com.wix.detox.espresso.DetoxViewActions"},"method":"click","args":[]}}]}
04-13 11:53:42.153 24122 24172 D Detox   : class com.wix.detox.espresso.DetoxMatcher, matcherForTestId, [successInitButton]
04-13 11:53:42.153 24122 24172 D Detox   : class androidx.test.espresso.Espresso, onView, [(with tag value: is "successInitButton" and view has effective visibility=VISIBLE)]
04-13 11:53:42.154 24122 24172 D Detox   : class com.wix.detox.espresso.DetoxViewActions, click, []
04-13 11:53:42.162 24122 24172 D Detox   : class com.wix.detox.espresso.EspressoDetox, perform, [androidx.test.espresso.ViewInteraction@3580e98, com.wix.detox.espresso.action.RNClickAction@280b6f1]
04-13 11:53:42.169 24122 24122 I ViewInteraction: Performing 'com.wix.detox.espresso.action.detoxsingletap@7f182d6 click' action on view (with tag value: is "successInitButton" and view has effective visibility=VISIBLE)
04-13 11:53:42.217 24122 24122 I Detox   : UIManagerModule is busy
04-13 11:53:42.320 24122 24166 D AppsFlyer_6.2.0: Initializing AppsFlyer SDK: (v6.2.0.91)
04-13 11:53:42.552 24122 24193 I TetheringManager: registerTetheringEventCallback:com.detoxtest
04-13 11:53:42.755 24122 24172 I WebSocketClient: At sendAction
04-13 11:53:42.756 24122 24172 D WebSocketClient: Detox Action Sent: invokeResult
04-13 11:53:42.760 24122 24174 I WebSocketClient: At onMessage
04-13 11:53:42.760 24122 24174 I WebSocketClient: At receiveAction
04-13 11:53:42.760 24122 24174 D WebSocketClient: Detox Action Received: invoke
04-13 11:53:42.760 24122 24174 I DetoxManager: onAction: type: invoke params: {"target":{"type":"Class","value":"com.wix.detox.espresso.DetoxAssertion"},"method":"assertMatcher","args":[{"type":"Invocation","value":{"target":{"type":"Class","value":"androidx.test.espresso.Espresso"},"method":"onView","args":[{"type":"Invocation","value":{"target":{"type":"Class","value":"com.wix.detox.espresso.DetoxMatcher"},"method":"matcherForTestId","args":["successInitResult"]}}]}},{"type":"Invocation","value":{"target":{"type":"Class","value":"com.wix.detox.espresso.DetoxMatcher"},"method":"matcherForText","args":["Success"]}}]}
04-13 11:53:42.760 24122 24172 D Detox   : class com.wix.detox.espresso.DetoxMatcher, matcherForTestId, [successInitResult]
04-13 11:53:42.760 24122 24172 D Detox   : class androidx.test.espresso.Espresso, onView, [(with tag value: is "successInitResult" and view has effective visibility=VISIBLE)]
04-13 11:53:42.761 24122 24172 D Detox   : class com.wix.detox.espresso.DetoxMatcher, matcherForText, [Success]
04-13 11:53:42.762 24122 24172 D Detox   : class com.wix.detox.espresso.DetoxAssertion, assertMatcher, [androidx.test.espresso.ViewInteraction@5e26ca4, (with text: is "Success" and view has effective visibility=VISIBLE)]
04-13 11:53:42.769 24122 24122 I ViewInteraction: Checking 'MatchesViewAssertion(Detox){viewMatcher=(with text: is "Success" and view has effective visibility=VISIBLE)}' assertion on view (with tag value: is "successInitResult" and view has effective visibility=VISIBLE)
04-13 11:53:42.769 24122 24172 I WebSocketClient: At sendAction
04-13 11:53:42.769 24122 24172 D WebSocketClient: Detox Action Sent: invokeResult
04-13 11:53:42.811 24122 24174 I WebSocketClient: At onMessage
04-13 11:53:42.811 24122 24174 I WebSocketClient: At receiveAction
04-13 11:53:42.812 24122 24174 D WebSocketClient: Detox Action Received: invoke
04-13 11:53:42.812 24122 24174 I DetoxManager: onAction: type: invoke params: {"target":{"type":"Class","value":"com.wix.detox.espresso.DetoxAssertion"},"method":"assertMatcher","args":[{"type":"Invocation","value":{"target":{"type":"Class","value":"androidx.test.espresso.Espresso"},"method":"onView","args":[{"type":"Invocation","value":{"target":{"type":"Class","value":"com.wix.detox.espresso.DetoxMatcher"},"method":"matcherForTestId","args":["noDevKeyButton"]}}]}},{"type":"Invocation","value":{"target":{"type":"Class","value":"com.wix.detox.espresso.DetoxMatcher"},"method":"matcherForSufficientlyVisible","args":[]}}]}
04-13 11:53:42.812 24122 24172 D Detox   : class com.wix.detox.espresso.DetoxMatcher, matcherForTestId, [noDevKeyButton]
04-13 11:53:42.813 24122 24172 D Detox   : class androidx.test.espresso.Espresso, onView, [(with tag value: is "noDevKeyButton" and view has effective visibility=VISIBLE)]
04-13 11:53:42.813 24122 24172 D Detox   : class com.wix.detox.espresso.DetoxMatcher, matcherForSufficientlyVisible, []
04-13 11:53:42.813 24122 24172 D Detox   : class com.wix.detox.espresso.DetoxAssertion, assertMatcher, [androidx.test.espresso.ViewInteraction@95a6a0d, at least 75 percent of the view's area is displayed to the user.]
04-13 11:53:42.819 24122 24122 I ViewInteraction: Checking 'MatchesViewAssertion(Detox){viewMatcher=at least 75 percent of the view's area is displayed to the user.}' assertion on view (with tag value: is "noDevKeyButton" and view has effective visibility=VISIBLE)
04-13 11:53:42.823 24122 24172 I WebSocketClient: At sendAction
04-13 11:53:42.829 24122 24172 D WebSocketClient: Detox Action Sent: invokeResult
04-13 11:53:42.848 24122 24174 I WebSocketClient: At onMessage
04-13 11:53:42.848 24122 24174 I WebSocketClient: At receiveAction
04-13 11:53:42.848 24122 24174 D WebSocketClient: Detox Action Received: invoke
04-13 11:53:42.849 24122 24174 I DetoxManager: onAction: type: invoke params: {"target":{"type":"Class","value":"com.wix.detox.espresso.EspressoDetox"},"method":"perform","args":[{"type":"Invocation","value":{"target":{"type":"Class","value":"androidx.test.espresso.Espresso"},"method":"onView","args":[{"type":"Invocation","value":{"target":{"type":"Class","value":"com.wix.detox.espresso.DetoxMatcher"},"method":"matcherForTestId","args":["noDevKeyButton"]}}]}},{"type":"Invocation","value":{"target":{"type":"Class","value":"com.wix.detox.espresso.DetoxViewActions"},"method":"click","args":[]}}]}
04-13 11:53:42.849 24122 24172 D Detox   : class com.wix.detox.espresso.DetoxMatcher, matcherForTestId, [noDevKeyButton]
04-13 11:53:42.851 24122 24172 D Detox   : class androidx.test.espresso.Espresso, onView, [(with tag value: is "noDevKeyButton" and view has effective visibility=VISIBLE)]
04-13 11:53:42.853 24122 24172 D Detox   : class com.wix.detox.espresso.DetoxViewActions, click, []
04-13 11:53:42.853 24122 24172 D Detox   : class com.wix.detox.espresso.EspressoDetox, perform, [androidx.test.espresso.ViewInteraction@add4dc2, com.wix.detox.espresso.action.RNClickAction@3f767d3]
04-13 11:53:42.864 24122 24122 I ViewInteraction: Performing 'com.wix.detox.espresso.action.detoxsingletap@22baf10 click' action on view (with tag value: is "noDevKeyButton" and view has effective visibility=VISIBLE)
04-13 11:53:43.049 24122 24134 I com.detoxtest: Background concurrent copying GC freed 218997(11MB) AllocSpace objects, 23(932KB) LOS objects, 49% free, 4228KB/8456KB, paused 497us total 127.490ms
04-13 11:53:43.295 24122 24172 I WebSocketClient: At sendAction
04-13 11:53:43.295 24122 24172 D WebSocketClient: Detox Action Sent: invokeResult
04-13 11:53:43.299 24122 24174 I WebSocketClient: At onMessage
04-13 11:53:43.299 24122 24174 I WebSocketClient: At receiveAction
04-13 11:53:43.299 24122 24174 D WebSocketClient: Detox Action Received: invoke
04-13 11:53:43.300 24122 24174 I DetoxManager: onAction: type: invoke params: {"target":{"type":"Class","value":"com.wix.detox.espresso.DetoxAssertion"},"method":"assertMatcher","args":[{"type":"Invocation","value":{"target":{"type":"Class","value":"androidx.test.espresso.Espresso"},"method":"onView","args":[{"type":"Invocation","value":{"target":{"type":"Class","value":"com.wix.detox.espresso.DetoxMatcher"},"method":"matcherForTestId","args":["noDevKeyInitResult"]}}]}},{"type":"Invocation","value":{"target":{"type":"Class","value":"com.wix.detox.espresso.DetoxMatcher"},"method":"matcherForText","args":["No 'devKey' found or its emty"]}}]}
04-13 11:53:43.300 24122 24172 D Detox   : class com.wix.detox.espresso.DetoxMatcher, matcherForTestId, [noDevKeyInitResult]
04-13 11:53:43.300 24122 24172 D Detox   : class androidx.test.espresso.Espresso, onView, [(with tag value: is "noDevKeyInitResult" and view has effective visibility=VISIBLE)]
04-13 11:53:43.301 24122 24172 D Detox   : class com.wix.detox.espresso.DetoxMatcher, matcherForText, [No 'devKey' found or its emty]
04-13 11:53:43.301 24122 24172 D Detox   : class com.wix.detox.espresso.DetoxAssertion, assertMatcher, [androidx.test.espresso.ViewInteraction@4f78c82, (with text: is "No 'devKey' found or its emty" and view has effective visibility=VISIBLE)]
04-13 11:53:43.304 24122 24122 I ViewInteraction: Checking 'MatchesViewAssertion(Detox){viewMatcher=(with text: is "No 'devKey' found or its emty" and view has effective visibility=VISIBLE)}' assertion on view (with tag value: is "noDevKeyInitResult" and view has effective visibility=VISIBLE)
04-13 11:53:43.309 24122 24172 I DetoxActionHandlers: Test exception
04-13 11:53:43.309 24122 24172 I DetoxActionHandlers: java.lang.reflect.InvocationTargetException
04-13 11:53:43.309 24122 24172 I DetoxActionHandlers: 	at java.lang.reflect.Method.invoke(Native Method)
04-13 11:53:43.309 24122 24172 I DetoxActionHandlers: 	at org.apache.commons.lang3.reflect.MethodUtils.invokeStaticMethod(MethodUtils.java:443)
04-13 11:53:43.309 24122 24172 I DetoxActionHandlers: 	at org.apache.commons.lang3.reflect.MethodUtils.invokeStaticMethod(MethodUtils.java:405)
04-13 11:53:43.309 24122 24172 I DetoxActionHandlers: 	at com.wix.invoke.types.ClassTarget.execute(ClassTarget.java:23)
04-13 11:53:43.309 24122 24172 I DetoxActionHandlers: 	at com.wix.invoke.types.Target.invoke(Target.java:59)
04-13 11:53:43.309 24122 24172 I DetoxActionHandlers: 	at com.wix.invoke.MethodInvocation.invoke(MethodInvocation.java:35)
04-13 11:53:43.309 24122 24172 I DetoxActionHandlers: 	at com.wix.invoke.MethodInvocation.invoke(MethodInvocation.java:26)
04-13 11:53:43.309 24122 24172 I DetoxActionHandlers: 	at com.wix.invoke.MethodInvocation.invoke(MethodInvocation.java:20)
04-13 11:53:43.309 24122 24172 I DetoxActionHandlers: 	at com.wix.detox.InvokeActionHandler.handle(DetoxActionHandlers.kt:55)
04-13 11:53:43.309 24122 24172 I DetoxActionHandlers: 	at com.wix.detox.DetoxManager$4.run(DetoxManager.java:116)
04-13 11:53:43.309 24122 24172 I DetoxActionHandlers: 	at android.os.Handler.handleCallback(Handler.java:907)
04-13 11:53:43.309 24122 24172 I DetoxActionHandlers: 	at android.os.Handler.dispatchMessage(Handler.java:99)
04-13 11:53:43.309 24122 24172 I DetoxActionHandlers: 	at android.os.Looper.loop(Looper.java:223)
04-13 11:53:43.309 24122 24172 I DetoxActionHandlers: 	at com.wix.detox.Detox$1.run(Detox.java:214)
04-13 11:53:43.309 24122 24172 I DetoxActionHandlers: 	at java.lang.Thread.run(Thread.java:923)
04-13 11:53:43.309 24122 24172 I DetoxActionHandlers: Caused by: androidx.test.espresso.base.DefaultFailureHandler$AssertionFailedWithCauseError: '(with text: is "No 'devKey' found or its emty" and view has effective visibility=VISIBLE)' doesn't match the selected view.
04-13 11:53:43.309 24122 24172 I DetoxActionHandlers: Expected: (with text: is "No 'devKey' found or its emty" and view has effective visibility=VISIBLE)
04-13 11:53:43.309 24122 24172 I DetoxActionHandlers:      Got: "ReactTextView{id=25, visibility=VISIBLE, width=1020, height=81, has-focus=false, has-focusable=false, has-window-focus=true, is-clickable=false, is-enabled=true, is-focused=false, is-focusable=false, is-layout-requested=true, is-selected=false, layout-params=android.view.ViewGroup$LayoutParams@62eebd0, tag=noDevKeyInitResult, root-is-layout-requested=false, has-input-connection=false, x=30.0, y=381.0, text=No 'devKey' found or its empty, input-type=0, ime-target=false, has-links=false}"
04-13 11:53:43.309 24122 24172 I DetoxActionHandlers: 
04-13 11:53:43.309 24122 24172 I DetoxActionHandlers: 	at dalvik.system.VMStack.getThreadStackTrace(Native Method)
04-13 11:53:43.309 24122 24172 I DetoxActionHandlers: 	at java.lang.Thread.getStackTrace(Thread.java:1736)
04-13 11:53:43.309 24122 24172 I DetoxActionHandlers: 	at androidx.test.espresso.base.DefaultFailureHandler.getUserFriendlyError(DefaultFailureHandler.java:96)
04-13 11:53:43.309 24122 24172 I DetoxActionHandlers: 	at androidx.test.espresso.base.DefaultFailureHandler.handle(DefaultFailureHandler.java:59)
04-13 11:53:43.309 24122 24172 I DetoxActionHandlers: 	at androidx.test.espresso.ViewInteraction.waitForAndHandleInteractionResults(ViewInteraction.java:324)
04-13 11:53:43.309 24122 24172 I DetoxActionHandlers: 	at androidx.test.espresso.ViewInteraction.check(ViewInteraction.java:306)
04-13 11:53:43.309 24122 24172 I DetoxActionHandlers: 	at com.wix.detox.espresso.DetoxAssertion.assertMatcher(DetoxAssertion.java:32)
04-13 11:53:43.309 24122 24172 I DetoxActionHandlers: 	... 15 more
04-13 11:53:43.309 24122 24172 I DetoxActionHandlers: Caused by: junit.framework.AssertionFailedError: '(with text: is "No 'devKey' found or its emty" and view has effective visibility=VISIBLE)' doesn't match the selected view.
04-13 11:53:43.309 24122 24172 I DetoxActionHandlers: Expected: (with text: is "No 'devKey' found or its emty" and view has effective visibility=VISIBLE)
04-13 11:53:43.309 24122 24172 I DetoxActionHandlers:      Got: "ReactTextView{id=25, visibility=VISIBLE, width=1020, height=81, has-focus=false, has-focusable=false, has-window-focus=true, is-clickable=false, is-enabled=true, is-focused=false, is-focusable=false, is-layout-requested=true, is-selected=false, layout-params=android.view.ViewGroup$LayoutParams@62eebd0, tag=noDevKeyInitResult, root-is-layout-requested=false, has-input-connection=false, x=30.0, y=381.0, text=No 'devKey' found or its empty, input-type=0, ime-target=false, has-links=false}"
04-13 11:53:43.309 24122 24172 I DetoxActionHandlers: 
04-13 11:53:43.309 24122 24172 I DetoxActionHandlers: 	at androidx.test.espresso.matcher.ViewMatchers.assertThat(ViewMatchers.java:540)
04-13 11:53:43.309 24122 24172 I DetoxActionHandlers: 	at com.wix.detox.espresso.assertion.ViewAssertions$MatchesViewAssertion.check(ViewAssertions.java:52)
04-13 11:53:43.309 24122 24172 I DetoxActionHandlers: 	at androidx.test.espresso.ViewInteraction$SingleExecutionViewAssertion.check(ViewInteraction.java:425)
04-13 11:53:43.309 24122 24172 I DetoxActionHandlers: 	at androidx.test.espresso.ViewInteraction$2.call(ViewInteraction.java:288)
04-13 11:53:43.309 24122 24172 I DetoxActionHandlers: 	at androidx.test.espresso.ViewInteraction$2.call(ViewInteraction.java:272)
04-13 11:53:43.309 24122 24172 I DetoxActionHandlers: 	at java.util.concurrent.FutureTask.run(FutureTask.java:266)
04-13 11:53:43.309 24122 24172 I DetoxActionHandlers: 	at android.os.Handler.handleCallback(Handler.java:907)
04-13 11:53:43.309 24122 24172 I DetoxActionHandlers: 	at android.os.Handler.dispatchMessage(Handler.java:99)
04-13 11:53:43.309 24122 24172 I DetoxActionHandlers: 	at android.os.Looper.loop(Looper.java:223)
04-13 11:53:43.309 24122 24172 I DetoxActionHandlers: 	at android.app.ActivityThread.main(ActivityThread.java:7478)
04-13 11:53:43.309 24122 24172 I DetoxActionHandlers: 	at java.lang.reflect.Method.invoke(Native Method)
04-13 11:53:43.309 24122 24172 I DetoxActionHandlers: 	at com.android.internal.os.RuntimeInit$MethodAndArgsCaller.run(RuntimeInit.java:549)
04-13 11:53:43.309 24122 24172 I DetoxActionHandlers: 	at com.android.internal.os.ZygoteInit.main(ZygoteInit.java:941)
04-13 11:53:43.322 24122 24172 I WebSocketClient: At sendAction
04-13 11:53:43.322 24122 24172 D WebSocketClient: Detox Action Sent: testFailed
