--------- beginning of main
04-13 11:29:28.164 20499 20586 I TetheringManager: registerTetheringEventCallback:com.detoxtest
04-13 11:29:28.236 20499 20543 I WebSocketClient: At sendAction
04-13 11:29:28.236 20499 20543 D WebSocketClient: Detox Action Sent: invokeResult
04-13 11:29:28.240 20499 20555 I WebSocketClient: At onMessage
04-13 11:29:28.240 20499 20555 I WebSocketClient: At receiveAction
04-13 11:29:28.240 20499 20555 D WebSocketClient: Detox Action Received: invoke
04-13 11:29:28.240 20499 20555 I DetoxManager: onAction: type: invoke params: {"target":{"type":"Class","value":"com.wix.detox.espresso.DetoxAssertion"},"method":"assertMatcher","args":[{"type":"Invocation","value":{"target":{"type":"Class","value":"androidx.test.espresso.Espresso"},"method":"onView","args":[{"type":"Invocation","value":{"target":{"type":"Class","value":"com.wix.detox.espresso.DetoxMatcher"},"method":"matcherForTestId","args":["successInitResult"]}}]}},{"type":"Invocation","value":{"target":{"type":"Class","value":"com.wix.detox.espresso.DetoxMatcher"},"method":"matcherForText","args":["Success"]}}]}
04-13 11:29:28.241 20499 20543 D Detox   : class com.wix.detox.espresso.DetoxMatcher, matcherForTestId, [successInitResult]
04-13 11:29:28.241 20499 20543 D Detox   : class androidx.test.espresso.Espresso, onView, [(with tag value: is "successInitResult" and view has effective visibility=VISIBLE)]
04-13 11:29:28.241 20499 20543 D Detox   : class com.wix.detox.espresso.DetoxMatcher, matcherForText, [Success]
04-13 11:29:28.243 20499 20543 D Detox   : class com.wix.detox.espresso.DetoxAssertion, assertMatcher, [androidx.test.espresso.ViewInteraction@fc6f07d, (with text: is "Success" and view has effective visibility=VISIBLE)]
04-13 11:29:28.258 20499 20499 I ViewInteraction: Checking 'MatchesViewAssertion(Detox){viewMatcher=(with text: is "Success" and view has effective visibility=VISIBLE)}' assertion on view (with tag value: is "successInitResult" and view has effective visibility=VISIBLE)
04-13 11:29:28.261 20499 20543 I DetoxActionHandlers: Test exception
04-13 11:29:28.261 20499 20543 I DetoxActionHandlers: java.lang.reflect.InvocationTargetException
04-13 11:29:28.261 20499 20543 I DetoxActionHandlers: 	at java.lang.reflect.Method.invoke(Native Method)
04-13 11:29:28.261 20499 20543 I DetoxActionHandlers: 	at org.apache.commons.lang3.reflect.MethodUtils.invokeStaticMethod(MethodUtils.java:443)
04-13 11:29:28.261 20499 20543 I DetoxActionHandlers: 	at org.apache.commons.lang3.reflect.MethodUtils.invokeStaticMethod(MethodUtils.java:405)
04-13 11:29:28.261 20499 20543 I DetoxActionHandlers: 	at com.wix.invoke.types.ClassTarget.execute(ClassTarget.java:23)
04-13 11:29:28.261 20499 20543 I DetoxActionHandlers: 	at com.wix.invoke.types.Target.invoke(Target.java:59)
04-13 11:29:28.261 20499 20543 I DetoxActionHandlers: 	at com.wix.invoke.MethodInvocation.invoke(MethodInvocation.java:35)
04-13 11:29:28.261 20499 20543 I DetoxActionHandlers: 	at com.wix.invoke.MethodInvocation.invoke(MethodInvocation.java:26)
04-13 11:29:28.261 20499 20543 I DetoxActionHandlers: 	at com.wix.invoke.MethodInvocation.invoke(MethodInvocation.java:20)
04-13 11:29:28.261 20499 20543 I DetoxActionHandlers: 	at com.wix.detox.InvokeActionHandler.handle(DetoxActionHandlers.kt:55)
04-13 11:29:28.261 20499 20543 I DetoxActionHandlers: 	at com.wix.detox.DetoxManager$4.run(DetoxManager.java:116)
04-13 11:29:28.261 20499 20543 I DetoxActionHandlers: 	at android.os.Handler.handleCallback(Handler.java:907)
04-13 11:29:28.261 20499 20543 I DetoxActionHandlers: 	at android.os.Handler.dispatchMessage(Handler.java:99)
04-13 11:29:28.261 20499 20543 I DetoxActionHandlers: 	at android.os.Looper.loop(Looper.java:223)
04-13 11:29:28.261 20499 20543 I DetoxActionHandlers: 	at com.wix.detox.Detox$1.run(Detox.java:214)
04-13 11:29:28.261 20499 20543 I DetoxActionHandlers: 	at java.lang.Thread.run(Thread.java:923)
04-13 11:29:28.261 20499 20543 I DetoxActionHandlers: Caused by: androidx.test.espresso.base.DefaultFailureHandler$AssertionFailedWithCauseError: '(with text: is "Success" and view has effective visibility=VISIBLE)' doesn't match the selected view.
04-13 11:29:28.261 20499 20543 I DetoxActionHandlers: Expected: (with text: is "Success" and view has effective visibility=VISIBLE)
04-13 11:29:28.261 20499 20543 I DetoxActionHandlers:      Got: null
04-13 11:29:28.261 20499 20543 I DetoxActionHandlers: 
04-13 11:29:28.261 20499 20543 I DetoxActionHandlers: 	at dalvik.system.VMStack.getThreadStackTrace(Native Method)
04-13 11:29:28.261 20499 20543 I DetoxActionHandlers: 	at java.lang.Thread.getStackTrace(Thread.java:1736)
04-13 11:29:28.261 20499 20543 I DetoxActionHandlers: 	at androidx.test.espresso.base.DefaultFailureHandler.getUserFriendlyError(DefaultFailureHandler.java:96)
04-13 11:29:28.261 20499 20543 I DetoxActionHandlers: 	at androidx.test.espresso.base.DefaultFailureHandler.handle(DefaultFailureHandler.java:59)
04-13 11:29:28.261 20499 20543 I DetoxActionHandlers: 	at androidx.test.espresso.ViewInteraction.waitForAndHandleInteractionResults(ViewInteraction.java:324)
04-13 11:29:28.261 20499 20543 I DetoxActionHandlers: 	at androidx.test.espresso.ViewInteraction.check(ViewInteraction.java:306)
04-13 11:29:28.261 20499 20543 I DetoxActionHandlers: 	at com.wix.detox.espresso.DetoxAssertion.assertMatcher(DetoxAssertion.java:32)
04-13 11:29:28.261 20499 20543 I DetoxActionHandlers: 	... 15 more
04-13 11:29:28.261 20499 20543 I DetoxActionHandlers: Caused by: junit.framework.AssertionFailedError: '(with text: is "Success" and view has effective visibility=VISIBLE)' doesn't match the selected view.
04-13 11:29:28.261 20499 20543 I DetoxActionHandlers: Expected: (with text: is "Success" and view has effective visibility=VISIBLE)
04-13 11:29:28.261 20499 20543 I DetoxActionHandlers:      Got: null
04-13 11:29:28.261 20499 20543 I DetoxActionHandlers: 
04-13 11:29:28.261 20499 20543 I DetoxActionHandlers: 	at androidx.test.espresso.matcher.ViewMatchers.assertThat(ViewMatchers.java:540)
04-13 11:29:28.261 20499 20543 I DetoxActionHandlers: 	at com.wix.detox.espresso.assertion.ViewAssertions$MatchesViewAssertion.check(ViewAssertions.java:52)
04-13 11:29:28.261 20499 20543 I DetoxActionHandlers: 	at androidx.test.espresso.ViewInteraction$SingleExecutionViewAssertion.check(ViewInteraction.java:425)
04-13 11:29:28.261 20499 20543 I DetoxActionHandlers: 	at androidx.test.espresso.ViewInteraction$2.call(ViewInteraction.java:288)
04-13 11:29:28.261 20499 20543 I DetoxActionHandlers: 	at androidx.test.espresso.ViewInteraction$2.call(ViewInteraction.java:272)
04-13 11:29:28.261 20499 20543 I DetoxActionHandlers: 	at java.util.concurrent.FutureTask.run(FutureTask.java:266)
04-13 11:29:28.261 20499 20543 I DetoxActionHandlers: 	at android.os.Handler.handleCallback(Handler.java:907)
04-13 11:29:28.261 20499 20543 I DetoxActionHandlers: 	at android.os.Handler.dispatchMessage(Handler.java:99)
04-13 11:29:28.261 20499 20543 I DetoxActionHandlers: 	at android.os.Looper.loop(Looper.java:223)
04-13 11:29:28.261 20499 20543 I DetoxActionHandlers: 	at android.app.ActivityThread.main(ActivityThread.java:7478)
04-13 11:29:28.261 20499 20543 I DetoxActionHandlers: 	at java.lang.reflect.Method.invoke(Native Method)
04-13 11:29:28.261 20499 20543 I DetoxActionHandlers: 	at com.android.internal.os.RuntimeInit$MethodAndArgsCaller.run(RuntimeInit.java:549)
04-13 11:29:28.261 20499 20543 I DetoxActionHandlers: 	at com.android.internal.os.ZygoteInit.main(ZygoteInit.java:941)
04-13 11:29:28.284 20499 20543 I WebSocketClient: At sendAction
04-13 11:29:28.284 20499 20543 D WebSocketClient: Detox Action Sent: testFailed
04-13 11:29:28.339 20499 20555 I WebSocketClient: At onMessage
04-13 11:29:28.339 20499 20555 I WebSocketClient: At receiveAction
04-13 11:29:28.339 20499 20555 D WebSocketClient: Detox Action Received: reactNativeReload
04-13 11:29:28.339 20499 20555 I DetoxManager: onAction: type: reactNativeReload params: {}
04-13 11:29:28.357 20499 20543 I DetoxRNExt: Reloading React Native
04-13 11:29:28.392 20499 20597 E unknown:ReactNative: ReactInstanceManager.createReactContext: mJSIModulePackage null
04-13 11:29:28.398 20499 20599 E unknown:ReactNative: ReactInstanceManager.attachRootViewToInstance()
04-13 11:29:28.399 20499 20599 W unknown:ViewManagerPropertyUpdater: Could not find generated setter for class com.facebook.react.views.art.ARTGroupViewManager
04-13 11:29:28.399 20499 20599 W unknown:ViewManagerPropertyUpdater: Could not find generated setter for class com.facebook.react.views.art.ARTGroupShadowNode
04-13 11:29:28.400 20499 20599 W unknown:ViewManagerPropertyUpdater: Could not find generated setter for class com.facebook.react.views.art.ARTShapeViewManager
04-13 11:29:28.400 20499 20599 W unknown:ViewManagerPropertyUpdater: Could not find generated setter for class com.facebook.react.views.art.ARTShapeShadowNode
04-13 11:29:28.400 20499 20599 W unknown:ViewManagerPropertyUpdater: Could not find generated setter for class com.facebook.react.views.art.ARTTextViewManager
04-13 11:29:28.400 20499 20599 W unknown:ViewManagerPropertyUpdater: Could not find generated setter for class com.facebook.react.views.art.ARTTextShadowNode
04-13 11:29:28.401 20499 20599 W unknown:ViewManagerPropertyUpdater: Could not find generated setter for class com.facebook.react.views.checkbox.ReactCheckBoxManager
04-13 11:29:28.402 20499 20599 W unknown:ViewManagerPropertyUpdater: Could not find generated setter for class com.facebook.react.uimanager.LayoutShadowNode
04-13 11:29:28.405 20499 20598 E ReactNativeJNI: logMarker CREATE_REACT_CONTEXT_END
04-13 11:29:28.405 20499 20598 E ReactNativeJNI: logMarker RUN_JS_BUNDLE_START
04-13 11:29:28.406 20499 20599 W unknown:ViewManagerPropertyUpdater: Could not find generated setter for class com.facebook.react.views.picker.ReactDialogPickerManager
04-13 11:29:28.407 20499 20599 W unknown:ViewManagerPropertyUpdater: Could not find generated setter for class com.facebook.react.views.drawer.ReactDrawerLayoutManager
04-13 11:29:28.407 20499 20599 W unknown:ViewManagerPropertyUpdater: Could not find generated setter for class com.facebook.react.views.picker.ReactDropdownPickerManager
04-13 11:29:28.408 20499 20599 W unknown:ViewManagerPropertyUpdater: Could not find generated setter for class com.facebook.react.views.scroll.ReactHorizontalScrollViewManager
04-13 11:29:28.418 20499 20599 W unknown:ViewManagerPropertyUpdater: Could not find generated setter for class com.facebook.react.views.scroll.ReactHorizontalScrollContainerViewManager
04-13 11:29:28.418 20499 20599 W unknown:ViewManagerPropertyUpdater: Could not find generated setter for class com.facebook.react.views.progressbar.ReactProgressBarViewManager
04-13 11:29:28.419 20499 20599 W unknown:ViewManagerPropertyUpdater: Could not find generated setter for class com.facebook.react.views.progressbar.ProgressBarShadowNode
04-13 11:29:28.420 20499 20599 W unknown:ViewManagerPropertyUpdater: Could not find generated setter for class com.facebook.react.views.scroll.ReactScrollViewManager
04-13 11:29:28.421 20499 20599 W unknown:ViewManagerPropertyUpdater: Could not find generated setter for class com.facebook.react.views.slider.ReactSliderManager
04-13 11:29:28.422 20499 20599 W unknown:ViewManagerPropertyUpdater: Could not find generated setter for class com.facebook.react.views.slider.ReactSliderManager$ReactSliderShadowNode
04-13 11:29:28.422 20499 20599 W unknown:ViewManagerPropertyUpdater: Could not find generated setter for class com.facebook.react.views.switchview.ReactSwitchManager
04-13 11:29:28.426 20499 20599 W unknown:ViewManagerPropertyUpdater: Could not find generated setter for class com.facebook.react.views.switchview.ReactSwitchManager$ReactSwitchShadowNode
04-13 11:29:28.426 20499 20599 W unknown:ViewManagerPropertyUpdater: Could not find generated setter for class com.facebook.react.views.swiperefresh.SwipeRefreshLayoutManager
04-13 11:29:28.430 20499 20599 W unknown:ViewManagerPropertyUpdater: Could not find generated setter for class com.facebook.react.views.art.ARTSurfaceViewManager
04-13 11:29:28.430 20499 20599 W unknown:ViewManagerPropertyUpdater: Could not find generated setter for class com.facebook.react.views.art.ARTSurfaceViewShadowNode
04-13 11:29:28.431 20499 20599 W unknown:ViewManagerPropertyUpdater: Could not find generated setter for class com.facebook.react.views.text.frescosupport.FrescoBasedReactTextInlineImageViewManager
04-13 11:29:28.431 20499 20599 W unknown:ViewManagerPropertyUpdater: Could not find generated setter for class com.facebook.react.views.text.frescosupport.FrescoBasedReactTextInlineImageShadowNode
04-13 11:29:28.432 20499 20599 W unknown:ViewManagerPropertyUpdater: Could not find generated setter for class com.facebook.react.views.image.ReactImageManager
04-13 11:29:28.432 20499 20599 W unknown:ViewManagerPropertyUpdater: Could not find generated setter for class com.facebook.react.views.modal.ReactModalHostManager
04-13 11:29:28.433 20499 20599 W unknown:ViewManagerPropertyUpdater: Could not find generated setter for class com.facebook.react.views.modal.ModalHostShadowNode
04-13 11:29:28.433 20499 20599 W unknown:ViewManagerPropertyUpdater: Could not find generated setter for class com.facebook.react.views.text.ReactRawTextManager
04-13 11:29:28.433 20499 20599 W unknown:ViewManagerPropertyUpdater: Could not find generated setter for class com.facebook.react.views.text.ReactRawTextShadowNode
04-13 11:29:28.433 20499 20599 W unknown:ViewManagerPropertyUpdater: Could not find generated setter for class com.facebook.react.views.textinput.ReactTextInputManager
04-13 11:29:28.435 20499 20599 W unknown:ViewManagerPropertyUpdater: Could not find generated setter for class com.facebook.react.views.textinput.ReactTextInputShadowNode
04-13 11:29:28.442 20499 20599 W unknown:ViewManagerPropertyUpdater: Could not find generated setter for class com.facebook.react.views.text.ReactTextViewManager
04-13 11:29:28.443 20499 20599 W unknown:ViewManagerPropertyUpdater: Could not find generated setter for class com.facebook.react.views.text.ReactTextShadowNode
04-13 11:29:28.443 20499 20599 W unknown:ViewManagerPropertyUpdater: Could not find generated setter for class com.facebook.react.views.view.ReactViewManager
04-13 11:29:28.444 20499 20599 W unknown:ViewManagerPropertyUpdater: Could not find generated setter for class com.facebook.react.views.viewpager.ReactViewPagerManager
04-13 11:29:28.444 20499 20599 W unknown:ViewManagerPropertyUpdater: Could not find generated setter for class com.facebook.react.views.text.ReactVirtualTextViewManager
04-13 11:29:28.444 20499 20599 W unknown:ViewManagerPropertyUpdater: Could not find generated setter for class com.facebook.react.views.text.ReactVirtualTextShadowNode
04-13 11:29:28.447 20499 20599 E unknown:ReactRootView: runApplication: call AppRegistry.runApplication
04-13 11:29:28.448 20499 20499 I DetoxRNLoading: Got new RN-context async'ly through listener
04-13 11:29:28.448 20499 20543 I DetoxRNIdleRes: Setting up Espresso Idling Resources for React Native.
04-13 11:29:28.454 20499 20543 D AsyncStorageIR: Checking whether a custom IR for Async-Storage is required... (legacy=false)
04-13 11:29:28.454 20499 20543 D DetoxRNHelpers: Native module not resolved: no such class
04-13 11:29:28.454 20499 20543 D AsyncStorageIR: Checking whether a custom IR for Async-Storage is required... (legacy=true)
04-13 11:29:28.455 20499 20543 D AsyncStorageIR: IR for Async-Storage is required! (legacy=true)
04-13 11:29:28.457 20499 20499 D AsyncStorageIRLegacy: Async-storage is busy!
04-13 11:29:28.461 20499 20543 I WebSocketClient: At sendAction
04-13 11:29:28.465 20499 20543 D WebSocketClient: Detox Action Sent: ready
04-13 11:29:28.476 20499 20555 I WebSocketClient: At onMessage
04-13 11:29:28.476 20499 20555 I WebSocketClient: At receiveAction
04-13 11:29:28.476 20499 20555 D WebSocketClient: Detox Action Received: invoke
04-13 11:29:28.476 20499 20555 I DetoxManager: onAction: type: invoke params: {"target":{"type":"Class","value":"com.wix.detox.espresso.DetoxAssertion"},"method":"assertMatcher","args":[{"type":"Invocation","value":{"target":{"type":"Class","value":"androidx.test.espresso.Espresso"},"method":"onView","args":[{"type":"Invocation","value":{"target":{"type":"Class","value":"com.wix.detox.espresso.DetoxMatcher"},"method":"matcherForTestId","args":["noDevKey"]}}]}},{"type":"Invocation","value":{"target":{"type":"Class","value":"com.wix.detox.espresso.DetoxMatcher"},"method":"matcherForSufficientlyVisible","args":[]}}]}
04-13 11:29:28.477 20499 20543 D Detox   : class com.wix.detox.espresso.DetoxMatcher, matcherForTestId, [noDevKey]
04-13 11:29:28.477 20499 20543 D Detox   : class androidx.test.espresso.Espresso, onView, [(with tag value: is "noDevKey" and view has effective visibility=VISIBLE)]
04-13 11:29:28.477 20499 20543 D Detox   : class com.wix.detox.espresso.DetoxMatcher, matcherForSufficientlyVisible, []
04-13 11:29:28.477 20499 20543 D Detox   : class com.wix.detox.espresso.DetoxAssertion, assertMatcher, [androidx.test.espresso.ViewInteraction@62eebd0, at least 75 percent of the view's area is displayed to the user.]
04-13 11:29:28.502 20499 20499 E unknown:ReactNative: Unable to launch logbox because react was unable to create the root view
04-13 11:29:28.540 20499 20598 E ReactNativeJNI: logMarker RUN_JS_BUNDLE_END
04-13 11:29:28.542 20499 20598 I ReactNativeJS: Running "detoxTest" with {"rootTag":21}
04-13 11:29:28.711 20499 20511 I com.detoxtest: Background concurrent copying GC freed 46625(2510KB) AllocSpace objects, 12(460KB) LOS objects, 49% free, 4159KB/8319KB, paused 714us total 122.681ms
04-13 11:29:28.944 20499 20499 I ViewInteraction: Checking 'MatchesViewAssertion(Detox){viewMatcher=at least 75 percent of the view's area is displayed to the user.}' assertion on view (with tag value: is "noDevKey" and view has effective visibility=VISIBLE)
04-13 11:29:28.944 20499 20543 I DetoxActionHandlers: Test exception
04-13 11:29:28.944 20499 20543 I DetoxActionHandlers: java.lang.reflect.InvocationTargetException
04-13 11:29:28.944 20499 20543 I DetoxActionHandlers: 	at java.lang.reflect.Method.invoke(Native Method)
04-13 11:29:28.944 20499 20543 I DetoxActionHandlers: 	at org.apache.commons.lang3.reflect.MethodUtils.invokeStaticMethod(MethodUtils.java:443)
04-13 11:29:28.944 20499 20543 I DetoxActionHandlers: 	at org.apache.commons.lang3.reflect.MethodUtils.invokeStaticMethod(MethodUtils.java:405)
04-13 11:29:28.944 20499 20543 I DetoxActionHandlers: 	at com.wix.invoke.types.ClassTarget.execute(ClassTarget.java:23)
04-13 11:29:28.944 20499 20543 I DetoxActionHandlers: 	at com.wix.invoke.types.Target.invoke(Target.java:59)
04-13 11:29:28.944 20499 20543 I DetoxActionHandlers: 	at com.wix.invoke.MethodInvocation.invoke(MethodInvocation.java:35)
04-13 11:29:28.944 20499 20543 I DetoxActionHandlers: 	at com.wix.invoke.MethodInvocation.invoke(MethodInvocation.java:26)
04-13 11:29:28.944 20499 20543 I DetoxActionHandlers: 	at com.wix.invoke.MethodInvocation.invoke(MethodInvocation.java:20)
04-13 11:29:28.944 20499 20543 I DetoxActionHandlers: 	at com.wix.detox.InvokeActionHandler.handle(DetoxActionHandlers.kt:55)
04-13 11:29:28.944 20499 20543 I DetoxActionHandlers: 	at com.wix.detox.DetoxManager$4.run(DetoxManager.java:116)
04-13 11:29:28.944 20499 20543 I DetoxActionHandlers: 	at android.os.Handler.handleCallback(Handler.java:907)
04-13 11:29:28.944 20499 20543 I DetoxActionHandlers: 	at android.os.Handler.dispatchMessage(Handler.java:99)
04-13 11:29:28.944 20499 20543 I DetoxActionHandlers: 	at android.os.Looper.loop(Looper.java:223)
04-13 11:29:28.944 20499 20543 I DetoxActionHandlers: 	at com.wix.detox.Detox$1.run(Detox.java:214)
04-13 11:29:28.944 20499 20543 I DetoxActionHandlers: 	at java.lang.Thread.run(Thread.java:923)
04-13 11:29:28.944 20499 20543 I DetoxActionHandlers: Caused by: androidx.test.espresso.base.DefaultFailureHandler$AssertionFailedWithCauseError: 'at least 75 percent of the view's area is displayed to the user.' doesn't match the selected view.
04-13 11:29:28.944 20499 20543 I DetoxActionHandlers: Expected: at least 75 percent of the view's area is displayed to the user.
04-13 11:29:28.944 20499 20543 I DetoxActionHandlers:      Got: null
04-13 11:29:28.944 20499 20543 I DetoxActionHandlers: 
04-13 11:29:28.944 20499 20543 I DetoxActionHandlers: 	at dalvik.system.VMStack.getThreadStackTrace(Native Method)
04-13 11:29:28.944 20499 20543 I DetoxActionHandlers: 	at java.lang.Thread.getStackTrace(Thread.java:1736)
04-13 11:29:28.944 20499 20543 I DetoxActionHandlers: 	at androidx.test.espresso.base.DefaultFailureHandler.getUserFriendlyError(DefaultFailureHandler.java:96)
04-13 11:29:28.944 20499 20543 I DetoxActionHandlers: 	at androidx.test.espresso.base.DefaultFailureHandler.handle(DefaultFailureHandler.java:59)
04-13 11:29:28.944 20499 20543 I DetoxActionHandlers: 	at androidx.test.espresso.ViewInteraction.waitForAndHandleInteractionResults(ViewInteraction.java:324)
04-13 11:29:28.944 20499 20543 I DetoxActionHandlers: 	at androidx.test.espresso.ViewInteraction.check(ViewInteraction.java:306)
04-13 11:29:28.944 20499 20543 I DetoxActionHandlers: 	at com.wix.detox.espresso.DetoxAssertion.assertMatcher(DetoxAssertion.java:32)
04-13 11:29:28.944 20499 20543 I DetoxActionHandlers: 	... 15 more
04-13 11:29:28.944 20499 20543 I DetoxActionHandlers: Caused by: junit.framework.AssertionFailedError: 'at least 75 percent of the view's area is displayed to the user.' doesn't match the selected view.
04-13 11:29:28.944 20499 20543 I DetoxActionHandlers: Expected: at least 75 percent of the view's area is displayed to the user.
04-13 11:29:28.944 20499 20543 I DetoxActionHandlers:      Got: null
04-13 11:29:28.944 20499 20543 I DetoxActionHandlers: 
04-13 11:29:28.944 20499 20543 I DetoxActionHandlers: 	at androidx.test.espresso.matcher.ViewMatchers.assertThat(ViewMatchers.java:540)
04-13 11:29:28.944 20499 20543 I DetoxActionHandlers: 	at com.wix.detox.espresso.assertion.ViewAssertions$MatchesViewAssertion.check(ViewAssertions.java:52)
04-13 11:29:28.944 20499 20543 I DetoxActionHandlers: 	at androidx.test.espresso.ViewInteraction$SingleExecutionViewAssertion.check(ViewInteraction.java:425)
04-13 11:29:28.944 20499 20543 I DetoxActionHandlers: 	at androidx.test.espresso.ViewInteraction$2.call(ViewInteraction.java:288)
04-13 11:29:28.944 20499 20543 I DetoxActionHandlers: 	at androidx.test.espresso.ViewInteraction$2.call(ViewInteraction.java:272)
04-13 11:29:28.944 20499 20543 I DetoxActionHandlers: 	at java.util.concurrent.FutureTask.run(FutureTask.java:266)
04-13 11:29:28.944 20499 20543 I DetoxActionHandlers: 	at android.os.Handler.handleCallback(Handler.java:907)
04-13 11:29:28.944 20499 20543 I DetoxActionHandlers: 	at android.os.Handler.dispatchMessage(Handler.java:99)
04-13 11:29:28.944 20499 20543 I DetoxActionHandlers: 	at android.os.Looper.loop(Looper.java:223)
04-13 11:29:28.944 20499 20543 I DetoxActionHandlers: 	at android.app.ActivityThread.main(ActivityThread.java:7478)
04-13 11:29:28.944 20499 20543 I DetoxActionHandlers: 	at java.lang.reflect.Method.invoke(Native Method)
04-13 11:29:28.944 20499 20543 I DetoxActionHandlers: 	at com.android.internal.os.RuntimeInit$MethodAndArgsCaller.run(RuntimeInit.java:549)
04-13 11:29:28.944 20499 20543 I DetoxActionHandlers: 	at com.android.internal.os.ZygoteInit.main(ZygoteInit.java:941)
04-13 11:29:28.945 20499 20543 I WebSocketClient: At sendAction
04-13 11:29:28.945 20499 20543 D WebSocketClient: Detox Action Sent: testFailed
