--------- beginning of main
04-13 11:35:10.111 21988 22059 I TetheringManager: registerTetheringEventCallback:com.detoxtest
04-13 11:35:10.338 21988 22038 I WebSocketClient: At sendAction
04-13 11:35:10.338 21988 22038 D WebSocketClient: Detox Action Sent: invokeResult
04-13 11:35:10.342 21988 22040 I WebSocketClient: At onMessage
04-13 11:35:10.342 21988 22040 I WebSocketClient: At receiveAction
04-13 11:35:10.342 21988 22040 D WebSocketClient: Detox Action Received: invoke
04-13 11:35:10.342 21988 22040 I DetoxManager: onAction: type: invoke params: {"target":{"type":"Class","value":"com.wix.detox.espresso.DetoxAssertion"},"method":"assertMatcher","args":[{"type":"Invocation","value":{"target":{"type":"Class","value":"androidx.test.espresso.Espresso"},"method":"onView","args":[{"type":"Invocation","value":{"target":{"type":"Class","value":"com.wix.detox.espresso.DetoxMatcher"},"method":"matcherForTestId","args":["successInitResult"]}}]}},{"type":"Invocation","value":{"target":{"type":"Class","value":"com.wix.detox.espresso.DetoxMatcher"},"method":"matcherForText","args":["Success"]}}]}
04-13 11:35:10.343 21988 22038 D Detox   : class com.wix.detox.espresso.DetoxMatcher, matcherForTestId, [successInitResult]
04-13 11:35:10.343 21988 22038 D Detox   : class androidx.test.espresso.Espresso, onView, [(with tag value: is "successInitResult" and view has effective visibility=VISIBLE)]
04-13 11:35:10.343 21988 22038 D Detox   : class com.wix.detox.espresso.DetoxMatcher, matcherForText, [Success]
04-13 11:35:10.344 21988 22038 D Detox   : class com.wix.detox.espresso.DetoxAssertion, assertMatcher, [androidx.test.espresso.ViewInteraction@5e26ca4, (with text: is "Success" and view has effective visibility=VISIBLE)]
04-13 11:35:10.347 21988 21988 I ViewInteraction: Checking 'MatchesViewAssertion(Detox){viewMatcher=(with text: is "Success" and view has effective visibility=VISIBLE)}' assertion on view (with tag value: is "successInitResult" and view has effective visibility=VISIBLE)
04-13 11:35:10.348 21988 22038 I WebSocketClient: At sendAction
04-13 11:35:10.348 21988 22038 D WebSocketClient: Detox Action Sent: invokeResult
04-13 11:35:10.397 21988 22040 I WebSocketClient: At onMessage
04-13 11:35:10.397 21988 22040 I WebSocketClient: At receiveAction
04-13 11:35:10.397 21988 22040 D WebSocketClient: Detox Action Received: invoke
04-13 11:35:10.397 21988 22040 I DetoxManager: onAction: type: invoke params: {"target":{"type":"Class","value":"com.wix.detox.espresso.DetoxAssertion"},"method":"assertMatcher","args":[{"type":"Invocation","value":{"target":{"type":"Class","value":"androidx.test.espresso.Espresso"},"method":"onView","args":[{"type":"Invocation","value":{"target":{"type":"Class","value":"com.wix.detox.espresso.DetoxMatcher"},"method":"matcherForTestId","args":["noDevKeyButton"]}}]}},{"type":"Invocation","value":{"target":{"type":"Class","value":"com.wix.detox.espresso.DetoxMatcher"},"method":"matcherForSufficientlyVisible","args":[]}}]}
04-13 11:35:10.398 21988 22038 D Detox   : class com.wix.detox.espresso.DetoxMatcher, matcherForTestId, [noDevKeyButton]
04-13 11:35:10.399 21988 22038 D Detox   : class androidx.test.espresso.Espresso, onView, [(with tag value: is "noDevKeyButton" and view has effective visibility=VISIBLE)]
04-13 11:35:10.400 21988 22038 D Detox   : class com.wix.detox.espresso.DetoxMatcher, matcherForSufficientlyVisible, []
04-13 11:35:10.401 21988 22038 D Detox   : class com.wix.detox.espresso.DetoxAssertion, assertMatcher, [androidx.test.espresso.ViewInteraction@69ed522, at least 75 percent of the view's area is displayed to the user.]
04-13 11:35:10.420 21988 21988 I ViewInteraction: Checking 'MatchesViewAssertion(Detox){viewMatcher=at least 75 percent of the view's area is displayed to the user.}' assertion on view (with tag value: is "noDevKeyButton" and view has effective visibility=VISIBLE)
04-13 11:35:10.421 21988 22038 I WebSocketClient: At sendAction
04-13 11:35:10.425 21988 22038 D WebSocketClient: Detox Action Sent: invokeResult
04-13 11:35:10.429 21988 22040 I WebSocketClient: At onMessage
04-13 11:35:10.429 21988 22040 I WebSocketClient: At receiveAction
04-13 11:35:10.429 21988 22040 D WebSocketClient: Detox Action Received: invoke
04-13 11:35:10.429 21988 22040 I DetoxManager: onAction: type: invoke params: {"target":{"type":"Class","value":"com.wix.detox.espresso.EspressoDetox"},"method":"perform","args":[{"type":"Invocation","value":{"target":{"type":"Class","value":"androidx.test.espresso.Espresso"},"method":"onView","args":[{"type":"Invocation","value":{"target":{"type":"Class","value":"com.wix.detox.espresso.DetoxMatcher"},"method":"matcherForTestId","args":["noDevKeyButton"]}}]}},{"type":"Invocation","value":{"target":{"type":"Class","value":"com.wix.detox.espresso.DetoxViewActions"},"method":"click","args":[]}}]}
04-13 11:35:10.430 21988 22038 D Detox   : class com.wix.detox.espresso.DetoxMatcher, matcherForTestId, [noDevKeyButton]
04-13 11:35:10.431 21988 22038 D Detox   : class androidx.test.espresso.Espresso, onView, [(with tag value: is "noDevKeyButton" and view has effective visibility=VISIBLE)]
04-13 11:35:10.433 21988 22038 D Detox   : class com.wix.detox.espresso.DetoxViewActions, click, []
04-13 11:35:10.434 21988 22038 D Detox   : class com.wix.detox.espresso.EspressoDetox, perform, [androidx.test.espresso.ViewInteraction@dd4bb3, com.wix.detox.espresso.action.RNClickAction@abbf570]
04-13 11:35:10.437 21988 21988 I ViewInteraction: Performing 'com.wix.detox.espresso.action.detoxsingletap@b6fd0e9 click' action on view (with tag value: is "noDevKeyButton" and view has effective visibility=VISIBLE)
04-13 11:35:10.612 21988 22000 I com.detoxtest: Background concurrent copying GC freed 227994(11MB) AllocSpace objects, 23(932KB) LOS objects, 49% free, 4212KB/8424KB, paused 599us total 137.456ms
04-13 11:35:10.853 21988 22038 I WebSocketClient: At sendAction
04-13 11:35:10.854 21988 22038 D WebSocketClient: Detox Action Sent: invokeResult
04-13 11:35:10.857 21988 22040 I WebSocketClient: At onMessage
04-13 11:35:10.857 21988 22040 I WebSocketClient: At receiveAction
04-13 11:35:10.857 21988 22040 D WebSocketClient: Detox Action Received: invoke
04-13 11:35:10.857 21988 22040 I DetoxManager: onAction: type: invoke params: {"target":{"type":"Class","value":"com.wix.detox.espresso.DetoxAssertion"},"method":"assertMatcher","args":[{"type":"Invocation","value":{"target":{"type":"Class","value":"androidx.test.espresso.Espresso"},"method":"onView","args":[{"type":"Invocation","value":{"target":{"type":"Class","value":"com.wix.detox.espresso.DetoxMatcher"},"method":"matcherForTestId","args":["noDevKeyInitResult"]}}]}},{"type":"Invocation","value":{"target":{"type":"Class","value":"com.wix.detox.espresso.DetoxMatcher"},"method":"matcherForText","args":["No 'devKey' found or its empty"]}}]}
04-13 11:35:10.858 21988 22038 D Detox   : class com.wix.detox.espresso.DetoxMatcher, matcherForTestId, [noDevKeyInitResult]
04-13 11:35:10.858 21988 22038 D Detox   : class androidx.test.espresso.Espresso, onView, [(with tag value: is "noDevKeyInitResult" and view has effective visibility=VISIBLE)]
04-13 11:35:10.858 21988 22038 D Detox   : class com.wix.detox.espresso.DetoxMatcher, matcherForText, [No 'devKey' found or its empty]
04-13 11:35:10.858 21988 22038 D Detox   : class com.wix.detox.espresso.DetoxAssertion, assertMatcher, [androidx.test.espresso.ViewInteraction@4f78c82, (with text: is "No 'devKey' found or its empty" and view has effective visibility=VISIBLE)]
04-13 11:35:10.862 21988 21988 I ViewInteraction: Checking 'MatchesViewAssertion(Detox){viewMatcher=(with text: is "No 'devKey' found or its empty" and view has effective visibility=VISIBLE)}' assertion on view (with tag value: is "noDevKeyInitResult" and view has effective visibility=VISIBLE)
04-13 11:35:10.862 21988 22038 I WebSocketClient: At sendAction
04-13 11:35:10.862 21988 22038 D WebSocketClient: Detox Action Sent: invokeResult
