--------- beginning of main
04-13 11:34:53.005 21736 21736 I ViewInteraction: Checking 'MatchesViewAssertion(Detox){viewMatcher=(with text: is "Success" and view has effective visibility=VISIBLE)}' assertion on view (with tag value: is "successInitResult" and view has effective visibility=VISIBLE)
04-13 11:34:53.005 21736 21786 I WebSocketClient: At sendAction
04-13 11:34:53.005 21736 21786 D WebSocketClient: Detox Action Sent: invokeResult
04-13 11:34:53.047 21736 21788 I WebSocketClient: At onMessage
04-13 11:34:53.047 21736 21788 I WebSocketClient: At receiveAction
04-13 11:34:53.047 21736 21788 D WebSocketClient: Detox Action Received: reactNativeReload
04-13 11:34:53.047 21736 21788 I DetoxManager: onAction: type: reactNativeReload params: {}
04-13 11:34:53.051 21736 21786 I DetoxRNExt: Reloading React Native
04-13 11:34:53.074 21736 21825 E ReactNativeJNI: logMarker CREATE_REACT_CONTEXT_END
04-13 11:34:53.075 21736 21822 E unknown:ReactNative: ReactInstanceManager.createReactContext: mJSIModulePackage null
04-13 11:34:53.080 21736 21825 E ReactNativeJNI: logMarker RUN_JS_BUNDLE_START
04-13 11:34:53.083 21736 21826 E unknown:ReactNative: ReactInstanceManager.attachRootViewToInstance()
04-13 11:34:53.090 21736 21826 W unknown:ViewManagerPropertyUpdater: Could not find generated setter for class com.facebook.react.views.art.ARTGroupViewManager
04-13 11:34:53.091 21736 21826 W unknown:ViewManagerPropertyUpdater: Could not find generated setter for class com.facebook.react.views.art.ARTGroupShadowNode
04-13 11:34:53.092 21736 21826 W unknown:ViewManagerPropertyUpdater: Could not find generated setter for class com.facebook.react.views.art.ARTShapeViewManager
04-13 11:34:53.092 21736 21826 W unknown:ViewManagerPropertyUpdater: Could not find generated setter for class com.facebook.react.views.art.ARTShapeShadowNode
04-13 11:34:53.093 21736 21826 W unknown:ViewManagerPropertyUpdater: Could not find generated setter for class com.facebook.react.views.art.ARTTextViewManager
04-13 11:34:53.093 21736 21826 W unknown:ViewManagerPropertyUpdater: Could not find generated setter for class com.facebook.react.views.art.ARTTextShadowNode
04-13 11:34:53.095 21736 21826 W unknown:ViewManagerPropertyUpdater: Could not find generated setter for class com.facebook.react.views.checkbox.ReactCheckBoxManager
04-13 11:34:53.101 21736 21826 W unknown:ViewManagerPropertyUpdater: Could not find generated setter for class com.facebook.react.uimanager.LayoutShadowNode
04-13 11:34:53.110 21736 21826 W unknown:ViewManagerPropertyUpdater: Could not find generated setter for class com.facebook.react.views.picker.ReactDialogPickerManager
04-13 11:34:53.110 21736 21826 W unknown:ViewManagerPropertyUpdater: Could not find generated setter for class com.facebook.react.views.drawer.ReactDrawerLayoutManager
04-13 11:34:53.110 21736 21826 W unknown:ViewManagerPropertyUpdater: Could not find generated setter for class com.facebook.react.views.picker.ReactDropdownPickerManager
04-13 11:34:53.111 21736 21826 W unknown:ViewManagerPropertyUpdater: Could not find generated setter for class com.facebook.react.views.scroll.ReactHorizontalScrollViewManager
04-13 11:34:53.112 21736 21826 W unknown:ViewManagerPropertyUpdater: Could not find generated setter for class com.facebook.react.views.scroll.ReactHorizontalScrollContainerViewManager
04-13 11:34:53.112 21736 21826 W unknown:ViewManagerPropertyUpdater: Could not find generated setter for class com.facebook.react.views.progressbar.ReactProgressBarViewManager
04-13 11:34:53.112 21736 21826 W unknown:ViewManagerPropertyUpdater: Could not find generated setter for class com.facebook.react.views.progressbar.ProgressBarShadowNode
04-13 11:34:53.113 21736 21826 W unknown:ViewManagerPropertyUpdater: Could not find generated setter for class com.facebook.react.views.scroll.ReactScrollViewManager
04-13 11:34:53.119 21736 21826 W unknown:ViewManagerPropertyUpdater: Could not find generated setter for class com.facebook.react.views.slider.ReactSliderManager
04-13 11:34:53.122 21736 21826 W unknown:ViewManagerPropertyUpdater: Could not find generated setter for class com.facebook.react.views.slider.ReactSliderManager$ReactSliderShadowNode
04-13 11:34:53.122 21736 21826 W unknown:ViewManagerPropertyUpdater: Could not find generated setter for class com.facebook.react.views.switchview.ReactSwitchManager
04-13 11:34:53.123 21736 21826 W unknown:ViewManagerPropertyUpdater: Could not find generated setter for class com.facebook.react.views.switchview.ReactSwitchManager$ReactSwitchShadowNode
04-13 11:34:53.123 21736 21826 W unknown:ViewManagerPropertyUpdater: Could not find generated setter for class com.facebook.react.views.swiperefresh.SwipeRefreshLayoutManager
04-13 11:34:53.123 21736 21826 W unknown:ViewManagerPropertyUpdater: Could not find generated setter for class com.facebook.react.views.art.ARTSurfaceViewManager
04-13 11:34:53.124 21736 21826 W unknown:ViewManagerPropertyUpdater: Could not find generated setter for class com.facebook.react.views.art.ARTSurfaceViewShadowNode
04-13 11:34:53.124 21736 21826 W unknown:ViewManagerPropertyUpdater: Could not find generated setter for class com.facebook.react.views.text.frescosupport.FrescoBasedReactTextInlineImageViewManager
04-13 11:34:53.124 21736 21826 W unknown:ViewManagerPropertyUpdater: Could not find generated setter for class com.facebook.react.views.text.frescosupport.FrescoBasedReactTextInlineImageShadowNode
04-13 11:34:53.124 21736 21826 W unknown:ViewManagerPropertyUpdater: Could not find generated setter for class com.facebook.react.views.image.ReactImageManager
04-13 11:34:53.125 21736 21826 W unknown:ViewManagerPropertyUpdater: Could not find generated setter for class com.facebook.react.views.modal.ReactModalHostManager
04-13 11:34:53.125 21736 21826 W unknown:ViewManagerPropertyUpdater: Could not find generated setter for class com.facebook.react.views.modal.ModalHostShadowNode
04-13 11:34:53.125 21736 21826 W unknown:ViewManagerPropertyUpdater: Could not find generated setter for class com.facebook.react.views.text.ReactRawTextManager
04-13 11:34:53.125 21736 21826 W unknown:ViewManagerPropertyUpdater: Could not find generated setter for class com.facebook.react.views.text.ReactRawTextShadowNode
04-13 11:34:53.125 21736 21826 W unknown:ViewManagerPropertyUpdater: Could not find generated setter for class com.facebook.react.views.textinput.ReactTextInputManager
04-13 11:34:53.126 21736 21826 W unknown:ViewManagerPropertyUpdater: Could not find generated setter for class com.facebook.react.views.textinput.ReactTextInputShadowNode
04-13 11:34:53.127 21736 21826 W unknown:ViewManagerPropertyUpdater: Could not find generated setter for class com.facebook.react.views.text.ReactTextViewManager
04-13 11:34:53.127 21736 21826 W unknown:ViewManagerPropertyUpdater: Could not find generated setter for class com.facebook.react.views.text.ReactTextShadowNode
04-13 11:34:53.128 21736 21826 W unknown:ViewManagerPropertyUpdater: Could not find generated setter for class com.facebook.react.views.view.ReactViewManager
04-13 11:34:53.128 21736 21826 W unknown:ViewManagerPropertyUpdater: Could not find generated setter for class com.facebook.react.views.viewpager.ReactViewPagerManager
04-13 11:34:53.129 21736 21826 W unknown:ViewManagerPropertyUpdater: Could not find generated setter for class com.facebook.react.views.text.ReactVirtualTextViewManager
04-13 11:34:53.129 21736 21826 W unknown:ViewManagerPropertyUpdater: Could not find generated setter for class com.facebook.react.views.text.ReactVirtualTextShadowNode
04-13 11:34:53.129 21736 21826 E unknown:ReactRootView: runApplication: call AppRegistry.runApplication
04-13 11:34:53.129 21736 21736 I DetoxRNLoading: Got new RN-context async'ly through listener
04-13 11:34:53.130 21736 21786 I DetoxRNIdleRes: Setting up Espresso Idling Resources for React Native.
04-13 11:34:53.131 21736 21786 D AsyncStorageIR: Checking whether a custom IR for Async-Storage is required... (legacy=false)
04-13 11:34:53.131 21736 21786 D DetoxRNHelpers: Native module not resolved: no such class
04-13 11:34:53.132 21736 21786 D AsyncStorageIR: Checking whether a custom IR for Async-Storage is required... (legacy=true)
04-13 11:34:53.132 21736 21786 D AsyncStorageIR: IR for Async-Storage is required! (legacy=true)
04-13 11:34:53.136 21736 21736 I IdlingResourceRegistry: Ignoring message from unregistered resource: androidx.test.espresso.base.LooperIdlingResourceInterrogationHandler@bd50288
04-13 11:34:53.136 21736 21736 I IdlingResourceRegistry: Ignoring message from unregistered resource: androidx.test.espresso.base.LooperIdlingResourceInterrogationHandler@bd50288
04-13 11:34:53.141 21736 21736 I Detox   : UIManagerModule is busy
04-13 11:34:53.147 21736 21786 I WebSocketClient: At sendAction
04-13 11:34:53.148 21736 21786 D WebSocketClient: Detox Action Sent: ready
04-13 11:34:53.152 21736 21788 I WebSocketClient: At onMessage
04-13 11:34:53.152 21736 21788 I WebSocketClient: At receiveAction
04-13 11:34:53.152 21736 21788 D WebSocketClient: Detox Action Received: invoke
04-13 11:34:53.153 21736 21788 I DetoxManager: onAction: type: invoke params: {"target":{"type":"Class","value":"com.wix.detox.espresso.DetoxAssertion"},"method":"assertMatcher","args":[{"type":"Invocation","value":{"target":{"type":"Class","value":"androidx.test.espresso.Espresso"},"method":"onView","args":[{"type":"Invocation","value":{"target":{"type":"Class","value":"com.wix.detox.espresso.DetoxMatcher"},"method":"matcherForTestId","args":["noDevKeyButton"]}}]}},{"type":"Invocation","value":{"target":{"type":"Class","value":"com.wix.detox.espresso.DetoxMatcher"},"method":"matcherForSufficientlyVisible","args":[]}}]}
04-13 11:34:53.153 21736 21786 D Detox   : class com.wix.detox.espresso.DetoxMatcher, matcherForTestId, [noDevKeyButton]
04-13 11:34:53.155 21736 21786 D Detox   : class androidx.test.espresso.Espresso, onView, [(with tag value: is "noDevKeyButton" and view has effective visibility=VISIBLE)]
04-13 11:34:53.155 21736 21786 D Detox   : class com.wix.detox.espresso.DetoxMatcher, matcherForSufficientlyVisible, []
04-13 11:34:53.156 21736 21786 D Detox   : class com.wix.detox.espresso.DetoxAssertion, assertMatcher, [androidx.test.espresso.ViewInteraction@da7b421, at least 75 percent of the view's area is displayed to the user.]
04-13 11:34:53.189 21736 21736 E unknown:ReactNative: Unable to launch logbox because react was unable to create the root view
04-13 11:34:53.213 21736 21825 E ReactNativeJNI: logMarker RUN_JS_BUNDLE_END
04-13 11:34:53.214 21736 21825 I ReactNativeJS: Running "detoxTest" with {"rootTag":21}
04-13 11:34:53.457 21736 21736 I ViewInteraction: Checking 'MatchesViewAssertion(Detox){viewMatcher=at least 75 percent of the view's area is displayed to the user.}' assertion on view (with tag value: is "noDevKeyButton" and view has effective visibility=VISIBLE)
04-13 11:34:53.457 21736 21786 I WebSocketClient: At sendAction
04-13 11:34:53.458 21736 21786 D WebSocketClient: Detox Action Sent: invokeResult
04-13 11:34:53.461 21736 21788 I WebSocketClient: At onMessage
04-13 11:34:53.461 21736 21788 I WebSocketClient: At receiveAction
04-13 11:34:53.461 21736 21788 D WebSocketClient: Detox Action Received: invoke
04-13 11:34:53.461 21736 21788 I DetoxManager: onAction: type: invoke params: {"target":{"type":"Class","value":"com.wix.detox.espresso.EspressoDetox"},"method":"perform","args":[{"type":"Invocation","value":{"target":{"type":"Class","value":"androidx.test.espresso.Espresso"},"method":"onView","args":[{"type":"Invocation","value":{"target":{"type":"Class","value":"com.wix.detox.espresso.DetoxMatcher"},"method":"matcherForTestId","args":["noDevKeyButton"]}}]}},{"type":"Invocation","value":{"target":{"type":"Class","value":"com.wix.detox.espresso.DetoxViewActions"},"method":"click","args":[]}}]}
04-13 11:34:53.462 21736 21786 D Detox   : class com.wix.detox.espresso.DetoxMatcher, matcherForTestId, [noDevKeyButton]
04-13 11:34:53.462 21736 21786 D Detox   : class androidx.test.espresso.Espresso, onView, [(with tag value: is "noDevKeyButton" and view has effective visibility=VISIBLE)]
04-13 11:34:53.462 21736 21786 D Detox   : class com.wix.detox.espresso.DetoxViewActions, click, []
04-13 11:34:53.462 21736 21786 D Detox   : class com.wix.detox.espresso.EspressoDetox, perform, [androidx.test.espresso.ViewInteraction@13f73e2, com.wix.detox.espresso.action.RNClickAction@1f6373]
04-13 11:34:53.465 21736 21736 I ViewInteraction: Performing 'com.wix.detox.espresso.action.detoxsingletap@b9c9230 click' action on view (with tag value: is "noDevKeyButton" and view has effective visibility=VISIBLE)
04-13 11:34:53.904 21736 21786 I WebSocketClient: At sendAction
04-13 11:34:53.905 21736 21786 D WebSocketClient: Detox Action Sent: invokeResult
04-13 11:34:53.921 21736 21788 I WebSocketClient: At onMessage
04-13 11:34:53.921 21736 21788 I WebSocketClient: At receiveAction
04-13 11:34:53.923 21736 21788 D WebSocketClient: Detox Action Received: invoke
04-13 11:34:53.923 21736 21788 I DetoxManager: onAction: type: invoke params: {"target":{"type":"Class","value":"com.wix.detox.espresso.DetoxAssertion"},"method":"assertMatcher","args":[{"type":"Invocation","value":{"target":{"type":"Class","value":"androidx.test.espresso.Espresso"},"method":"onView","args":[{"type":"Invocation","value":{"target":{"type":"Class","value":"com.wix.detox.espresso.DetoxMatcher"},"method":"matcherForTestId","args":["noDevKeyInitResult"]}}]}},{"type":"Invocation","value":{"target":{"type":"Class","value":"com.wix.detox.espresso.DetoxMatcher"},"method":"matcherForText","args":["No 'devKey' found or its empty"]}}]}
04-13 11:34:53.925 21736 21786 D Detox   : class com.wix.detox.espresso.DetoxMatcher, matcherForTestId, [noDevKeyInitResult]
04-13 11:34:53.926 21736 21786 D Detox   : class androidx.test.espresso.Espresso, onView, [(with tag value: is "noDevKeyInitResult" and view has effective visibility=VISIBLE)]
04-13 11:34:53.929 21736 21786 D Detox   : class com.wix.detox.espresso.DetoxMatcher, matcherForText, [No 'devKey' found or its empty]
04-13 11:34:53.930 21736 21786 D Detox   : class com.wix.detox.espresso.DetoxAssertion, assertMatcher, [androidx.test.espresso.ViewInteraction@2ce8b42, (with text: is "No 'devKey' found or its empty" and view has effective visibility=VISIBLE)]
04-13 11:34:53.951 21736 21736 I ViewInteraction: Checking 'MatchesViewAssertion(Detox){viewMatcher=(with text: is "No 'devKey' found or its empty" and view has effective visibility=VISIBLE)}' assertion on view (with tag value: is "noDevKeyInitResult" and view has effective visibility=VISIBLE)
04-13 11:34:53.953 21736 21786 I WebSocketClient: At sendAction
04-13 11:34:53.954 21736 21786 D WebSocketClient: Detox Action Sent: invokeResult
