--------- beginning of main
04-13 11:44:27.173 23050 23050 I Detox   : Wait is over: app is now idle!
04-13 11:44:27.178 23050 23102 I WebSocketClient: At sendAction
04-13 11:44:27.180 23050 23102 D WebSocketClient: Detox Action Sent: ready
04-13 11:44:27.184 23050 23102 I WebSocketClient: At onMessage
04-13 11:44:27.184 23050 23102 I WebSocketClient: At receiveAction
04-13 11:44:27.184 23050 23102 D WebSocketClient: Detox Action Received: loginSuccess
04-13 11:44:27.184 23050 23102 I DetoxManager: onAction: type: loginSuccess params: {"testerConnected":true,"appConnected":true}
04-13 11:44:27.187 23050 23102 I WebSocketClient: At onMessage
04-13 11:44:27.187 23050 23102 I WebSocketClient: At receiveAction
04-13 11:44:27.187 23050 23102 D WebSocketClient: Detox Action Received: isReady
04-13 11:44:27.187 23050 23102 I DetoxManager: onAction: type: isReady params: {}
04-13 11:44:27.200 23050 23050 I Detox   : Wait is over: app is now idle!
04-13 11:44:27.200 23050 23097 I WebSocketClient: At sendAction
04-13 11:44:27.200 23050 23097 D WebSocketClient: Detox Action Sent: ready
04-13 11:44:27.243 23050 23102 I WebSocketClient: At onMessage
04-13 11:44:27.243 23050 23102 I WebSocketClient: At receiveAction
04-13 11:44:27.243 23050 23102 D WebSocketClient: Detox Action Received: invoke
04-13 11:44:27.243 23050 23102 I DetoxManager: onAction: type: invoke params: {"target":{"type":"Class","value":"com.wix.detox.espresso.DetoxAssertion"},"method":"assertMatcher","args":[{"type":"Invocation","value":{"target":{"type":"Class","value":"androidx.test.espresso.Espresso"},"method":"onView","args":[{"type":"Invocation","value":{"target":{"type":"Class","value":"com.wix.detox.espresso.DetoxMatcher"},"method":"matcherForTestId","args":["successInitButton"]}}]}},{"type":"Invocation","value":{"target":{"type":"Class","value":"com.wix.detox.espresso.DetoxMatcher"},"method":"matcherForSufficientlyVisible","args":[]}}]}
04-13 11:44:27.259 23050 23097 D Detox   : class com.wix.detox.espresso.DetoxMatcher, matcherForTestId, [successInitButton]
04-13 11:44:27.282 23050 23097 D Detox   : class androidx.test.espresso.Espresso, onView, [(with tag value: is "successInitButton" and view has effective visibility=VISIBLE)]
04-13 11:44:27.283 23050 23097 D Detox   : class com.wix.detox.espresso.DetoxMatcher, matcherForSufficientlyVisible, []
04-13 11:44:27.284 23050 23097 D Detox   : class com.wix.detox.espresso.DetoxAssertion, assertMatcher, [androidx.test.espresso.ViewInteraction@a74700a, at least 75 percent of the view's area is displayed to the user.]
04-13 11:44:27.304 23050 23050 I ViewInteraction: Checking 'MatchesViewAssertion(Detox){viewMatcher=at least 75 percent of the view's area is displayed to the user.}' assertion on view (with tag value: is "successInitButton" and view has effective visibility=VISIBLE)
04-13 11:44:27.306 23050 23097 I WebSocketClient: At sendAction
04-13 11:44:27.306 23050 23097 D WebSocketClient: Detox Action Sent: invokeResult
04-13 11:44:27.310 23050 23102 I WebSocketClient: At onMessage
04-13 11:44:27.310 23050 23102 I WebSocketClient: At receiveAction
04-13 11:44:27.310 23050 23102 D WebSocketClient: Detox Action Received: invoke
04-13 11:44:27.310 23050 23102 I DetoxManager: onAction: type: invoke params: {"target":{"type":"Class","value":"com.wix.detox.espresso.EspressoDetox"},"method":"perform","args":[{"type":"Invocation","value":{"target":{"type":"Class","value":"androidx.test.espresso.Espresso"},"method":"onView","args":[{"type":"Invocation","value":{"target":{"type":"Class","value":"com.wix.detox.espresso.DetoxMatcher"},"method":"matcherForTestId","args":["successInitButton"]}}]}},{"type":"Invocation","value":{"target":{"type":"Class","value":"com.wix.detox.espresso.DetoxViewActions"},"method":"click","args":[]}}]}
04-13 11:44:27.310 23050 23097 D Detox   : class com.wix.detox.espresso.DetoxMatcher, matcherForTestId, [successInitButton]
04-13 11:44:27.311 23050 23097 D Detox   : class androidx.test.espresso.Espresso, onView, [(with tag value: is "successInitButton" and view has effective visibility=VISIBLE)]
04-13 11:44:27.311 23050 23097 D Detox   : class com.wix.detox.espresso.DetoxViewActions, click, []
04-13 11:44:27.320 23050 23097 D Detox   : class com.wix.detox.espresso.EspressoDetox, perform, [androidx.test.espresso.ViewInteraction@3580e98, com.wix.detox.espresso.action.RNClickAction@280b6f1]
04-13 11:44:27.324 23050 23050 I ViewInteraction: Performing 'com.wix.detox.espresso.action.detoxsingletap@7f182d6 click' action on view (with tag value: is "successInitButton" and view has effective visibility=VISIBLE)
04-13 11:44:27.487 23050 23092 D AppsFlyer_6.2.0: Initializing AppsFlyer SDK: (v6.2.0.91)
04-13 11:44:27.684 23050 23124 I TetheringManager: registerTetheringEventCallback:com.detoxtest
04-13 11:44:27.722 23050 23124 I com.detoxtest: Waiting for a blocking GC ClassLinker
04-13 11:44:27.724 23050 23130 I com.detoxtest: Waiting for a blocking GC ClassLinker
04-13 11:44:27.751 23050 23097 I WebSocketClient: At sendAction
04-13 11:44:27.751 23050 23097 D WebSocketClient: Detox Action Sent: invokeResult
04-13 11:44:27.756 23050 23102 I WebSocketClient: At onMessage
04-13 11:44:27.756 23050 23102 I WebSocketClient: At receiveAction
04-13 11:44:27.756 23050 23102 D WebSocketClient: Detox Action Received: invoke
04-13 11:44:27.756 23050 23102 I DetoxManager: onAction: type: invoke params: {"target":{"type":"Class","value":"com.wix.detox.espresso.DetoxAssertion"},"method":"assertMatcher","args":[{"type":"Invocation","value":{"target":{"type":"Class","value":"androidx.test.espresso.Espresso"},"method":"onView","args":[{"type":"Invocation","value":{"target":{"type":"Class","value":"com.wix.detox.espresso.DetoxMatcher"},"method":"matcherForTestId","args":["successInitResult"]}}]}},{"type":"Invocation","value":{"target":{"type":"Class","value":"com.wix.detox.espresso.DetoxMatcher"},"method":"matcherForText","args":["Success"]}}]}
04-13 11:44:27.756 23050 23097 D Detox   : class com.wix.detox.espresso.DetoxMatcher, matcherForTestId, [successInitResult]
04-13 11:44:27.756 23050 23097 D Detox   : class androidx.test.espresso.Espresso, onView, [(with tag value: is "successInitResult" and view has effective visibility=VISIBLE)]
04-13 11:44:27.757 23050 23097 D Detox   : class com.wix.detox.espresso.DetoxMatcher, matcherForText, [Success]
04-13 11:44:27.757 23050 23097 D Detox   : class com.wix.detox.espresso.DetoxAssertion, assertMatcher, [androidx.test.espresso.ViewInteraction@30b0f37, (with text: is "Success" and view has effective visibility=VISIBLE)]
04-13 11:44:27.760 23050 23050 I ViewInteraction: Checking 'MatchesViewAssertion(Detox){viewMatcher=(with text: is "Success" and view has effective visibility=VISIBLE)}' assertion on view (with tag value: is "successInitResult" and view has effective visibility=VISIBLE)
04-13 11:44:27.761 23050 23097 I WebSocketClient: At sendAction
04-13 11:44:27.762 23050 23097 D WebSocketClient: Detox Action Sent: invokeResult
04-13 11:44:27.804 23050 23102 I WebSocketClient: At onMessage
04-13 11:44:27.804 23050 23102 I WebSocketClient: At receiveAction
04-13 11:44:27.804 23050 23102 D WebSocketClient: Detox Action Received: invoke
04-13 11:44:27.804 23050 23102 I DetoxManager: onAction: type: invoke params: {"target":{"type":"Class","value":"com.wix.detox.espresso.DetoxAssertion"},"method":"assertMatcher","args":[{"type":"Invocation","value":{"target":{"type":"Class","value":"androidx.test.espresso.Espresso"},"method":"onView","args":[{"type":"Invocation","value":{"target":{"type":"Class","value":"com.wix.detox.espresso.DetoxMatcher"},"method":"matcherForTestId","args":["noDevKeyButton"]}}]}},{"type":"Invocation","value":{"target":{"type":"Class","value":"com.wix.detox.espresso.DetoxMatcher"},"method":"matcherForSufficientlyVisible","args":[]}}]}
04-13 11:44:27.805 23050 23097 D Detox   : class com.wix.detox.espresso.DetoxMatcher, matcherForTestId, [noDevKeyButton]
04-13 11:44:27.805 23050 23097 D Detox   : class androidx.test.espresso.Espresso, onView, [(with tag value: is "noDevKeyButton" and view has effective visibility=VISIBLE)]
04-13 11:44:27.806 23050 23097 D Detox   : class com.wix.detox.espresso.DetoxMatcher, matcherForSufficientlyVisible, []
04-13 11:44:27.806 23050 23097 D Detox   : class com.wix.detox.espresso.DetoxAssertion, assertMatcher, [androidx.test.espresso.ViewInteraction@95a6a0d, at least 75 percent of the view's area is displayed to the user.]
04-13 11:44:27.815 23050 23050 I ViewInteraction: Checking 'MatchesViewAssertion(Detox){viewMatcher=at least 75 percent of the view's area is displayed to the user.}' assertion on view (with tag value: is "noDevKeyButton" and view has effective visibility=VISIBLE)
04-13 11:44:27.819 23050 23097 I WebSocketClient: At sendAction
04-13 11:44:27.819 23050 23097 D WebSocketClient: Detox Action Sent: invokeResult
04-13 11:44:27.827 23050 23102 I WebSocketClient: At onMessage
04-13 11:44:27.829 23050 23102 I WebSocketClient: At receiveAction
04-13 11:44:27.829 23050 23102 D WebSocketClient: Detox Action Received: invoke
04-13 11:44:27.829 23050 23102 I DetoxManager: onAction: type: invoke params: {"target":{"type":"Class","value":"com.wix.detox.espresso.EspressoDetox"},"method":"perform","args":[{"type":"Invocation","value":{"target":{"type":"Class","value":"androidx.test.espresso.Espresso"},"method":"onView","args":[{"type":"Invocation","value":{"target":{"type":"Class","value":"com.wix.detox.espresso.DetoxMatcher"},"method":"matcherForTestId","args":["noDevKeyButton"]}}]}},{"type":"Invocation","value":{"target":{"type":"Class","value":"com.wix.detox.espresso.DetoxViewActions"},"method":"click","args":[]}}]}
04-13 11:44:27.829 23050 23097 D Detox   : class com.wix.detox.espresso.DetoxMatcher, matcherForTestId, [noDevKeyButton]
04-13 11:44:27.829 23050 23097 D Detox   : class androidx.test.espresso.Espresso, onView, [(with tag value: is "noDevKeyButton" and view has effective visibility=VISIBLE)]
04-13 11:44:27.830 23050 23097 D Detox   : class com.wix.detox.espresso.DetoxViewActions, click, []
04-13 11:44:27.830 23050 23097 D Detox   : class com.wix.detox.espresso.EspressoDetox, perform, [androidx.test.espresso.ViewInteraction@add4dc2, com.wix.detox.espresso.action.RNClickAction@3f767d3]
04-13 11:44:27.840 23050 23050 I ViewInteraction: Performing 'com.wix.detox.espresso.action.detoxsingletap@22baf10 click' action on view (with tag value: is "noDevKeyButton" and view has effective visibility=VISIBLE)
04-13 11:44:28.257 23050 23097 I WebSocketClient: At sendAction
04-13 11:44:28.257 23050 23097 D WebSocketClient: Detox Action Sent: invokeResult
04-13 11:44:28.261 23050 23102 I WebSocketClient: At onMessage
04-13 11:44:28.261 23050 23102 I WebSocketClient: At receiveAction
04-13 11:44:28.261 23050 23102 D WebSocketClient: Detox Action Received: invoke
04-13 11:44:28.261 23050 23102 I DetoxManager: onAction: type: invoke params: {"target":{"type":"Class","value":"com.wix.detox.espresso.DetoxAssertion"},"method":"assertMatcher","args":[{"type":"Invocation","value":{"target":{"type":"Class","value":"androidx.test.espresso.Espresso"},"method":"onView","args":[{"type":"Invocation","value":{"target":{"type":"Class","value":"com.wix.detox.espresso.DetoxMatcher"},"method":"matcherForTestId","args":["noDevKeyInitResult"]}}]}},{"type":"Invocation","value":{"target":{"type":"Class","value":"com.wix.detox.espresso.DetoxMatcher"},"method":"matcherForText","args":["No 'devKey' found or its empty"]}}]}
04-13 11:44:28.262 23050 23097 D Detox   : class com.wix.detox.espresso.DetoxMatcher, matcherForTestId, [noDevKeyInitResult]
04-13 11:44:28.263 23050 23097 D Detox   : class androidx.test.espresso.Espresso, onView, [(with tag value: is "noDevKeyInitResult" and view has effective visibility=VISIBLE)]
04-13 11:44:28.263 23050 23097 D Detox   : class com.wix.detox.espresso.DetoxMatcher, matcherForText, [No 'devKey' found or its empty]
04-13 11:44:28.263 23050 23097 D Detox   : class com.wix.detox.espresso.DetoxAssertion, assertMatcher, [androidx.test.espresso.ViewInteraction@82f9aa0, (with text: is "No 'devKey' found or its empty" and view has effective visibility=VISIBLE)]
04-13 11:44:28.266 23050 23050 I ViewInteraction: Checking 'MatchesViewAssertion(Detox){viewMatcher=(with text: is "No 'devKey' found or its empty" and view has effective visibility=VISIBLE)}' assertion on view (with tag value: is "noDevKeyInitResult" and view has effective visibility=VISIBLE)
04-13 11:44:28.266 23050 23097 I WebSocketClient: At sendAction
04-13 11:44:28.267 23050 23097 D WebSocketClient: Detox Action Sent: invokeResult
