--------- beginning of main
04-13 11:19:57.955 19396 19396 W com.detoxtest: Unexpected CPU variant for X86 using defaults: x86
04-13 11:19:57.959 19396 19396 E com.detoxtest: Not starting debugger since process cannot load the jdwp agent.
--------- beginning of system
04-13 11:19:57.979 19396 19396 W ActivityThread: Package uses different ABI(s) than its instrumentation: package[com.detoxtest]: x86, null instrumentation[com.detoxtest.test]: null, null
04-13 11:19:57.982 19396 19396 I com.detoxtest: The ClassLoaderContext is a special shared library.
04-13 11:19:57.985 19396 19396 I chatty  : uid=10244(com.detoxtest) identical 2 lines
04-13 11:19:57.985 19396 19396 I com.detoxtest: The ClassLoaderContext is a special shared library.
04-13 11:19:58.028 19396 19396 W com.detoxtest: ClassLoaderContext classpath size mismatch. expected=0, found=4 (PCL[]{PCL[/system/framework/android.test.base.jar*84046222]} | PCL[/system/framework/android.test.runner.jar*2838042966:/system/framework/android.test.mock.jar*2353512044:/system/framework/android.test.base.jar*84046222:/data/app/~~vrGz4Zvq6B8Pj4R0s063mg==/com.detoxtest.test-bf6wzLS8SsMiM7_dppiAew==/base.apk*3736732199]{PCL[/system/framework/android.test.base.jar*84046222]})
04-13 11:19:58.039 19396 19396 I com.detoxtest: The ClassLoaderContext is a special shared library.
04-13 11:19:58.043 19396 19396 I chatty  : uid=10244(com.detoxtest) identical 3 lines
04-13 11:19:58.044 19396 19396 I com.detoxtest: The ClassLoaderContext is a special shared library.
04-13 11:19:58.086 19396 19396 W com.detoxtest: ClassLoaderContext classpath size mismatch. expected=0, found=4 (PCL[]{PCL[/system/framework/android.test.base.jar*84046222]} | PCL[/system/framework/android.test.runner.jar*2838042966:/system/framework/android.test.mock.jar*2353512044:/system/framework/android.test.base.jar*84046222:/data/app/~~vrGz4Zvq6B8Pj4R0s063mg==/com.detoxtest.test-bf6wzLS8SsMiM7_dppiAew==/base.apk*3736732199]{PCL[/system/framework/android.test.base.jar*84046222]#PCL[/system/framework/android.test.mock.jar*2353512044]{PCL[/system/framework/android.test.base.jar*84046222]}#PCL[/system/framework/android.test.runner.jar*2838042966]{PCL[/system/framework/android.test.base.jar*84046222]#PCL[/system/framework/android.test.mock.jar*2353512044]{PCL[/system/framework/android.test.base.jar*84046222]}}};PCL[/system/framework/android.test.runner.jar*2838042966:/system/framework/android.test.mock.jar*2353512044:/system/framework/android.test.base.jar*84046222:/data/app/~~vrGz4Zvq6B8Pj4R0s063mg==/com.detoxtest.test-bf6wzLS8SsMiM7_dppiAew==/base.apk*3736732199:/data/app/~~K2XBZKK-4uIOugFZFi5K_A==/com.detoxtest-pB2V7Bq0vAh42kMUSqFsgA==/base.apk*4000934944]{PCL[/system/framework/android.test.base.jar*84046222]})
04-13 11:19:58.087 19396 19396 W com.detoxtest: Found duplicate classes, falling back to extracting from APK : /data/app/~~K2XBZKK-4uIOugFZFi5K_A==/com.detoxtest-pB2V7Bq0vAh42kMUSqFsgA==/base.apk
04-13 11:19:58.087 19396 19396 W com.detoxtest: NOTE: This wastes RAM and hurts startup performance.
04-13 11:19:58.087 19396 19396 W com.detoxtest: Found duplicated class when checking oat files: 'Landroid/support/v4/app/INotificationSideChannel$Stub$Proxy;' in /data/app/~~K2XBZKK-4uIOugFZFi5K_A==/com.detoxtest-pB2V7Bq0vAh42kMUSqFsgA==/base.apk and /data/app/~~K2XBZKK-4uIOugFZFi5K_A==/com.detoxtest-pB2V7Bq0vAh42kMUSqFsgA==/base.apk
04-13 11:19:58.087 19396 19396 W com.detoxtest: 
04-13 11:19:58.161 19396 19396 D NetworkSecurityConfig: Using Network Security Config from resource network_security_config debugBuild: false
04-13 11:19:58.161 19396 19396 D NetworkSecurityConfig: Using Network Security Config from resource network_security_config debugBuild: false
04-13 11:19:58.174 19396 19396 I MonitoringInstr: Instrumentation started!
04-13 11:19:58.178 19396 19396 I MonitoringInstr: Setting context classloader to 'dalvik.system.PathClassLoader[DexPathList[[zip file "/system/framework/android.test.runner.jar", zip file "/system/framework/android.test.mock.jar", zip file "/system/framework/android.test.base.jar", zip file "/data/app/~~vrGz4Zvq6B8Pj4R0s063mg==/com.detoxtest.test-bf6wzLS8SsMiM7_dppiAew==/base.apk", zip file "/data/app/~~K2XBZKK-4uIOugFZFi5K_A==/com.detoxtest-pB2V7Bq0vAh42kMUSqFsgA==/base.apk"],nativeLibraryDirectories=[/data/app/~~vrGz4Zvq6B8Pj4R0s063mg==/com.detoxtest.test-bf6wzLS8SsMiM7_dppiAew==/lib/x86, /data/app/~~K2XBZKK-4uIOugFZFi5K_A==/com.detoxtest-pB2V7Bq0vAh42kMUSqFsgA==/lib/x86, /data/app/~~vrGz4Zvq6B8Pj4R0s063mg==/com.detoxtest.test-bf6wzLS8SsMiM7_dppiAew==/base.apk!/lib/x86, /data/app/~~K2XBZKK-4uIOugFZFi5K_A==/com.detoxtest-pB2V7Bq0vAh42kMUSqFsgA==/base.apk!/lib/x86, /system/lib, /system_ext/lib, /product/lib]]]', Original: 'dalvik.system.PathClassLoader[DexPathList[[zip file "/system/framework/android.test.runner.jar", zip file "/system/framework/android.test.mock.jar", zip file "/system/framework/android.test.base.jar", zip file "/data/app/~~vrGz4Zvq6B8Pj4R0s063mg==/com.detoxtest.test-bf6wzLS8SsMiM7_dppiAew==/base.apk", zip file "/data/app/~~K2XBZKK-4uIOugFZFi5K_A==/com.detoxtest-pB2V7Bq0vAh42kMUSqFsgA==/base.apk"],nativeLibraryDirectories=[/data/app/~~vrGz4Zvq6B8Pj4R0s063mg==/com.detoxtest.test-bf6wzLS8SsMiM7_dppiAew==/lib/x86, /data/app/~~K2XBZKK-4uIOugFZFi5K_A==/com.detoxtest-pB2V7Bq0vAh42kMUSqFsgA==/lib/x86, /data/app/~~vrGz4Zvq6B8Pj4R0s063mg==/com.detoxtest.test-bf6wzLS8SsMiM7_dppiAew==/base.apk!/lib/x86, /data/app/~~K2XBZKK-4uIOugFZFi5K_A==/com.detoxtest-pB2V7Bq0vAh42kMUSqFsgA==/base.apk!/lib/x86, /system/lib, /system_ext/lib, /product/lib]]]'
04-13 11:19:58.181 19396 19396 D SoLoader: init start
04-13 11:19:58.181 19396 19396 D SoLoader: adding system library source: /vendor/lib
04-13 11:19:58.182 19396 19396 D SoLoader: adding system library source: /system/lib
04-13 11:19:58.182 19396 19396 D SoLoader: adding application source: com.facebook.soloader.DirectorySoSource[root = /data/app/~~K2XBZKK-4uIOugFZFi5K_A==/com.detoxtest-pB2V7Bq0vAh42kMUSqFsgA==/lib/x86 flags = 0]
04-13 11:19:58.183 19396 19396 D SoLoader: adding backup source from : com.facebook.soloader.ApkSoSource[root = /data/user/0/com.detoxtest/lib-main flags = 1]
04-13 11:19:58.183 19396 19396 D SoLoader: Preparing SO source: com.facebook.soloader.DirectorySoSource[root = /system/lib flags = 2]
04-13 11:19:58.183 19396 19396 D SoLoader: Preparing SO source: com.facebook.soloader.DirectorySoSource[root = /vendor/lib flags = 2]
04-13 11:19:58.183 19396 19396 D SoLoader: Preparing SO source: com.facebook.soloader.DirectorySoSource[root = /data/app/~~K2XBZKK-4uIOugFZFi5K_A==/com.detoxtest-pB2V7Bq0vAh42kMUSqFsgA==/lib/x86 flags = 0]
04-13 11:19:58.184 19396 19396 D SoLoader: Preparing SO source: com.facebook.soloader.ApkSoSource[root = /data/user/0/com.detoxtest/lib-main flags = 1]
04-13 11:19:58.184 19396 19396 V fb-UnpackingSoSource: locked dso store /data/user/0/com.detoxtest/lib-main
04-13 11:19:58.187 19396 19396 V fb-UnpackingSoSource: deps mismatch on deps store: regenerating
04-13 11:19:58.187 19396 19396 V fb-UnpackingSoSource: so store dirty: regenerating
04-13 11:19:58.202 19396 19396 D ApkSoSource: not allowing consideration of lib/x86/libc++_shared.so: deferring to libdir
04-13 11:19:58.203 19396 19396 D ApkSoSource: not allowing consideration of lib/x86/libfb.so: deferring to libdir
04-13 11:19:58.203 19396 19396 D ApkSoSource: not allowing consideration of lib/x86/libfbjni.so: deferring to libdir
04-13 11:19:58.203 19396 19396 D ApkSoSource: not allowing consideration of lib/x86/libfolly_futures.so: deferring to libdir
04-13 11:19:58.203 19396 19396 D ApkSoSource: not allowing consideration of lib/x86/libfolly_json.so: deferring to libdir
04-13 11:19:58.203 19396 19396 D ApkSoSource: not allowing consideration of lib/x86/libglog.so: deferring to libdir
04-13 11:19:58.203 19396 19396 D ApkSoSource: not allowing consideration of lib/x86/libglog_init.so: deferring to libdir
04-13 11:19:58.203 19396 19396 D ApkSoSource: not allowing consideration of lib/x86/libhermes-executor-debug.so: deferring to libdir
04-13 11:19:58.203 19396 19396 D ApkSoSource: not allowing consideration of lib/x86/libhermes-executor-release.so: deferring to libdir
04-13 11:19:58.203 19396 19396 D ApkSoSource: not allowing consideration of lib/x86/libhermes-inspector.so: deferring to libdir
04-13 11:19:58.203 19396 19396 D ApkSoSource: not allowing consideration of lib/x86/libimagepipeline.so: deferring to libdir
04-13 11:19:58.203 19396 19396 D ApkSoSource: not allowing consideration of lib/x86/libjsc.so: deferring to libdir
04-13 11:19:58.203 19396 19396 D ApkSoSource: not allowing consideration of lib/x86/libjscexecutor.so: deferring to libdir
04-13 11:19:58.203 19396 19396 D ApkSoSource: not allowing consideration of lib/x86/libjsijniprofiler.so: deferring to libdir
04-13 11:19:58.203 19396 19396 D ApkSoSource: not allowing consideration of lib/x86/libjsinspector.so: deferring to libdir
04-13 11:19:58.203 19396 19396 D ApkSoSource: not allowing consideration of lib/x86/libnative-filters.so: deferring to libdir
04-13 11:19:58.203 19396 19396 D ApkSoSource: not allowing consideration of lib/x86/libnative-imagetranscoder.so: deferring to libdir
04-13 11:19:58.203 19396 19396 D ApkSoSource: not allowing consideration of lib/x86/libreactnativeblob.so: deferring to libdir
04-13 11:19:58.203 19396 19396 D ApkSoSource: not allowing consideration of lib/x86/libreactnativejni.so: deferring to libdir
04-13 11:19:58.203 19396 19396 D ApkSoSource: not allowing consideration of lib/x86/libyoga.so: deferring to libdir
04-13 11:19:58.204 19396 19396 V fb-UnpackingSoSource: regenerating DSO store com.facebook.soloader.ApkSoSource
04-13 11:19:58.204 19396 19396 V fb-UnpackingSoSource: Finished regenerating DSO store com.facebook.soloader.ApkSoSource
04-13 11:19:58.204 19396 19396 V fb-UnpackingSoSource: starting syncer worker
04-13 11:19:58.211 19396 19396 V fb-UnpackingSoSource: releasing dso store lock for /data/user/0/com.detoxtest/lib-main (from syncer thread)
04-13 11:19:58.211 19396 19396 V fb-UnpackingSoSource: not releasing dso store lock for /data/user/0/com.detoxtest/lib-main (syncer thread started)
04-13 11:19:58.211 19396 19396 D SoLoader: init finish: 4 SO sources prepared
04-13 11:19:58.211 19396 19396 D SoLoader: init exiting
04-13 11:19:58.213 19396 19396 D SoLoader: init exiting
04-13 11:19:58.213 19396 19396 D SoLoader: About to load: libjscexecutor.so
04-13 11:19:58.213 19396 19396 D SoLoader: libjscexecutor.so not found on /data/user/0/com.detoxtest/lib-main
04-13 11:19:58.213 19396 19396 D SoLoader: libjscexecutor.so found on /data/app/~~K2XBZKK-4uIOugFZFi5K_A==/com.detoxtest-pB2V7Bq0vAh42kMUSqFsgA==/lib/x86
04-13 11:19:58.213 19396 19396 D SoLoader: Not resolving dependencies for libjscexecutor.so
04-13 11:19:58.218 19396 19396 D JavaScriptCore.Version: 245459.0.0
04-13 11:19:58.219 19396 19396 D SoLoader: Loaded: libjscexecutor.so
04-13 11:19:58.219 19396 19396 D SoLoader: init exiting
04-13 11:19:58.223 19396 19396 I MonitoringInstr: No JSBridge.
04-13 11:19:58.225 19396 19420 I MonitoringInstr: Setting context classloader to 'dalvik.system.PathClassLoader[DexPathList[[zip file "/system/framework/android.test.runner.jar", zip file "/system/framework/android.test.mock.jar", zip file "/system/framework/android.test.base.jar", zip file "/data/app/~~vrGz4Zvq6B8Pj4R0s063mg==/com.detoxtest.test-bf6wzLS8SsMiM7_dppiAew==/base.apk", zip file "/data/app/~~K2XBZKK-4uIOugFZFi5K_A==/com.detoxtest-pB2V7Bq0vAh42kMUSqFsgA==/base.apk"],nativeLibraryDirectories=[/data/app/~~vrGz4Zvq6B8Pj4R0s063mg==/com.detoxtest.test-bf6wzLS8SsMiM7_dppiAew==/lib/x86, /data/app/~~K2XBZKK-4uIOugFZFi5K_A==/com.detoxtest-pB2V7Bq0vAh42kMUSqFsgA==/lib/x86, /data/app/~~vrGz4Zvq6B8Pj4R0s063mg==/com.detoxtest.test-bf6wzLS8SsMiM7_dppiAew==/base.apk!/lib/x86, /data/app/~~K2XBZKK-4uIOugFZFi5K_A==/com.detoxtest-pB2V7Bq0vAh42kMUSqFsgA==/base.apk!/lib/x86, /system/lib, /system_ext/lib, /product/lib]]]', Original: 'dalvik.system.PathClassLoader[DexPathList[[zip file "/system/framework/android.test.runner.jar", zip file "/system/framework/android.test.mock.jar", zip file "/system/framework/android.test.base.jar", zip file "/data/app/~~vrGz4Zvq6B8Pj4R0s063mg==/com.detoxtest.test-bf6wzLS8SsMiM7_dppiAew==/base.apk", zip file "/data/app/~~K2XBZKK-4uIOugFZFi5K_A==/com.detoxtest-pB2V7Bq0vAh42kMUSqFsgA==/base.apk"],nativeLibraryDirectories=[/data/app/~~vrGz4Zvq6B8Pj4R0s063mg==/com.detoxtest.test-bf6wzLS8SsMiM7_dppiAew==/lib/x86, /data/app/~~K2XBZKK-4uIOugFZFi5K_A==/com.detoxtest-pB2V7Bq0vAh42kMUSqFsgA==/lib/x86, /data/app/~~vrGz4Zvq6B8Pj4R0s063mg==/com.detoxtest.test-bf6wzLS8SsMiM7_dppiAew==/base.apk!/lib/x86, /data/app/~~K2XBZKK-4uIOugFZFi5K_A==/com.detoxtest-pB2V7Bq0vAh42kMUSqFsgA==/base.apk!/lib/x86, /system/lib, /system_ext/lib, /product/lib]]]'
04-13 11:19:58.241 19396 19420 I UsageTrackerFacilitator: Usage tracking enabled
04-13 11:19:58.248 19396 19420 I TestRequestBuilder: Scanning classpath to find tests in paths [/data/app/~~vrGz4Zvq6B8Pj4R0s063mg==/com.detoxtest.test-bf6wzLS8SsMiM7_dppiAew==/base.apk]
04-13 11:19:58.249 19396 19420 W com.detoxtest: Opening an oat file without a class loader. Are you using the deprecated DexFile APIs?
04-13 11:19:58.412 19396 19420 D TestExecutor: Adding listener androidx.test.internal.runner.listener.LogRunListener
04-13 11:19:58.413 19396 19420 D TestExecutor: Adding listener androidx.test.internal.runner.listener.InstrumentationResultPrinter
04-13 11:19:58.413 19396 19420 D TestExecutor: Adding listener androidx.test.internal.runner.listener.ActivityFinisherRunListener
04-13 11:19:58.414 19396 19420 I TestRunner: run started: 1 tests
04-13 11:19:58.419 19396 19420 I TestRunner: started: runDetoxTests(com.detoxtest.DetoxTest)
04-13 11:19:58.422 19396 19396 I MonitoringInstr: Activities that are still in CREATED to STOPPED: 0
04-13 11:19:58.457 19396 19420 D EventInjectionStrategy: Creating injection strategy with input manager.
04-13 11:19:58.515 19396 19396 D LifecycleMonitor: Lifecycle status change: com.detoxtest.MainActivity@d952f0b in: PRE_ON_CREATE
04-13 11:19:58.546 19396 19434 D libEGL  : loaded /vendor/lib/egl/libEGL_emulation.so
04-13 11:19:58.549 19396 19434 D libEGL  : loaded /vendor/lib/egl/libGLESv1_CM_emulation.so
04-13 11:19:58.551 19396 19434 D libEGL  : loaded /vendor/lib/egl/libGLESv2_emulation.so
04-13 11:19:58.565 19396 19436 D SoLoader: About to load: libreactnativejni.so
04-13 11:19:58.566 19396 19436 D SoLoader: libreactnativejni.so not found on /data/user/0/com.detoxtest/lib-main
04-13 11:19:58.566 19396 19436 D SoLoader: libreactnativejni.so found on /data/app/~~K2XBZKK-4uIOugFZFi5K_A==/com.detoxtest-pB2V7Bq0vAh42kMUSqFsgA==/lib/x86
04-13 11:19:58.566 19396 19436 D SoLoader: Not resolving dependencies for libreactnativejni.so
04-13 11:19:58.572 19396 19436 D SoLoader: Loaded: libreactnativejni.so
04-13 11:19:58.572 19396 19436 D SoLoader: About to load: libfbjni.so
04-13 11:19:58.573 19396 19436 D SoLoader: libfbjni.so not found on /data/user/0/com.detoxtest/lib-main
04-13 11:19:58.573 19396 19436 D SoLoader: libfbjni.so found on /data/app/~~K2XBZKK-4uIOugFZFi5K_A==/com.detoxtest-pB2V7Bq0vAh42kMUSqFsgA==/lib/x86
04-13 11:19:58.573 19396 19436 D SoLoader: Not resolving dependencies for libfbjni.so
04-13 11:19:58.573 19396 19396 D LifecycleMonitor: Lifecycle status change: com.detoxtest.MainActivity@d952f0b in: CREATED
04-13 11:19:58.576 19396 19436 D SoLoader: Loaded: libfbjni.so
04-13 11:19:58.576 19396 19396 D LifecycleMonitor: Lifecycle status change: com.detoxtest.MainActivity@d952f0b in: STARTED
04-13 11:19:58.577 19396 19396 D LifecycleMonitor: Lifecycle status change: com.detoxtest.MainActivity@d952f0b in: RESUMED
04-13 11:19:58.610 19396 19439 E ReactNativeJNI: logMarker CREATE_REACT_CONTEXT_END
04-13 11:19:58.610 19396 19436 E unknown:ReactNative: ReactInstanceManager.createReactContext: mJSIModulePackage null
04-13 11:19:58.615 19396 19439 E ReactNativeJNI: logMarker RUN_JS_BUNDLE_START
04-13 11:19:58.618 19396 19440 E unknown:ReactNative: ReactInstanceManager.attachRootViewToInstance()
04-13 11:19:58.631 19396 19432 D HostConnection: HostConnection::get() New Host Connection established 0xe9913a50, tid 19432
04-13 11:19:58.636 19396 19440 W unknown:ViewManagerPropertyUpdater: Could not find generated setter for class com.facebook.react.views.art.ARTGroupViewManager
04-13 11:19:58.637 19396 19432 D HostConnection: HostComposition ext ANDROID_EMU_CHECKSUM_HELPER_v1 ANDROID_EMU_native_sync_v2 ANDROID_EMU_native_sync_v3 ANDROID_EMU_native_sync_v4 ANDROID_EMU_dma_v1 ANDROID_EMU_direct_mem ANDROID_EMU_host_composition_v1 ANDROID_EMU_host_composition_v2 ANDROID_EMU_YUV_Cache ANDROID_EMU_async_unmap_buffer GL_OES_EGL_image_external_essl3 GL_OES_vertex_array_object GL_KHR_texture_compression_astc_ldr ANDROID_EMU_gles_max_version_3_0 
04-13 11:19:58.637 19396 19440 W unknown:ViewManagerPropertyUpdater: Could not find generated setter for class com.facebook.react.views.art.ARTGroupShadowNode
04-13 11:19:58.639 19396 19440 W unknown:ViewManagerPropertyUpdater: Could not find generated setter for class com.facebook.react.views.art.ARTShapeViewManager
04-13 11:19:58.640 19396 19440 W unknown:ViewManagerPropertyUpdater: Could not find generated setter for class com.facebook.react.views.art.ARTShapeShadowNode
04-13 11:19:58.641 19396 19440 W unknown:ViewManagerPropertyUpdater: Could not find generated setter for class com.facebook.react.views.art.ARTTextViewManager
04-13 11:19:58.641 19396 19440 W unknown:ViewManagerPropertyUpdater: Could not find generated setter for class com.facebook.react.views.art.ARTTextShadowNode
04-13 11:19:58.643 19396 19440 W unknown:ViewManagerPropertyUpdater: Could not find generated setter for class com.facebook.react.views.checkbox.ReactCheckBoxManager
04-13 11:19:58.643 19396 19432 W OpenGLRenderer: Failed to choose config with EGL_SWAP_BEHAVIOR_PRESERVED, retrying without...
04-13 11:19:58.644 19396 19440 W unknown:ViewManagerPropertyUpdater: Could not find generated setter for class com.facebook.react.uimanager.LayoutShadowNode
04-13 11:19:58.646 19396 19432 D EGL_emulation: eglCreateContext: 0xe9710a10: maj 3 min 0 rcv 3
04-13 11:19:58.647 19396 19440 W unknown:ViewManagerPropertyUpdater: Could not find generated setter for class com.facebook.react.views.picker.ReactDialogPickerManager
04-13 11:19:58.648 19396 19440 W unknown:ViewManagerPropertyUpdater: Could not find generated setter for class com.facebook.react.views.drawer.ReactDrawerLayoutManager
04-13 11:19:58.649 19396 19440 W unknown:ViewManagerPropertyUpdater: Could not find generated setter for class com.facebook.react.views.picker.ReactDropdownPickerManager
04-13 11:19:58.649 19396 19440 W unknown:ViewManagerPropertyUpdater: Could not find generated setter for class com.facebook.react.views.scroll.ReactHorizontalScrollViewManager
04-13 11:19:58.650 19396 19440 W unknown:ViewManagerPropertyUpdater: Could not find generated setter for class com.facebook.react.views.scroll.ReactHorizontalScrollContainerViewManager
04-13 11:19:58.655 19396 19440 W unknown:ViewManagerPropertyUpdater: Could not find generated setter for class com.facebook.react.views.progressbar.ReactProgressBarViewManager
04-13 11:19:58.660 19396 19440 W unknown:ViewManagerPropertyUpdater: Could not find generated setter for class com.facebook.react.views.progressbar.ProgressBarShadowNode
04-13 11:19:58.660 19396 19440 W unknown:ViewManagerPropertyUpdater: Could not find generated setter for class com.facebook.react.views.scroll.ReactScrollViewManager
04-13 11:19:58.661 19396 19440 W unknown:ViewManagerPropertyUpdater: Could not find generated setter for class com.facebook.react.views.slider.ReactSliderManager
04-13 11:19:58.662 19396 19432 D EGL_emulation: eglMakeCurrent: 0xe9710a10: ver 3 0 (tinfo 0xe9a7c690)
04-13 11:19:58.675 19396 19440 W unknown:ViewManagerPropertyUpdater: Could not find generated setter for class com.facebook.react.views.slider.ReactSliderManager$ReactSliderShadowNode
04-13 11:19:58.676 19396 19440 W unknown:ViewManagerPropertyUpdater: Could not find generated setter for class com.facebook.react.views.switchview.ReactSwitchManager
04-13 11:19:58.677 19396 19440 W unknown:ViewManagerPropertyUpdater: Could not find generated setter for class com.facebook.react.views.switchview.ReactSwitchManager$ReactSwitchShadowNode
04-13 11:19:58.677 19396 19440 W unknown:ViewManagerPropertyUpdater: Could not find generated setter for class com.facebook.react.views.swiperefresh.SwipeRefreshLayoutManager
04-13 11:19:58.679 19396 19440 W unknown:ViewManagerPropertyUpdater: Could not find generated setter for class com.facebook.react.views.art.ARTSurfaceViewManager
04-13 11:19:58.680 19396 19440 W unknown:ViewManagerPropertyUpdater: Could not find generated setter for class com.facebook.react.views.art.ARTSurfaceViewShadowNode
04-13 11:19:58.680 19396 19432 I Gralloc4: mapper 4.x is not supported
04-13 11:19:58.680 19396 19440 W unknown:ViewManagerPropertyUpdater: Could not find generated setter for class com.facebook.react.views.text.frescosupport.FrescoBasedReactTextInlineImageViewManager
04-13 11:19:58.680 19396 19440 W unknown:ViewManagerPropertyUpdater: Could not find generated setter for class com.facebook.react.views.text.frescosupport.FrescoBasedReactTextInlineImageShadowNode
04-13 11:19:58.686 19396 19432 D HostConnection: createUnique: call
04-13 11:19:58.686 19396 19432 D HostConnection: HostConnection::get() New Host Connection established 0xe9913bd0, tid 19432
04-13 11:19:58.686 19396 19440 W unknown:ViewManagerPropertyUpdater: Could not find generated setter for class com.facebook.react.views.image.ReactImageManager
04-13 11:19:58.687 19396 19432 D eglCodecCommon: allocate: Ask for block of size 0x100
04-13 11:19:58.687 19396 19432 D eglCodecCommon: allocate: ioctl allocate returned offset 0x3fc0ff000 size 0x2000
04-13 11:19:58.688 19396 19440 W unknown:ViewManagerPropertyUpdater: Could not find generated setter for class com.facebook.react.views.modal.ReactModalHostManager
04-13 11:19:58.688 19396 19440 W unknown:ViewManagerPropertyUpdater: Could not find generated setter for class com.facebook.react.views.modal.ModalHostShadowNode
04-13 11:19:58.689 19396 19440 W unknown:ViewManagerPropertyUpdater: Could not find generated setter for class com.facebook.react.views.text.ReactRawTextManager
04-13 11:19:58.689 19396 19440 W unknown:ViewManagerPropertyUpdater: Could not find generated setter for class com.facebook.react.views.text.ReactRawTextShadowNode
04-13 11:19:58.690 19396 19440 W unknown:ViewManagerPropertyUpdater: Could not find generated setter for class com.facebook.react.views.textinput.ReactTextInputManager
04-13 11:19:58.691 19396 19440 W unknown:ViewManagerPropertyUpdater: Could not find generated setter for class com.facebook.react.views.textinput.ReactTextInputShadowNode
04-13 11:19:58.692 19396 19440 W unknown:ViewManagerPropertyUpdater: Could not find generated setter for class com.facebook.react.views.text.ReactTextViewManager
04-13 11:19:58.693 19396 19440 W unknown:ViewManagerPropertyUpdater: Could not find generated setter for class com.facebook.react.views.text.ReactTextShadowNode
04-13 11:19:58.693 19396 19440 W unknown:ViewManagerPropertyUpdater: Could not find generated setter for class com.facebook.react.views.view.ReactViewManager
04-13 11:19:58.694 19396 19432 D HostConnection: HostComposition ext ANDROID_EMU_CHECKSUM_HELPER_v1 ANDROID_EMU_native_sync_v2 ANDROID_EMU_native_sync_v3 ANDROID_EMU_native_sync_v4 ANDROID_EMU_dma_v1 ANDROID_EMU_direct_mem ANDROID_EMU_host_composition_v1 ANDROID_EMU_host_composition_v2 ANDROID_EMU_YUV_Cache ANDROID_EMU_async_unmap_buffer GL_OES_EGL_image_external_essl3 GL_OES_vertex_array_object GL_KHR_texture_compression_astc_ldr ANDROID_EMU_gles_max_version_3_0 
04-13 11:19:58.694 19396 19440 W unknown:ViewManagerPropertyUpdater: Could not find generated setter for class com.facebook.react.views.viewpager.ReactViewPagerManager
04-13 11:19:58.695 19396 19440 W unknown:ViewManagerPropertyUpdater: Could not find generated setter for class com.facebook.react.views.text.ReactVirtualTextViewManager
04-13 11:19:58.695 19396 19440 W unknown:ViewManagerPropertyUpdater: Could not find generated setter for class com.facebook.react.views.text.ReactVirtualTextShadowNode
04-13 11:19:58.697 19396 19440 D SoLoader: About to load: libyoga.so
04-13 11:19:58.698 19396 19440 D SoLoader: libyoga.so not found on /data/user/0/com.detoxtest/lib-main
04-13 11:19:58.699 19396 19440 D SoLoader: libyoga.so found on /data/app/~~K2XBZKK-4uIOugFZFi5K_A==/com.detoxtest-pB2V7Bq0vAh42kMUSqFsgA==/lib/x86
04-13 11:19:58.699 19396 19440 D SoLoader: Not resolving dependencies for libyoga.so
04-13 11:19:58.701 19396 19432 D EGL_emulation: eglMakeCurrent: 0xe9710a10: ver 3 0 (tinfo 0xe9a7c690)
04-13 11:19:58.704 19396 19440 D SoLoader: Loaded: libyoga.so
04-13 11:19:58.712 19396 19440 E unknown:ReactRootView: runApplication: call AppRegistry.runApplication
04-13 11:19:58.731 19396 19439 E ReactNativeJNI: logMarker RUN_JS_BUNDLE_END
04-13 11:19:58.732 19396 19439 I ReactNativeJS: Running "detoxTest" with {"rootTag":1}
04-13 11:19:58.739 19396 19440 D SoLoader: init exiting
04-13 11:19:58.747 19396 19396 E unknown:ReactNative: Unable to launch logbox because react was unable to create the root view
04-13 11:19:58.766 19396 19446 I Detox   : Detox thread starting (com.wix.detox.manager)
04-13 11:19:58.775 19396 19446 I DetoxManager: DetoxServerUrl: ws://localhost:60450
04-13 11:19:58.775 19396 19446 I DetoxManager: DetoxSessionId: 7d89f164-af6b-c9dc-64c4-8893db044759
04-13 11:19:58.779 19396 19396 D DetoxRNLoading: Got new RN-context directly and immediately
04-13 11:19:58.780 19396 19446 I DetoxRNIdleRes: Setting up Espresso Idling Resources for React Native.
04-13 11:19:58.798 19396 19446 D AsyncStorageIR: Checking whether a custom IR for Async-Storage is required... (legacy=false)
04-13 11:19:58.798 19396 19446 D DetoxRNHelpers: Native module not resolved: no such class
04-13 11:19:58.798 19396 19446 D AsyncStorageIR: Checking whether a custom IR for Async-Storage is required... (legacy=true)
04-13 11:19:58.799 19396 19446 D AsyncStorageIR: IR for Async-Storage is required! (legacy=true)
04-13 11:19:58.809 19396 19396 D AsyncStorageIRLegacy: Async-storage is busy!
04-13 11:19:58.815 19396 19446 I WebSocketClient: At connectToServer
04-13 11:19:58.843 19396 19448 I WebSocketClient: At onOpen
04-13 11:19:58.843 19396 19448 I WebSocketClient: At sendAction
04-13 11:19:58.843 19396 19448 D WebSocketClient: Detox Action Sent: login
04-13 11:19:59.029 19396 19396 I Detox   : Wait is over: app is now idle!
04-13 11:19:59.034 19396 19448 I WebSocketClient: At sendAction
04-13 11:19:59.037 19396 19448 D WebSocketClient: Detox Action Sent: ready
04-13 11:19:59.041 19396 19448 I WebSocketClient: At onMessage
04-13 11:19:59.041 19396 19448 I WebSocketClient: At receiveAction
04-13 11:19:59.041 19396 19448 D WebSocketClient: Detox Action Received: loginSuccess
04-13 11:19:59.041 19396 19448 I DetoxManager: onAction: type: loginSuccess params: {"testerConnected":true,"appConnected":true}
04-13 11:19:59.043 19396 19448 I WebSocketClient: At onMessage
04-13 11:19:59.043 19396 19448 I WebSocketClient: At receiveAction
04-13 11:19:59.043 19396 19448 D WebSocketClient: Detox Action Received: isReady
04-13 11:19:59.043 19396 19448 I DetoxManager: onAction: type: isReady params: {}
04-13 11:19:59.046 19396 19396 I Detox   : Wait is over: app is now idle!
04-13 11:19:59.046 19396 19446 I WebSocketClient: At sendAction
04-13 11:19:59.047 19396 19446 D WebSocketClient: Detox Action Sent: ready
