--------- beginning of main
04-13 11:44:25.208 23050 23050 W com.detoxtest: Unexpected CPU variant for X86 using defaults: x86
04-13 11:44:25.218 23050 23050 E com.detoxtest: Not starting debugger since process cannot load the jdwp agent.
--------- beginning of system
04-13 11:44:25.268 23050 23050 W ActivityThread: Package uses different ABI(s) than its instrumentation: package[com.detoxtest]: x86, null instrumentation[com.detoxtest.test]: null, null
04-13 11:44:25.276 23050 23050 I com.detoxtest: The ClassLoaderContext is a special shared library.
04-13 11:44:25.285 23050 23050 I chatty  : uid=10270(com.detoxtest) identical 2 lines
04-13 11:44:25.287 23050 23050 I com.detoxtest: The ClassLoaderContext is a special shared library.
04-13 11:44:25.410 23050 23050 W com.detoxtest: ClassLoaderContext classpath size mismatch. expected=0, found=4 (PCL[]{PCL[/system/framework/android.test.base.jar*84046222]} | PCL[/system/framework/android.test.runner.jar*2838042966:/system/framework/android.test.mock.jar*2353512044:/system/framework/android.test.base.jar*84046222:/data/app/~~vIsWYqxJxqOFW_iICqw45A==/com.detoxtest.test-5ybEZI5UWBKtOPDym8pxag==/base.apk*3736732199]{PCL[/system/framework/android.test.base.jar*84046222]})
04-13 11:44:25.444 23050 23050 I com.detoxtest: The ClassLoaderContext is a special shared library.
04-13 11:44:25.455 23050 23050 I chatty  : uid=10270(com.detoxtest) identical 3 lines
04-13 11:44:25.457 23050 23050 I com.detoxtest: The ClassLoaderContext is a special shared library.
04-13 11:44:25.574 23050 23050 W com.detoxtest: ClassLoaderContext classpath size mismatch. expected=0, found=4 (PCL[]{PCL[/system/framework/android.test.base.jar*84046222]} | PCL[/system/framework/android.test.runner.jar*2838042966:/system/framework/android.test.mock.jar*2353512044:/system/framework/android.test.base.jar*84046222:/data/app/~~vIsWYqxJxqOFW_iICqw45A==/com.detoxtest.test-5ybEZI5UWBKtOPDym8pxag==/base.apk*3736732199]{PCL[/system/framework/android.test.base.jar*84046222]#PCL[/system/framework/android.test.mock.jar*2353512044]{PCL[/system/framework/android.test.base.jar*84046222]}#PCL[/system/framework/android.test.runner.jar*2838042966]{PCL[/system/framework/android.test.base.jar*84046222]#PCL[/system/framework/android.test.mock.jar*2353512044]{PCL[/system/framework/android.test.base.jar*84046222]}}};PCL[/system/framework/android.test.runner.jar*2838042966:/system/framework/android.test.mock.jar*2353512044:/system/framework/android.test.base.jar*84046222:/data/app/~~vIsWYqxJxqOFW_iICqw45A==/com.detoxtest.test-5ybEZI5UWBKtOPDym8pxag==/base.apk*3736732199:/data/app/~~KY-Eq2E9FZjwXocJ5N_boA==/com.detoxtest-iOBfJi8c7_aBme7goHu7iw==/base.apk*4000934944]{PCL[/system/framework/android.test.base.jar*84046222]})
04-13 11:44:25.575 23050 23050 W com.detoxtest: Found duplicate classes, falling back to extracting from APK : /data/app/~~KY-Eq2E9FZjwXocJ5N_boA==/com.detoxtest-iOBfJi8c7_aBme7goHu7iw==/base.apk
04-13 11:44:25.575 23050 23050 W com.detoxtest: NOTE: This wastes RAM and hurts startup performance.
04-13 11:44:25.575 23050 23050 W com.detoxtest: Found duplicated class when checking oat files: 'Landroid/support/v4/app/INotificationSideChannel$Stub$Proxy;' in /data/app/~~KY-Eq2E9FZjwXocJ5N_boA==/com.detoxtest-iOBfJi8c7_aBme7goHu7iw==/base.apk and /data/app/~~KY-Eq2E9FZjwXocJ5N_boA==/com.detoxtest-iOBfJi8c7_aBme7goHu7iw==/base.apk
04-13 11:44:25.576 23050 23050 W com.detoxtest: 
04-13 11:44:25.692 23050 23050 D NetworkSecurityConfig: Using Network Security Config from resource network_security_config debugBuild: false
04-13 11:44:25.693 23050 23050 D NetworkSecurityConfig: Using Network Security Config from resource network_security_config debugBuild: false
04-13 11:44:25.705 23050 23050 I MonitoringInstr: Instrumentation started!
04-13 11:44:25.710 23050 23050 I MonitoringInstr: Setting context classloader to 'dalvik.system.PathClassLoader[DexPathList[[zip file "/system/framework/android.test.runner.jar", zip file "/system/framework/android.test.mock.jar", zip file "/system/framework/android.test.base.jar", zip file "/data/app/~~vIsWYqxJxqOFW_iICqw45A==/com.detoxtest.test-5ybEZI5UWBKtOPDym8pxag==/base.apk", zip file "/data/app/~~KY-Eq2E9FZjwXocJ5N_boA==/com.detoxtest-iOBfJi8c7_aBme7goHu7iw==/base.apk"],nativeLibraryDirectories=[/data/app/~~vIsWYqxJxqOFW_iICqw45A==/com.detoxtest.test-5ybEZI5UWBKtOPDym8pxag==/lib/x86, /data/app/~~KY-Eq2E9FZjwXocJ5N_boA==/com.detoxtest-iOBfJi8c7_aBme7goHu7iw==/lib/x86, /data/app/~~vIsWYqxJxqOFW_iICqw45A==/com.detoxtest.test-5ybEZI5UWBKtOPDym8pxag==/base.apk!/lib/x86, /data/app/~~KY-Eq2E9FZjwXocJ5N_boA==/com.detoxtest-iOBfJi8c7_aBme7goHu7iw==/base.apk!/lib/x86, /system/lib, /system_ext/lib, /product/lib]]]', Original: 'dalvik.system.PathClassLoader[DexPathList[[zip file "/system/framework/android.test.runner.jar", zip file "/system/framework/android.test.mock.jar", zip file "/system/framework/android.test.base.jar", zip file "/data/app/~~vIsWYqxJxqOFW_iICqw45A==/com.detoxtest.test-5ybEZI5UWBKtOPDym8pxag==/base.apk", zip file "/data/app/~~KY-Eq2E9FZjwXocJ5N_boA==/com.detoxtest-iOBfJi8c7_aBme7goHu7iw==/base.apk"],nativeLibraryDirectories=[/data/app/~~vIsWYqxJxqOFW_iICqw45A==/com.detoxtest.test-5ybEZI5UWBKtOPDym8pxag==/lib/x86, /data/app/~~KY-Eq2E9FZjwXocJ5N_boA==/com.detoxtest-iOBfJi8c7_aBme7goHu7iw==/lib/x86, /data/app/~~vIsWYqxJxqOFW_iICqw45A==/com.detoxtest.test-5ybEZI5UWBKtOPDym8pxag==/base.apk!/lib/x86, /data/app/~~KY-Eq2E9FZjwXocJ5N_boA==/com.detoxtest-iOBfJi8c7_aBme7goHu7iw==/base.apk!/lib/x86, /system/lib, /system_ext/lib, /product/lib]]]'
04-13 11:44:25.713 23050 23050 D SoLoader: init start
04-13 11:44:25.714 23050 23050 D SoLoader: adding system library source: /vendor/lib
04-13 11:44:25.714 23050 23050 D SoLoader: adding system library source: /system/lib
04-13 11:44:25.715 23050 23050 D SoLoader: adding application source: com.facebook.soloader.DirectorySoSource[root = /data/app/~~KY-Eq2E9FZjwXocJ5N_boA==/com.detoxtest-iOBfJi8c7_aBme7goHu7iw==/lib/x86 flags = 0]
04-13 11:44:25.715 23050 23050 D SoLoader: adding backup source from : com.facebook.soloader.ApkSoSource[root = /data/user/0/com.detoxtest/lib-main flags = 1]
04-13 11:44:25.716 23050 23050 D SoLoader: Preparing SO source: com.facebook.soloader.DirectorySoSource[root = /system/lib flags = 2]
04-13 11:44:25.716 23050 23050 D SoLoader: Preparing SO source: com.facebook.soloader.DirectorySoSource[root = /vendor/lib flags = 2]
04-13 11:44:25.716 23050 23050 D SoLoader: Preparing SO source: com.facebook.soloader.DirectorySoSource[root = /data/app/~~KY-Eq2E9FZjwXocJ5N_boA==/com.detoxtest-iOBfJi8c7_aBme7goHu7iw==/lib/x86 flags = 0]
04-13 11:44:25.716 23050 23050 D SoLoader: Preparing SO source: com.facebook.soloader.ApkSoSource[root = /data/user/0/com.detoxtest/lib-main flags = 1]
04-13 11:44:25.716 23050 23050 V fb-UnpackingSoSource: locked dso store /data/user/0/com.detoxtest/lib-main
04-13 11:44:25.719 23050 23050 V fb-UnpackingSoSource: deps mismatch on deps store: regenerating
04-13 11:44:25.719 23050 23050 V fb-UnpackingSoSource: so store dirty: regenerating
04-13 11:44:25.741 23050 23050 D ApkSoSource: not allowing consideration of lib/x86/libc++_shared.so: deferring to libdir
04-13 11:44:25.742 23050 23050 D ApkSoSource: not allowing consideration of lib/x86/libfb.so: deferring to libdir
04-13 11:44:25.742 23050 23050 D ApkSoSource: not allowing consideration of lib/x86/libfbjni.so: deferring to libdir
04-13 11:44:25.742 23050 23050 D ApkSoSource: not allowing consideration of lib/x86/libfolly_futures.so: deferring to libdir
04-13 11:44:25.742 23050 23050 D ApkSoSource: not allowing consideration of lib/x86/libfolly_json.so: deferring to libdir
04-13 11:44:25.742 23050 23050 D ApkSoSource: not allowing consideration of lib/x86/libglog.so: deferring to libdir
04-13 11:44:25.743 23050 23050 D ApkSoSource: not allowing consideration of lib/x86/libglog_init.so: deferring to libdir
04-13 11:44:25.743 23050 23050 D ApkSoSource: not allowing consideration of lib/x86/libhermes-executor-debug.so: deferring to libdir
04-13 11:44:25.743 23050 23050 D ApkSoSource: not allowing consideration of lib/x86/libhermes-executor-release.so: deferring to libdir
04-13 11:44:25.743 23050 23050 D ApkSoSource: not allowing consideration of lib/x86/libhermes-inspector.so: deferring to libdir
04-13 11:44:25.743 23050 23050 D ApkSoSource: not allowing consideration of lib/x86/libimagepipeline.so: deferring to libdir
04-13 11:44:25.744 23050 23050 D ApkSoSource: not allowing consideration of lib/x86/libjsc.so: deferring to libdir
04-13 11:44:25.744 23050 23050 D ApkSoSource: not allowing consideration of lib/x86/libjscexecutor.so: deferring to libdir
04-13 11:44:25.744 23050 23050 D ApkSoSource: not allowing consideration of lib/x86/libjsijniprofiler.so: deferring to libdir
04-13 11:44:25.744 23050 23050 D ApkSoSource: not allowing consideration of lib/x86/libjsinspector.so: deferring to libdir
04-13 11:44:25.745 23050 23050 D ApkSoSource: not allowing consideration of lib/x86/libnative-filters.so: deferring to libdir
04-13 11:44:25.745 23050 23050 D ApkSoSource: not allowing consideration of lib/x86/libnative-imagetranscoder.so: deferring to libdir
04-13 11:44:25.745 23050 23050 D ApkSoSource: not allowing consideration of lib/x86/libreactnativeblob.so: deferring to libdir
04-13 11:44:25.745 23050 23050 D ApkSoSource: not allowing consideration of lib/x86/libreactnativejni.so: deferring to libdir
04-13 11:44:25.745 23050 23050 D ApkSoSource: not allowing consideration of lib/x86/libyoga.so: deferring to libdir
04-13 11:44:25.746 23050 23050 V fb-UnpackingSoSource: regenerating DSO store com.facebook.soloader.ApkSoSource
04-13 11:44:25.748 23050 23050 V fb-UnpackingSoSource: Finished regenerating DSO store com.facebook.soloader.ApkSoSource
04-13 11:44:25.748 23050 23050 V fb-UnpackingSoSource: starting syncer worker
04-13 11:44:25.761 23050 23050 V fb-UnpackingSoSource: releasing dso store lock for /data/user/0/com.detoxtest/lib-main (from syncer thread)
04-13 11:44:25.761 23050 23050 V fb-UnpackingSoSource: not releasing dso store lock for /data/user/0/com.detoxtest/lib-main (syncer thread started)
04-13 11:44:25.761 23050 23050 D SoLoader: init finish: 4 SO sources prepared
04-13 11:44:25.761 23050 23050 D SoLoader: init exiting
04-13 11:44:25.765 23050 23050 D SoLoader: init exiting
04-13 11:44:25.765 23050 23050 D SoLoader: About to load: libjscexecutor.so
04-13 11:44:25.766 23050 23050 D SoLoader: libjscexecutor.so not found on /data/user/0/com.detoxtest/lib-main
04-13 11:44:25.766 23050 23050 D SoLoader: libjscexecutor.so found on /data/app/~~KY-Eq2E9FZjwXocJ5N_boA==/com.detoxtest-iOBfJi8c7_aBme7goHu7iw==/lib/x86
04-13 11:44:25.766 23050 23050 D SoLoader: Not resolving dependencies for libjscexecutor.so
04-13 11:44:25.776 23050 23050 D JavaScriptCore.Version: 245459.0.0
04-13 11:44:25.776 23050 23050 D SoLoader: Loaded: libjscexecutor.so
04-13 11:44:25.778 23050 23050 D SoLoader: init exiting
04-13 11:44:25.784 23050 23050 I MonitoringInstr: No JSBridge.
04-13 11:44:25.789 23050 23070 I MonitoringInstr: Setting context classloader to 'dalvik.system.PathClassLoader[DexPathList[[zip file "/system/framework/android.test.runner.jar", zip file "/system/framework/android.test.mock.jar", zip file "/system/framework/android.test.base.jar", zip file "/data/app/~~vIsWYqxJxqOFW_iICqw45A==/com.detoxtest.test-5ybEZI5UWBKtOPDym8pxag==/base.apk", zip file "/data/app/~~KY-Eq2E9FZjwXocJ5N_boA==/com.detoxtest-iOBfJi8c7_aBme7goHu7iw==/base.apk"],nativeLibraryDirectories=[/data/app/~~vIsWYqxJxqOFW_iICqw45A==/com.detoxtest.test-5ybEZI5UWBKtOPDym8pxag==/lib/x86, /data/app/~~KY-Eq2E9FZjwXocJ5N_boA==/com.detoxtest-iOBfJi8c7_aBme7goHu7iw==/lib/x86, /data/app/~~vIsWYqxJxqOFW_iICqw45A==/com.detoxtest.test-5ybEZI5UWBKtOPDym8pxag==/base.apk!/lib/x86, /data/app/~~KY-Eq2E9FZjwXocJ5N_boA==/com.detoxtest-iOBfJi8c7_aBme7goHu7iw==/base.apk!/lib/x86, /system/lib, /system_ext/lib, /product/lib]]]', Original: 'dalvik.system.PathClassLoader[DexPathList[[zip file "/system/framework/android.test.runner.jar", zip file "/system/framework/android.test.mock.jar", zip file "/system/framework/android.test.base.jar", zip file "/data/app/~~vIsWYqxJxqOFW_iICqw45A==/com.detoxtest.test-5ybEZI5UWBKtOPDym8pxag==/base.apk", zip file "/data/app/~~KY-Eq2E9FZjwXocJ5N_boA==/com.detoxtest-iOBfJi8c7_aBme7goHu7iw==/base.apk"],nativeLibraryDirectories=[/data/app/~~vIsWYqxJxqOFW_iICqw45A==/com.detoxtest.test-5ybEZI5UWBKtOPDym8pxag==/lib/x86, /data/app/~~KY-Eq2E9FZjwXocJ5N_boA==/com.detoxtest-iOBfJi8c7_aBme7goHu7iw==/lib/x86, /data/app/~~vIsWYqxJxqOFW_iICqw45A==/com.detoxtest.test-5ybEZI5UWBKtOPDym8pxag==/base.apk!/lib/x86, /data/app/~~KY-Eq2E9FZjwXocJ5N_boA==/com.detoxtest-iOBfJi8c7_aBme7goHu7iw==/base.apk!/lib/x86, /system/lib, /system_ext/lib, /product/lib]]]'
04-13 11:44:25.816 23050 23070 I UsageTrackerFacilitator: Usage tracking enabled
04-13 11:44:25.825 23050 23070 I TestRequestBuilder: Scanning classpath to find tests in paths [/data/app/~~vIsWYqxJxqOFW_iICqw45A==/com.detoxtest.test-5ybEZI5UWBKtOPDym8pxag==/base.apk]
04-13 11:44:25.827 23050 23070 W com.detoxtest: Opening an oat file without a class loader. Are you using the deprecated DexFile APIs?
04-13 11:44:26.049 23050 23070 D TestExecutor: Adding listener androidx.test.internal.runner.listener.LogRunListener
04-13 11:44:26.050 23050 23070 D TestExecutor: Adding listener androidx.test.internal.runner.listener.InstrumentationResultPrinter
04-13 11:44:26.050 23050 23070 D TestExecutor: Adding listener androidx.test.internal.runner.listener.ActivityFinisherRunListener
04-13 11:44:26.052 23050 23070 I TestRunner: run started: 1 tests
04-13 11:44:26.059 23050 23070 I TestRunner: started: runDetoxTests(com.detoxtest.DetoxTest)
04-13 11:44:26.066 23050 23050 I MonitoringInstr: Activities that are still in CREATED to STOPPED: 0
04-13 11:44:26.109 23050 23070 D EventInjectionStrategy: Creating injection strategy with input manager.
04-13 11:44:26.213 23050 23084 D libEGL  : loaded /vendor/lib/egl/libEGL_emulation.so
04-13 11:44:26.219 23050 23084 D libEGL  : loaded /vendor/lib/egl/libGLESv1_CM_emulation.so
04-13 11:44:26.230 23050 23084 D libEGL  : loaded /vendor/lib/egl/libGLESv2_emulation.so
04-13 11:44:26.262 23050 23050 D LifecycleMonitor: Lifecycle status change: com.detoxtest.MainActivity@d952f0b in: PRE_ON_CREATE
04-13 11:44:26.299 23050 23087 D SoLoader: About to load: libreactnativejni.so
04-13 11:44:26.300 23050 23087 D SoLoader: libreactnativejni.so not found on /data/user/0/com.detoxtest/lib-main
04-13 11:44:26.300 23050 23087 D SoLoader: libreactnativejni.so found on /data/app/~~KY-Eq2E9FZjwXocJ5N_boA==/com.detoxtest-iOBfJi8c7_aBme7goHu7iw==/lib/x86
04-13 11:44:26.300 23050 23087 D SoLoader: Not resolving dependencies for libreactnativejni.so
04-13 11:44:26.313 23050 23087 D SoLoader: Loaded: libreactnativejni.so
04-13 11:44:26.314 23050 23087 D SoLoader: About to load: libfbjni.so
04-13 11:44:26.314 23050 23087 D SoLoader: libfbjni.so not found on /data/user/0/com.detoxtest/lib-main
04-13 11:44:26.315 23050 23087 D SoLoader: libfbjni.so found on /data/app/~~KY-Eq2E9FZjwXocJ5N_boA==/com.detoxtest-iOBfJi8c7_aBme7goHu7iw==/lib/x86
04-13 11:44:26.315 23050 23087 D SoLoader: Not resolving dependencies for libfbjni.so
04-13 11:44:26.317 23050 23087 D SoLoader: Loaded: libfbjni.so
04-13 11:44:26.321 23050 23050 D LifecycleMonitor: Lifecycle status change: com.detoxtest.MainActivity@d952f0b in: CREATED
04-13 11:44:26.324 23050 23050 D LifecycleMonitor: Lifecycle status change: com.detoxtest.MainActivity@d952f0b in: STARTED
04-13 11:44:26.325 23050 23050 D LifecycleMonitor: Lifecycle status change: com.detoxtest.MainActivity@d952f0b in: RESUMED
04-13 11:44:26.373 23050 23091 E ReactNativeJNI: logMarker CREATE_REACT_CONTEXT_END
04-13 11:44:26.373 23050 23087 E unknown:ReactNative: ReactInstanceManager.createReactContext: mJSIModulePackage null
04-13 11:44:26.391 23050 23082 D HostConnection: HostConnection::get() New Host Connection established 0xe99155b0, tid 23082
04-13 11:44:26.392 23050 23091 E ReactNativeJNI: logMarker RUN_JS_BUNDLE_START
04-13 11:44:26.394 23050 23092 E unknown:ReactNative: ReactInstanceManager.attachRootViewToInstance()
04-13 11:44:26.410 23050 23082 D HostConnection: HostComposition ext ANDROID_EMU_CHECKSUM_HELPER_v1 ANDROID_EMU_native_sync_v2 ANDROID_EMU_native_sync_v3 ANDROID_EMU_native_sync_v4 ANDROID_EMU_dma_v1 ANDROID_EMU_direct_mem ANDROID_EMU_host_composition_v1 ANDROID_EMU_host_composition_v2 ANDROID_EMU_YUV_Cache ANDROID_EMU_async_unmap_buffer GL_OES_EGL_image_external_essl3 GL_OES_vertex_array_object GL_KHR_texture_compression_astc_ldr ANDROID_EMU_gles_max_version_3_0 
04-13 11:44:26.422 23050 23092 W unknown:ViewManagerPropertyUpdater: Could not find generated setter for class com.facebook.react.views.art.ARTGroupViewManager
04-13 11:44:26.425 23050 23092 W unknown:ViewManagerPropertyUpdater: Could not find generated setter for class com.facebook.react.views.art.ARTGroupShadowNode
04-13 11:44:26.426 23050 23092 W unknown:ViewManagerPropertyUpdater: Could not find generated setter for class com.facebook.react.views.art.ARTShapeViewManager
04-13 11:44:26.427 23050 23092 W unknown:ViewManagerPropertyUpdater: Could not find generated setter for class com.facebook.react.views.art.ARTShapeShadowNode
04-13 11:44:26.429 23050 23092 W unknown:ViewManagerPropertyUpdater: Could not find generated setter for class com.facebook.react.views.art.ARTTextViewManager
04-13 11:44:26.430 23050 23092 W unknown:ViewManagerPropertyUpdater: Could not find generated setter for class com.facebook.react.views.art.ARTTextShadowNode
04-13 11:44:26.430 23050 23082 W OpenGLRenderer: Failed to choose config with EGL_SWAP_BEHAVIOR_PRESERVED, retrying without...
04-13 11:44:26.431 23050 23092 W unknown:ViewManagerPropertyUpdater: Could not find generated setter for class com.facebook.react.views.checkbox.ReactCheckBoxManager
04-13 11:44:26.432 23050 23082 D EGL_emulation: eglCreateContext: 0xe9737d70: maj 3 min 0 rcv 3
04-13 11:44:26.441 23050 23092 W unknown:ViewManagerPropertyUpdater: Could not find generated setter for class com.facebook.react.uimanager.LayoutShadowNode
04-13 11:44:26.446 23050 23092 W unknown:ViewManagerPropertyUpdater: Could not find generated setter for class com.facebook.react.views.picker.ReactDialogPickerManager
04-13 11:44:26.448 23050 23092 W unknown:ViewManagerPropertyUpdater: Could not find generated setter for class com.facebook.react.views.drawer.ReactDrawerLayoutManager
04-13 11:44:26.452 23050 23092 W unknown:ViewManagerPropertyUpdater: Could not find generated setter for class com.facebook.react.views.picker.ReactDropdownPickerManager
04-13 11:44:26.455 23050 23082 D EGL_emulation: eglMakeCurrent: 0xe9737d70: ver 3 0 (tinfo 0xe9a7ced0)
04-13 11:44:26.477 23050 23092 W unknown:ViewManagerPropertyUpdater: Could not find generated setter for class com.facebook.react.views.scroll.ReactHorizontalScrollViewManager
04-13 11:44:26.481 23050 23092 W unknown:ViewManagerPropertyUpdater: Could not find generated setter for class com.facebook.react.views.scroll.ReactHorizontalScrollContainerViewManager
04-13 11:44:26.486 23050 23082 I Gralloc4: mapper 4.x is not supported
04-13 11:44:26.489 23050 23092 W unknown:ViewManagerPropertyUpdater: Could not find generated setter for class com.facebook.react.views.progressbar.ReactProgressBarViewManager
04-13 11:44:26.493 23050 23082 D HostConnection: createUnique: call
04-13 11:44:26.494 23050 23082 D HostConnection: HostConnection::get() New Host Connection established 0xe99154f0, tid 23082
04-13 11:44:26.494 23050 23082 D eglCodecCommon: allocate: Ask for block of size 0x100
04-13 11:44:26.495 23050 23082 D eglCodecCommon: allocate: ioctl allocate returned offset 0x3fc0ff000 size 0x2000
04-13 11:44:26.495 23050 23092 W unknown:ViewManagerPropertyUpdater: Could not find generated setter for class com.facebook.react.views.progressbar.ProgressBarShadowNode
04-13 11:44:26.496 23050 23092 W unknown:ViewManagerPropertyUpdater: Could not find generated setter for class com.facebook.react.views.scroll.ReactScrollViewManager
04-13 11:44:26.499 23050 23092 W unknown:ViewManagerPropertyUpdater: Could not find generated setter for class com.facebook.react.views.slider.ReactSliderManager
04-13 11:44:26.503 23050 23092 W unknown:ViewManagerPropertyUpdater: Could not find generated setter for class com.facebook.react.views.slider.ReactSliderManager$ReactSliderShadowNode
04-13 11:44:26.505 23050 23092 W unknown:ViewManagerPropertyUpdater: Could not find generated setter for class com.facebook.react.views.switchview.ReactSwitchManager
04-13 11:44:26.510 23050 23092 W unknown:ViewManagerPropertyUpdater: Could not find generated setter for class com.facebook.react.views.switchview.ReactSwitchManager$ReactSwitchShadowNode
04-13 11:44:26.511 23050 23092 W unknown:ViewManagerPropertyUpdater: Could not find generated setter for class com.facebook.react.views.swiperefresh.SwipeRefreshLayoutManager
04-13 11:44:26.516 23050 23092 W unknown:ViewManagerPropertyUpdater: Could not find generated setter for class com.facebook.react.views.art.ARTSurfaceViewManager
04-13 11:44:26.517 23050 23092 W unknown:ViewManagerPropertyUpdater: Could not find generated setter for class com.facebook.react.views.art.ARTSurfaceViewShadowNode
04-13 11:44:26.519 23050 23092 W unknown:ViewManagerPropertyUpdater: Could not find generated setter for class com.facebook.react.views.text.frescosupport.FrescoBasedReactTextInlineImageViewManager
04-13 11:44:26.519 23050 23092 W unknown:ViewManagerPropertyUpdater: Could not find generated setter for class com.facebook.react.views.text.frescosupport.FrescoBasedReactTextInlineImageShadowNode
04-13 11:44:26.523 23050 23092 W unknown:ViewManagerPropertyUpdater: Could not find generated setter for class com.facebook.react.views.image.ReactImageManager
04-13 11:44:26.527 23050 23092 W unknown:ViewManagerPropertyUpdater: Could not find generated setter for class com.facebook.react.views.modal.ReactModalHostManager
04-13 11:44:26.529 23050 23092 W unknown:ViewManagerPropertyUpdater: Could not find generated setter for class com.facebook.react.views.modal.ModalHostShadowNode
04-13 11:44:26.530 23050 23092 W unknown:ViewManagerPropertyUpdater: Could not find generated setter for class com.facebook.react.views.text.ReactRawTextManager
04-13 11:44:26.532 23050 23092 W unknown:ViewManagerPropertyUpdater: Could not find generated setter for class com.facebook.react.views.text.ReactRawTextShadowNode
04-13 11:44:26.535 23050 23092 W unknown:ViewManagerPropertyUpdater: Could not find generated setter for class com.facebook.react.views.textinput.ReactTextInputManager
04-13 11:44:26.541 23050 23082 D HostConnection: HostComposition ext ANDROID_EMU_CHECKSUM_HELPER_v1 ANDROID_EMU_native_sync_v2 ANDROID_EMU_native_sync_v3 ANDROID_EMU_native_sync_v4 ANDROID_EMU_dma_v1 ANDROID_EMU_direct_mem ANDROID_EMU_host_composition_v1 ANDROID_EMU_host_composition_v2 ANDROID_EMU_YUV_Cache ANDROID_EMU_async_unmap_buffer GL_OES_EGL_image_external_essl3 GL_OES_vertex_array_object GL_KHR_texture_compression_astc_ldr ANDROID_EMU_gles_max_version_3_0 
04-13 11:44:26.542 23050 23092 W unknown:ViewManagerPropertyUpdater: Could not find generated setter for class com.facebook.react.views.textinput.ReactTextInputShadowNode
04-13 11:44:26.547 23050 23082 D EGL_emulation: eglMakeCurrent: 0xe9737d70: ver 3 0 (tinfo 0xe9a7ced0)
04-13 11:44:26.548 23050 23092 W unknown:ViewManagerPropertyUpdater: Could not find generated setter for class com.facebook.react.views.text.ReactTextViewManager
04-13 11:44:26.550 23050 23092 W unknown:ViewManagerPropertyUpdater: Could not find generated setter for class com.facebook.react.views.text.ReactTextShadowNode
04-13 11:44:26.551 23050 23092 W unknown:ViewManagerPropertyUpdater: Could not find generated setter for class com.facebook.react.views.view.ReactViewManager
04-13 11:44:26.553 23050 23092 W unknown:ViewManagerPropertyUpdater: Could not find generated setter for class com.facebook.react.views.viewpager.ReactViewPagerManager
04-13 11:44:26.557 23050 23092 W unknown:ViewManagerPropertyUpdater: Could not find generated setter for class com.facebook.react.views.text.ReactVirtualTextViewManager
04-13 11:44:26.557 23050 23092 W unknown:ViewManagerPropertyUpdater: Could not find generated setter for class com.facebook.react.views.text.ReactVirtualTextShadowNode
04-13 11:44:26.562 23050 23092 D SoLoader: About to load: libyoga.so
04-13 11:44:26.564 23050 23092 D SoLoader: libyoga.so not found on /data/user/0/com.detoxtest/lib-main
04-13 11:44:26.564 23050 23092 D SoLoader: libyoga.so found on /data/app/~~KY-Eq2E9FZjwXocJ5N_boA==/com.detoxtest-iOBfJi8c7_aBme7goHu7iw==/lib/x86
04-13 11:44:26.564 23050 23092 D SoLoader: Not resolving dependencies for libyoga.so
04-13 11:44:26.570 23050 23092 D SoLoader: Loaded: libyoga.so
04-13 11:44:26.583 23050 23092 E unknown:ReactRootView: runApplication: call AppRegistry.runApplication
04-13 11:44:26.637 23050 23050 E unknown:ReactNative: Unable to launch logbox because react was unable to create the root view
04-13 11:44:26.691 23050 23097 I Detox   : Detox thread starting (com.wix.detox.manager)
04-13 11:44:26.714 23050 23097 I DetoxManager: DetoxServerUrl: ws://localhost:62680
04-13 11:44:26.715 23050 23097 I DetoxManager: DetoxSessionId: 4242d384-e0e7-bcf8-2520-ed0aaf1806c7
04-13 11:44:26.759 23050 23092 D SoLoader: init exiting
04-13 11:44:26.776 23050 23050 D DetoxRNLoading: Got new RN-context directly and immediately
04-13 11:44:26.815 23050 23097 I DetoxRNIdleRes: Setting up Espresso Idling Resources for React Native.
04-13 11:44:26.899 23050 23097 D AsyncStorageIR: Checking whether a custom IR for Async-Storage is required... (legacy=false)
04-13 11:44:26.899 23050 23097 D DetoxRNHelpers: Native module not resolved: no such class
04-13 11:44:26.899 23050 23097 D AsyncStorageIR: Checking whether a custom IR for Async-Storage is required... (legacy=true)
04-13 11:44:26.900 23050 23097 D AsyncStorageIR: IR for Async-Storage is required! (legacy=true)
04-13 11:44:26.909 23050 23050 D AsyncStorageIRLegacy: Async-storage is busy!
04-13 11:44:26.911 23050 23091 E ReactNativeJNI: logMarker RUN_JS_BUNDLE_END
04-13 11:44:26.912 23050 23091 I ReactNativeJS: Running "detoxTest" with {"rootTag":1}
04-13 11:44:26.914 23050 23097 I WebSocketClient: At connectToServer
04-13 11:44:26.934 23050 23102 I WebSocketClient: At onOpen
04-13 11:44:26.934 23050 23102 I WebSocketClient: At sendAction
04-13 11:44:26.934 23050 23102 D WebSocketClient: Detox Action Sent: login
04-13 11:44:27.173 23050 23050 I Detox   : Wait is over: app is now idle!
04-13 11:44:27.178 23050 23102 I WebSocketClient: At sendAction
04-13 11:44:27.180 23050 23102 D WebSocketClient: Detox Action Sent: ready
04-13 11:44:27.184 23050 23102 I WebSocketClient: At onMessage
04-13 11:44:27.184 23050 23102 I WebSocketClient: At receiveAction
04-13 11:44:27.184 23050 23102 D WebSocketClient: Detox Action Received: loginSuccess
04-13 11:44:27.184 23050 23102 I DetoxManager: onAction: type: loginSuccess params: {"testerConnected":true,"appConnected":true}
04-13 11:44:27.187 23050 23102 I WebSocketClient: At onMessage
04-13 11:44:27.187 23050 23102 I WebSocketClient: At receiveAction
04-13 11:44:27.187 23050 23102 D WebSocketClient: Detox Action Received: isReady
04-13 11:44:27.187 23050 23102 I DetoxManager: onAction: type: isReady params: {}
04-13 11:44:27.200 23050 23050 I Detox   : Wait is over: app is now idle!
04-13 11:44:27.200 23050 23097 I WebSocketClient: At sendAction
04-13 11:44:27.200 23050 23097 D WebSocketClient: Detox Action Sent: ready
