--------- beginning of main
04-13 11:35:08.473 21988 21988 W com.detoxtest: Unexpected CPU variant for X86 using defaults: x86
04-13 11:35:08.477 21988 21988 E com.detoxtest: Not starting debugger since process cannot load the jdwp agent.
--------- beginning of system
04-13 11:35:08.504 21988 21988 W ActivityThread: Package uses different ABI(s) than its instrumentation: package[com.detoxtest]: x86, null instrumentation[com.detoxtest.test]: null, null
04-13 11:35:08.509 21988 21988 I com.detoxtest: The ClassLoaderContext is a special shared library.
04-13 11:35:08.511 21988 21988 I chatty  : uid=10262(com.detoxtest) identical 2 lines
04-13 11:35:08.512 21988 21988 I com.detoxtest: The ClassLoaderContext is a special shared library.
04-13 11:35:08.552 21988 21988 W com.detoxtest: ClassLoaderContext classpath size mismatch. expected=0, found=4 (PCL[]{PCL[/system/framework/android.test.base.jar*84046222]} | PCL[/system/framework/android.test.runner.jar*2838042966:/system/framework/android.test.mock.jar*2353512044:/system/framework/android.test.base.jar*84046222:/data/app/~~7FhUtt4VXFo2Gssau0hWiw==/com.detoxtest.test-T3uAV_yYjIyzxx8unfgMig==/base.apk*3736732199]{PCL[/system/framework/android.test.base.jar*84046222]})
04-13 11:35:08.562 21988 21988 I com.detoxtest: The ClassLoaderContext is a special shared library.
04-13 11:35:08.565 21988 21988 I chatty  : uid=10262(com.detoxtest) identical 3 lines
04-13 11:35:08.565 21988 21988 I com.detoxtest: The ClassLoaderContext is a special shared library.
04-13 11:35:08.605 21988 21988 W com.detoxtest: ClassLoaderContext classpath size mismatch. expected=0, found=4 (PCL[]{PCL[/system/framework/android.test.base.jar*84046222]} | PCL[/system/framework/android.test.runner.jar*2838042966:/system/framework/android.test.mock.jar*2353512044:/system/framework/android.test.base.jar*84046222:/data/app/~~7FhUtt4VXFo2Gssau0hWiw==/com.detoxtest.test-T3uAV_yYjIyzxx8unfgMig==/base.apk*3736732199]{PCL[/system/framework/android.test.base.jar*84046222]#PCL[/system/framework/android.test.mock.jar*2353512044]{PCL[/system/framework/android.test.base.jar*84046222]}#PCL[/system/framework/android.test.runner.jar*2838042966]{PCL[/system/framework/android.test.base.jar*84046222]#PCL[/system/framework/android.test.mock.jar*2353512044]{PCL[/system/framework/android.test.base.jar*84046222]}}};PCL[/system/framework/android.test.runner.jar*2838042966:/system/framework/android.test.mock.jar*2353512044:/system/framework/android.test.base.jar*84046222:/data/app/~~7FhUtt4VXFo2Gssau0hWiw==/com.detoxtest.test-T3uAV_yYjIyzxx8unfgMig==/base.apk*3736732199:/data/app/~~av34R62ln1KQv7-vNo9xsA==/com.detoxtest-EKMeehzS2ot5tVs3iEUIfg==/base.apk*4000934944]{PCL[/system/framework/android.test.base.jar*84046222]})
04-13 11:35:08.606 21988 21988 W com.detoxtest: Found duplicate classes, falling back to extracting from APK : /data/app/~~av34R62ln1KQv7-vNo9xsA==/com.detoxtest-EKMeehzS2ot5tVs3iEUIfg==/base.apk
04-13 11:35:08.606 21988 21988 W com.detoxtest: NOTE: This wastes RAM and hurts startup performance.
04-13 11:35:08.606 21988 21988 W com.detoxtest: Found duplicated class when checking oat files: 'Landroid/support/v4/app/INotificationSideChannel$Stub$Proxy;' in /data/app/~~av34R62ln1KQv7-vNo9xsA==/com.detoxtest-EKMeehzS2ot5tVs3iEUIfg==/base.apk and /data/app/~~av34R62ln1KQv7-vNo9xsA==/com.detoxtest-EKMeehzS2ot5tVs3iEUIfg==/base.apk
04-13 11:35:08.606 21988 21988 W com.detoxtest: 
04-13 11:35:08.688 21988 21988 D NetworkSecurityConfig: Using Network Security Config from resource network_security_config debugBuild: false
04-13 11:35:08.688 21988 21988 D NetworkSecurityConfig: Using Network Security Config from resource network_security_config debugBuild: false
04-13 11:35:08.695 21988 21988 I MonitoringInstr: Instrumentation started!
04-13 11:35:08.697 21988 21988 I MonitoringInstr: Setting context classloader to 'dalvik.system.PathClassLoader[DexPathList[[zip file "/system/framework/android.test.runner.jar", zip file "/system/framework/android.test.mock.jar", zip file "/system/framework/android.test.base.jar", zip file "/data/app/~~7FhUtt4VXFo2Gssau0hWiw==/com.detoxtest.test-T3uAV_yYjIyzxx8unfgMig==/base.apk", zip file "/data/app/~~av34R62ln1KQv7-vNo9xsA==/com.detoxtest-EKMeehzS2ot5tVs3iEUIfg==/base.apk"],nativeLibraryDirectories=[/data/app/~~7FhUtt4VXFo2Gssau0hWiw==/com.detoxtest.test-T3uAV_yYjIyzxx8unfgMig==/lib/x86, /data/app/~~av34R62ln1KQv7-vNo9xsA==/com.detoxtest-EKMeehzS2ot5tVs3iEUIfg==/lib/x86, /data/app/~~7FhUtt4VXFo2Gssau0hWiw==/com.detoxtest.test-T3uAV_yYjIyzxx8unfgMig==/base.apk!/lib/x86, /data/app/~~av34R62ln1KQv7-vNo9xsA==/com.detoxtest-EKMeehzS2ot5tVs3iEUIfg==/base.apk!/lib/x86, /system/lib, /system_ext/lib, /product/lib]]]', Original: 'dalvik.system.PathClassLoader[DexPathList[[zip file "/system/framework/android.test.runner.jar", zip file "/system/framework/android.test.mock.jar", zip file "/system/framework/android.test.base.jar", zip file "/data/app/~~7FhUtt4VXFo2Gssau0hWiw==/com.detoxtest.test-T3uAV_yYjIyzxx8unfgMig==/base.apk", zip file "/data/app/~~av34R62ln1KQv7-vNo9xsA==/com.detoxtest-EKMeehzS2ot5tVs3iEUIfg==/base.apk"],nativeLibraryDirectories=[/data/app/~~7FhUtt4VXFo2Gssau0hWiw==/com.detoxtest.test-T3uAV_yYjIyzxx8unfgMig==/lib/x86, /data/app/~~av34R62ln1KQv7-vNo9xsA==/com.detoxtest-EKMeehzS2ot5tVs3iEUIfg==/lib/x86, /data/app/~~7FhUtt4VXFo2Gssau0hWiw==/com.detoxtest.test-T3uAV_yYjIyzxx8unfgMig==/base.apk!/lib/x86, /data/app/~~av34R62ln1KQv7-vNo9xsA==/com.detoxtest-EKMeehzS2ot5tVs3iEUIfg==/base.apk!/lib/x86, /system/lib, /system_ext/lib, /product/lib]]]'
04-13 11:35:08.699 21988 21988 D SoLoader: init start
04-13 11:35:08.699 21988 21988 D SoLoader: adding system library source: /vendor/lib
04-13 11:35:08.699 21988 21988 D SoLoader: adding system library source: /system/lib
04-13 11:35:08.699 21988 21988 D SoLoader: adding application source: com.facebook.soloader.DirectorySoSource[root = /data/app/~~av34R62ln1KQv7-vNo9xsA==/com.detoxtest-EKMeehzS2ot5tVs3iEUIfg==/lib/x86 flags = 0]
04-13 11:35:08.700 21988 21988 D SoLoader: adding backup source from : com.facebook.soloader.ApkSoSource[root = /data/user/0/com.detoxtest/lib-main flags = 1]
04-13 11:35:08.700 21988 21988 D SoLoader: Preparing SO source: com.facebook.soloader.DirectorySoSource[root = /system/lib flags = 2]
04-13 11:35:08.700 21988 21988 D SoLoader: Preparing SO source: com.facebook.soloader.DirectorySoSource[root = /vendor/lib flags = 2]
04-13 11:35:08.700 21988 21988 D SoLoader: Preparing SO source: com.facebook.soloader.DirectorySoSource[root = /data/app/~~av34R62ln1KQv7-vNo9xsA==/com.detoxtest-EKMeehzS2ot5tVs3iEUIfg==/lib/x86 flags = 0]
04-13 11:35:08.700 21988 21988 D SoLoader: Preparing SO source: com.facebook.soloader.ApkSoSource[root = /data/user/0/com.detoxtest/lib-main flags = 1]
04-13 11:35:08.700 21988 21988 V fb-UnpackingSoSource: locked dso store /data/user/0/com.detoxtest/lib-main
04-13 11:35:08.703 21988 21988 V fb-UnpackingSoSource: deps mismatch on deps store: regenerating
04-13 11:35:08.703 21988 21988 V fb-UnpackingSoSource: so store dirty: regenerating
04-13 11:35:08.723 21988 21988 D ApkSoSource: not allowing consideration of lib/x86/libc++_shared.so: deferring to libdir
04-13 11:35:08.724 21988 21988 D ApkSoSource: not allowing consideration of lib/x86/libfb.so: deferring to libdir
04-13 11:35:08.724 21988 21988 D ApkSoSource: not allowing consideration of lib/x86/libfbjni.so: deferring to libdir
04-13 11:35:08.724 21988 21988 D ApkSoSource: not allowing consideration of lib/x86/libfolly_futures.so: deferring to libdir
04-13 11:35:08.724 21988 21988 D ApkSoSource: not allowing consideration of lib/x86/libfolly_json.so: deferring to libdir
04-13 11:35:08.724 21988 21988 D ApkSoSource: not allowing consideration of lib/x86/libglog.so: deferring to libdir
04-13 11:35:08.724 21988 21988 D ApkSoSource: not allowing consideration of lib/x86/libglog_init.so: deferring to libdir
04-13 11:35:08.724 21988 21988 D ApkSoSource: not allowing consideration of lib/x86/libhermes-executor-debug.so: deferring to libdir
04-13 11:35:08.724 21988 21988 D ApkSoSource: not allowing consideration of lib/x86/libhermes-executor-release.so: deferring to libdir
04-13 11:35:08.724 21988 21988 D ApkSoSource: not allowing consideration of lib/x86/libhermes-inspector.so: deferring to libdir
04-13 11:35:08.724 21988 21988 D ApkSoSource: not allowing consideration of lib/x86/libimagepipeline.so: deferring to libdir
04-13 11:35:08.725 21988 21988 D ApkSoSource: not allowing consideration of lib/x86/libjsc.so: deferring to libdir
04-13 11:35:08.725 21988 21988 D ApkSoSource: not allowing consideration of lib/x86/libjscexecutor.so: deferring to libdir
04-13 11:35:08.725 21988 21988 D ApkSoSource: not allowing consideration of lib/x86/libjsijniprofiler.so: deferring to libdir
04-13 11:35:08.725 21988 21988 D ApkSoSource: not allowing consideration of lib/x86/libjsinspector.so: deferring to libdir
04-13 11:35:08.725 21988 21988 D ApkSoSource: not allowing consideration of lib/x86/libnative-filters.so: deferring to libdir
04-13 11:35:08.725 21988 21988 D ApkSoSource: not allowing consideration of lib/x86/libnative-imagetranscoder.so: deferring to libdir
04-13 11:35:08.725 21988 21988 D ApkSoSource: not allowing consideration of lib/x86/libreactnativeblob.so: deferring to libdir
04-13 11:35:08.725 21988 21988 D ApkSoSource: not allowing consideration of lib/x86/libreactnativejni.so: deferring to libdir
04-13 11:35:08.725 21988 21988 D ApkSoSource: not allowing consideration of lib/x86/libyoga.so: deferring to libdir
04-13 11:35:08.725 21988 21988 V fb-UnpackingSoSource: regenerating DSO store com.facebook.soloader.ApkSoSource
04-13 11:35:08.726 21988 21988 V fb-UnpackingSoSource: Finished regenerating DSO store com.facebook.soloader.ApkSoSource
04-13 11:35:08.726 21988 21988 V fb-UnpackingSoSource: starting syncer worker
04-13 11:35:08.734 21988 21988 V fb-UnpackingSoSource: releasing dso store lock for /data/user/0/com.detoxtest/lib-main (from syncer thread)
04-13 11:35:08.734 21988 21988 V fb-UnpackingSoSource: not releasing dso store lock for /data/user/0/com.detoxtest/lib-main (syncer thread started)
04-13 11:35:08.734 21988 21988 D SoLoader: init finish: 4 SO sources prepared
04-13 11:35:08.734 21988 21988 D SoLoader: init exiting
04-13 11:35:08.735 21988 21988 D SoLoader: init exiting
04-13 11:35:08.735 21988 21988 D SoLoader: About to load: libjscexecutor.so
04-13 11:35:08.736 21988 21988 D SoLoader: libjscexecutor.so not found on /data/user/0/com.detoxtest/lib-main
04-13 11:35:08.736 21988 21988 D SoLoader: libjscexecutor.so found on /data/app/~~av34R62ln1KQv7-vNo9xsA==/com.detoxtest-EKMeehzS2ot5tVs3iEUIfg==/lib/x86
04-13 11:35:08.736 21988 21988 D SoLoader: Not resolving dependencies for libjscexecutor.so
04-13 11:35:08.740 21988 21988 D JavaScriptCore.Version: 245459.0.0
04-13 11:35:08.740 21988 21988 D SoLoader: Loaded: libjscexecutor.so
04-13 11:35:08.741 21988 21988 D SoLoader: init exiting
04-13 11:35:08.744 21988 21988 I MonitoringInstr: No JSBridge.
04-13 11:35:08.747 21988 22008 I MonitoringInstr: Setting context classloader to 'dalvik.system.PathClassLoader[DexPathList[[zip file "/system/framework/android.test.runner.jar", zip file "/system/framework/android.test.mock.jar", zip file "/system/framework/android.test.base.jar", zip file "/data/app/~~7FhUtt4VXFo2Gssau0hWiw==/com.detoxtest.test-T3uAV_yYjIyzxx8unfgMig==/base.apk", zip file "/data/app/~~av34R62ln1KQv7-vNo9xsA==/com.detoxtest-EKMeehzS2ot5tVs3iEUIfg==/base.apk"],nativeLibraryDirectories=[/data/app/~~7FhUtt4VXFo2Gssau0hWiw==/com.detoxtest.test-T3uAV_yYjIyzxx8unfgMig==/lib/x86, /data/app/~~av34R62ln1KQv7-vNo9xsA==/com.detoxtest-EKMeehzS2ot5tVs3iEUIfg==/lib/x86, /data/app/~~7FhUtt4VXFo2Gssau0hWiw==/com.detoxtest.test-T3uAV_yYjIyzxx8unfgMig==/base.apk!/lib/x86, /data/app/~~av34R62ln1KQv7-vNo9xsA==/com.detoxtest-EKMeehzS2ot5tVs3iEUIfg==/base.apk!/lib/x86, /system/lib, /system_ext/lib, /product/lib]]]', Original: 'dalvik.system.PathClassLoader[DexPathList[[zip file "/system/framework/android.test.runner.jar", zip file "/system/framework/android.test.mock.jar", zip file "/system/framework/android.test.base.jar", zip file "/data/app/~~7FhUtt4VXFo2Gssau0hWiw==/com.detoxtest.test-T3uAV_yYjIyzxx8unfgMig==/base.apk", zip file "/data/app/~~av34R62ln1KQv7-vNo9xsA==/com.detoxtest-EKMeehzS2ot5tVs3iEUIfg==/base.apk"],nativeLibraryDirectories=[/data/app/~~7FhUtt4VXFo2Gssau0hWiw==/com.detoxtest.test-T3uAV_yYjIyzxx8unfgMig==/lib/x86, /data/app/~~av34R62ln1KQv7-vNo9xsA==/com.detoxtest-EKMeehzS2ot5tVs3iEUIfg==/lib/x86, /data/app/~~7FhUtt4VXFo2Gssau0hWiw==/com.detoxtest.test-T3uAV_yYjIyzxx8unfgMig==/base.apk!/lib/x86, /data/app/~~av34R62ln1KQv7-vNo9xsA==/com.detoxtest-EKMeehzS2ot5tVs3iEUIfg==/base.apk!/lib/x86, /system/lib, /system_ext/lib, /product/lib]]]'
04-13 11:35:08.761 21988 22008 I UsageTrackerFacilitator: Usage tracking enabled
04-13 11:35:08.767 21988 22008 I TestRequestBuilder: Scanning classpath to find tests in paths [/data/app/~~7FhUtt4VXFo2Gssau0hWiw==/com.detoxtest.test-T3uAV_yYjIyzxx8unfgMig==/base.apk]
04-13 11:35:08.768 21988 22008 W com.detoxtest: Opening an oat file without a class loader. Are you using the deprecated DexFile APIs?
04-13 11:35:08.952 21988 22008 D TestExecutor: Adding listener androidx.test.internal.runner.listener.LogRunListener
04-13 11:35:08.953 21988 22008 D TestExecutor: Adding listener androidx.test.internal.runner.listener.InstrumentationResultPrinter
04-13 11:35:08.953 21988 22008 D TestExecutor: Adding listener androidx.test.internal.runner.listener.ActivityFinisherRunListener
04-13 11:35:08.954 21988 22008 I TestRunner: run started: 1 tests
04-13 11:35:08.959 21988 22008 I TestRunner: started: runDetoxTests(com.detoxtest.DetoxTest)
04-13 11:35:08.962 21988 21988 I MonitoringInstr: Activities that are still in CREATED to STOPPED: 0
04-13 11:35:09.000 21988 22008 D EventInjectionStrategy: Creating injection strategy with input manager.
04-13 11:35:09.055 21988 21988 D LifecycleMonitor: Lifecycle status change: com.detoxtest.MainActivity@d952f0b in: PRE_ON_CREATE
04-13 11:35:09.069 21988 22027 D SoLoader: About to load: libreactnativejni.so
04-13 11:35:09.069 21988 22027 D SoLoader: libreactnativejni.so not found on /data/user/0/com.detoxtest/lib-main
04-13 11:35:09.070 21988 22027 D SoLoader: libreactnativejni.so found on /data/app/~~av34R62ln1KQv7-vNo9xsA==/com.detoxtest-EKMeehzS2ot5tVs3iEUIfg==/lib/x86
04-13 11:35:09.070 21988 22027 D SoLoader: Not resolving dependencies for libreactnativejni.so
04-13 11:35:09.075 21988 22027 D SoLoader: Loaded: libreactnativejni.so
04-13 11:35:09.076 21988 22027 D SoLoader: About to load: libfbjni.so
04-13 11:35:09.076 21988 22027 D SoLoader: libfbjni.so not found on /data/user/0/com.detoxtest/lib-main
04-13 11:35:09.076 21988 22027 D SoLoader: libfbjni.so found on /data/app/~~av34R62ln1KQv7-vNo9xsA==/com.detoxtest-EKMeehzS2ot5tVs3iEUIfg==/lib/x86
04-13 11:35:09.076 21988 22027 D SoLoader: Not resolving dependencies for libfbjni.so
04-13 11:35:09.080 21988 22027 D SoLoader: Loaded: libfbjni.so
04-13 11:35:09.093 21988 22026 D libEGL  : loaded /vendor/lib/egl/libEGL_emulation.so
04-13 11:35:09.099 21988 22026 D libEGL  : loaded /vendor/lib/egl/libGLESv1_CM_emulation.so
04-13 11:35:09.103 21988 22026 D libEGL  : loaded /vendor/lib/egl/libGLESv2_emulation.so
04-13 11:35:09.104 21988 21988 D LifecycleMonitor: Lifecycle status change: com.detoxtest.MainActivity@d952f0b in: CREATED
04-13 11:35:09.105 21988 21988 D LifecycleMonitor: Lifecycle status change: com.detoxtest.MainActivity@d952f0b in: STARTED
04-13 11:35:09.106 21988 21988 D LifecycleMonitor: Lifecycle status change: com.detoxtest.MainActivity@d952f0b in: RESUMED
04-13 11:35:09.132 21988 22029 E ReactNativeJNI: logMarker CREATE_REACT_CONTEXT_END
04-13 11:35:09.133 21988 22027 E unknown:ReactNative: ReactInstanceManager.createReactContext: mJSIModulePackage null
04-13 11:35:09.143 21988 22029 E ReactNativeJNI: logMarker RUN_JS_BUNDLE_START
04-13 11:35:09.155 21988 22030 E unknown:ReactNative: ReactInstanceManager.attachRootViewToInstance()
04-13 11:35:09.163 21988 22024 D HostConnection: HostConnection::get() New Host Connection established 0xe99141d0, tid 22024
04-13 11:35:09.170 21988 22024 D HostConnection: HostComposition ext ANDROID_EMU_CHECKSUM_HELPER_v1 ANDROID_EMU_native_sync_v2 ANDROID_EMU_native_sync_v3 ANDROID_EMU_native_sync_v4 ANDROID_EMU_dma_v1 ANDROID_EMU_direct_mem ANDROID_EMU_host_composition_v1 ANDROID_EMU_host_composition_v2 ANDROID_EMU_YUV_Cache ANDROID_EMU_async_unmap_buffer GL_OES_EGL_image_external_essl3 GL_OES_vertex_array_object GL_KHR_texture_compression_astc_ldr ANDROID_EMU_gles_max_version_3_0 
04-13 11:35:09.172 21988 22030 W unknown:ViewManagerPropertyUpdater: Could not find generated setter for class com.facebook.react.views.art.ARTGroupViewManager
04-13 11:35:09.172 21988 22030 W unknown:ViewManagerPropertyUpdater: Could not find generated setter for class com.facebook.react.views.art.ARTGroupShadowNode
04-13 11:35:09.173 21988 22030 W unknown:ViewManagerPropertyUpdater: Could not find generated setter for class com.facebook.react.views.art.ARTShapeViewManager
04-13 11:35:09.173 21988 22030 W unknown:ViewManagerPropertyUpdater: Could not find generated setter for class com.facebook.react.views.art.ARTShapeShadowNode
04-13 11:35:09.174 21988 22030 W unknown:ViewManagerPropertyUpdater: Could not find generated setter for class com.facebook.react.views.art.ARTTextViewManager
04-13 11:35:09.175 21988 22030 W unknown:ViewManagerPropertyUpdater: Could not find generated setter for class com.facebook.react.views.art.ARTTextShadowNode
04-13 11:35:09.175 21988 22030 W unknown:ViewManagerPropertyUpdater: Could not find generated setter for class com.facebook.react.views.checkbox.ReactCheckBoxManager
04-13 11:35:09.177 21988 22030 W unknown:ViewManagerPropertyUpdater: Could not find generated setter for class com.facebook.react.uimanager.LayoutShadowNode
04-13 11:35:09.178 21988 22024 W OpenGLRenderer: Failed to choose config with EGL_SWAP_BEHAVIOR_PRESERVED, retrying without...
04-13 11:35:09.179 21988 22030 W unknown:ViewManagerPropertyUpdater: Could not find generated setter for class com.facebook.react.views.picker.ReactDialogPickerManager
04-13 11:35:09.180 21988 22024 D EGL_emulation: eglCreateContext: 0xe97345e0: maj 3 min 0 rcv 3
04-13 11:35:09.180 21988 22030 W unknown:ViewManagerPropertyUpdater: Could not find generated setter for class com.facebook.react.views.drawer.ReactDrawerLayoutManager
04-13 11:35:09.181 21988 22030 W unknown:ViewManagerPropertyUpdater: Could not find generated setter for class com.facebook.react.views.picker.ReactDropdownPickerManager
04-13 11:35:09.182 21988 22030 W unknown:ViewManagerPropertyUpdater: Could not find generated setter for class com.facebook.react.views.scroll.ReactHorizontalScrollViewManager
04-13 11:35:09.183 21988 22030 W unknown:ViewManagerPropertyUpdater: Could not find generated setter for class com.facebook.react.views.scroll.ReactHorizontalScrollContainerViewManager
04-13 11:35:09.186 21988 22030 W unknown:ViewManagerPropertyUpdater: Could not find generated setter for class com.facebook.react.views.progressbar.ReactProgressBarViewManager
04-13 11:35:09.187 21988 22030 W unknown:ViewManagerPropertyUpdater: Could not find generated setter for class com.facebook.react.views.progressbar.ProgressBarShadowNode
04-13 11:35:09.187 21988 22030 W unknown:ViewManagerPropertyUpdater: Could not find generated setter for class com.facebook.react.views.scroll.ReactScrollViewManager
04-13 11:35:09.189 21988 22030 W unknown:ViewManagerPropertyUpdater: Could not find generated setter for class com.facebook.react.views.slider.ReactSliderManager
04-13 11:35:09.196 21988 22030 W unknown:ViewManagerPropertyUpdater: Could not find generated setter for class com.facebook.react.views.slider.ReactSliderManager$ReactSliderShadowNode
04-13 11:35:09.196 21988 22030 W unknown:ViewManagerPropertyUpdater: Could not find generated setter for class com.facebook.react.views.switchview.ReactSwitchManager
04-13 11:35:09.199 21988 22024 D EGL_emulation: eglMakeCurrent: 0xe97345e0: ver 3 0 (tinfo 0xe9a7d530)
04-13 11:35:09.200 21988 22030 W unknown:ViewManagerPropertyUpdater: Could not find generated setter for class com.facebook.react.views.switchview.ReactSwitchManager$ReactSwitchShadowNode
04-13 11:35:09.204 21988 22030 W unknown:ViewManagerPropertyUpdater: Could not find generated setter for class com.facebook.react.views.swiperefresh.SwipeRefreshLayoutManager
04-13 11:35:09.206 21988 22030 W unknown:ViewManagerPropertyUpdater: Could not find generated setter for class com.facebook.react.views.art.ARTSurfaceViewManager
04-13 11:35:09.206 21988 22030 W unknown:ViewManagerPropertyUpdater: Could not find generated setter for class com.facebook.react.views.art.ARTSurfaceViewShadowNode
04-13 11:35:09.206 21988 22030 W unknown:ViewManagerPropertyUpdater: Could not find generated setter for class com.facebook.react.views.text.frescosupport.FrescoBasedReactTextInlineImageViewManager
04-13 11:35:09.206 21988 22030 W unknown:ViewManagerPropertyUpdater: Could not find generated setter for class com.facebook.react.views.text.frescosupport.FrescoBasedReactTextInlineImageShadowNode
04-13 11:35:09.210 21988 22030 W unknown:ViewManagerPropertyUpdater: Could not find generated setter for class com.facebook.react.views.image.ReactImageManager
04-13 11:35:09.211 21988 22030 W unknown:ViewManagerPropertyUpdater: Could not find generated setter for class com.facebook.react.views.modal.ReactModalHostManager
04-13 11:35:09.212 21988 22030 W unknown:ViewManagerPropertyUpdater: Could not find generated setter for class com.facebook.react.views.modal.ModalHostShadowNode
04-13 11:35:09.212 21988 22030 W unknown:ViewManagerPropertyUpdater: Could not find generated setter for class com.facebook.react.views.text.ReactRawTextManager
04-13 11:35:09.213 21988 22030 W unknown:ViewManagerPropertyUpdater: Could not find generated setter for class com.facebook.react.views.text.ReactRawTextShadowNode
04-13 11:35:09.213 21988 22030 W unknown:ViewManagerPropertyUpdater: Could not find generated setter for class com.facebook.react.views.textinput.ReactTextInputManager
04-13 11:35:09.215 21988 22030 W unknown:ViewManagerPropertyUpdater: Could not find generated setter for class com.facebook.react.views.textinput.ReactTextInputShadowNode
04-13 11:35:09.216 21988 22030 W unknown:ViewManagerPropertyUpdater: Could not find generated setter for class com.facebook.react.views.text.ReactTextViewManager
04-13 11:35:09.217 21988 22030 W unknown:ViewManagerPropertyUpdater: Could not find generated setter for class com.facebook.react.views.text.ReactTextShadowNode
04-13 11:35:09.217 21988 22030 W unknown:ViewManagerPropertyUpdater: Could not find generated setter for class com.facebook.react.views.view.ReactViewManager
04-13 11:35:09.220 21988 22030 W unknown:ViewManagerPropertyUpdater: Could not find generated setter for class com.facebook.react.views.viewpager.ReactViewPagerManager
04-13 11:35:09.225 21988 22030 W unknown:ViewManagerPropertyUpdater: Could not find generated setter for class com.facebook.react.views.text.ReactVirtualTextViewManager
04-13 11:35:09.225 21988 22030 W unknown:ViewManagerPropertyUpdater: Could not find generated setter for class com.facebook.react.views.text.ReactVirtualTextShadowNode
04-13 11:35:09.226 21988 22024 I Gralloc4: mapper 4.x is not supported
04-13 11:35:09.227 21988 22024 D HostConnection: createUnique: call
04-13 11:35:09.228 21988 22024 D HostConnection: HostConnection::get() New Host Connection established 0xe99154f0, tid 22024
04-13 11:35:09.228 21988 22024 D eglCodecCommon: allocate: Ask for block of size 0x100
04-13 11:35:09.228 21988 22024 D eglCodecCommon: allocate: ioctl allocate returned offset 0x3fc0ff000 size 0x2000
04-13 11:35:09.229 21988 22030 D SoLoader: About to load: libyoga.so
04-13 11:35:09.229 21988 22030 D SoLoader: libyoga.so not found on /data/user/0/com.detoxtest/lib-main
04-13 11:35:09.229 21988 22030 D SoLoader: libyoga.so found on /data/app/~~av34R62ln1KQv7-vNo9xsA==/com.detoxtest-EKMeehzS2ot5tVs3iEUIfg==/lib/x86
04-13 11:35:09.229 21988 22030 D SoLoader: Not resolving dependencies for libyoga.so
04-13 11:35:09.233 21988 22030 D SoLoader: Loaded: libyoga.so
04-13 11:35:09.238 21988 22030 E unknown:ReactRootView: runApplication: call AppRegistry.runApplication
04-13 11:35:09.253 21988 22024 D HostConnection: HostComposition ext ANDROID_EMU_CHECKSUM_HELPER_v1 ANDROID_EMU_native_sync_v2 ANDROID_EMU_native_sync_v3 ANDROID_EMU_native_sync_v4 ANDROID_EMU_dma_v1 ANDROID_EMU_direct_mem ANDROID_EMU_host_composition_v1 ANDROID_EMU_host_composition_v2 ANDROID_EMU_YUV_Cache ANDROID_EMU_async_unmap_buffer GL_OES_EGL_image_external_essl3 GL_OES_vertex_array_object GL_KHR_texture_compression_astc_ldr ANDROID_EMU_gles_max_version_3_0 
04-13 11:35:09.259 21988 22024 D EGL_emulation: eglMakeCurrent: 0xe97345e0: ver 3 0 (tinfo 0xe9a7d530)
04-13 11:35:09.261 21988 22030 D SoLoader: init exiting
04-13 11:35:09.279 21988 22029 E ReactNativeJNI: logMarker RUN_JS_BUNDLE_END
04-13 11:35:09.280 21988 22029 I ReactNativeJS: Running "detoxTest" with {"rootTag":1}
04-13 11:35:09.295 21988 21988 E unknown:ReactNative: Unable to launch logbox because react was unable to create the root view
04-13 11:35:09.311 21988 22038 I Detox   : Detox thread starting (com.wix.detox.manager)
04-13 11:35:09.315 21988 22038 I DetoxManager: DetoxServerUrl: ws://localhost:61935
04-13 11:35:09.315 21988 22038 I DetoxManager: DetoxSessionId: 3d2b677a-3234-4dd8-2d21-fa828ba6cec5
04-13 11:35:09.326 21988 21988 D DetoxRNLoading: Got new RN-context directly and immediately
04-13 11:35:09.329 21988 22038 I DetoxRNIdleRes: Setting up Espresso Idling Resources for React Native.
04-13 11:35:09.350 21988 22038 D AsyncStorageIR: Checking whether a custom IR for Async-Storage is required... (legacy=false)
04-13 11:35:09.350 21988 22038 D DetoxRNHelpers: Native module not resolved: no such class
04-13 11:35:09.350 21988 22038 D AsyncStorageIR: Checking whether a custom IR for Async-Storage is required... (legacy=true)
04-13 11:35:09.354 21988 22038 D AsyncStorageIR: IR for Async-Storage is required! (legacy=true)
04-13 11:35:09.369 21988 21988 D AsyncStorageIRLegacy: Async-storage is busy!
04-13 11:35:09.372 21988 22038 I WebSocketClient: At connectToServer
04-13 11:35:09.389 21988 22040 I WebSocketClient: At onOpen
04-13 11:35:09.389 21988 22040 I WebSocketClient: At sendAction
04-13 11:35:09.389 21988 22040 D WebSocketClient: Detox Action Sent: login
04-13 11:35:09.583 21988 21988 I Detox   : Wait is over: app is now idle!
04-13 11:35:09.591 21988 22040 I WebSocketClient: At sendAction
04-13 11:35:09.593 21988 22040 D WebSocketClient: Detox Action Sent: ready
04-13 11:35:09.596 21988 22040 I WebSocketClient: At onMessage
04-13 11:35:09.596 21988 22040 I WebSocketClient: At receiveAction
04-13 11:35:09.597 21988 22040 D WebSocketClient: Detox Action Received: loginSuccess
04-13 11:35:09.597 21988 22040 I DetoxManager: onAction: type: loginSuccess params: {"testerConnected":true,"appConnected":true}
