--------- beginning of main
04-13 11:32:19.191 21138 21138 W com.detoxtest: Unexpected CPU variant for X86 using defaults: x86
04-13 11:32:19.194 21138 21138 E com.detoxtest: Not starting debugger since process cannot load the jdwp agent.
--------- beginning of system
04-13 11:32:19.211 21138 21138 W ActivityThread: Package uses different ABI(s) than its instrumentation: package[com.detoxtest]: x86, null instrumentation[com.detoxtest.test]: null, null
04-13 11:32:19.214 21138 21138 I com.detoxtest: The ClassLoaderContext is a special shared library.
04-13 11:32:19.216 21138 21138 I chatty  : uid=10256(com.detoxtest) identical 2 lines
04-13 11:32:19.216 21138 21138 I com.detoxtest: The ClassLoaderContext is a special shared library.
04-13 11:32:19.258 21138 21138 W com.detoxtest: ClassLoaderContext classpath size mismatch. expected=0, found=4 (PCL[]{PCL[/system/framework/android.test.base.jar*84046222]} | PCL[/system/framework/android.test.runner.jar*2838042966:/system/framework/android.test.mock.jar*2353512044:/system/framework/android.test.base.jar*84046222:/data/app/~~Ah7JTL3qR5Lk1Uob4GFreg==/com.detoxtest.test-0JajpyL_bQSuxKt-IO40lw==/base.apk*3736732199]{PCL[/system/framework/android.test.base.jar*84046222]})
04-13 11:32:19.271 21138 21138 I com.detoxtest: The ClassLoaderContext is a special shared library.
04-13 11:32:19.274 21138 21138 I chatty  : uid=10256(com.detoxtest) identical 3 lines
04-13 11:32:19.275 21138 21138 I com.detoxtest: The ClassLoaderContext is a special shared library.
04-13 11:32:19.312 21138 21138 W com.detoxtest: ClassLoaderContext classpath size mismatch. expected=0, found=4 (PCL[]{PCL[/system/framework/android.test.base.jar*84046222]} | PCL[/system/framework/android.test.runner.jar*2838042966:/system/framework/android.test.mock.jar*2353512044:/system/framework/android.test.base.jar*84046222:/data/app/~~Ah7JTL3qR5Lk1Uob4GFreg==/com.detoxtest.test-0JajpyL_bQSuxKt-IO40lw==/base.apk*3736732199]{PCL[/system/framework/android.test.base.jar*84046222]#PCL[/system/framework/android.test.mock.jar*2353512044]{PCL[/system/framework/android.test.base.jar*84046222]}#PCL[/system/framework/android.test.runner.jar*2838042966]{PCL[/system/framework/android.test.base.jar*84046222]#PCL[/system/framework/android.test.mock.jar*2353512044]{PCL[/system/framework/android.test.base.jar*84046222]}}};PCL[/system/framework/android.test.runner.jar*2838042966:/system/framework/android.test.mock.jar*2353512044:/system/framework/android.test.base.jar*84046222:/data/app/~~Ah7JTL3qR5Lk1Uob4GFreg==/com.detoxtest.test-0JajpyL_bQSuxKt-IO40lw==/base.apk*3736732199:/data/app/~~0DbvA-IJeXhchaSi4rh2vQ==/com.detoxtest-QSOmbMz94aNSY4EeJ-1A7Q==/base.apk*4000934944]{PCL[/system/framework/android.test.base.jar*84046222]})
04-13 11:32:19.313 21138 21138 W com.detoxtest: Found duplicate classes, falling back to extracting from APK : /data/app/~~0DbvA-IJeXhchaSi4rh2vQ==/com.detoxtest-QSOmbMz94aNSY4EeJ-1A7Q==/base.apk
04-13 11:32:19.313 21138 21138 W com.detoxtest: NOTE: This wastes RAM and hurts startup performance.
04-13 11:32:19.313 21138 21138 W com.detoxtest: Found duplicated class when checking oat files: 'Landroid/support/v4/app/INotificationSideChannel$Stub$Proxy;' in /data/app/~~0DbvA-IJeXhchaSi4rh2vQ==/com.detoxtest-QSOmbMz94aNSY4EeJ-1A7Q==/base.apk and /data/app/~~0DbvA-IJeXhchaSi4rh2vQ==/com.detoxtest-QSOmbMz94aNSY4EeJ-1A7Q==/base.apk
04-13 11:32:19.313 21138 21138 W com.detoxtest: 
04-13 11:32:19.376 21138 21138 D NetworkSecurityConfig: Using Network Security Config from resource network_security_config debugBuild: false
04-13 11:32:19.377 21138 21138 D NetworkSecurityConfig: Using Network Security Config from resource network_security_config debugBuild: false
04-13 11:32:19.384 21138 21138 I MonitoringInstr: Instrumentation started!
04-13 11:32:19.387 21138 21138 I MonitoringInstr: Setting context classloader to 'dalvik.system.PathClassLoader[DexPathList[[zip file "/system/framework/android.test.runner.jar", zip file "/system/framework/android.test.mock.jar", zip file "/system/framework/android.test.base.jar", zip file "/data/app/~~Ah7JTL3qR5Lk1Uob4GFreg==/com.detoxtest.test-0JajpyL_bQSuxKt-IO40lw==/base.apk", zip file "/data/app/~~0DbvA-IJeXhchaSi4rh2vQ==/com.detoxtest-QSOmbMz94aNSY4EeJ-1A7Q==/base.apk"],nativeLibraryDirectories=[/data/app/~~Ah7JTL3qR5Lk1Uob4GFreg==/com.detoxtest.test-0JajpyL_bQSuxKt-IO40lw==/lib/x86, /data/app/~~0DbvA-IJeXhchaSi4rh2vQ==/com.detoxtest-QSOmbMz94aNSY4EeJ-1A7Q==/lib/x86, /data/app/~~Ah7JTL3qR5Lk1Uob4GFreg==/com.detoxtest.test-0JajpyL_bQSuxKt-IO40lw==/base.apk!/lib/x86, /data/app/~~0DbvA-IJeXhchaSi4rh2vQ==/com.detoxtest-QSOmbMz94aNSY4EeJ-1A7Q==/base.apk!/lib/x86, /system/lib, /system_ext/lib, /product/lib]]]', Original: 'dalvik.system.PathClassLoader[DexPathList[[zip file "/system/framework/android.test.runner.jar", zip file "/system/framework/android.test.mock.jar", zip file "/system/framework/android.test.base.jar", zip file "/data/app/~~Ah7JTL3qR5Lk1Uob4GFreg==/com.detoxtest.test-0JajpyL_bQSuxKt-IO40lw==/base.apk", zip file "/data/app/~~0DbvA-IJeXhchaSi4rh2vQ==/com.detoxtest-QSOmbMz94aNSY4EeJ-1A7Q==/base.apk"],nativeLibraryDirectories=[/data/app/~~Ah7JTL3qR5Lk1Uob4GFreg==/com.detoxtest.test-0JajpyL_bQSuxKt-IO40lw==/lib/x86, /data/app/~~0DbvA-IJeXhchaSi4rh2vQ==/com.detoxtest-QSOmbMz94aNSY4EeJ-1A7Q==/lib/x86, /data/app/~~Ah7JTL3qR5Lk1Uob4GFreg==/com.detoxtest.test-0JajpyL_bQSuxKt-IO40lw==/base.apk!/lib/x86, /data/app/~~0DbvA-IJeXhchaSi4rh2vQ==/com.detoxtest-QSOmbMz94aNSY4EeJ-1A7Q==/base.apk!/lib/x86, /system/lib, /system_ext/lib, /product/lib]]]'
04-13 11:32:19.389 21138 21138 D SoLoader: init start
04-13 11:32:19.389 21138 21138 D SoLoader: adding system library source: /vendor/lib
04-13 11:32:19.389 21138 21138 D SoLoader: adding system library source: /system/lib
04-13 11:32:19.390 21138 21138 D SoLoader: adding application source: com.facebook.soloader.DirectorySoSource[root = /data/app/~~0DbvA-IJeXhchaSi4rh2vQ==/com.detoxtest-QSOmbMz94aNSY4EeJ-1A7Q==/lib/x86 flags = 0]
04-13 11:32:19.390 21138 21138 D SoLoader: adding backup source from : com.facebook.soloader.ApkSoSource[root = /data/user/0/com.detoxtest/lib-main flags = 1]
04-13 11:32:19.390 21138 21138 D SoLoader: Preparing SO source: com.facebook.soloader.DirectorySoSource[root = /system/lib flags = 2]
04-13 11:32:19.391 21138 21138 D SoLoader: Preparing SO source: com.facebook.soloader.DirectorySoSource[root = /vendor/lib flags = 2]
04-13 11:32:19.391 21138 21138 D SoLoader: Preparing SO source: com.facebook.soloader.DirectorySoSource[root = /data/app/~~0DbvA-IJeXhchaSi4rh2vQ==/com.detoxtest-QSOmbMz94aNSY4EeJ-1A7Q==/lib/x86 flags = 0]
04-13 11:32:19.391 21138 21138 D SoLoader: Preparing SO source: com.facebook.soloader.ApkSoSource[root = /data/user/0/com.detoxtest/lib-main flags = 1]
04-13 11:32:19.392 21138 21138 V fb-UnpackingSoSource: locked dso store /data/user/0/com.detoxtest/lib-main
04-13 11:32:19.393 21138 21138 V fb-UnpackingSoSource: deps mismatch on deps store: regenerating
04-13 11:32:19.393 21138 21138 V fb-UnpackingSoSource: so store dirty: regenerating
04-13 11:32:19.405 21138 21138 D ApkSoSource: not allowing consideration of lib/x86/libc++_shared.so: deferring to libdir
04-13 11:32:19.405 21138 21138 D ApkSoSource: not allowing consideration of lib/x86/libfb.so: deferring to libdir
04-13 11:32:19.405 21138 21138 D ApkSoSource: not allowing consideration of lib/x86/libfbjni.so: deferring to libdir
04-13 11:32:19.405 21138 21138 D ApkSoSource: not allowing consideration of lib/x86/libfolly_futures.so: deferring to libdir
04-13 11:32:19.405 21138 21138 D ApkSoSource: not allowing consideration of lib/x86/libfolly_json.so: deferring to libdir
04-13 11:32:19.405 21138 21138 D ApkSoSource: not allowing consideration of lib/x86/libglog.so: deferring to libdir
04-13 11:32:19.405 21138 21138 D ApkSoSource: not allowing consideration of lib/x86/libglog_init.so: deferring to libdir
04-13 11:32:19.405 21138 21138 D ApkSoSource: not allowing consideration of lib/x86/libhermes-executor-debug.so: deferring to libdir
04-13 11:32:19.405 21138 21138 D ApkSoSource: not allowing consideration of lib/x86/libhermes-executor-release.so: deferring to libdir
04-13 11:32:19.405 21138 21138 D ApkSoSource: not allowing consideration of lib/x86/libhermes-inspector.so: deferring to libdir
04-13 11:32:19.405 21138 21138 D ApkSoSource: not allowing consideration of lib/x86/libimagepipeline.so: deferring to libdir
04-13 11:32:19.405 21138 21138 D ApkSoSource: not allowing consideration of lib/x86/libjsc.so: deferring to libdir
04-13 11:32:19.405 21138 21138 D ApkSoSource: not allowing consideration of lib/x86/libjscexecutor.so: deferring to libdir
04-13 11:32:19.405 21138 21138 D ApkSoSource: not allowing consideration of lib/x86/libjsijniprofiler.so: deferring to libdir
04-13 11:32:19.405 21138 21138 D ApkSoSource: not allowing consideration of lib/x86/libjsinspector.so: deferring to libdir
04-13 11:32:19.405 21138 21138 D ApkSoSource: not allowing consideration of lib/x86/libnative-filters.so: deferring to libdir
04-13 11:32:19.406 21138 21138 D ApkSoSource: not allowing consideration of lib/x86/libnative-imagetranscoder.so: deferring to libdir
04-13 11:32:19.406 21138 21138 D ApkSoSource: not allowing consideration of lib/x86/libreactnativeblob.so: deferring to libdir
04-13 11:32:19.406 21138 21138 D ApkSoSource: not allowing consideration of lib/x86/libreactnativejni.so: deferring to libdir
04-13 11:32:19.406 21138 21138 D ApkSoSource: not allowing consideration of lib/x86/libyoga.so: deferring to libdir
04-13 11:32:19.406 21138 21138 V fb-UnpackingSoSource: regenerating DSO store com.facebook.soloader.ApkSoSource
04-13 11:32:19.407 21138 21138 V fb-UnpackingSoSource: Finished regenerating DSO store com.facebook.soloader.ApkSoSource
04-13 11:32:19.407 21138 21138 V fb-UnpackingSoSource: starting syncer worker
04-13 11:32:19.415 21138 21138 V fb-UnpackingSoSource: releasing dso store lock for /data/user/0/com.detoxtest/lib-main (from syncer thread)
04-13 11:32:19.415 21138 21138 V fb-UnpackingSoSource: not releasing dso store lock for /data/user/0/com.detoxtest/lib-main (syncer thread started)
04-13 11:32:19.415 21138 21138 D SoLoader: init finish: 4 SO sources prepared
04-13 11:32:19.415 21138 21138 D SoLoader: init exiting
04-13 11:32:19.416 21138 21138 D SoLoader: init exiting
04-13 11:32:19.416 21138 21138 D SoLoader: About to load: libjscexecutor.so
04-13 11:32:19.417 21138 21138 D SoLoader: libjscexecutor.so not found on /data/user/0/com.detoxtest/lib-main
04-13 11:32:19.417 21138 21138 D SoLoader: libjscexecutor.so found on /data/app/~~0DbvA-IJeXhchaSi4rh2vQ==/com.detoxtest-QSOmbMz94aNSY4EeJ-1A7Q==/lib/x86
04-13 11:32:19.417 21138 21138 D SoLoader: Not resolving dependencies for libjscexecutor.so
04-13 11:32:19.421 21138 21138 D JavaScriptCore.Version: 245459.0.0
04-13 11:32:19.421 21138 21138 D SoLoader: Loaded: libjscexecutor.so
04-13 11:32:19.421 21138 21138 D SoLoader: init exiting
04-13 11:32:19.425 21138 21138 I MonitoringInstr: No JSBridge.
04-13 11:32:19.427 21138 21158 I MonitoringInstr: Setting context classloader to 'dalvik.system.PathClassLoader[DexPathList[[zip file "/system/framework/android.test.runner.jar", zip file "/system/framework/android.test.mock.jar", zip file "/system/framework/android.test.base.jar", zip file "/data/app/~~Ah7JTL3qR5Lk1Uob4GFreg==/com.detoxtest.test-0JajpyL_bQSuxKt-IO40lw==/base.apk", zip file "/data/app/~~0DbvA-IJeXhchaSi4rh2vQ==/com.detoxtest-QSOmbMz94aNSY4EeJ-1A7Q==/base.apk"],nativeLibraryDirectories=[/data/app/~~Ah7JTL3qR5Lk1Uob4GFreg==/com.detoxtest.test-0JajpyL_bQSuxKt-IO40lw==/lib/x86, /data/app/~~0DbvA-IJeXhchaSi4rh2vQ==/com.detoxtest-QSOmbMz94aNSY4EeJ-1A7Q==/lib/x86, /data/app/~~Ah7JTL3qR5Lk1Uob4GFreg==/com.detoxtest.test-0JajpyL_bQSuxKt-IO40lw==/base.apk!/lib/x86, /data/app/~~0DbvA-IJeXhchaSi4rh2vQ==/com.detoxtest-QSOmbMz94aNSY4EeJ-1A7Q==/base.apk!/lib/x86, /system/lib, /system_ext/lib, /product/lib]]]', Original: 'dalvik.system.PathClassLoader[DexPathList[[zip file "/system/framework/android.test.runner.jar", zip file "/system/framework/android.test.mock.jar", zip file "/system/framework/android.test.base.jar", zip file "/data/app/~~Ah7JTL3qR5Lk1Uob4GFreg==/com.detoxtest.test-0JajpyL_bQSuxKt-IO40lw==/base.apk", zip file "/data/app/~~0DbvA-IJeXhchaSi4rh2vQ==/com.detoxtest-QSOmbMz94aNSY4EeJ-1A7Q==/base.apk"],nativeLibraryDirectories=[/data/app/~~Ah7JTL3qR5Lk1Uob4GFreg==/com.detoxtest.test-0JajpyL_bQSuxKt-IO40lw==/lib/x86, /data/app/~~0DbvA-IJeXhchaSi4rh2vQ==/com.detoxtest-QSOmbMz94aNSY4EeJ-1A7Q==/lib/x86, /data/app/~~Ah7JTL3qR5Lk1Uob4GFreg==/com.detoxtest.test-0JajpyL_bQSuxKt-IO40lw==/base.apk!/lib/x86, /data/app/~~0DbvA-IJeXhchaSi4rh2vQ==/com.detoxtest-QSOmbMz94aNSY4EeJ-1A7Q==/base.apk!/lib/x86, /system/lib, /system_ext/lib, /product/lib]]]'
04-13 11:32:19.448 21138 21158 I UsageTrackerFacilitator: Usage tracking enabled
04-13 11:32:19.454 21138 21158 I TestRequestBuilder: Scanning classpath to find tests in paths [/data/app/~~Ah7JTL3qR5Lk1Uob4GFreg==/com.detoxtest.test-0JajpyL_bQSuxKt-IO40lw==/base.apk]
04-13 11:32:19.455 21138 21158 W com.detoxtest: Opening an oat file without a class loader. Are you using the deprecated DexFile APIs?
04-13 11:32:19.636 21138 21158 D TestExecutor: Adding listener androidx.test.internal.runner.listener.LogRunListener
04-13 11:32:19.637 21138 21158 D TestExecutor: Adding listener androidx.test.internal.runner.listener.InstrumentationResultPrinter
04-13 11:32:19.637 21138 21158 D TestExecutor: Adding listener androidx.test.internal.runner.listener.ActivityFinisherRunListener
04-13 11:32:19.638 21138 21158 I TestRunner: run started: 1 tests
04-13 11:32:19.642 21138 21158 I TestRunner: started: runDetoxTests(com.detoxtest.DetoxTest)
04-13 11:32:19.645 21138 21138 I MonitoringInstr: Activities that are still in CREATED to STOPPED: 0
04-13 11:32:19.680 21138 21158 D EventInjectionStrategy: Creating injection strategy with input manager.
04-13 11:32:19.760 21138 21176 D libEGL  : loaded /vendor/lib/egl/libEGL_emulation.so
04-13 11:32:19.761 21138 21176 D libEGL  : loaded /vendor/lib/egl/libGLESv1_CM_emulation.so
04-13 11:32:19.769 21138 21176 D libEGL  : loaded /vendor/lib/egl/libGLESv2_emulation.so
04-13 11:32:19.769 21138 21138 D LifecycleMonitor: Lifecycle status change: com.detoxtest.MainActivity@d952f0b in: PRE_ON_CREATE
04-13 11:32:19.785 21138 21177 D SoLoader: About to load: libreactnativejni.so
04-13 11:32:19.785 21138 21177 D SoLoader: libreactnativejni.so not found on /data/user/0/com.detoxtest/lib-main
04-13 11:32:19.785 21138 21177 D SoLoader: libreactnativejni.so found on /data/app/~~0DbvA-IJeXhchaSi4rh2vQ==/com.detoxtest-QSOmbMz94aNSY4EeJ-1A7Q==/lib/x86
04-13 11:32:19.786 21138 21177 D SoLoader: Not resolving dependencies for libreactnativejni.so
04-13 11:32:19.792 21138 21177 D SoLoader: Loaded: libreactnativejni.so
04-13 11:32:19.793 21138 21177 D SoLoader: About to load: libfbjni.so
04-13 11:32:19.793 21138 21177 D SoLoader: libfbjni.so not found on /data/user/0/com.detoxtest/lib-main
04-13 11:32:19.793 21138 21177 D SoLoader: libfbjni.so found on /data/app/~~0DbvA-IJeXhchaSi4rh2vQ==/com.detoxtest-QSOmbMz94aNSY4EeJ-1A7Q==/lib/x86
04-13 11:32:19.793 21138 21177 D SoLoader: Not resolving dependencies for libfbjni.so
04-13 11:32:19.796 21138 21177 D SoLoader: Loaded: libfbjni.so
04-13 11:32:19.799 21138 21138 D LifecycleMonitor: Lifecycle status change: com.detoxtest.MainActivity@d952f0b in: CREATED
04-13 11:32:19.800 21138 21138 D LifecycleMonitor: Lifecycle status change: com.detoxtest.MainActivity@d952f0b in: STARTED
04-13 11:32:19.801 21138 21138 D LifecycleMonitor: Lifecycle status change: com.detoxtest.MainActivity@d952f0b in: RESUMED
04-13 11:32:19.843 21138 21181 E ReactNativeJNI: logMarker CREATE_REACT_CONTEXT_END
04-13 11:32:19.843 21138 21177 E unknown:ReactNative: ReactInstanceManager.createReactContext: mJSIModulePackage null
04-13 11:32:19.844 21138 21174 D HostConnection: HostConnection::get() New Host Connection established 0xe9916810, tid 21174
04-13 11:32:19.855 21138 21174 D HostConnection: HostComposition ext ANDROID_EMU_CHECKSUM_HELPER_v1 ANDROID_EMU_native_sync_v2 ANDROID_EMU_native_sync_v3 ANDROID_EMU_native_sync_v4 ANDROID_EMU_dma_v1 ANDROID_EMU_direct_mem ANDROID_EMU_host_composition_v1 ANDROID_EMU_host_composition_v2 ANDROID_EMU_YUV_Cache ANDROID_EMU_async_unmap_buffer GL_OES_EGL_image_external_essl3 GL_OES_vertex_array_object GL_KHR_texture_compression_astc_ldr ANDROID_EMU_gles_max_version_3_0 
04-13 11:32:19.857 21138 21181 E ReactNativeJNI: logMarker RUN_JS_BUNDLE_START
04-13 11:32:19.858 21138 21182 E unknown:ReactNative: ReactInstanceManager.attachRootViewToInstance()
04-13 11:32:19.867 21138 21174 W OpenGLRenderer: Failed to choose config with EGL_SWAP_BEHAVIOR_PRESERVED, retrying without...
04-13 11:32:19.872 21138 21174 D EGL_emulation: eglCreateContext: 0xe9711d50: maj 3 min 0 rcv 3
04-13 11:32:19.880 21138 21182 W unknown:ViewManagerPropertyUpdater: Could not find generated setter for class com.facebook.react.views.art.ARTGroupViewManager
04-13 11:32:19.881 21138 21182 W unknown:ViewManagerPropertyUpdater: Could not find generated setter for class com.facebook.react.views.art.ARTGroupShadowNode
04-13 11:32:19.883 21138 21182 W unknown:ViewManagerPropertyUpdater: Could not find generated setter for class com.facebook.react.views.art.ARTShapeViewManager
04-13 11:32:19.883 21138 21182 W unknown:ViewManagerPropertyUpdater: Could not find generated setter for class com.facebook.react.views.art.ARTShapeShadowNode
04-13 11:32:19.884 21138 21182 W unknown:ViewManagerPropertyUpdater: Could not find generated setter for class com.facebook.react.views.art.ARTTextViewManager
04-13 11:32:19.884 21138 21182 W unknown:ViewManagerPropertyUpdater: Could not find generated setter for class com.facebook.react.views.art.ARTTextShadowNode
04-13 11:32:19.885 21138 21182 W unknown:ViewManagerPropertyUpdater: Could not find generated setter for class com.facebook.react.views.checkbox.ReactCheckBoxManager
04-13 11:32:19.891 21138 21174 D EGL_emulation: eglMakeCurrent: 0xe9711d50: ver 3 0 (tinfo 0xe9a7a890)
04-13 11:32:19.891 21138 21182 W unknown:ViewManagerPropertyUpdater: Could not find generated setter for class com.facebook.react.uimanager.LayoutShadowNode
04-13 11:32:19.896 21138 21182 W unknown:ViewManagerPropertyUpdater: Could not find generated setter for class com.facebook.react.views.picker.ReactDialogPickerManager
04-13 11:32:19.897 21138 21182 W unknown:ViewManagerPropertyUpdater: Could not find generated setter for class com.facebook.react.views.drawer.ReactDrawerLayoutManager
04-13 11:32:19.898 21138 21182 W unknown:ViewManagerPropertyUpdater: Could not find generated setter for class com.facebook.react.views.picker.ReactDropdownPickerManager
04-13 11:32:19.900 21138 21182 W unknown:ViewManagerPropertyUpdater: Could not find generated setter for class com.facebook.react.views.scroll.ReactHorizontalScrollViewManager
04-13 11:32:19.906 21138 21182 W unknown:ViewManagerPropertyUpdater: Could not find generated setter for class com.facebook.react.views.scroll.ReactHorizontalScrollContainerViewManager
04-13 11:32:19.908 21138 21182 W unknown:ViewManagerPropertyUpdater: Could not find generated setter for class com.facebook.react.views.progressbar.ReactProgressBarViewManager
04-13 11:32:19.909 21138 21182 W unknown:ViewManagerPropertyUpdater: Could not find generated setter for class com.facebook.react.views.progressbar.ProgressBarShadowNode
04-13 11:32:19.914 21138 21182 W unknown:ViewManagerPropertyUpdater: Could not find generated setter for class com.facebook.react.views.scroll.ReactScrollViewManager
04-13 11:32:19.922 21138 21182 W unknown:ViewManagerPropertyUpdater: Could not find generated setter for class com.facebook.react.views.slider.ReactSliderManager
04-13 11:32:19.924 21138 21182 W unknown:ViewManagerPropertyUpdater: Could not find generated setter for class com.facebook.react.views.slider.ReactSliderManager$ReactSliderShadowNode
04-13 11:32:19.925 21138 21182 W unknown:ViewManagerPropertyUpdater: Could not find generated setter for class com.facebook.react.views.switchview.ReactSwitchManager
04-13 11:32:19.929 21138 21182 W unknown:ViewManagerPropertyUpdater: Could not find generated setter for class com.facebook.react.views.switchview.ReactSwitchManager$ReactSwitchShadowNode
04-13 11:32:19.929 21138 21174 I Gralloc4: mapper 4.x is not supported
04-13 11:32:19.930 21138 21182 W unknown:ViewManagerPropertyUpdater: Could not find generated setter for class com.facebook.react.views.swiperefresh.SwipeRefreshLayoutManager
04-13 11:32:19.944 21138 21174 D HostConnection: createUnique: call
04-13 11:32:19.945 21138 21174 D HostConnection: HostConnection::get() New Host Connection established 0xe9915130, tid 21174
04-13 11:32:19.945 21138 21174 D eglCodecCommon: allocate: Ask for block of size 0x100
04-13 11:32:19.945 21138 21182 W unknown:ViewManagerPropertyUpdater: Could not find generated setter for class com.facebook.react.views.art.ARTSurfaceViewManager
04-13 11:32:19.945 21138 21174 D eglCodecCommon: allocate: ioctl allocate returned offset 0x3fc0ff000 size 0x2000
04-13 11:32:19.947 21138 21182 W unknown:ViewManagerPropertyUpdater: Could not find generated setter for class com.facebook.react.views.art.ARTSurfaceViewShadowNode
04-13 11:32:19.950 21138 21182 W unknown:ViewManagerPropertyUpdater: Could not find generated setter for class com.facebook.react.views.text.frescosupport.FrescoBasedReactTextInlineImageViewManager
04-13 11:32:19.951 21138 21182 W unknown:ViewManagerPropertyUpdater: Could not find generated setter for class com.facebook.react.views.text.frescosupport.FrescoBasedReactTextInlineImageShadowNode
04-13 11:32:19.955 21138 21182 W unknown:ViewManagerPropertyUpdater: Could not find generated setter for class com.facebook.react.views.image.ReactImageManager
04-13 11:32:19.956 21138 21182 W unknown:ViewManagerPropertyUpdater: Could not find generated setter for class com.facebook.react.views.modal.ReactModalHostManager
04-13 11:32:19.957 21138 21182 W unknown:ViewManagerPropertyUpdater: Could not find generated setter for class com.facebook.react.views.modal.ModalHostShadowNode
04-13 11:32:19.957 21138 21182 W unknown:ViewManagerPropertyUpdater: Could not find generated setter for class com.facebook.react.views.text.ReactRawTextManager
04-13 11:32:19.958 21138 21182 W unknown:ViewManagerPropertyUpdater: Could not find generated setter for class com.facebook.react.views.text.ReactRawTextShadowNode
04-13 11:32:19.959 21138 21182 W unknown:ViewManagerPropertyUpdater: Could not find generated setter for class com.facebook.react.views.textinput.ReactTextInputManager
04-13 11:32:19.961 21138 21182 W unknown:ViewManagerPropertyUpdater: Could not find generated setter for class com.facebook.react.views.textinput.ReactTextInputShadowNode
04-13 11:32:19.963 21138 21182 W unknown:ViewManagerPropertyUpdater: Could not find generated setter for class com.facebook.react.views.text.ReactTextViewManager
04-13 11:32:19.964 21138 21182 W unknown:ViewManagerPropertyUpdater: Could not find generated setter for class com.facebook.react.views.text.ReactTextShadowNode
04-13 11:32:19.964 21138 21182 W unknown:ViewManagerPropertyUpdater: Could not find generated setter for class com.facebook.react.views.view.ReactViewManager
04-13 11:32:19.965 21138 21182 W unknown:ViewManagerPropertyUpdater: Could not find generated setter for class com.facebook.react.views.viewpager.ReactViewPagerManager
04-13 11:32:19.966 21138 21182 W unknown:ViewManagerPropertyUpdater: Could not find generated setter for class com.facebook.react.views.text.ReactVirtualTextViewManager
04-13 11:32:19.967 21138 21182 W unknown:ViewManagerPropertyUpdater: Could not find generated setter for class com.facebook.react.views.text.ReactVirtualTextShadowNode
04-13 11:32:19.971 21138 21182 D SoLoader: About to load: libyoga.so
04-13 11:32:19.972 21138 21182 D SoLoader: libyoga.so not found on /data/user/0/com.detoxtest/lib-main
04-13 11:32:19.972 21138 21182 D SoLoader: libyoga.so found on /data/app/~~0DbvA-IJeXhchaSi4rh2vQ==/com.detoxtest-QSOmbMz94aNSY4EeJ-1A7Q==/lib/x86
04-13 11:32:19.972 21138 21182 D SoLoader: Not resolving dependencies for libyoga.so
04-13 11:32:19.979 21138 21182 D SoLoader: Loaded: libyoga.so
04-13 11:32:19.984 21138 21174 D HostConnection: HostComposition ext ANDROID_EMU_CHECKSUM_HELPER_v1 ANDROID_EMU_native_sync_v2 ANDROID_EMU_native_sync_v3 ANDROID_EMU_native_sync_v4 ANDROID_EMU_dma_v1 ANDROID_EMU_direct_mem ANDROID_EMU_host_composition_v1 ANDROID_EMU_host_composition_v2 ANDROID_EMU_YUV_Cache ANDROID_EMU_async_unmap_buffer GL_OES_EGL_image_external_essl3 GL_OES_vertex_array_object GL_KHR_texture_compression_astc_ldr ANDROID_EMU_gles_max_version_3_0 
04-13 11:32:19.988 21138 21182 E unknown:ReactRootView: runApplication: call AppRegistry.runApplication
04-13 11:32:19.991 21138 21174 D EGL_emulation: eglMakeCurrent: 0xe9711d50: ver 3 0 (tinfo 0xe9a7a890)
04-13 11:32:20.027 21138 21182 D SoLoader: init exiting
04-13 11:32:20.042 21138 21138 E unknown:ReactNative: Unable to launch logbox because react was unable to create the root view
04-13 11:32:20.051 21138 21181 E ReactNativeJNI: logMarker RUN_JS_BUNDLE_END
04-13 11:32:20.053 21138 21181 I ReactNativeJS: Running "detoxTest" with {"rootTag":1}
04-13 11:32:20.064 21138 21185 I Detox   : Detox thread starting (com.wix.detox.manager)
04-13 11:32:20.067 21138 21185 I DetoxManager: DetoxServerUrl: ws://localhost:61485
04-13 11:32:20.075 21138 21185 I DetoxManager: DetoxSessionId: 16dc1e3d-e499-7766-9a5f-5e62ef5e5b5b
04-13 11:32:20.079 21138 21138 D DetoxRNLoading: Got new RN-context directly and immediately
04-13 11:32:20.082 21138 21185 I DetoxRNIdleRes: Setting up Espresso Idling Resources for React Native.
04-13 11:32:20.123 21138 21185 D AsyncStorageIR: Checking whether a custom IR for Async-Storage is required... (legacy=false)
04-13 11:32:20.123 21138 21185 D DetoxRNHelpers: Native module not resolved: no such class
04-13 11:32:20.123 21138 21185 D AsyncStorageIR: Checking whether a custom IR for Async-Storage is required... (legacy=true)
04-13 11:32:20.124 21138 21185 D AsyncStorageIR: IR for Async-Storage is required! (legacy=true)
04-13 11:32:20.129 21138 21138 D AsyncStorageIRLegacy: Async-storage is busy!
04-13 11:32:20.143 21138 21185 I WebSocketClient: At connectToServer
04-13 11:32:20.177 21138 21194 I WebSocketClient: At onOpen
04-13 11:32:20.177 21138 21194 I WebSocketClient: At sendAction
04-13 11:32:20.178 21138 21194 D WebSocketClient: Detox Action Sent: login
04-13 11:32:20.383 21138 21138 I Detox   : Wait is over: app is now idle!
04-13 11:32:20.390 21138 21194 I WebSocketClient: At sendAction
04-13 11:32:20.391 21138 21194 D WebSocketClient: Detox Action Sent: ready
04-13 11:32:20.395 21138 21194 I WebSocketClient: At onMessage
04-13 11:32:20.395 21138 21194 I WebSocketClient: At receiveAction
04-13 11:32:20.395 21138 21194 D WebSocketClient: Detox Action Received: loginSuccess
04-13 11:32:20.395 21138 21194 I DetoxManager: onAction: type: loginSuccess params: {"testerConnected":true,"appConnected":true}
