--------- beginning of main
04-13 11:17:19.843 18902 18902 W com.detoxtest: Unexpected CPU variant for X86 using defaults: x86
04-13 11:17:19.848 18902 18902 E com.detoxtest: Not starting debugger since process cannot load the jdwp agent.
--------- beginning of system
04-13 11:17:19.877 18902 18902 W ActivityThread: Package uses different ABI(s) than its instrumentation: package[com.detoxtest]: x86, null instrumentation[com.detoxtest.test]: null, null
04-13 11:17:19.884 18902 18902 I com.detoxtest: The ClassLoaderContext is a special shared library.
04-13 11:17:19.886 18902 18902 I chatty  : uid=10240(com.detoxtest) identical 2 lines
04-13 11:17:19.886 18902 18902 I com.detoxtest: The ClassLoaderContext is a special shared library.
04-13 11:17:19.925 18902 18902 W com.detoxtest: ClassLoaderContext classpath size mismatch. expected=0, found=4 (PCL[]{PCL[/system/framework/android.test.base.jar*84046222]} | PCL[/system/framework/android.test.runner.jar*2838042966:/system/framework/android.test.mock.jar*2353512044:/system/framework/android.test.base.jar*84046222:/data/app/~~s4IGKXJ24CnU_3QrxFEJ8Q==/com.detoxtest.test-IKFYOEclf2QlmwOEiMVHJA==/base.apk*3736732199]{PCL[/system/framework/android.test.base.jar*84046222]})
04-13 11:17:19.946 18902 18902 I com.detoxtest: The ClassLoaderContext is a special shared library.
04-13 11:17:19.950 18902 18902 I chatty  : uid=10240(com.detoxtest) identical 3 lines
04-13 11:17:19.950 18902 18902 I com.detoxtest: The ClassLoaderContext is a special shared library.
04-13 11:17:19.990 18902 18902 W com.detoxtest: ClassLoaderContext classpath size mismatch. expected=0, found=4 (PCL[]{PCL[/system/framework/android.test.base.jar*84046222]} | PCL[/system/framework/android.test.runner.jar*2838042966:/system/framework/android.test.mock.jar*2353512044:/system/framework/android.test.base.jar*84046222:/data/app/~~s4IGKXJ24CnU_3QrxFEJ8Q==/com.detoxtest.test-IKFYOEclf2QlmwOEiMVHJA==/base.apk*3736732199]{PCL[/system/framework/android.test.base.jar*84046222]#PCL[/system/framework/android.test.mock.jar*2353512044]{PCL[/system/framework/android.test.base.jar*84046222]}#PCL[/system/framework/android.test.runner.jar*2838042966]{PCL[/system/framework/android.test.base.jar*84046222]#PCL[/system/framework/android.test.mock.jar*2353512044]{PCL[/system/framework/android.test.base.jar*84046222]}}};PCL[/system/framework/android.test.runner.jar*2838042966:/system/framework/android.test.mock.jar*2353512044:/system/framework/android.test.base.jar*84046222:/data/app/~~s4IGKXJ24CnU_3QrxFEJ8Q==/com.detoxtest.test-IKFYOEclf2QlmwOEiMVHJA==/base.apk*3736732199:/data/app/~~PriuMLzGSsglxMqi6tBsUQ==/com.detoxtest-yUR2bAs6CZ07LT9OZpbnRA==/base.apk*4000934944]{PCL[/system/framework/android.test.base.jar*84046222]})
04-13 11:17:19.990 18902 18902 W com.detoxtest: Found duplicate classes, falling back to extracting from APK : /data/app/~~PriuMLzGSsglxMqi6tBsUQ==/com.detoxtest-yUR2bAs6CZ07LT9OZpbnRA==/base.apk
04-13 11:17:19.991 18902 18902 W com.detoxtest: NOTE: This wastes RAM and hurts startup performance.
04-13 11:17:19.991 18902 18902 W com.detoxtest: Found duplicated class when checking oat files: 'Landroid/support/v4/app/INotificationSideChannel$Stub$Proxy;' in /data/app/~~PriuMLzGSsglxMqi6tBsUQ==/com.detoxtest-yUR2bAs6CZ07LT9OZpbnRA==/base.apk and /data/app/~~PriuMLzGSsglxMqi6tBsUQ==/com.detoxtest-yUR2bAs6CZ07LT9OZpbnRA==/base.apk
04-13 11:17:19.991 18902 18902 W com.detoxtest: 
04-13 11:17:20.071 18902 18902 D NetworkSecurityConfig: Using Network Security Config from resource network_security_config debugBuild: false
04-13 11:17:20.071 18902 18902 D NetworkSecurityConfig: Using Network Security Config from resource network_security_config debugBuild: false
04-13 11:17:20.079 18902 18902 I MonitoringInstr: Instrumentation started!
04-13 11:17:20.081 18902 18902 I MonitoringInstr: Setting context classloader to 'dalvik.system.PathClassLoader[DexPathList[[zip file "/system/framework/android.test.runner.jar", zip file "/system/framework/android.test.mock.jar", zip file "/system/framework/android.test.base.jar", zip file "/data/app/~~s4IGKXJ24CnU_3QrxFEJ8Q==/com.detoxtest.test-IKFYOEclf2QlmwOEiMVHJA==/base.apk", zip file "/data/app/~~PriuMLzGSsglxMqi6tBsUQ==/com.detoxtest-yUR2bAs6CZ07LT9OZpbnRA==/base.apk"],nativeLibraryDirectories=[/data/app/~~s4IGKXJ24CnU_3QrxFEJ8Q==/com.detoxtest.test-IKFYOEclf2QlmwOEiMVHJA==/lib/x86, /data/app/~~PriuMLzGSsglxMqi6tBsUQ==/com.detoxtest-yUR2bAs6CZ07LT9OZpbnRA==/lib/x86, /data/app/~~s4IGKXJ24CnU_3QrxFEJ8Q==/com.detoxtest.test-IKFYOEclf2QlmwOEiMVHJA==/base.apk!/lib/x86, /data/app/~~PriuMLzGSsglxMqi6tBsUQ==/com.detoxtest-yUR2bAs6CZ07LT9OZpbnRA==/base.apk!/lib/x86, /system/lib, /system_ext/lib, /product/lib]]]', Original: 'dalvik.system.PathClassLoader[DexPathList[[zip file "/system/framework/android.test.runner.jar", zip file "/system/framework/android.test.mock.jar", zip file "/system/framework/android.test.base.jar", zip file "/data/app/~~s4IGKXJ24CnU_3QrxFEJ8Q==/com.detoxtest.test-IKFYOEclf2QlmwOEiMVHJA==/base.apk", zip file "/data/app/~~PriuMLzGSsglxMqi6tBsUQ==/com.detoxtest-yUR2bAs6CZ07LT9OZpbnRA==/base.apk"],nativeLibraryDirectories=[/data/app/~~s4IGKXJ24CnU_3QrxFEJ8Q==/com.detoxtest.test-IKFYOEclf2QlmwOEiMVHJA==/lib/x86, /data/app/~~PriuMLzGSsglxMqi6tBsUQ==/com.detoxtest-yUR2bAs6CZ07LT9OZpbnRA==/lib/x86, /data/app/~~s4IGKXJ24CnU_3QrxFEJ8Q==/com.detoxtest.test-IKFYOEclf2QlmwOEiMVHJA==/base.apk!/lib/x86, /data/app/~~PriuMLzGSsglxMqi6tBsUQ==/com.detoxtest-yUR2bAs6CZ07LT9OZpbnRA==/base.apk!/lib/x86, /system/lib, /system_ext/lib, /product/lib]]]'
04-13 11:17:20.083 18902 18902 D SoLoader: init start
04-13 11:17:20.083 18902 18902 D SoLoader: adding system library source: /vendor/lib
04-13 11:17:20.084 18902 18902 D SoLoader: adding system library source: /system/lib
04-13 11:17:20.084 18902 18902 D SoLoader: adding application source: com.facebook.soloader.DirectorySoSource[root = /data/app/~~PriuMLzGSsglxMqi6tBsUQ==/com.detoxtest-yUR2bAs6CZ07LT9OZpbnRA==/lib/x86 flags = 0]
04-13 11:17:20.084 18902 18902 D SoLoader: adding backup source from : com.facebook.soloader.ApkSoSource[root = /data/user/0/com.detoxtest/lib-main flags = 1]
04-13 11:17:20.084 18902 18902 D SoLoader: Preparing SO source: com.facebook.soloader.DirectorySoSource[root = /system/lib flags = 2]
04-13 11:17:20.084 18902 18902 D SoLoader: Preparing SO source: com.facebook.soloader.DirectorySoSource[root = /vendor/lib flags = 2]
04-13 11:17:20.084 18902 18902 D SoLoader: Preparing SO source: com.facebook.soloader.DirectorySoSource[root = /data/app/~~PriuMLzGSsglxMqi6tBsUQ==/com.detoxtest-yUR2bAs6CZ07LT9OZpbnRA==/lib/x86 flags = 0]
04-13 11:17:20.085 18902 18902 D SoLoader: Preparing SO source: com.facebook.soloader.ApkSoSource[root = /data/user/0/com.detoxtest/lib-main flags = 1]
04-13 11:17:20.085 18902 18902 V fb-UnpackingSoSource: locked dso store /data/user/0/com.detoxtest/lib-main
04-13 11:17:20.086 18902 18902 V fb-UnpackingSoSource: deps mismatch on deps store: regenerating
04-13 11:17:20.086 18902 18902 V fb-UnpackingSoSource: so store dirty: regenerating
04-13 11:17:20.100 18902 18902 D ApkSoSource: not allowing consideration of lib/x86/libc++_shared.so: deferring to libdir
04-13 11:17:20.100 18902 18902 D ApkSoSource: not allowing consideration of lib/x86/libfb.so: deferring to libdir
04-13 11:17:20.100 18902 18902 D ApkSoSource: not allowing consideration of lib/x86/libfbjni.so: deferring to libdir
04-13 11:17:20.100 18902 18902 D ApkSoSource: not allowing consideration of lib/x86/libfolly_futures.so: deferring to libdir
04-13 11:17:20.100 18902 18902 D ApkSoSource: not allowing consideration of lib/x86/libfolly_json.so: deferring to libdir
04-13 11:17:20.101 18902 18902 D ApkSoSource: not allowing consideration of lib/x86/libglog.so: deferring to libdir
04-13 11:17:20.101 18902 18902 D ApkSoSource: not allowing consideration of lib/x86/libglog_init.so: deferring to libdir
04-13 11:17:20.101 18902 18902 D ApkSoSource: not allowing consideration of lib/x86/libhermes-executor-debug.so: deferring to libdir
04-13 11:17:20.101 18902 18902 D ApkSoSource: not allowing consideration of lib/x86/libhermes-executor-release.so: deferring to libdir
04-13 11:17:20.101 18902 18902 D ApkSoSource: not allowing consideration of lib/x86/libhermes-inspector.so: deferring to libdir
04-13 11:17:20.101 18902 18902 D ApkSoSource: not allowing consideration of lib/x86/libimagepipeline.so: deferring to libdir
04-13 11:17:20.101 18902 18902 D ApkSoSource: not allowing consideration of lib/x86/libjsc.so: deferring to libdir
04-13 11:17:20.101 18902 18902 D ApkSoSource: not allowing consideration of lib/x86/libjscexecutor.so: deferring to libdir
04-13 11:17:20.101 18902 18902 D ApkSoSource: not allowing consideration of lib/x86/libjsijniprofiler.so: deferring to libdir
04-13 11:17:20.101 18902 18902 D ApkSoSource: not allowing consideration of lib/x86/libjsinspector.so: deferring to libdir
04-13 11:17:20.101 18902 18902 D ApkSoSource: not allowing consideration of lib/x86/libnative-filters.so: deferring to libdir
04-13 11:17:20.101 18902 18902 D ApkSoSource: not allowing consideration of lib/x86/libnative-imagetranscoder.so: deferring to libdir
04-13 11:17:20.101 18902 18902 D ApkSoSource: not allowing consideration of lib/x86/libreactnativeblob.so: deferring to libdir
04-13 11:17:20.101 18902 18902 D ApkSoSource: not allowing consideration of lib/x86/libreactnativejni.so: deferring to libdir
04-13 11:17:20.101 18902 18902 D ApkSoSource: not allowing consideration of lib/x86/libyoga.so: deferring to libdir
04-13 11:17:20.102 18902 18902 V fb-UnpackingSoSource: regenerating DSO store com.facebook.soloader.ApkSoSource
04-13 11:17:20.102 18902 18902 V fb-UnpackingSoSource: Finished regenerating DSO store com.facebook.soloader.ApkSoSource
04-13 11:17:20.102 18902 18902 V fb-UnpackingSoSource: starting syncer worker
04-13 11:17:20.109 18902 18902 V fb-UnpackingSoSource: releasing dso store lock for /data/user/0/com.detoxtest/lib-main (from syncer thread)
04-13 11:17:20.109 18902 18902 V fb-UnpackingSoSource: not releasing dso store lock for /data/user/0/com.detoxtest/lib-main (syncer thread started)
04-13 11:17:20.109 18902 18902 D SoLoader: init finish: 4 SO sources prepared
04-13 11:17:20.109 18902 18902 D SoLoader: init exiting
04-13 11:17:20.111 18902 18902 D SoLoader: init exiting
04-13 11:17:20.111 18902 18902 D SoLoader: About to load: libjscexecutor.so
04-13 11:17:20.111 18902 18902 D SoLoader: libjscexecutor.so not found on /data/user/0/com.detoxtest/lib-main
04-13 11:17:20.111 18902 18902 D SoLoader: libjscexecutor.so found on /data/app/~~PriuMLzGSsglxMqi6tBsUQ==/com.detoxtest-yUR2bAs6CZ07LT9OZpbnRA==/lib/x86
04-13 11:17:20.111 18902 18902 D SoLoader: Not resolving dependencies for libjscexecutor.so
04-13 11:17:20.115 18902 18902 D JavaScriptCore.Version: 245459.0.0
04-13 11:17:20.115 18902 18902 D SoLoader: Loaded: libjscexecutor.so
04-13 11:17:20.115 18902 18902 D SoLoader: init exiting
04-13 11:17:20.119 18902 18902 I MonitoringInstr: No JSBridge.
04-13 11:17:20.122 18902 18922 I MonitoringInstr: Setting context classloader to 'dalvik.system.PathClassLoader[DexPathList[[zip file "/system/framework/android.test.runner.jar", zip file "/system/framework/android.test.mock.jar", zip file "/system/framework/android.test.base.jar", zip file "/data/app/~~s4IGKXJ24CnU_3QrxFEJ8Q==/com.detoxtest.test-IKFYOEclf2QlmwOEiMVHJA==/base.apk", zip file "/data/app/~~PriuMLzGSsglxMqi6tBsUQ==/com.detoxtest-yUR2bAs6CZ07LT9OZpbnRA==/base.apk"],nativeLibraryDirectories=[/data/app/~~s4IGKXJ24CnU_3QrxFEJ8Q==/com.detoxtest.test-IKFYOEclf2QlmwOEiMVHJA==/lib/x86, /data/app/~~PriuMLzGSsglxMqi6tBsUQ==/com.detoxtest-yUR2bAs6CZ07LT9OZpbnRA==/lib/x86, /data/app/~~s4IGKXJ24CnU_3QrxFEJ8Q==/com.detoxtest.test-IKFYOEclf2QlmwOEiMVHJA==/base.apk!/lib/x86, /data/app/~~PriuMLzGSsglxMqi6tBsUQ==/com.detoxtest-yUR2bAs6CZ07LT9OZpbnRA==/base.apk!/lib/x86, /system/lib, /system_ext/lib, /product/lib]]]', Original: 'dalvik.system.PathClassLoader[DexPathList[[zip file "/system/framework/android.test.runner.jar", zip file "/system/framework/android.test.mock.jar", zip file "/system/framework/android.test.base.jar", zip file "/data/app/~~s4IGKXJ24CnU_3QrxFEJ8Q==/com.detoxtest.test-IKFYOEclf2QlmwOEiMVHJA==/base.apk", zip file "/data/app/~~PriuMLzGSsglxMqi6tBsUQ==/com.detoxtest-yUR2bAs6CZ07LT9OZpbnRA==/base.apk"],nativeLibraryDirectories=[/data/app/~~s4IGKXJ24CnU_3QrxFEJ8Q==/com.detoxtest.test-IKFYOEclf2QlmwOEiMVHJA==/lib/x86, /data/app/~~PriuMLzGSsglxMqi6tBsUQ==/com.detoxtest-yUR2bAs6CZ07LT9OZpbnRA==/lib/x86, /data/app/~~s4IGKXJ24CnU_3QrxFEJ8Q==/com.detoxtest.test-IKFYOEclf2QlmwOEiMVHJA==/base.apk!/lib/x86, /data/app/~~PriuMLzGSsglxMqi6tBsUQ==/com.detoxtest-yUR2bAs6CZ07LT9OZpbnRA==/base.apk!/lib/x86, /system/lib, /system_ext/lib, /product/lib]]]'
04-13 11:17:20.140 18902 18922 I UsageTrackerFacilitator: Usage tracking enabled
04-13 11:17:20.146 18902 18922 I TestRequestBuilder: Scanning classpath to find tests in paths [/data/app/~~s4IGKXJ24CnU_3QrxFEJ8Q==/com.detoxtest.test-IKFYOEclf2QlmwOEiMVHJA==/base.apk]
04-13 11:17:20.152 18902 18922 W com.detoxtest: Opening an oat file without a class loader. Are you using the deprecated DexFile APIs?
04-13 11:17:20.412 18902 18922 D TestExecutor: Adding listener androidx.test.internal.runner.listener.LogRunListener
04-13 11:17:20.413 18902 18922 D TestExecutor: Adding listener androidx.test.internal.runner.listener.InstrumentationResultPrinter
04-13 11:17:20.413 18902 18922 D TestExecutor: Adding listener androidx.test.internal.runner.listener.ActivityFinisherRunListener
04-13 11:17:20.415 18902 18922 I TestRunner: run started: 1 tests
04-13 11:17:20.421 18902 18922 I TestRunner: started: runDetoxTests(com.detoxtest.DetoxTest)
04-13 11:17:20.426 18902 18902 I MonitoringInstr: Activities that are still in CREATED to STOPPED: 0
04-13 11:17:20.477 18902 18922 D EventInjectionStrategy: Creating injection strategy with input manager.
04-13 11:17:20.597 18902 18902 D LifecycleMonitor: Lifecycle status change: com.detoxtest.MainActivity@d952f0b in: PRE_ON_CREATE
04-13 11:17:20.618 18902 18942 D libEGL  : loaded /vendor/lib/egl/libEGL_emulation.so
04-13 11:17:20.622 18902 18942 D libEGL  : loaded /vendor/lib/egl/libGLESv1_CM_emulation.so
04-13 11:17:20.627 18902 18942 D libEGL  : loaded /vendor/lib/egl/libGLESv2_emulation.so
04-13 11:17:20.646 18902 18943 D SoLoader: About to load: libreactnativejni.so
04-13 11:17:20.647 18902 18943 D SoLoader: libreactnativejni.so not found on /data/user/0/com.detoxtest/lib-main
04-13 11:17:20.647 18902 18943 D SoLoader: libreactnativejni.so found on /data/app/~~PriuMLzGSsglxMqi6tBsUQ==/com.detoxtest-yUR2bAs6CZ07LT9OZpbnRA==/lib/x86
04-13 11:17:20.647 18902 18943 D SoLoader: Not resolving dependencies for libreactnativejni.so
04-13 11:17:20.655 18902 18943 D SoLoader: Loaded: libreactnativejni.so
04-13 11:17:20.656 18902 18943 D SoLoader: About to load: libfbjni.so
04-13 11:17:20.656 18902 18943 D SoLoader: libfbjni.so not found on /data/user/0/com.detoxtest/lib-main
04-13 11:17:20.656 18902 18943 D SoLoader: libfbjni.so found on /data/app/~~PriuMLzGSsglxMqi6tBsUQ==/com.detoxtest-yUR2bAs6CZ07LT9OZpbnRA==/lib/x86
04-13 11:17:20.656 18902 18943 D SoLoader: Not resolving dependencies for libfbjni.so
04-13 11:17:20.659 18902 18943 D SoLoader: Loaded: libfbjni.so
04-13 11:17:20.661 18902 18902 D LifecycleMonitor: Lifecycle status change: com.detoxtest.MainActivity@d952f0b in: CREATED
04-13 11:17:20.662 18902 18902 D LifecycleMonitor: Lifecycle status change: com.detoxtest.MainActivity@d952f0b in: STARTED
04-13 11:17:20.663 18902 18902 D LifecycleMonitor: Lifecycle status change: com.detoxtest.MainActivity@d952f0b in: RESUMED
04-13 11:17:20.692 18902 18943 E unknown:ReactNative: ReactInstanceManager.createReactContext: mJSIModulePackage null
04-13 11:17:20.692 18902 18945 E ReactNativeJNI: logMarker CREATE_REACT_CONTEXT_END
04-13 11:17:20.700 18902 18945 E ReactNativeJNI: logMarker RUN_JS_BUNDLE_START
04-13 11:17:20.700 18902 18946 E unknown:ReactNative: ReactInstanceManager.attachRootViewToInstance()
04-13 11:17:20.715 18902 18946 W unknown:ViewManagerPropertyUpdater: Could not find generated setter for class com.facebook.react.views.art.ARTGroupViewManager
04-13 11:17:20.715 18902 18946 W unknown:ViewManagerPropertyUpdater: Could not find generated setter for class com.facebook.react.views.art.ARTGroupShadowNode
04-13 11:17:20.720 18902 18946 W unknown:ViewManagerPropertyUpdater: Could not find generated setter for class com.facebook.react.views.art.ARTShapeViewManager
04-13 11:17:20.720 18902 18946 W unknown:ViewManagerPropertyUpdater: Could not find generated setter for class com.facebook.react.views.art.ARTShapeShadowNode
04-13 11:17:20.721 18902 18946 W unknown:ViewManagerPropertyUpdater: Could not find generated setter for class com.facebook.react.views.art.ARTTextViewManager
04-13 11:17:20.721 18902 18946 W unknown:ViewManagerPropertyUpdater: Could not find generated setter for class com.facebook.react.views.art.ARTTextShadowNode
04-13 11:17:20.723 18902 18946 W unknown:ViewManagerPropertyUpdater: Could not find generated setter for class com.facebook.react.views.checkbox.ReactCheckBoxManager
04-13 11:17:20.726 18902 18946 W unknown:ViewManagerPropertyUpdater: Could not find generated setter for class com.facebook.react.uimanager.LayoutShadowNode
04-13 11:17:20.728 18902 18946 W unknown:ViewManagerPropertyUpdater: Could not find generated setter for class com.facebook.react.views.picker.ReactDialogPickerManager
04-13 11:17:20.729 18902 18946 W unknown:ViewManagerPropertyUpdater: Could not find generated setter for class com.facebook.react.views.drawer.ReactDrawerLayoutManager
04-13 11:17:20.731 18902 18946 W unknown:ViewManagerPropertyUpdater: Could not find generated setter for class com.facebook.react.views.picker.ReactDropdownPickerManager
04-13 11:17:20.731 18902 18946 W unknown:ViewManagerPropertyUpdater: Could not find generated setter for class com.facebook.react.views.scroll.ReactHorizontalScrollViewManager
04-13 11:17:20.732 18902 18946 W unknown:ViewManagerPropertyUpdater: Could not find generated setter for class com.facebook.react.views.scroll.ReactHorizontalScrollContainerViewManager
04-13 11:17:20.735 18902 18946 W unknown:ViewManagerPropertyUpdater: Could not find generated setter for class com.facebook.react.views.progressbar.ReactProgressBarViewManager
04-13 11:17:20.737 18902 18946 W unknown:ViewManagerPropertyUpdater: Could not find generated setter for class com.facebook.react.views.progressbar.ProgressBarShadowNode
04-13 11:17:20.748 18902 18940 D HostConnection: HostConnection::get() New Host Connection established 0xe9915430, tid 18940
04-13 11:17:20.750 18902 18946 W unknown:ViewManagerPropertyUpdater: Could not find generated setter for class com.facebook.react.views.scroll.ReactScrollViewManager
04-13 11:17:20.762 18902 18940 D HostConnection: HostComposition ext ANDROID_EMU_CHECKSUM_HELPER_v1 ANDROID_EMU_native_sync_v2 ANDROID_EMU_native_sync_v3 ANDROID_EMU_native_sync_v4 ANDROID_EMU_dma_v1 ANDROID_EMU_direct_mem ANDROID_EMU_host_composition_v1 ANDROID_EMU_host_composition_v2 ANDROID_EMU_YUV_Cache ANDROID_EMU_async_unmap_buffer GL_OES_EGL_image_external_essl3 GL_OES_vertex_array_object GL_KHR_texture_compression_astc_ldr ANDROID_EMU_gles_max_version_3_0 
04-13 11:17:20.762 18902 18946 W unknown:ViewManagerPropertyUpdater: Could not find generated setter for class com.facebook.react.views.slider.ReactSliderManager
04-13 11:17:20.776 18902 18946 W unknown:ViewManagerPropertyUpdater: Could not find generated setter for class com.facebook.react.views.slider.ReactSliderManager$ReactSliderShadowNode
04-13 11:17:20.776 18902 18940 W OpenGLRenderer: Failed to choose config with EGL_SWAP_BEHAVIOR_PRESERVED, retrying without...
04-13 11:17:20.776 18902 18946 W unknown:ViewManagerPropertyUpdater: Could not find generated setter for class com.facebook.react.views.switchview.ReactSwitchManager
04-13 11:17:20.778 18902 18940 D EGL_emulation: eglCreateContext: 0xe9734110: maj 3 min 0 rcv 3
04-13 11:17:20.779 18902 18946 W unknown:ViewManagerPropertyUpdater: Could not find generated setter for class com.facebook.react.views.switchview.ReactSwitchManager$ReactSwitchShadowNode
04-13 11:17:20.784 18902 18946 W unknown:ViewManagerPropertyUpdater: Could not find generated setter for class com.facebook.react.views.swiperefresh.SwipeRefreshLayoutManager
04-13 11:17:20.791 18902 18946 W unknown:ViewManagerPropertyUpdater: Could not find generated setter for class com.facebook.react.views.art.ARTSurfaceViewManager
04-13 11:17:20.792 18902 18946 W unknown:ViewManagerPropertyUpdater: Could not find generated setter for class com.facebook.react.views.art.ARTSurfaceViewShadowNode
04-13 11:17:20.792 18902 18946 W unknown:ViewManagerPropertyUpdater: Could not find generated setter for class com.facebook.react.views.text.frescosupport.FrescoBasedReactTextInlineImageViewManager
04-13 11:17:20.792 18902 18946 W unknown:ViewManagerPropertyUpdater: Could not find generated setter for class com.facebook.react.views.text.frescosupport.FrescoBasedReactTextInlineImageShadowNode
04-13 11:17:20.793 18902 18946 W unknown:ViewManagerPropertyUpdater: Could not find generated setter for class com.facebook.react.views.image.ReactImageManager
04-13 11:17:20.795 18902 18946 W unknown:ViewManagerPropertyUpdater: Could not find generated setter for class com.facebook.react.views.modal.ReactModalHostManager
04-13 11:17:20.795 18902 18946 W unknown:ViewManagerPropertyUpdater: Could not find generated setter for class com.facebook.react.views.modal.ModalHostShadowNode
04-13 11:17:20.795 18902 18946 W unknown:ViewManagerPropertyUpdater: Could not find generated setter for class com.facebook.react.views.text.ReactRawTextManager
04-13 11:17:20.796 18902 18946 W unknown:ViewManagerPropertyUpdater: Could not find generated setter for class com.facebook.react.views.text.ReactRawTextShadowNode
04-13 11:17:20.796 18902 18946 W unknown:ViewManagerPropertyUpdater: Could not find generated setter for class com.facebook.react.views.textinput.ReactTextInputManager
04-13 11:17:20.798 18902 18946 W unknown:ViewManagerPropertyUpdater: Could not find generated setter for class com.facebook.react.views.textinput.ReactTextInputShadowNode
04-13 11:17:20.799 18902 18946 W unknown:ViewManagerPropertyUpdater: Could not find generated setter for class com.facebook.react.views.text.ReactTextViewManager
04-13 11:17:20.800 18902 18946 W unknown:ViewManagerPropertyUpdater: Could not find generated setter for class com.facebook.react.views.text.ReactTextShadowNode
04-13 11:17:20.800 18902 18946 W unknown:ViewManagerPropertyUpdater: Could not find generated setter for class com.facebook.react.views.view.ReactViewManager
04-13 11:17:20.801 18902 18946 W unknown:ViewManagerPropertyUpdater: Could not find generated setter for class com.facebook.react.views.viewpager.ReactViewPagerManager
04-13 11:17:20.806 18902 18946 W unknown:ViewManagerPropertyUpdater: Could not find generated setter for class com.facebook.react.views.text.ReactVirtualTextViewManager
04-13 11:17:20.806 18902 18946 W unknown:ViewManagerPropertyUpdater: Could not find generated setter for class com.facebook.react.views.text.ReactVirtualTextShadowNode
04-13 11:17:20.806 18902 18940 D EGL_emulation: eglMakeCurrent: 0xe9734110: ver 3 0 (tinfo 0xe9a7c670)
04-13 11:17:20.809 18902 18946 D SoLoader: About to load: libyoga.so
04-13 11:17:20.809 18902 18946 D SoLoader: libyoga.so not found on /data/user/0/com.detoxtest/lib-main
04-13 11:17:20.809 18902 18946 D SoLoader: libyoga.so found on /data/app/~~PriuMLzGSsglxMqi6tBsUQ==/com.detoxtest-yUR2bAs6CZ07LT9OZpbnRA==/lib/x86
04-13 11:17:20.809 18902 18946 D SoLoader: Not resolving dependencies for libyoga.so
04-13 11:17:20.810 18902 18946 D SoLoader: Loaded: libyoga.so
04-13 11:17:20.812 18902 18946 E unknown:ReactRootView: runApplication: call AppRegistry.runApplication
04-13 11:17:20.822 18902 18940 I Gralloc4: mapper 4.x is not supported
04-13 11:17:20.823 18902 18940 D HostConnection: createUnique: call
04-13 11:17:20.823 18902 18940 D HostConnection: HostConnection::get() New Host Connection established 0xe9914dd0, tid 18940
04-13 11:17:20.823 18902 18940 D eglCodecCommon: allocate: Ask for block of size 0x100
04-13 11:17:20.823 18902 18940 D eglCodecCommon: allocate: ioctl allocate returned offset 0x3fc0ff000 size 0x2000
04-13 11:17:20.839 18902 18940 D HostConnection: HostComposition ext ANDROID_EMU_CHECKSUM_HELPER_v1 ANDROID_EMU_native_sync_v2 ANDROID_EMU_native_sync_v3 ANDROID_EMU_native_sync_v4 ANDROID_EMU_dma_v1 ANDROID_EMU_direct_mem ANDROID_EMU_host_composition_v1 ANDROID_EMU_host_composition_v2 ANDROID_EMU_YUV_Cache ANDROID_EMU_async_unmap_buffer GL_OES_EGL_image_external_essl3 GL_OES_vertex_array_object GL_KHR_texture_compression_astc_ldr ANDROID_EMU_gles_max_version_3_0 
04-13 11:17:20.842 18902 18946 D SoLoader: init exiting
04-13 11:17:20.849 18902 18940 D EGL_emulation: eglMakeCurrent: 0xe9734110: ver 3 0 (tinfo 0xe9a7c670)
04-13 11:17:20.854 18902 18945 E ReactNativeJNI: logMarker RUN_JS_BUNDLE_END
04-13 11:17:20.855 18902 18945 I ReactNativeJS: Running "detoxTest" with {"rootTag":1}
04-13 11:17:20.898 18902 18902 E unknown:ReactNative: Unable to launch logbox because react was unable to create the root view
04-13 11:17:20.937 18902 18953 I Detox   : Detox thread starting (com.wix.detox.manager)
04-13 11:17:20.954 18902 18953 I DetoxManager: DetoxServerUrl: ws://localhost:60163
04-13 11:17:20.954 18902 18953 I DetoxManager: DetoxSessionId: 7087d389-dac6-cdaf-8fed-05a722a26577
04-13 11:17:20.956 18902 18902 D DetoxRNLoading: Got new RN-context directly and immediately
04-13 11:17:20.959 18902 18953 I DetoxRNIdleRes: Setting up Espresso Idling Resources for React Native.
04-13 11:17:20.976 18902 18953 D AsyncStorageIR: Checking whether a custom IR for Async-Storage is required... (legacy=false)
04-13 11:17:20.976 18902 18953 D DetoxRNHelpers: Native module not resolved: no such class
04-13 11:17:20.976 18902 18953 D AsyncStorageIR: Checking whether a custom IR for Async-Storage is required... (legacy=true)
04-13 11:17:20.976 18902 18953 D AsyncStorageIR: IR for Async-Storage is required! (legacy=true)
04-13 11:17:20.979 18902 18902 D AsyncStorageIRLegacy: Async-storage is busy!
04-13 11:17:20.981 18902 18953 I WebSocketClient: At connectToServer
04-13 11:17:20.997 18902 18957 I WebSocketClient: At onOpen
04-13 11:17:20.997 18902 18957 I WebSocketClient: At sendAction
04-13 11:17:20.997 18902 18957 D WebSocketClient: Detox Action Sent: login
04-13 11:17:21.148 18902 18902 I Detox   : Wait is over: app is now idle!
04-13 11:17:21.154 18902 18957 I WebSocketClient: At sendAction
04-13 11:17:21.156 18902 18957 D WebSocketClient: Detox Action Sent: ready
04-13 11:17:21.159 18902 18957 I WebSocketClient: At onMessage
04-13 11:17:21.159 18902 18957 I WebSocketClient: At receiveAction
04-13 11:17:21.159 18902 18957 D WebSocketClient: Detox Action Received: loginSuccess
04-13 11:17:21.159 18902 18957 I DetoxManager: onAction: type: loginSuccess params: {"testerConnected":true,"appConnected":true}
04-13 11:17:21.161 18902 18957 I WebSocketClient: At onMessage
04-13 11:17:21.161 18902 18957 I WebSocketClient: At receiveAction
04-13 11:17:21.161 18902 18957 D WebSocketClient: Detox Action Received: isReady
04-13 11:17:21.161 18902 18957 I DetoxManager: onAction: type: isReady params: {}
04-13 11:17:21.164 18902 18902 I Detox   : Wait is over: app is now idle!
04-13 11:17:21.165 18902 18953 I WebSocketClient: At sendAction
04-13 11:17:21.165 18902 18953 D WebSocketClient: Detox Action Sent: ready
