--------- beginning of main
04-13 11:23:41.000 20233 20257 W com.detoxtest: Opening an oat file without a class loader. Are you using the deprecated DexFile APIs?
04-13 11:23:41.158 20233 20257 D TestExecutor: Adding listener androidx.test.internal.runner.listener.LogRunListener
04-13 11:23:41.159 20233 20257 D TestExecutor: Adding listener androidx.test.internal.runner.listener.InstrumentationResultPrinter
04-13 11:23:41.159 20233 20257 D TestExecutor: Adding listener androidx.test.internal.runner.listener.ActivityFinisherRunListener
04-13 11:23:41.160 20233 20257 I TestRunner: run started: 1 tests
04-13 11:23:41.165 20233 20257 I TestRunner: started: runDetoxTests(com.detoxtest.DetoxTest)
04-13 11:23:41.169 20233 20233 I MonitoringInstr: Activities that are still in CREATED to STOPPED: 0
04-13 11:23:41.202 20233 20257 D EventInjectionStrategy: Creating injection strategy with input manager.
04-13 11:23:41.271 20233 20273 D libEGL  : loaded /vendor/lib/egl/libEGL_emulation.so
04-13 11:23:41.275 20233 20273 D libEGL  : loaded /vendor/lib/egl/libGLESv1_CM_emulation.so
04-13 11:23:41.283 20233 20273 D libEGL  : loaded /vendor/lib/egl/libGLESv2_emulation.so
04-13 11:23:41.299 20233 20233 D LifecycleMonitor: Lifecycle status change: com.detoxtest.MainActivity@d952f0b in: PRE_ON_CREATE
04-13 11:23:41.320 20233 20274 D SoLoader: About to load: libreactnativejni.so
04-13 11:23:41.323 20233 20274 D SoLoader: libreactnativejni.so not found on /data/user/0/com.detoxtest/lib-main
04-13 11:23:41.324 20233 20274 D SoLoader: libreactnativejni.so found on /data/app/~~Gd5FaPYiBpo0BbV4nWw1SQ==/com.detoxtest--4hXl3CvCWaNd5J-QHTieg==/lib/x86
04-13 11:23:41.324 20233 20274 D SoLoader: Not resolving dependencies for libreactnativejni.so
04-13 11:23:41.327 20233 20274 D SoLoader: Loaded: libreactnativejni.so
04-13 11:23:41.327 20233 20274 D SoLoader: About to load: libfbjni.so
04-13 11:23:41.328 20233 20274 D SoLoader: libfbjni.so not found on /data/user/0/com.detoxtest/lib-main
04-13 11:23:41.328 20233 20274 D SoLoader: libfbjni.so found on /data/app/~~Gd5FaPYiBpo0BbV4nWw1SQ==/com.detoxtest--4hXl3CvCWaNd5J-QHTieg==/lib/x86
04-13 11:23:41.328 20233 20274 D SoLoader: Not resolving dependencies for libfbjni.so
04-13 11:23:41.332 20233 20274 D SoLoader: Loaded: libfbjni.so
04-13 11:23:41.339 20233 20233 D LifecycleMonitor: Lifecycle status change: com.detoxtest.MainActivity@d952f0b in: CREATED
04-13 11:23:41.340 20233 20233 D LifecycleMonitor: Lifecycle status change: com.detoxtest.MainActivity@d952f0b in: STARTED
04-13 11:23:41.341 20233 20233 D LifecycleMonitor: Lifecycle status change: com.detoxtest.MainActivity@d952f0b in: RESUMED
04-13 11:23:41.348 20233 20276 E ReactNativeJNI: logMarker CREATE_REACT_CONTEXT_END
04-13 11:23:41.349 20233 20274 E unknown:ReactNative: ReactInstanceManager.createReactContext: mJSIModulePackage null
04-13 11:23:41.356 20233 20276 E ReactNativeJNI: logMarker RUN_JS_BUNDLE_START
04-13 11:23:41.357 20233 20277 E unknown:ReactNative: ReactInstanceManager.attachRootViewToInstance()
04-13 11:23:41.364 20233 20277 W unknown:ViewManagerPropertyUpdater: Could not find generated setter for class com.facebook.react.views.art.ARTGroupViewManager
04-13 11:23:41.364 20233 20277 W unknown:ViewManagerPropertyUpdater: Could not find generated setter for class com.facebook.react.views.art.ARTGroupShadowNode
04-13 11:23:41.365 20233 20277 W unknown:ViewManagerPropertyUpdater: Could not find generated setter for class com.facebook.react.views.art.ARTShapeViewManager
04-13 11:23:41.365 20233 20277 W unknown:ViewManagerPropertyUpdater: Could not find generated setter for class com.facebook.react.views.art.ARTShapeShadowNode
04-13 11:23:41.365 20233 20277 W unknown:ViewManagerPropertyUpdater: Could not find generated setter for class com.facebook.react.views.art.ARTTextViewManager
04-13 11:23:41.366 20233 20277 W unknown:ViewManagerPropertyUpdater: Could not find generated setter for class com.facebook.react.views.art.ARTTextShadowNode
04-13 11:23:41.367 20233 20277 W unknown:ViewManagerPropertyUpdater: Could not find generated setter for class com.facebook.react.views.checkbox.ReactCheckBoxManager
04-13 11:23:41.373 20233 20277 W unknown:ViewManagerPropertyUpdater: Could not find generated setter for class com.facebook.react.uimanager.LayoutShadowNode
04-13 11:23:41.375 20233 20277 W unknown:ViewManagerPropertyUpdater: Could not find generated setter for class com.facebook.react.views.picker.ReactDialogPickerManager
04-13 11:23:41.378 20233 20270 D HostConnection: HostConnection::get() New Host Connection established 0xe99161b0, tid 20270
04-13 11:23:41.379 20233 20277 W unknown:ViewManagerPropertyUpdater: Could not find generated setter for class com.facebook.react.views.drawer.ReactDrawerLayoutManager
04-13 11:23:41.380 20233 20277 W unknown:ViewManagerPropertyUpdater: Could not find generated setter for class com.facebook.react.views.picker.ReactDropdownPickerManager
04-13 11:23:41.380 20233 20277 W unknown:ViewManagerPropertyUpdater: Could not find generated setter for class com.facebook.react.views.scroll.ReactHorizontalScrollViewManager
04-13 11:23:41.381 20233 20277 W unknown:ViewManagerPropertyUpdater: Could not find generated setter for class com.facebook.react.views.scroll.ReactHorizontalScrollContainerViewManager
04-13 11:23:41.384 20233 20277 W unknown:ViewManagerPropertyUpdater: Could not find generated setter for class com.facebook.react.views.progressbar.ReactProgressBarViewManager
04-13 11:23:41.384 20233 20277 W unknown:ViewManagerPropertyUpdater: Could not find generated setter for class com.facebook.react.views.progressbar.ProgressBarShadowNode
04-13 11:23:41.385 20233 20277 W unknown:ViewManagerPropertyUpdater: Could not find generated setter for class com.facebook.react.views.scroll.ReactScrollViewManager
04-13 11:23:41.385 20233 20270 D HostConnection: HostComposition ext ANDROID_EMU_CHECKSUM_HELPER_v1 ANDROID_EMU_native_sync_v2 ANDROID_EMU_native_sync_v3 ANDROID_EMU_native_sync_v4 ANDROID_EMU_dma_v1 ANDROID_EMU_direct_mem ANDROID_EMU_host_composition_v1 ANDROID_EMU_host_composition_v2 ANDROID_EMU_YUV_Cache ANDROID_EMU_async_unmap_buffer GL_OES_EGL_image_external_essl3 GL_OES_vertex_array_object GL_KHR_texture_compression_astc_ldr ANDROID_EMU_gles_max_version_3_0 
04-13 11:23:41.389 20233 20277 W unknown:ViewManagerPropertyUpdater: Could not find generated setter for class com.facebook.react.views.slider.ReactSliderManager
04-13 11:23:41.395 20233 20270 W OpenGLRenderer: Failed to choose config with EGL_SWAP_BEHAVIOR_PRESERVED, retrying without...
04-13 11:23:41.397 20233 20270 D EGL_emulation: eglCreateContext: 0xe97379f0: maj 3 min 0 rcv 3
04-13 11:23:41.399 20233 20277 W unknown:ViewManagerPropertyUpdater: Could not find generated setter for class com.facebook.react.views.slider.ReactSliderManager$ReactSliderShadowNode
04-13 11:23:41.400 20233 20277 W unknown:ViewManagerPropertyUpdater: Could not find generated setter for class com.facebook.react.views.switchview.ReactSwitchManager
04-13 11:23:41.400 20233 20277 W unknown:ViewManagerPropertyUpdater: Could not find generated setter for class com.facebook.react.views.switchview.ReactSwitchManager$ReactSwitchShadowNode
04-13 11:23:41.401 20233 20277 W unknown:ViewManagerPropertyUpdater: Could not find generated setter for class com.facebook.react.views.swiperefresh.SwipeRefreshLayoutManager
04-13 11:23:41.404 20233 20277 W unknown:ViewManagerPropertyUpdater: Could not find generated setter for class com.facebook.react.views.art.ARTSurfaceViewManager
04-13 11:23:41.405 20233 20277 W unknown:ViewManagerPropertyUpdater: Could not find generated setter for class com.facebook.react.views.art.ARTSurfaceViewShadowNode
04-13 11:23:41.406 20233 20277 W unknown:ViewManagerPropertyUpdater: Could not find generated setter for class com.facebook.react.views.text.frescosupport.FrescoBasedReactTextInlineImageViewManager
04-13 11:23:41.406 20233 20277 W unknown:ViewManagerPropertyUpdater: Could not find generated setter for class com.facebook.react.views.text.frescosupport.FrescoBasedReactTextInlineImageShadowNode
04-13 11:23:41.412 20233 20277 W unknown:ViewManagerPropertyUpdater: Could not find generated setter for class com.facebook.react.views.image.ReactImageManager
04-13 11:23:41.414 20233 20277 W unknown:ViewManagerPropertyUpdater: Could not find generated setter for class com.facebook.react.views.modal.ReactModalHostManager
04-13 11:23:41.416 20233 20277 W unknown:ViewManagerPropertyUpdater: Could not find generated setter for class com.facebook.react.views.modal.ModalHostShadowNode
04-13 11:23:41.416 20233 20277 W unknown:ViewManagerPropertyUpdater: Could not find generated setter for class com.facebook.react.views.text.ReactRawTextManager
04-13 11:23:41.416 20233 20277 W unknown:ViewManagerPropertyUpdater: Could not find generated setter for class com.facebook.react.views.text.ReactRawTextShadowNode
04-13 11:23:41.416 20233 20277 W unknown:ViewManagerPropertyUpdater: Could not find generated setter for class com.facebook.react.views.textinput.ReactTextInputManager
04-13 11:23:41.418 20233 20270 D EGL_emulation: eglMakeCurrent: 0xe97379f0: ver 3 0 (tinfo 0xe9a7d7f0)
04-13 11:23:41.421 20233 20277 W unknown:ViewManagerPropertyUpdater: Could not find generated setter for class com.facebook.react.views.textinput.ReactTextInputShadowNode
04-13 11:23:41.427 20233 20277 W unknown:ViewManagerPropertyUpdater: Could not find generated setter for class com.facebook.react.views.text.ReactTextViewManager
04-13 11:23:41.427 20233 20277 W unknown:ViewManagerPropertyUpdater: Could not find generated setter for class com.facebook.react.views.text.ReactTextShadowNode
04-13 11:23:41.427 20233 20277 W unknown:ViewManagerPropertyUpdater: Could not find generated setter for class com.facebook.react.views.view.ReactViewManager
04-13 11:23:41.428 20233 20277 W unknown:ViewManagerPropertyUpdater: Could not find generated setter for class com.facebook.react.views.viewpager.ReactViewPagerManager
04-13 11:23:41.431 20233 20277 W unknown:ViewManagerPropertyUpdater: Could not find generated setter for class com.facebook.react.views.text.ReactVirtualTextViewManager
04-13 11:23:41.431 20233 20277 W unknown:ViewManagerPropertyUpdater: Could not find generated setter for class com.facebook.react.views.text.ReactVirtualTextShadowNode
04-13 11:23:41.435 20233 20277 D SoLoader: About to load: libyoga.so
04-13 11:23:41.435 20233 20277 D SoLoader: libyoga.so not found on /data/user/0/com.detoxtest/lib-main
04-13 11:23:41.435 20233 20277 D SoLoader: libyoga.so found on /data/app/~~Gd5FaPYiBpo0BbV4nWw1SQ==/com.detoxtest--4hXl3CvCWaNd5J-QHTieg==/lib/x86
04-13 11:23:41.435 20233 20277 D SoLoader: Not resolving dependencies for libyoga.so
04-13 11:23:41.443 20233 20270 I Gralloc4: mapper 4.x is not supported
04-13 11:23:41.444 20233 20277 D SoLoader: Loaded: libyoga.so
04-13 11:23:41.455 20233 20277 E unknown:ReactRootView: runApplication: call AppRegistry.runApplication
04-13 11:23:41.456 20233 20270 D HostConnection: createUnique: call
04-13 11:23:41.457 20233 20270 D HostConnection: HostConnection::get() New Host Connection established 0xe9916270, tid 20270
04-13 11:23:41.458 20233 20270 D eglCodecCommon: allocate: Ask for block of size 0x100
04-13 11:23:41.458 20233 20270 D eglCodecCommon: allocate: ioctl allocate returned offset 0x3fc0ff000 size 0x2000
04-13 11:23:41.483 20233 20270 D HostConnection: HostComposition ext ANDROID_EMU_CHECKSUM_HELPER_v1 ANDROID_EMU_native_sync_v2 ANDROID_EMU_native_sync_v3 ANDROID_EMU_native_sync_v4 ANDROID_EMU_dma_v1 ANDROID_EMU_direct_mem ANDROID_EMU_host_composition_v1 ANDROID_EMU_host_composition_v2 ANDROID_EMU_YUV_Cache ANDROID_EMU_async_unmap_buffer GL_OES_EGL_image_external_essl3 GL_OES_vertex_array_object GL_KHR_texture_compression_astc_ldr ANDROID_EMU_gles_max_version_3_0 
04-13 11:23:41.485 20233 20277 D SoLoader: init exiting
04-13 11:23:41.495 20233 20270 D EGL_emulation: eglMakeCurrent: 0xe97379f0: ver 3 0 (tinfo 0xe9a7d7f0)
04-13 11:23:41.505 20233 20276 E ReactNativeJNI: logMarker RUN_JS_BUNDLE_END
04-13 11:23:41.507 20233 20276 I ReactNativeJS: Running "detoxTest" with {"rootTag":1}
04-13 11:23:41.543 20233 20233 E unknown:ReactNative: Unable to launch logbox because react was unable to create the root view
04-13 11:23:41.564 20233 20283 I Detox   : Detox thread starting (com.wix.detox.manager)
04-13 11:23:41.575 20233 20283 I DetoxManager: DetoxServerUrl: ws://localhost:60904
04-13 11:23:41.575 20233 20283 I DetoxManager: DetoxSessionId: 21755c8d-98d6-4877-c852-500378780675
04-13 11:23:41.595 20233 20233 D DetoxRNLoading: Got new RN-context directly and immediately
04-13 11:23:41.598 20233 20283 I DetoxRNIdleRes: Setting up Espresso Idling Resources for React Native.
04-13 11:23:41.683 20233 20283 D AsyncStorageIR: Checking whether a custom IR for Async-Storage is required... (legacy=false)
04-13 11:23:41.683 20233 20283 D DetoxRNHelpers: Native module not resolved: no such class
04-13 11:23:41.683 20233 20283 D AsyncStorageIR: Checking whether a custom IR for Async-Storage is required... (legacy=true)
04-13 11:23:41.684 20233 20283 D AsyncStorageIR: IR for Async-Storage is required! (legacy=true)
04-13 11:23:41.687 20233 20233 D AsyncStorageIRLegacy: Async-storage is busy!
04-13 11:23:41.691 20233 20283 I WebSocketClient: At connectToServer
04-13 11:23:41.712 20233 20286 I WebSocketClient: At onOpen
04-13 11:23:41.712 20233 20286 I WebSocketClient: At sendAction
04-13 11:23:41.712 20233 20286 D WebSocketClient: Detox Action Sent: login
04-13 11:23:41.930 20233 20233 I Detox   : Wait is over: app is now idle!
04-13 11:23:41.941 20233 20286 I WebSocketClient: At sendAction
04-13 11:23:41.943 20233 20286 D WebSocketClient: Detox Action Sent: ready
04-13 11:23:41.947 20233 20286 I WebSocketClient: At onMessage
04-13 11:23:41.947 20233 20286 I WebSocketClient: At receiveAction
04-13 11:23:41.947 20233 20286 D WebSocketClient: Detox Action Received: loginSuccess
04-13 11:23:41.947 20233 20286 I DetoxManager: onAction: type: loginSuccess params: {"testerConnected":true,"appConnected":true}
04-13 11:23:42.012 20233 20286 I WebSocketClient: At onMessage
04-13 11:23:42.012 20233 20286 I WebSocketClient: At receiveAction
04-13 11:23:42.012 20233 20286 D WebSocketClient: Detox Action Received: reactNativeReload
04-13 11:23:42.013 20233 20286 I DetoxManager: onAction: type: reactNativeReload params: {}
04-13 11:23:42.021 20233 20283 I DetoxRNExt: Reloading React Native
04-13 11:23:42.034 20233 20299 E unknown:ReactNative: ReactInstanceManager.createReactContext: mJSIModulePackage null
04-13 11:23:42.035 20233 20300 E ReactNativeJNI: logMarker CREATE_REACT_CONTEXT_END
04-13 11:23:42.040 20233 20300 E ReactNativeJNI: logMarker RUN_JS_BUNDLE_START
04-13 11:23:42.040 20233 20301 E unknown:ReactNative: ReactInstanceManager.attachRootViewToInstance()
04-13 11:23:42.043 20233 20301 W unknown:ViewManagerPropertyUpdater: Could not find generated setter for class com.facebook.react.views.art.ARTGroupViewManager
04-13 11:23:42.043 20233 20301 W unknown:ViewManagerPropertyUpdater: Could not find generated setter for class com.facebook.react.views.art.ARTGroupShadowNode
04-13 11:23:42.043 20233 20301 W unknown:ViewManagerPropertyUpdater: Could not find generated setter for class com.facebook.react.views.art.ARTShapeViewManager
04-13 11:23:42.043 20233 20301 W unknown:ViewManagerPropertyUpdater: Could not find generated setter for class com.facebook.react.views.art.ARTShapeShadowNode
04-13 11:23:42.044 20233 20301 W unknown:ViewManagerPropertyUpdater: Could not find generated setter for class com.facebook.react.views.art.ARTTextViewManager
04-13 11:23:42.044 20233 20301 W unknown:ViewManagerPropertyUpdater: Could not find generated setter for class com.facebook.react.views.art.ARTTextShadowNode
04-13 11:23:42.044 20233 20301 W unknown:ViewManagerPropertyUpdater: Could not find generated setter for class com.facebook.react.views.checkbox.ReactCheckBoxManager
04-13 11:23:42.045 20233 20301 W unknown:ViewManagerPropertyUpdater: Could not find generated setter for class com.facebook.react.uimanager.LayoutShadowNode
04-13 11:23:42.048 20233 20301 W unknown:ViewManagerPropertyUpdater: Could not find generated setter for class com.facebook.react.views.picker.ReactDialogPickerManager
04-13 11:23:42.051 20233 20301 W unknown:ViewManagerPropertyUpdater: Could not find generated setter for class com.facebook.react.views.drawer.ReactDrawerLayoutManager
04-13 11:23:42.052 20233 20301 W unknown:ViewManagerPropertyUpdater: Could not find generated setter for class com.facebook.react.views.picker.ReactDropdownPickerManager
04-13 11:23:42.053 20233 20301 W unknown:ViewManagerPropertyUpdater: Could not find generated setter for class com.facebook.react.views.scroll.ReactHorizontalScrollViewManager
04-13 11:23:42.054 20233 20301 W unknown:ViewManagerPropertyUpdater: Could not find generated setter for class com.facebook.react.views.scroll.ReactHorizontalScrollContainerViewManager
04-13 11:23:42.056 20233 20301 W unknown:ViewManagerPropertyUpdater: Could not find generated setter for class com.facebook.react.views.progressbar.ReactProgressBarViewManager
04-13 11:23:42.056 20233 20301 W unknown:ViewManagerPropertyUpdater: Could not find generated setter for class com.facebook.react.views.progressbar.ProgressBarShadowNode
04-13 11:23:42.057 20233 20301 W unknown:ViewManagerPropertyUpdater: Could not find generated setter for class com.facebook.react.views.scroll.ReactScrollViewManager
04-13 11:23:42.060 20233 20301 W unknown:ViewManagerPropertyUpdater: Could not find generated setter for class com.facebook.react.views.slider.ReactSliderManager
04-13 11:23:42.063 20233 20301 W unknown:ViewManagerPropertyUpdater: Could not find generated setter for class com.facebook.react.views.slider.ReactSliderManager$ReactSliderShadowNode
04-13 11:23:42.064 20233 20301 W unknown:ViewManagerPropertyUpdater: Could not find generated setter for class com.facebook.react.views.switchview.ReactSwitchManager
04-13 11:23:42.065 20233 20301 W unknown:ViewManagerPropertyUpdater: Could not find generated setter for class com.facebook.react.views.switchview.ReactSwitchManager$ReactSwitchShadowNode
04-13 11:23:42.067 20233 20301 W unknown:ViewManagerPropertyUpdater: Could not find generated setter for class com.facebook.react.views.swiperefresh.SwipeRefreshLayoutManager
04-13 11:23:42.069 20233 20301 W unknown:ViewManagerPropertyUpdater: Could not find generated setter for class com.facebook.react.views.art.ARTSurfaceViewManager
04-13 11:23:42.069 20233 20301 W unknown:ViewManagerPropertyUpdater: Could not find generated setter for class com.facebook.react.views.art.ARTSurfaceViewShadowNode
04-13 11:23:42.071 20233 20301 W unknown:ViewManagerPropertyUpdater: Could not find generated setter for class com.facebook.react.views.text.frescosupport.FrescoBasedReactTextInlineImageViewManager
04-13 11:23:42.071 20233 20301 W unknown:ViewManagerPropertyUpdater: Could not find generated setter for class com.facebook.react.views.text.frescosupport.FrescoBasedReactTextInlineImageShadowNode
04-13 11:23:42.073 20233 20301 W unknown:ViewManagerPropertyUpdater: Could not find generated setter for class com.facebook.react.views.image.ReactImageManager
04-13 11:23:42.074 20233 20301 W unknown:ViewManagerPropertyUpdater: Could not find generated setter for class com.facebook.react.views.modal.ReactModalHostManager
04-13 11:23:42.074 20233 20301 W unknown:ViewManagerPropertyUpdater: Could not find generated setter for class com.facebook.react.views.modal.ModalHostShadowNode
04-13 11:23:42.075 20233 20301 W unknown:ViewManagerPropertyUpdater: Could not find generated setter for class com.facebook.react.views.text.ReactRawTextManager
04-13 11:23:42.075 20233 20301 W unknown:ViewManagerPropertyUpdater: Could not find generated setter for class com.facebook.react.views.text.ReactRawTextShadowNode
04-13 11:23:42.076 20233 20301 W unknown:ViewManagerPropertyUpdater: Could not find generated setter for class com.facebook.react.views.textinput.ReactTextInputManager
04-13 11:23:42.081 20233 20301 W unknown:ViewManagerPropertyUpdater: Could not find generated setter for class com.facebook.react.views.textinput.ReactTextInputShadowNode
04-13 11:23:42.086 20233 20301 W unknown:ViewManagerPropertyUpdater: Could not find generated setter for class com.facebook.react.views.text.ReactTextViewManager
04-13 11:23:42.090 20233 20301 W unknown:ViewManagerPropertyUpdater: Could not find generated setter for class com.facebook.react.views.text.ReactTextShadowNode
04-13 11:23:42.091 20233 20301 W unknown:ViewManagerPropertyUpdater: Could not find generated setter for class com.facebook.react.views.view.ReactViewManager
04-13 11:23:42.096 20233 20301 W unknown:ViewManagerPropertyUpdater: Could not find generated setter for class com.facebook.react.views.viewpager.ReactViewPagerManager
04-13 11:23:42.098 20233 20301 W unknown:ViewManagerPropertyUpdater: Could not find generated setter for class com.facebook.react.views.text.ReactVirtualTextViewManager
04-13 11:23:42.098 20233 20301 W unknown:ViewManagerPropertyUpdater: Could not find generated setter for class com.facebook.react.views.text.ReactVirtualTextShadowNode
04-13 11:23:42.101 20233 20301 E unknown:ReactRootView: runApplication: call AppRegistry.runApplication
04-13 11:23:42.102 20233 20233 I DetoxRNLoading: Got new RN-context async'ly through listener
04-13 11:23:42.103 20233 20283 I DetoxRNIdleRes: Setting up Espresso Idling Resources for React Native.
04-13 11:23:42.107 20233 20283 D AsyncStorageIR: Checking whether a custom IR for Async-Storage is required... (legacy=false)
04-13 11:23:42.107 20233 20283 D DetoxRNHelpers: Native module not resolved: no such class
04-13 11:23:42.107 20233 20283 D AsyncStorageIR: Checking whether a custom IR for Async-Storage is required... (legacy=true)
04-13 11:23:42.108 20233 20283 D AsyncStorageIR: IR for Async-Storage is required! (legacy=true)
04-13 11:23:42.108 20233 20233 I Detox   : UIManagerModule is busy
04-13 11:23:42.110 20233 20233 D AsyncStorageIRLegacy: Async-storage is busy!
04-13 11:23:42.115 20233 20283 I WebSocketClient: At sendAction
04-13 11:23:42.115 20233 20233 I IdlingResourceRegistry: Ignoring message from unregistered resource: androidx.test.espresso.base.LooperIdlingResourceInterrogationHandler@fc3dd5f
04-13 11:23:42.115 20233 20233 I IdlingResourceRegistry: Ignoring message from unregistered resource: androidx.test.espresso.base.LooperIdlingResourceInterrogationHandler@fc3dd5f
04-13 11:23:42.115 20233 20283 D WebSocketClient: Detox Action Sent: ready
04-13 11:23:42.121 20233 20286 I WebSocketClient: At onMessage
04-13 11:23:42.121 20233 20286 I WebSocketClient: At receiveAction
04-13 11:23:42.121 20233 20286 D WebSocketClient: Detox Action Received: invoke
04-13 11:23:42.121 20233 20286 I DetoxManager: onAction: type: invoke params: {"target":{"type":"Class","value":"com.wix.detox.espresso.DetoxAssertion"},"method":"assertMatcher","args":[{"type":"Invocation","value":{"target":{"type":"Class","value":"androidx.test.espresso.Espresso"},"method":"onView","args":[{"type":"Invocation","value":{"target":{"type":"Class","value":"com.wix.detox.espresso.DetoxMatcher"},"method":"matcherForTestId","args":["initButton"]}}]}},{"type":"Invocation","value":{"target":{"type":"Class","value":"com.wix.detox.espresso.DetoxMatcher"},"method":"matcherForSufficientlyVisible","args":[]}}]}
04-13 11:23:42.137 20233 20283 D Detox   : class com.wix.detox.espresso.DetoxMatcher, matcherForTestId, [initButton]
04-13 11:23:42.154 20233 20233 E unknown:ReactNative: Unable to launch logbox because react was unable to create the root view
04-13 11:23:42.158 20233 20283 D Detox   : class androidx.test.espresso.Espresso, onView, [(with tag value: is "initButton" and view has effective visibility=VISIBLE)]
04-13 11:23:42.159 20233 20283 D Detox   : class com.wix.detox.espresso.DetoxMatcher, matcherForSufficientlyVisible, []
04-13 11:23:42.160 20233 20283 D Detox   : class com.wix.detox.espresso.DetoxAssertion, assertMatcher, [androidx.test.espresso.ViewInteraction@60b7c44, at least 75 percent of the view's area is displayed to the user.]
04-13 11:23:42.169 20233 20300 E ReactNativeJNI: logMarker RUN_JS_BUNDLE_END
04-13 11:23:42.171 20233 20300 I ReactNativeJS: Running "detoxTest" with {"rootTag":11}
04-13 11:23:42.440 20233 20233 I ViewInteraction: Checking 'MatchesViewAssertion(Detox){viewMatcher=at least 75 percent of the view's area is displayed to the user.}' assertion on view (with tag value: is "initButton" and view has effective visibility=VISIBLE)
04-13 11:23:42.441 20233 20283 I WebSocketClient: At sendAction
04-13 11:23:42.441 20233 20283 D WebSocketClient: Detox Action Sent: invokeResult
04-13 11:23:42.446 20233 20286 I WebSocketClient: At onMessage
04-13 11:23:42.446 20233 20286 I WebSocketClient: At receiveAction
04-13 11:23:42.446 20233 20286 D WebSocketClient: Detox Action Received: invoke
04-13 11:23:42.446 20233 20286 I DetoxManager: onAction: type: invoke params: {"target":{"type":"Class","value":"com.wix.detox.espresso.EspressoDetox"},"method":"perform","args":[{"type":"Invocation","value":{"target":{"type":"Class","value":"androidx.test.espresso.Espresso"},"method":"onView","args":[{"type":"Invocation","value":{"target":{"type":"Class","value":"com.wix.detox.espresso.DetoxMatcher"},"method":"matcherForTestId","args":["initButton"]}}]}},{"type":"Invocation","value":{"target":{"type":"Class","value":"com.wix.detox.espresso.DetoxViewActions"},"method":"click","args":[]}}]}
04-13 11:23:42.447 20233 20283 D Detox   : class com.wix.detox.espresso.DetoxMatcher, matcherForTestId, [initButton]
04-13 11:23:42.447 20233 20283 D Detox   : class androidx.test.espresso.Espresso, onView, [(with tag value: is "initButton" and view has effective visibility=VISIBLE)]
04-13 11:23:42.447 20233 20283 D Detox   : class com.wix.detox.espresso.DetoxViewActions, click, []
04-13 11:23:42.457 20233 20283 D Detox   : class com.wix.detox.espresso.EspressoDetox, perform, [androidx.test.espresso.ViewInteraction@8dc3e61, com.wix.detox.espresso.action.RNClickAction@ce4d86]
04-13 11:23:42.461 20233 20233 I ViewInteraction: Performing 'com.wix.detox.espresso.action.detoxsingletap@f1a0647 click' action on view (with tag value: is "initButton" and view has effective visibility=VISIBLE)
04-13 11:23:42.565 20233 20301 D AppsFlyer_6.2.0: Initializing AppsFlyer SDK: (v6.2.0.91)
04-13 11:23:42.734 20233 20311 I TetheringManager: registerTetheringEventCallback:com.detoxtest
04-13 11:23:42.889 20233 20283 I WebSocketClient: At sendAction
04-13 11:23:42.889 20233 20283 D WebSocketClient: Detox Action Sent: invokeResult
04-13 11:23:42.892 20233 20286 I WebSocketClient: At onMessage
04-13 11:23:42.893 20233 20286 I WebSocketClient: At receiveAction
04-13 11:23:42.893 20233 20286 D WebSocketClient: Detox Action Received: invoke
04-13 11:23:42.893 20233 20286 I DetoxManager: onAction: type: invoke params: {"target":{"type":"Class","value":"com.wix.detox.espresso.DetoxAssertion"},"method":"assertMatcher","args":[{"type":"Invocation","value":{"target":{"type":"Class","value":"androidx.test.espresso.Espresso"},"method":"onView","args":[{"type":"Invocation","value":{"target":{"type":"Class","value":"com.wix.detox.espresso.DetoxMatcher"},"method":"matcherForTestId","args":["initResult"]}}]}},{"type":"Invocation","value":{"target":{"type":"Class","value":"com.wix.detox.espresso.DetoxMatcher"},"method":"matcherForText","args":["Success"]}}]}
04-13 11:23:42.893 20233 20283 D Detox   : class com.wix.detox.espresso.DetoxMatcher, matcherForTestId, [initResult]
04-13 11:23:42.893 20233 20283 D Detox   : class androidx.test.espresso.Espresso, onView, [(with tag value: is "initResult" and view has effective visibility=VISIBLE)]
04-13 11:23:42.893 20233 20283 D Detox   : class com.wix.detox.espresso.DetoxMatcher, matcherForText, [Success]
04-13 11:23:42.895 20233 20283 D Detox   : class com.wix.detox.espresso.DetoxAssertion, assertMatcher, [androidx.test.espresso.ViewInteraction@fc6f07d, (with text: is "Success" and view has effective visibility=VISIBLE)]
04-13 11:23:42.898 20233 20233 I ViewInteraction: Checking 'MatchesViewAssertion(Detox){viewMatcher=(with text: is "Success" and view has effective visibility=VISIBLE)}' assertion on view (with tag value: is "initResult" and view has effective visibility=VISIBLE)
04-13 11:23:42.898 20233 20283 I WebSocketClient: At sendAction
04-13 11:23:42.899 20233 20283 D WebSocketClient: Detox Action Sent: invokeResult
