--------- beginning of main
04-13 11:23:40.669 20233 20233 W com.detoxtest: Unexpected CPU variant for X86 using defaults: x86
04-13 11:23:40.673 20233 20233 E com.detoxtest: Not starting debugger since process cannot load the jdwp agent.
--------- beginning of system
04-13 11:23:40.704 20233 20233 W ActivityThread: Package uses different ABI(s) than its instrumentation: package[com.detoxtest]: x86, null instrumentation[com.detoxtest.test]: null, null
04-13 11:23:40.710 20233 20233 I com.detoxtest: The ClassLoaderContext is a special shared library.
04-13 11:23:40.713 20233 20233 I chatty  : uid=10250(com.detoxtest) identical 2 lines
04-13 11:23:40.713 20233 20233 I com.detoxtest: The ClassLoaderContext is a special shared library.
04-13 11:23:40.753 20233 20233 W com.detoxtest: ClassLoaderContext classpath size mismatch. expected=0, found=4 (PCL[]{PCL[/system/framework/android.test.base.jar*84046222]} | PCL[/system/framework/android.test.runner.jar*2838042966:/system/framework/android.test.mock.jar*2353512044:/system/framework/android.test.base.jar*84046222:/data/app/~~GuyQJCcvTtqC8ct7jDbMGg==/com.detoxtest.test-73FQQOmIQSuBgvj0YWOamw==/base.apk*3736732199]{PCL[/system/framework/android.test.base.jar*84046222]})
04-13 11:23:40.781 20233 20233 I com.detoxtest: The ClassLoaderContext is a special shared library.
04-13 11:23:40.785 20233 20233 I chatty  : uid=10250(com.detoxtest) identical 3 lines
04-13 11:23:40.786 20233 20233 I com.detoxtest: The ClassLoaderContext is a special shared library.
04-13 11:23:40.824 20233 20233 W com.detoxtest: ClassLoaderContext classpath size mismatch. expected=0, found=4 (PCL[]{PCL[/system/framework/android.test.base.jar*84046222]} | PCL[/system/framework/android.test.runner.jar*2838042966:/system/framework/android.test.mock.jar*2353512044:/system/framework/android.test.base.jar*84046222:/data/app/~~GuyQJCcvTtqC8ct7jDbMGg==/com.detoxtest.test-73FQQOmIQSuBgvj0YWOamw==/base.apk*3736732199]{PCL[/system/framework/android.test.base.jar*84046222]#PCL[/system/framework/android.test.mock.jar*2353512044]{PCL[/system/framework/android.test.base.jar*84046222]}#PCL[/system/framework/android.test.runner.jar*2838042966]{PCL[/system/framework/android.test.base.jar*84046222]#PCL[/system/framework/android.test.mock.jar*2353512044]{PCL[/system/framework/android.test.base.jar*84046222]}}};PCL[/system/framework/android.test.runner.jar*2838042966:/system/framework/android.test.mock.jar*2353512044:/system/framework/android.test.base.jar*84046222:/data/app/~~GuyQJCcvTtqC8ct7jDbMGg==/com.detoxtest.test-73FQQOmIQSuBgvj0YWOamw==/base.apk*3736732199:/data/app/~~Gd5FaPYiBpo0BbV4nWw1SQ==/com.detoxtest--4hXl3CvCWaNd5J-QHTieg==/base.apk*4000934944]{PCL[/system/framework/android.test.base.jar*84046222]})
04-13 11:23:40.825 20233 20233 W com.detoxtest: Found duplicate classes, falling back to extracting from APK : /data/app/~~Gd5FaPYiBpo0BbV4nWw1SQ==/com.detoxtest--4hXl3CvCWaNd5J-QHTieg==/base.apk
04-13 11:23:40.825 20233 20233 W com.detoxtest: NOTE: This wastes RAM and hurts startup performance.
04-13 11:23:40.825 20233 20233 W com.detoxtest: Found duplicated class when checking oat files: 'Landroid/support/v4/app/INotificationSideChannel$Stub$Proxy;' in /data/app/~~Gd5FaPYiBpo0BbV4nWw1SQ==/com.detoxtest--4hXl3CvCWaNd5J-QHTieg==/base.apk and /data/app/~~Gd5FaPYiBpo0BbV4nWw1SQ==/com.detoxtest--4hXl3CvCWaNd5J-QHTieg==/base.apk
04-13 11:23:40.825 20233 20233 W com.detoxtest: 
04-13 11:23:40.905 20233 20233 D NetworkSecurityConfig: Using Network Security Config from resource network_security_config debugBuild: false
04-13 11:23:40.905 20233 20233 D NetworkSecurityConfig: Using Network Security Config from resource network_security_config debugBuild: false
04-13 11:23:40.917 20233 20233 I MonitoringInstr: Instrumentation started!
04-13 11:23:40.925 20233 20233 I MonitoringInstr: Setting context classloader to 'dalvik.system.PathClassLoader[DexPathList[[zip file "/system/framework/android.test.runner.jar", zip file "/system/framework/android.test.mock.jar", zip file "/system/framework/android.test.base.jar", zip file "/data/app/~~GuyQJCcvTtqC8ct7jDbMGg==/com.detoxtest.test-73FQQOmIQSuBgvj0YWOamw==/base.apk", zip file "/data/app/~~Gd5FaPYiBpo0BbV4nWw1SQ==/com.detoxtest--4hXl3CvCWaNd5J-QHTieg==/base.apk"],nativeLibraryDirectories=[/data/app/~~GuyQJCcvTtqC8ct7jDbMGg==/com.detoxtest.test-73FQQOmIQSuBgvj0YWOamw==/lib/x86, /data/app/~~Gd5FaPYiBpo0BbV4nWw1SQ==/com.detoxtest--4hXl3CvCWaNd5J-QHTieg==/lib/x86, /data/app/~~GuyQJCcvTtqC8ct7jDbMGg==/com.detoxtest.test-73FQQOmIQSuBgvj0YWOamw==/base.apk!/lib/x86, /data/app/~~Gd5FaPYiBpo0BbV4nWw1SQ==/com.detoxtest--4hXl3CvCWaNd5J-QHTieg==/base.apk!/lib/x86, /system/lib, /system_ext/lib, /product/lib]]]', Original: 'dalvik.system.PathClassLoader[DexPathList[[zip file "/system/framework/android.test.runner.jar", zip file "/system/framework/android.test.mock.jar", zip file "/system/framework/android.test.base.jar", zip file "/data/app/~~GuyQJCcvTtqC8ct7jDbMGg==/com.detoxtest.test-73FQQOmIQSuBgvj0YWOamw==/base.apk", zip file "/data/app/~~Gd5FaPYiBpo0BbV4nWw1SQ==/com.detoxtest--4hXl3CvCWaNd5J-QHTieg==/base.apk"],nativeLibraryDirectories=[/data/app/~~GuyQJCcvTtqC8ct7jDbMGg==/com.detoxtest.test-73FQQOmIQSuBgvj0YWOamw==/lib/x86, /data/app/~~Gd5FaPYiBpo0BbV4nWw1SQ==/com.detoxtest--4hXl3CvCWaNd5J-QHTieg==/lib/x86, /data/app/~~GuyQJCcvTtqC8ct7jDbMGg==/com.detoxtest.test-73FQQOmIQSuBgvj0YWOamw==/base.apk!/lib/x86, /data/app/~~Gd5FaPYiBpo0BbV4nWw1SQ==/com.detoxtest--4hXl3CvCWaNd5J-QHTieg==/base.apk!/lib/x86, /system/lib, /system_ext/lib, /product/lib]]]'
04-13 11:23:40.931 20233 20233 D SoLoader: init start
04-13 11:23:40.932 20233 20233 D SoLoader: adding system library source: /vendor/lib
04-13 11:23:40.932 20233 20233 D SoLoader: adding system library source: /system/lib
04-13 11:23:40.932 20233 20233 D SoLoader: adding application source: com.facebook.soloader.DirectorySoSource[root = /data/app/~~Gd5FaPYiBpo0BbV4nWw1SQ==/com.detoxtest--4hXl3CvCWaNd5J-QHTieg==/lib/x86 flags = 0]
04-13 11:23:40.933 20233 20233 D SoLoader: adding backup source from : com.facebook.soloader.ApkSoSource[root = /data/user/0/com.detoxtest/lib-main flags = 1]
04-13 11:23:40.933 20233 20233 D SoLoader: Preparing SO source: com.facebook.soloader.DirectorySoSource[root = /system/lib flags = 2]
04-13 11:23:40.933 20233 20233 D SoLoader: Preparing SO source: com.facebook.soloader.DirectorySoSource[root = /vendor/lib flags = 2]
04-13 11:23:40.933 20233 20233 D SoLoader: Preparing SO source: com.facebook.soloader.DirectorySoSource[root = /data/app/~~Gd5FaPYiBpo0BbV4nWw1SQ==/com.detoxtest--4hXl3CvCWaNd5J-QHTieg==/lib/x86 flags = 0]
04-13 11:23:40.933 20233 20233 D SoLoader: Preparing SO source: com.facebook.soloader.ApkSoSource[root = /data/user/0/com.detoxtest/lib-main flags = 1]
04-13 11:23:40.933 20233 20233 V fb-UnpackingSoSource: locked dso store /data/user/0/com.detoxtest/lib-main
04-13 11:23:40.936 20233 20233 V fb-UnpackingSoSource: deps mismatch on deps store: regenerating
04-13 11:23:40.936 20233 20233 V fb-UnpackingSoSource: so store dirty: regenerating
04-13 11:23:40.950 20233 20233 D ApkSoSource: not allowing consideration of lib/x86/libc++_shared.so: deferring to libdir
04-13 11:23:40.951 20233 20233 D ApkSoSource: not allowing consideration of lib/x86/libfb.so: deferring to libdir
04-13 11:23:40.951 20233 20233 D ApkSoSource: not allowing consideration of lib/x86/libfbjni.so: deferring to libdir
04-13 11:23:40.951 20233 20233 D ApkSoSource: not allowing consideration of lib/x86/libfolly_futures.so: deferring to libdir
04-13 11:23:40.951 20233 20233 D ApkSoSource: not allowing consideration of lib/x86/libfolly_json.so: deferring to libdir
04-13 11:23:40.951 20233 20233 D ApkSoSource: not allowing consideration of lib/x86/libglog.so: deferring to libdir
04-13 11:23:40.951 20233 20233 D ApkSoSource: not allowing consideration of lib/x86/libglog_init.so: deferring to libdir
04-13 11:23:40.951 20233 20233 D ApkSoSource: not allowing consideration of lib/x86/libhermes-executor-debug.so: deferring to libdir
04-13 11:23:40.951 20233 20233 D ApkSoSource: not allowing consideration of lib/x86/libhermes-executor-release.so: deferring to libdir
04-13 11:23:40.951 20233 20233 D ApkSoSource: not allowing consideration of lib/x86/libhermes-inspector.so: deferring to libdir
04-13 11:23:40.951 20233 20233 D ApkSoSource: not allowing consideration of lib/x86/libimagepipeline.so: deferring to libdir
04-13 11:23:40.951 20233 20233 D ApkSoSource: not allowing consideration of lib/x86/libjsc.so: deferring to libdir
04-13 11:23:40.952 20233 20233 D ApkSoSource: not allowing consideration of lib/x86/libjscexecutor.so: deferring to libdir
04-13 11:23:40.952 20233 20233 D ApkSoSource: not allowing consideration of lib/x86/libjsijniprofiler.so: deferring to libdir
04-13 11:23:40.952 20233 20233 D ApkSoSource: not allowing consideration of lib/x86/libjsinspector.so: deferring to libdir
04-13 11:23:40.952 20233 20233 D ApkSoSource: not allowing consideration of lib/x86/libnative-filters.so: deferring to libdir
04-13 11:23:40.952 20233 20233 D ApkSoSource: not allowing consideration of lib/x86/libnative-imagetranscoder.so: deferring to libdir
04-13 11:23:40.952 20233 20233 D ApkSoSource: not allowing consideration of lib/x86/libreactnativeblob.so: deferring to libdir
04-13 11:23:40.952 20233 20233 D ApkSoSource: not allowing consideration of lib/x86/libreactnativejni.so: deferring to libdir
04-13 11:23:40.952 20233 20233 D ApkSoSource: not allowing consideration of lib/x86/libyoga.so: deferring to libdir
04-13 11:23:40.952 20233 20233 V fb-UnpackingSoSource: regenerating DSO store com.facebook.soloader.ApkSoSource
04-13 11:23:40.953 20233 20233 V fb-UnpackingSoSource: Finished regenerating DSO store com.facebook.soloader.ApkSoSource
04-13 11:23:40.953 20233 20233 V fb-UnpackingSoSource: starting syncer worker
04-13 11:23:40.962 20233 20233 V fb-UnpackingSoSource: releasing dso store lock for /data/user/0/com.detoxtest/lib-main (from syncer thread)
04-13 11:23:40.962 20233 20233 V fb-UnpackingSoSource: not releasing dso store lock for /data/user/0/com.detoxtest/lib-main (syncer thread started)
04-13 11:23:40.962 20233 20233 D SoLoader: init finish: 4 SO sources prepared
04-13 11:23:40.962 20233 20233 D SoLoader: init exiting
04-13 11:23:40.963 20233 20233 D SoLoader: init exiting
04-13 11:23:40.964 20233 20233 D SoLoader: About to load: libjscexecutor.so
04-13 11:23:40.964 20233 20233 D SoLoader: libjscexecutor.so not found on /data/user/0/com.detoxtest/lib-main
04-13 11:23:40.964 20233 20233 D SoLoader: libjscexecutor.so found on /data/app/~~Gd5FaPYiBpo0BbV4nWw1SQ==/com.detoxtest--4hXl3CvCWaNd5J-QHTieg==/lib/x86
04-13 11:23:40.964 20233 20233 D SoLoader: Not resolving dependencies for libjscexecutor.so
04-13 11:23:40.969 20233 20233 D JavaScriptCore.Version: 245459.0.0
04-13 11:23:40.970 20233 20233 D SoLoader: Loaded: libjscexecutor.so
04-13 11:23:40.970 20233 20233 D SoLoader: init exiting
04-13 11:23:40.974 20233 20233 I MonitoringInstr: No JSBridge.
04-13 11:23:40.976 20233 20257 I MonitoringInstr: Setting context classloader to 'dalvik.system.PathClassLoader[DexPathList[[zip file "/system/framework/android.test.runner.jar", zip file "/system/framework/android.test.mock.jar", zip file "/system/framework/android.test.base.jar", zip file "/data/app/~~GuyQJCcvTtqC8ct7jDbMGg==/com.detoxtest.test-73FQQOmIQSuBgvj0YWOamw==/base.apk", zip file "/data/app/~~Gd5FaPYiBpo0BbV4nWw1SQ==/com.detoxtest--4hXl3CvCWaNd5J-QHTieg==/base.apk"],nativeLibraryDirectories=[/data/app/~~GuyQJCcvTtqC8ct7jDbMGg==/com.detoxtest.test-73FQQOmIQSuBgvj0YWOamw==/lib/x86, /data/app/~~Gd5FaPYiBpo0BbV4nWw1SQ==/com.detoxtest--4hXl3CvCWaNd5J-QHTieg==/lib/x86, /data/app/~~GuyQJCcvTtqC8ct7jDbMGg==/com.detoxtest.test-73FQQOmIQSuBgvj0YWOamw==/base.apk!/lib/x86, /data/app/~~Gd5FaPYiBpo0BbV4nWw1SQ==/com.detoxtest--4hXl3CvCWaNd5J-QHTieg==/base.apk!/lib/x86, /system/lib, /system_ext/lib, /product/lib]]]', Original: 'dalvik.system.PathClassLoader[DexPathList[[zip file "/system/framework/android.test.runner.jar", zip file "/system/framework/android.test.mock.jar", zip file "/system/framework/android.test.base.jar", zip file "/data/app/~~GuyQJCcvTtqC8ct7jDbMGg==/com.detoxtest.test-73FQQOmIQSuBgvj0YWOamw==/base.apk", zip file "/data/app/~~Gd5FaPYiBpo0BbV4nWw1SQ==/com.detoxtest--4hXl3CvCWaNd5J-QHTieg==/base.apk"],nativeLibraryDirectories=[/data/app/~~GuyQJCcvTtqC8ct7jDbMGg==/com.detoxtest.test-73FQQOmIQSuBgvj0YWOamw==/lib/x86, /data/app/~~Gd5FaPYiBpo0BbV4nWw1SQ==/com.detoxtest--4hXl3CvCWaNd5J-QHTieg==/lib/x86, /data/app/~~GuyQJCcvTtqC8ct7jDbMGg==/com.detoxtest.test-73FQQOmIQSuBgvj0YWOamw==/base.apk!/lib/x86, /data/app/~~Gd5FaPYiBpo0BbV4nWw1SQ==/com.detoxtest--4hXl3CvCWaNd5J-QHTieg==/base.apk!/lib/x86, /system/lib, /system_ext/lib, /product/lib]]]'
04-13 11:23:40.992 20233 20257 I UsageTrackerFacilitator: Usage tracking enabled
04-13 11:23:40.999 20233 20257 I TestRequestBuilder: Scanning classpath to find tests in paths [/data/app/~~GuyQJCcvTtqC8ct7jDbMGg==/com.detoxtest.test-73FQQOmIQSuBgvj0YWOamw==/base.apk]
04-13 11:23:41.000 20233 20257 W com.detoxtest: Opening an oat file without a class loader. Are you using the deprecated DexFile APIs?
04-13 11:23:41.158 20233 20257 D TestExecutor: Adding listener androidx.test.internal.runner.listener.LogRunListener
04-13 11:23:41.159 20233 20257 D TestExecutor: Adding listener androidx.test.internal.runner.listener.InstrumentationResultPrinter
04-13 11:23:41.159 20233 20257 D TestExecutor: Adding listener androidx.test.internal.runner.listener.ActivityFinisherRunListener
04-13 11:23:41.160 20233 20257 I TestRunner: run started: 1 tests
04-13 11:23:41.165 20233 20257 I TestRunner: started: runDetoxTests(com.detoxtest.DetoxTest)
04-13 11:23:41.169 20233 20233 I MonitoringInstr: Activities that are still in CREATED to STOPPED: 0
04-13 11:23:41.202 20233 20257 D EventInjectionStrategy: Creating injection strategy with input manager.
04-13 11:23:41.271 20233 20273 D libEGL  : loaded /vendor/lib/egl/libEGL_emulation.so
04-13 11:23:41.275 20233 20273 D libEGL  : loaded /vendor/lib/egl/libGLESv1_CM_emulation.so
04-13 11:23:41.283 20233 20273 D libEGL  : loaded /vendor/lib/egl/libGLESv2_emulation.so
04-13 11:23:41.299 20233 20233 D LifecycleMonitor: Lifecycle status change: com.detoxtest.MainActivity@d952f0b in: PRE_ON_CREATE
04-13 11:23:41.320 20233 20274 D SoLoader: About to load: libreactnativejni.so
04-13 11:23:41.323 20233 20274 D SoLoader: libreactnativejni.so not found on /data/user/0/com.detoxtest/lib-main
04-13 11:23:41.324 20233 20274 D SoLoader: libreactnativejni.so found on /data/app/~~Gd5FaPYiBpo0BbV4nWw1SQ==/com.detoxtest--4hXl3CvCWaNd5J-QHTieg==/lib/x86
04-13 11:23:41.324 20233 20274 D SoLoader: Not resolving dependencies for libreactnativejni.so
04-13 11:23:41.327 20233 20274 D SoLoader: Loaded: libreactnativejni.so
04-13 11:23:41.327 20233 20274 D SoLoader: About to load: libfbjni.so
04-13 11:23:41.328 20233 20274 D SoLoader: libfbjni.so not found on /data/user/0/com.detoxtest/lib-main
04-13 11:23:41.328 20233 20274 D SoLoader: libfbjni.so found on /data/app/~~Gd5FaPYiBpo0BbV4nWw1SQ==/com.detoxtest--4hXl3CvCWaNd5J-QHTieg==/lib/x86
04-13 11:23:41.328 20233 20274 D SoLoader: Not resolving dependencies for libfbjni.so
04-13 11:23:41.332 20233 20274 D SoLoader: Loaded: libfbjni.so
04-13 11:23:41.339 20233 20233 D LifecycleMonitor: Lifecycle status change: com.detoxtest.MainActivity@d952f0b in: CREATED
04-13 11:23:41.340 20233 20233 D LifecycleMonitor: Lifecycle status change: com.detoxtest.MainActivity@d952f0b in: STARTED
04-13 11:23:41.341 20233 20233 D LifecycleMonitor: Lifecycle status change: com.detoxtest.MainActivity@d952f0b in: RESUMED
04-13 11:23:41.348 20233 20276 E ReactNativeJNI: logMarker CREATE_REACT_CONTEXT_END
04-13 11:23:41.349 20233 20274 E unknown:ReactNative: ReactInstanceManager.createReactContext: mJSIModulePackage null
04-13 11:23:41.356 20233 20276 E ReactNativeJNI: logMarker RUN_JS_BUNDLE_START
04-13 11:23:41.357 20233 20277 E unknown:ReactNative: ReactInstanceManager.attachRootViewToInstance()
04-13 11:23:41.364 20233 20277 W unknown:ViewManagerPropertyUpdater: Could not find generated setter for class com.facebook.react.views.art.ARTGroupViewManager
04-13 11:23:41.364 20233 20277 W unknown:ViewManagerPropertyUpdater: Could not find generated setter for class com.facebook.react.views.art.ARTGroupShadowNode
04-13 11:23:41.365 20233 20277 W unknown:ViewManagerPropertyUpdater: Could not find generated setter for class com.facebook.react.views.art.ARTShapeViewManager
04-13 11:23:41.365 20233 20277 W unknown:ViewManagerPropertyUpdater: Could not find generated setter for class com.facebook.react.views.art.ARTShapeShadowNode
04-13 11:23:41.365 20233 20277 W unknown:ViewManagerPropertyUpdater: Could not find generated setter for class com.facebook.react.views.art.ARTTextViewManager
04-13 11:23:41.366 20233 20277 W unknown:ViewManagerPropertyUpdater: Could not find generated setter for class com.facebook.react.views.art.ARTTextShadowNode
04-13 11:23:41.367 20233 20277 W unknown:ViewManagerPropertyUpdater: Could not find generated setter for class com.facebook.react.views.checkbox.ReactCheckBoxManager
04-13 11:23:41.373 20233 20277 W unknown:ViewManagerPropertyUpdater: Could not find generated setter for class com.facebook.react.uimanager.LayoutShadowNode
04-13 11:23:41.375 20233 20277 W unknown:ViewManagerPropertyUpdater: Could not find generated setter for class com.facebook.react.views.picker.ReactDialogPickerManager
04-13 11:23:41.378 20233 20270 D HostConnection: HostConnection::get() New Host Connection established 0xe99161b0, tid 20270
04-13 11:23:41.379 20233 20277 W unknown:ViewManagerPropertyUpdater: Could not find generated setter for class com.facebook.react.views.drawer.ReactDrawerLayoutManager
04-13 11:23:41.380 20233 20277 W unknown:ViewManagerPropertyUpdater: Could not find generated setter for class com.facebook.react.views.picker.ReactDropdownPickerManager
04-13 11:23:41.380 20233 20277 W unknown:ViewManagerPropertyUpdater: Could not find generated setter for class com.facebook.react.views.scroll.ReactHorizontalScrollViewManager
04-13 11:23:41.381 20233 20277 W unknown:ViewManagerPropertyUpdater: Could not find generated setter for class com.facebook.react.views.scroll.ReactHorizontalScrollContainerViewManager
04-13 11:23:41.384 20233 20277 W unknown:ViewManagerPropertyUpdater: Could not find generated setter for class com.facebook.react.views.progressbar.ReactProgressBarViewManager
04-13 11:23:41.384 20233 20277 W unknown:ViewManagerPropertyUpdater: Could not find generated setter for class com.facebook.react.views.progressbar.ProgressBarShadowNode
04-13 11:23:41.385 20233 20277 W unknown:ViewManagerPropertyUpdater: Could not find generated setter for class com.facebook.react.views.scroll.ReactScrollViewManager
04-13 11:23:41.385 20233 20270 D HostConnection: HostComposition ext ANDROID_EMU_CHECKSUM_HELPER_v1 ANDROID_EMU_native_sync_v2 ANDROID_EMU_native_sync_v3 ANDROID_EMU_native_sync_v4 ANDROID_EMU_dma_v1 ANDROID_EMU_direct_mem ANDROID_EMU_host_composition_v1 ANDROID_EMU_host_composition_v2 ANDROID_EMU_YUV_Cache ANDROID_EMU_async_unmap_buffer GL_OES_EGL_image_external_essl3 GL_OES_vertex_array_object GL_KHR_texture_compression_astc_ldr ANDROID_EMU_gles_max_version_3_0 
04-13 11:23:41.389 20233 20277 W unknown:ViewManagerPropertyUpdater: Could not find generated setter for class com.facebook.react.views.slider.ReactSliderManager
04-13 11:23:41.395 20233 20270 W OpenGLRenderer: Failed to choose config with EGL_SWAP_BEHAVIOR_PRESERVED, retrying without...
04-13 11:23:41.397 20233 20270 D EGL_emulation: eglCreateContext: 0xe97379f0: maj 3 min 0 rcv 3
04-13 11:23:41.399 20233 20277 W unknown:ViewManagerPropertyUpdater: Could not find generated setter for class com.facebook.react.views.slider.ReactSliderManager$ReactSliderShadowNode
04-13 11:23:41.400 20233 20277 W unknown:ViewManagerPropertyUpdater: Could not find generated setter for class com.facebook.react.views.switchview.ReactSwitchManager
04-13 11:23:41.400 20233 20277 W unknown:ViewManagerPropertyUpdater: Could not find generated setter for class com.facebook.react.views.switchview.ReactSwitchManager$ReactSwitchShadowNode
04-13 11:23:41.401 20233 20277 W unknown:ViewManagerPropertyUpdater: Could not find generated setter for class com.facebook.react.views.swiperefresh.SwipeRefreshLayoutManager
04-13 11:23:41.404 20233 20277 W unknown:ViewManagerPropertyUpdater: Could not find generated setter for class com.facebook.react.views.art.ARTSurfaceViewManager
04-13 11:23:41.405 20233 20277 W unknown:ViewManagerPropertyUpdater: Could not find generated setter for class com.facebook.react.views.art.ARTSurfaceViewShadowNode
04-13 11:23:41.406 20233 20277 W unknown:ViewManagerPropertyUpdater: Could not find generated setter for class com.facebook.react.views.text.frescosupport.FrescoBasedReactTextInlineImageViewManager
04-13 11:23:41.406 20233 20277 W unknown:ViewManagerPropertyUpdater: Could not find generated setter for class com.facebook.react.views.text.frescosupport.FrescoBasedReactTextInlineImageShadowNode
04-13 11:23:41.412 20233 20277 W unknown:ViewManagerPropertyUpdater: Could not find generated setter for class com.facebook.react.views.image.ReactImageManager
04-13 11:23:41.414 20233 20277 W unknown:ViewManagerPropertyUpdater: Could not find generated setter for class com.facebook.react.views.modal.ReactModalHostManager
04-13 11:23:41.416 20233 20277 W unknown:ViewManagerPropertyUpdater: Could not find generated setter for class com.facebook.react.views.modal.ModalHostShadowNode
04-13 11:23:41.416 20233 20277 W unknown:ViewManagerPropertyUpdater: Could not find generated setter for class com.facebook.react.views.text.ReactRawTextManager
04-13 11:23:41.416 20233 20277 W unknown:ViewManagerPropertyUpdater: Could not find generated setter for class com.facebook.react.views.text.ReactRawTextShadowNode
04-13 11:23:41.416 20233 20277 W unknown:ViewManagerPropertyUpdater: Could not find generated setter for class com.facebook.react.views.textinput.ReactTextInputManager
04-13 11:23:41.418 20233 20270 D EGL_emulation: eglMakeCurrent: 0xe97379f0: ver 3 0 (tinfo 0xe9a7d7f0)
04-13 11:23:41.421 20233 20277 W unknown:ViewManagerPropertyUpdater: Could not find generated setter for class com.facebook.react.views.textinput.ReactTextInputShadowNode
04-13 11:23:41.427 20233 20277 W unknown:ViewManagerPropertyUpdater: Could not find generated setter for class com.facebook.react.views.text.ReactTextViewManager
04-13 11:23:41.427 20233 20277 W unknown:ViewManagerPropertyUpdater: Could not find generated setter for class com.facebook.react.views.text.ReactTextShadowNode
04-13 11:23:41.427 20233 20277 W unknown:ViewManagerPropertyUpdater: Could not find generated setter for class com.facebook.react.views.view.ReactViewManager
04-13 11:23:41.428 20233 20277 W unknown:ViewManagerPropertyUpdater: Could not find generated setter for class com.facebook.react.views.viewpager.ReactViewPagerManager
04-13 11:23:41.431 20233 20277 W unknown:ViewManagerPropertyUpdater: Could not find generated setter for class com.facebook.react.views.text.ReactVirtualTextViewManager
04-13 11:23:41.431 20233 20277 W unknown:ViewManagerPropertyUpdater: Could not find generated setter for class com.facebook.react.views.text.ReactVirtualTextShadowNode
04-13 11:23:41.435 20233 20277 D SoLoader: About to load: libyoga.so
04-13 11:23:41.435 20233 20277 D SoLoader: libyoga.so not found on /data/user/0/com.detoxtest/lib-main
04-13 11:23:41.435 20233 20277 D SoLoader: libyoga.so found on /data/app/~~Gd5FaPYiBpo0BbV4nWw1SQ==/com.detoxtest--4hXl3CvCWaNd5J-QHTieg==/lib/x86
04-13 11:23:41.435 20233 20277 D SoLoader: Not resolving dependencies for libyoga.so
04-13 11:23:41.443 20233 20270 I Gralloc4: mapper 4.x is not supported
04-13 11:23:41.444 20233 20277 D SoLoader: Loaded: libyoga.so
04-13 11:23:41.455 20233 20277 E unknown:ReactRootView: runApplication: call AppRegistry.runApplication
04-13 11:23:41.456 20233 20270 D HostConnection: createUnique: call
04-13 11:23:41.457 20233 20270 D HostConnection: HostConnection::get() New Host Connection established 0xe9916270, tid 20270
04-13 11:23:41.458 20233 20270 D eglCodecCommon: allocate: Ask for block of size 0x100
04-13 11:23:41.458 20233 20270 D eglCodecCommon: allocate: ioctl allocate returned offset 0x3fc0ff000 size 0x2000
04-13 11:23:41.483 20233 20270 D HostConnection: HostComposition ext ANDROID_EMU_CHECKSUM_HELPER_v1 ANDROID_EMU_native_sync_v2 ANDROID_EMU_native_sync_v3 ANDROID_EMU_native_sync_v4 ANDROID_EMU_dma_v1 ANDROID_EMU_direct_mem ANDROID_EMU_host_composition_v1 ANDROID_EMU_host_composition_v2 ANDROID_EMU_YUV_Cache ANDROID_EMU_async_unmap_buffer GL_OES_EGL_image_external_essl3 GL_OES_vertex_array_object GL_KHR_texture_compression_astc_ldr ANDROID_EMU_gles_max_version_3_0 
04-13 11:23:41.485 20233 20277 D SoLoader: init exiting
04-13 11:23:41.495 20233 20270 D EGL_emulation: eglMakeCurrent: 0xe97379f0: ver 3 0 (tinfo 0xe9a7d7f0)
04-13 11:23:41.505 20233 20276 E ReactNativeJNI: logMarker RUN_JS_BUNDLE_END
04-13 11:23:41.507 20233 20276 I ReactNativeJS: Running "detoxTest" with {"rootTag":1}
04-13 11:23:41.543 20233 20233 E unknown:ReactNative: Unable to launch logbox because react was unable to create the root view
04-13 11:23:41.564 20233 20283 I Detox   : Detox thread starting (com.wix.detox.manager)
04-13 11:23:41.575 20233 20283 I DetoxManager: DetoxServerUrl: ws://localhost:60904
04-13 11:23:41.575 20233 20283 I DetoxManager: DetoxSessionId: 21755c8d-98d6-4877-c852-500378780675
04-13 11:23:41.595 20233 20233 D DetoxRNLoading: Got new RN-context directly and immediately
04-13 11:23:41.598 20233 20283 I DetoxRNIdleRes: Setting up Espresso Idling Resources for React Native.
04-13 11:23:41.683 20233 20283 D AsyncStorageIR: Checking whether a custom IR for Async-Storage is required... (legacy=false)
04-13 11:23:41.683 20233 20283 D DetoxRNHelpers: Native module not resolved: no such class
04-13 11:23:41.683 20233 20283 D AsyncStorageIR: Checking whether a custom IR for Async-Storage is required... (legacy=true)
04-13 11:23:41.684 20233 20283 D AsyncStorageIR: IR for Async-Storage is required! (legacy=true)
04-13 11:23:41.687 20233 20233 D AsyncStorageIRLegacy: Async-storage is busy!
04-13 11:23:41.691 20233 20283 I WebSocketClient: At connectToServer
04-13 11:23:41.712 20233 20286 I WebSocketClient: At onOpen
04-13 11:23:41.712 20233 20286 I WebSocketClient: At sendAction
04-13 11:23:41.712 20233 20286 D WebSocketClient: Detox Action Sent: login
04-13 11:23:41.930 20233 20233 I Detox   : Wait is over: app is now idle!
04-13 11:23:41.941 20233 20286 I WebSocketClient: At sendAction
04-13 11:23:41.943 20233 20286 D WebSocketClient: Detox Action Sent: ready
04-13 11:23:41.947 20233 20286 I WebSocketClient: At onMessage
04-13 11:23:41.947 20233 20286 I WebSocketClient: At receiveAction
04-13 11:23:41.947 20233 20286 D WebSocketClient: Detox Action Received: loginSuccess
04-13 11:23:41.947 20233 20286 I DetoxManager: onAction: type: loginSuccess params: {"testerConnected":true,"appConnected":true}
