--------- beginning of main
04-13 12:13:04.179 26586 26586 W com.detoxtest: Unexpected CPU variant for X86 using defaults: x86
04-13 12:13:04.184 26586 26586 E com.detoxtest: Not starting debugger since process cannot load the jdwp agent.
--------- beginning of system
04-13 12:13:04.224 26586 26586 W ActivityThread: Package uses different ABI(s) than its instrumentation: package[com.detoxtest]: x86, null instrumentation[com.detoxtest.test]: null, null
04-13 12:13:04.231 26586 26586 I com.detoxtest: The ClassLoaderContext is a special shared library.
04-13 12:13:04.234 26586 26586 I chatty  : uid=10296(com.detoxtest) identical 2 lines
04-13 12:13:04.235 26586 26586 I com.detoxtest: The ClassLoaderContext is a special shared library.
04-13 12:13:04.315 26586 26586 W com.detoxtest: ClassLoaderContext classpath size mismatch. expected=0, found=4 (PCL[]{PCL[/system/framework/android.test.base.jar*84046222]} | PCL[/system/framework/android.test.runner.jar*2838042966:/system/framework/android.test.mock.jar*2353512044:/system/framework/android.test.base.jar*84046222:/data/app/~~C4LKeoHK288nqzs5ZM2J4Q==/com.detoxtest.test-0jWV9vw45jh5nYDg2eDkbg==/base.apk*3736732199]{PCL[/system/framework/android.test.base.jar*84046222]})
04-13 12:13:04.338 26586 26586 I com.detoxtest: The ClassLoaderContext is a special shared library.
04-13 12:13:04.348 26586 26586 I chatty  : uid=10296(com.detoxtest) identical 3 lines
04-13 12:13:04.349 26586 26586 I com.detoxtest: The ClassLoaderContext is a special shared library.
04-13 12:13:04.408 26586 26586 W com.detoxtest: ClassLoaderContext classpath size mismatch. expected=0, found=4 (PCL[]{PCL[/system/framework/android.test.base.jar*84046222]} | PCL[/system/framework/android.test.runner.jar*2838042966:/system/framework/android.test.mock.jar*2353512044:/system/framework/android.test.base.jar*84046222:/data/app/~~C4LKeoHK288nqzs5ZM2J4Q==/com.detoxtest.test-0jWV9vw45jh5nYDg2eDkbg==/base.apk*3736732199]{PCL[/system/framework/android.test.base.jar*84046222]#PCL[/system/framework/android.test.mock.jar*2353512044]{PCL[/system/framework/android.test.base.jar*84046222]}#PCL[/system/framework/android.test.runner.jar*2838042966]{PCL[/system/framework/android.test.base.jar*84046222]#PCL[/system/framework/android.test.mock.jar*2353512044]{PCL[/system/framework/android.test.base.jar*84046222]}}};PCL[/system/framework/android.test.runner.jar*2838042966:/system/framework/android.test.mock.jar*2353512044:/system/framework/android.test.base.jar*84046222:/data/app/~~C4LKeoHK288nqzs5ZM2J4Q==/com.detoxtest.test-0jWV9vw45jh5nYDg2eDkbg==/base.apk*3736732199:/data/app/~~aeyv2jEYb0TYYcCAKtrwjA==/com.detoxtest-gPwFz5VcvUpIfY3kjhaNfw==/base.apk*4000934944]{PCL[/system/framework/android.test.base.jar*84046222]})
04-13 12:13:04.408 26586 26586 W com.detoxtest: Found duplicate classes, falling back to extracting from APK : /data/app/~~aeyv2jEYb0TYYcCAKtrwjA==/com.detoxtest-gPwFz5VcvUpIfY3kjhaNfw==/base.apk
04-13 12:13:04.408 26586 26586 W com.detoxtest: NOTE: This wastes RAM and hurts startup performance.
04-13 12:13:04.408 26586 26586 W com.detoxtest: Found duplicated class when checking oat files: 'Landroid/support/v4/app/INotificationSideChannel$Stub$Proxy;' in /data/app/~~aeyv2jEYb0TYYcCAKtrwjA==/com.detoxtest-gPwFz5VcvUpIfY3kjhaNfw==/base.apk and /data/app/~~aeyv2jEYb0TYYcCAKtrwjA==/com.detoxtest-gPwFz5VcvUpIfY3kjhaNfw==/base.apk
04-13 12:13:04.408 26586 26586 W com.detoxtest: 
04-13 12:13:04.492 26586 26586 D NetworkSecurityConfig: Using Network Security Config from resource network_security_config debugBuild: false
04-13 12:13:04.492 26586 26586 D NetworkSecurityConfig: Using Network Security Config from resource network_security_config debugBuild: false
04-13 12:13:04.506 26586 26586 I MonitoringInstr: Instrumentation started!
04-13 12:13:04.509 26586 26586 I MonitoringInstr: Setting context classloader to 'dalvik.system.PathClassLoader[DexPathList[[zip file "/system/framework/android.test.runner.jar", zip file "/system/framework/android.test.mock.jar", zip file "/system/framework/android.test.base.jar", zip file "/data/app/~~C4LKeoHK288nqzs5ZM2J4Q==/com.detoxtest.test-0jWV9vw45jh5nYDg2eDkbg==/base.apk", zip file "/data/app/~~aeyv2jEYb0TYYcCAKtrwjA==/com.detoxtest-gPwFz5VcvUpIfY3kjhaNfw==/base.apk"],nativeLibraryDirectories=[/data/app/~~C4LKeoHK288nqzs5ZM2J4Q==/com.detoxtest.test-0jWV9vw45jh5nYDg2eDkbg==/lib/x86, /data/app/~~aeyv2jEYb0TYYcCAKtrwjA==/com.detoxtest-gPwFz5VcvUpIfY3kjhaNfw==/lib/x86, /data/app/~~C4LKeoHK288nqzs5ZM2J4Q==/com.detoxtest.test-0jWV9vw45jh5nYDg2eDkbg==/base.apk!/lib/x86, /data/app/~~aeyv2jEYb0TYYcCAKtrwjA==/com.detoxtest-gPwFz5VcvUpIfY3kjhaNfw==/base.apk!/lib/x86, /system/lib, /system_ext/lib, /product/lib]]]', Original: 'dalvik.system.PathClassLoader[DexPathList[[zip file "/system/framework/android.test.runner.jar", zip file "/system/framework/android.test.mock.jar", zip file "/system/framework/android.test.base.jar", zip file "/data/app/~~C4LKeoHK288nqzs5ZM2J4Q==/com.detoxtest.test-0jWV9vw45jh5nYDg2eDkbg==/base.apk", zip file "/data/app/~~aeyv2jEYb0TYYcCAKtrwjA==/com.detoxtest-gPwFz5VcvUpIfY3kjhaNfw==/base.apk"],nativeLibraryDirectories=[/data/app/~~C4LKeoHK288nqzs5ZM2J4Q==/com.detoxtest.test-0jWV9vw45jh5nYDg2eDkbg==/lib/x86, /data/app/~~aeyv2jEYb0TYYcCAKtrwjA==/com.detoxtest-gPwFz5VcvUpIfY3kjhaNfw==/lib/x86, /data/app/~~C4LKeoHK288nqzs5ZM2J4Q==/com.detoxtest.test-0jWV9vw45jh5nYDg2eDkbg==/base.apk!/lib/x86, /data/app/~~aeyv2jEYb0TYYcCAKtrwjA==/com.detoxtest-gPwFz5VcvUpIfY3kjhaNfw==/base.apk!/lib/x86, /system/lib, /system_ext/lib, /product/lib]]]'
04-13 12:13:04.512 26586 26586 D SoLoader: init start
04-13 12:13:04.512 26586 26586 D SoLoader: adding system library source: /vendor/lib
04-13 12:13:04.512 26586 26586 D SoLoader: adding system library source: /system/lib
04-13 12:13:04.512 26586 26586 D SoLoader: adding application source: com.facebook.soloader.DirectorySoSource[root = /data/app/~~aeyv2jEYb0TYYcCAKtrwjA==/com.detoxtest-gPwFz5VcvUpIfY3kjhaNfw==/lib/x86 flags = 0]
04-13 12:13:04.513 26586 26586 D SoLoader: adding backup source from : com.facebook.soloader.ApkSoSource[root = /data/user/0/com.detoxtest/lib-main flags = 1]
04-13 12:13:04.513 26586 26586 D SoLoader: Preparing SO source: com.facebook.soloader.DirectorySoSource[root = /system/lib flags = 2]
04-13 12:13:04.513 26586 26586 D SoLoader: Preparing SO source: com.facebook.soloader.DirectorySoSource[root = /vendor/lib flags = 2]
04-13 12:13:04.513 26586 26586 D SoLoader: Preparing SO source: com.facebook.soloader.DirectorySoSource[root = /data/app/~~aeyv2jEYb0TYYcCAKtrwjA==/com.detoxtest-gPwFz5VcvUpIfY3kjhaNfw==/lib/x86 flags = 0]
04-13 12:13:04.513 26586 26586 D SoLoader: Preparing SO source: com.facebook.soloader.ApkSoSource[root = /data/user/0/com.detoxtest/lib-main flags = 1]
04-13 12:13:04.513 26586 26586 V fb-UnpackingSoSource: locked dso store /data/user/0/com.detoxtest/lib-main
04-13 12:13:04.516 26586 26586 V fb-UnpackingSoSource: deps mismatch on deps store: regenerating
04-13 12:13:04.516 26586 26586 V fb-UnpackingSoSource: so store dirty: regenerating
04-13 12:13:04.531 26586 26586 D ApkSoSource: not allowing consideration of lib/x86/libc++_shared.so: deferring to libdir
04-13 12:13:04.531 26586 26586 D ApkSoSource: not allowing consideration of lib/x86/libfb.so: deferring to libdir
04-13 12:13:04.531 26586 26586 D ApkSoSource: not allowing consideration of lib/x86/libfbjni.so: deferring to libdir
04-13 12:13:04.531 26586 26586 D ApkSoSource: not allowing consideration of lib/x86/libfolly_futures.so: deferring to libdir
04-13 12:13:04.531 26586 26586 D ApkSoSource: not allowing consideration of lib/x86/libfolly_json.so: deferring to libdir
04-13 12:13:04.531 26586 26586 D ApkSoSource: not allowing consideration of lib/x86/libglog.so: deferring to libdir
04-13 12:13:04.531 26586 26586 D ApkSoSource: not allowing consideration of lib/x86/libglog_init.so: deferring to libdir
04-13 12:13:04.531 26586 26586 D ApkSoSource: not allowing consideration of lib/x86/libhermes-executor-debug.so: deferring to libdir
04-13 12:13:04.531 26586 26586 D ApkSoSource: not allowing consideration of lib/x86/libhermes-executor-release.so: deferring to libdir
04-13 12:13:04.531 26586 26586 D ApkSoSource: not allowing consideration of lib/x86/libhermes-inspector.so: deferring to libdir
04-13 12:13:04.531 26586 26586 D ApkSoSource: not allowing consideration of lib/x86/libimagepipeline.so: deferring to libdir
04-13 12:13:04.531 26586 26586 D ApkSoSource: not allowing consideration of lib/x86/libjsc.so: deferring to libdir
04-13 12:13:04.531 26586 26586 D ApkSoSource: not allowing consideration of lib/x86/libjscexecutor.so: deferring to libdir
04-13 12:13:04.531 26586 26586 D ApkSoSource: not allowing consideration of lib/x86/libjsijniprofiler.so: deferring to libdir
04-13 12:13:04.531 26586 26586 D ApkSoSource: not allowing consideration of lib/x86/libjsinspector.so: deferring to libdir
04-13 12:13:04.531 26586 26586 D ApkSoSource: not allowing consideration of lib/x86/libnative-filters.so: deferring to libdir
04-13 12:13:04.534 26586 26586 D ApkSoSource: not allowing consideration of lib/x86/libnative-imagetranscoder.so: deferring to libdir
04-13 12:13:04.534 26586 26586 D ApkSoSource: not allowing consideration of lib/x86/libreactnativeblob.so: deferring to libdir
04-13 12:13:04.534 26586 26586 D ApkSoSource: not allowing consideration of lib/x86/libreactnativejni.so: deferring to libdir
04-13 12:13:04.534 26586 26586 D ApkSoSource: not allowing consideration of lib/x86/libyoga.so: deferring to libdir
04-13 12:13:04.534 26586 26586 V fb-UnpackingSoSource: regenerating DSO store com.facebook.soloader.ApkSoSource
04-13 12:13:04.538 26586 26586 V fb-UnpackingSoSource: Finished regenerating DSO store com.facebook.soloader.ApkSoSource
04-13 12:13:04.538 26586 26586 V fb-UnpackingSoSource: starting syncer worker
04-13 12:13:04.552 26586 26586 V fb-UnpackingSoSource: releasing dso store lock for /data/user/0/com.detoxtest/lib-main (from syncer thread)
04-13 12:13:04.552 26586 26586 V fb-UnpackingSoSource: not releasing dso store lock for /data/user/0/com.detoxtest/lib-main (syncer thread started)
04-13 12:13:04.552 26586 26586 D SoLoader: init finish: 4 SO sources prepared
04-13 12:13:04.552 26586 26586 D SoLoader: init exiting
04-13 12:13:04.554 26586 26586 D SoLoader: init exiting
04-13 12:13:04.554 26586 26586 D SoLoader: About to load: libjscexecutor.so
04-13 12:13:04.554 26586 26586 D SoLoader: libjscexecutor.so not found on /data/user/0/com.detoxtest/lib-main
04-13 12:13:04.555 26586 26586 D SoLoader: libjscexecutor.so found on /data/app/~~aeyv2jEYb0TYYcCAKtrwjA==/com.detoxtest-gPwFz5VcvUpIfY3kjhaNfw==/lib/x86
04-13 12:13:04.555 26586 26586 D SoLoader: Not resolving dependencies for libjscexecutor.so
04-13 12:13:04.560 26586 26586 D JavaScriptCore.Version: 245459.0.0
04-13 12:13:04.560 26586 26586 D SoLoader: Loaded: libjscexecutor.so
04-13 12:13:04.561 26586 26586 D SoLoader: init exiting
04-13 12:13:04.568 26586 26586 I MonitoringInstr: No JSBridge.
04-13 12:13:04.570 26586 26614 I MonitoringInstr: Setting context classloader to 'dalvik.system.PathClassLoader[DexPathList[[zip file "/system/framework/android.test.runner.jar", zip file "/system/framework/android.test.mock.jar", zip file "/system/framework/android.test.base.jar", zip file "/data/app/~~C4LKeoHK288nqzs5ZM2J4Q==/com.detoxtest.test-0jWV9vw45jh5nYDg2eDkbg==/base.apk", zip file "/data/app/~~aeyv2jEYb0TYYcCAKtrwjA==/com.detoxtest-gPwFz5VcvUpIfY3kjhaNfw==/base.apk"],nativeLibraryDirectories=[/data/app/~~C4LKeoHK288nqzs5ZM2J4Q==/com.detoxtest.test-0jWV9vw45jh5nYDg2eDkbg==/lib/x86, /data/app/~~aeyv2jEYb0TYYcCAKtrwjA==/com.detoxtest-gPwFz5VcvUpIfY3kjhaNfw==/lib/x86, /data/app/~~C4LKeoHK288nqzs5ZM2J4Q==/com.detoxtest.test-0jWV9vw45jh5nYDg2eDkbg==/base.apk!/lib/x86, /data/app/~~aeyv2jEYb0TYYcCAKtrwjA==/com.detoxtest-gPwFz5VcvUpIfY3kjhaNfw==/base.apk!/lib/x86, /system/lib, /system_ext/lib, /product/lib]]]', Original: 'dalvik.system.PathClassLoader[DexPathList[[zip file "/system/framework/android.test.runner.jar", zip file "/system/framework/android.test.mock.jar", zip file "/system/framework/android.test.base.jar", zip file "/data/app/~~C4LKeoHK288nqzs5ZM2J4Q==/com.detoxtest.test-0jWV9vw45jh5nYDg2eDkbg==/base.apk", zip file "/data/app/~~aeyv2jEYb0TYYcCAKtrwjA==/com.detoxtest-gPwFz5VcvUpIfY3kjhaNfw==/base.apk"],nativeLibraryDirectories=[/data/app/~~C4LKeoHK288nqzs5ZM2J4Q==/com.detoxtest.test-0jWV9vw45jh5nYDg2eDkbg==/lib/x86, /data/app/~~aeyv2jEYb0TYYcCAKtrwjA==/com.detoxtest-gPwFz5VcvUpIfY3kjhaNfw==/lib/x86, /data/app/~~C4LKeoHK288nqzs5ZM2J4Q==/com.detoxtest.test-0jWV9vw45jh5nYDg2eDkbg==/base.apk!/lib/x86, /data/app/~~aeyv2jEYb0TYYcCAKtrwjA==/com.detoxtest-gPwFz5VcvUpIfY3kjhaNfw==/base.apk!/lib/x86, /system/lib, /system_ext/lib, /product/lib]]]'
04-13 12:13:04.587 26586 26614 I UsageTrackerFacilitator: Usage tracking enabled
04-13 12:13:04.593 26586 26614 I TestRequestBuilder: Scanning classpath to find tests in paths [/data/app/~~C4LKeoHK288nqzs5ZM2J4Q==/com.detoxtest.test-0jWV9vw45jh5nYDg2eDkbg==/base.apk]
04-13 12:13:04.593 26586 26614 W com.detoxtest: Opening an oat file without a class loader. Are you using the deprecated DexFile APIs?
04-13 12:13:04.825 26586 26614 D TestExecutor: Adding listener androidx.test.internal.runner.listener.LogRunListener
04-13 12:13:04.826 26586 26614 D TestExecutor: Adding listener androidx.test.internal.runner.listener.InstrumentationResultPrinter
04-13 12:13:04.826 26586 26614 D TestExecutor: Adding listener androidx.test.internal.runner.listener.ActivityFinisherRunListener
04-13 12:13:04.827 26586 26614 I TestRunner: run started: 1 tests
04-13 12:13:04.832 26586 26614 I TestRunner: started: runDetoxTests(com.detoxtest.DetoxTest)
04-13 12:13:04.836 26586 26586 I MonitoringInstr: Activities that are still in CREATED to STOPPED: 0
04-13 12:13:04.878 26586 26614 D EventInjectionStrategy: Creating injection strategy with input manager.
04-13 12:13:04.953 26586 26626 D libEGL  : loaded /vendor/lib/egl/libEGL_emulation.so
04-13 12:13:04.957 26586 26626 D libEGL  : loaded /vendor/lib/egl/libGLESv1_CM_emulation.so
04-13 12:13:04.963 26586 26626 D libEGL  : loaded /vendor/lib/egl/libGLESv2_emulation.so
04-13 12:13:04.973 26586 26586 D LifecycleMonitor: Lifecycle status change: com.detoxtest.MainActivity@d952f0b in: PRE_ON_CREATE
04-13 12:13:04.988 26586 26627 D SoLoader: About to load: libreactnativejni.so
04-13 12:13:04.989 26586 26627 D SoLoader: libreactnativejni.so not found on /data/user/0/com.detoxtest/lib-main
04-13 12:13:04.989 26586 26627 D SoLoader: libreactnativejni.so found on /data/app/~~aeyv2jEYb0TYYcCAKtrwjA==/com.detoxtest-gPwFz5VcvUpIfY3kjhaNfw==/lib/x86
04-13 12:13:04.989 26586 26627 D SoLoader: Not resolving dependencies for libreactnativejni.so
04-13 12:13:04.999 26586 26627 D SoLoader: Loaded: libreactnativejni.so
04-13 12:13:04.999 26586 26627 D SoLoader: About to load: libfbjni.so
04-13 12:13:04.999 26586 26627 D SoLoader: libfbjni.so not found on /data/user/0/com.detoxtest/lib-main
04-13 12:13:04.999 26586 26627 D SoLoader: libfbjni.so found on /data/app/~~aeyv2jEYb0TYYcCAKtrwjA==/com.detoxtest-gPwFz5VcvUpIfY3kjhaNfw==/lib/x86
04-13 12:13:04.999 26586 26627 D SoLoader: Not resolving dependencies for libfbjni.so
04-13 12:13:05.002 26586 26627 D SoLoader: Loaded: libfbjni.so
04-13 12:13:05.006 26586 26586 D LifecycleMonitor: Lifecycle status change: com.detoxtest.MainActivity@d952f0b in: CREATED
04-13 12:13:05.008 26586 26586 D LifecycleMonitor: Lifecycle status change: com.detoxtest.MainActivity@d952f0b in: STARTED
04-13 12:13:05.009 26586 26586 D LifecycleMonitor: Lifecycle status change: com.detoxtest.MainActivity@d952f0b in: RESUMED
04-13 12:13:05.020 26586 26629 E ReactNativeJNI: logMarker CREATE_REACT_CONTEXT_END
04-13 12:13:05.020 26586 26627 E unknown:ReactNative: ReactInstanceManager.createReactContext: mJSIModulePackage null
04-13 12:13:05.027 26586 26630 E unknown:ReactNative: ReactInstanceManager.attachRootViewToInstance()
04-13 12:13:05.027 26586 26629 E ReactNativeJNI: logMarker RUN_JS_BUNDLE_START
04-13 12:13:05.039 26586 26630 W unknown:ViewManagerPropertyUpdater: Could not find generated setter for class com.facebook.react.views.art.ARTGroupViewManager
04-13 12:13:05.043 26586 26630 W unknown:ViewManagerPropertyUpdater: Could not find generated setter for class com.facebook.react.views.art.ARTGroupShadowNode
04-13 12:13:05.043 26586 26630 W unknown:ViewManagerPropertyUpdater: Could not find generated setter for class com.facebook.react.views.art.ARTShapeViewManager
04-13 12:13:05.043 26586 26630 W unknown:ViewManagerPropertyUpdater: Could not find generated setter for class com.facebook.react.views.art.ARTShapeShadowNode
04-13 12:13:05.044 26586 26630 W unknown:ViewManagerPropertyUpdater: Could not find generated setter for class com.facebook.react.views.art.ARTTextViewManager
04-13 12:13:05.044 26586 26630 W unknown:ViewManagerPropertyUpdater: Could not find generated setter for class com.facebook.react.views.art.ARTTextShadowNode
04-13 12:13:05.044 26586 26630 W unknown:ViewManagerPropertyUpdater: Could not find generated setter for class com.facebook.react.views.checkbox.ReactCheckBoxManager
04-13 12:13:05.045 26586 26630 W unknown:ViewManagerPropertyUpdater: Could not find generated setter for class com.facebook.react.uimanager.LayoutShadowNode
04-13 12:13:05.049 26586 26630 W unknown:ViewManagerPropertyUpdater: Could not find generated setter for class com.facebook.react.views.picker.ReactDialogPickerManager
04-13 12:13:05.052 26586 26630 W unknown:ViewManagerPropertyUpdater: Could not find generated setter for class com.facebook.react.views.drawer.ReactDrawerLayoutManager
04-13 12:13:05.061 26586 26630 W unknown:ViewManagerPropertyUpdater: Could not find generated setter for class com.facebook.react.views.picker.ReactDropdownPickerManager
04-13 12:13:05.061 26586 26630 W unknown:ViewManagerPropertyUpdater: Could not find generated setter for class com.facebook.react.views.scroll.ReactHorizontalScrollViewManager
04-13 12:13:05.064 26586 26630 W unknown:ViewManagerPropertyUpdater: Could not find generated setter for class com.facebook.react.views.scroll.ReactHorizontalScrollContainerViewManager
04-13 12:13:05.072 26586 26630 W unknown:ViewManagerPropertyUpdater: Could not find generated setter for class com.facebook.react.views.progressbar.ReactProgressBarViewManager
04-13 12:13:05.075 26586 26630 W unknown:ViewManagerPropertyUpdater: Could not find generated setter for class com.facebook.react.views.progressbar.ProgressBarShadowNode
04-13 12:13:05.076 26586 26630 W unknown:ViewManagerPropertyUpdater: Could not find generated setter for class com.facebook.react.views.scroll.ReactScrollViewManager
04-13 12:13:05.080 26586 26630 W unknown:ViewManagerPropertyUpdater: Could not find generated setter for class com.facebook.react.views.slider.ReactSliderManager
04-13 12:13:05.088 26586 26630 W unknown:ViewManagerPropertyUpdater: Could not find generated setter for class com.facebook.react.views.slider.ReactSliderManager$ReactSliderShadowNode
04-13 12:13:05.089 26586 26630 W unknown:ViewManagerPropertyUpdater: Could not find generated setter for class com.facebook.react.views.switchview.ReactSwitchManager
04-13 12:13:05.090 26586 26630 W unknown:ViewManagerPropertyUpdater: Could not find generated setter for class com.facebook.react.views.switchview.ReactSwitchManager$ReactSwitchShadowNode
04-13 12:13:05.091 26586 26630 W unknown:ViewManagerPropertyUpdater: Could not find generated setter for class com.facebook.react.views.swiperefresh.SwipeRefreshLayoutManager
04-13 12:13:05.094 26586 26630 W unknown:ViewManagerPropertyUpdater: Could not find generated setter for class com.facebook.react.views.art.ARTSurfaceViewManager
04-13 12:13:05.095 26586 26630 W unknown:ViewManagerPropertyUpdater: Could not find generated setter for class com.facebook.react.views.art.ARTSurfaceViewShadowNode
04-13 12:13:05.095 26586 26630 W unknown:ViewManagerPropertyUpdater: Could not find generated setter for class com.facebook.react.views.text.frescosupport.FrescoBasedReactTextInlineImageViewManager
04-13 12:13:05.095 26586 26630 W unknown:ViewManagerPropertyUpdater: Could not find generated setter for class com.facebook.react.views.text.frescosupport.FrescoBasedReactTextInlineImageShadowNode
04-13 12:13:05.096 26586 26630 W unknown:ViewManagerPropertyUpdater: Could not find generated setter for class com.facebook.react.views.image.ReactImageManager
04-13 12:13:05.097 26586 26630 W unknown:ViewManagerPropertyUpdater: Could not find generated setter for class com.facebook.react.views.modal.ReactModalHostManager
04-13 12:13:05.099 26586 26630 W unknown:ViewManagerPropertyUpdater: Could not find generated setter for class com.facebook.react.views.modal.ModalHostShadowNode
04-13 12:13:05.100 26586 26630 W unknown:ViewManagerPropertyUpdater: Could not find generated setter for class com.facebook.react.views.text.ReactRawTextManager
04-13 12:13:05.101 26586 26630 W unknown:ViewManagerPropertyUpdater: Could not find generated setter for class com.facebook.react.views.text.ReactRawTextShadowNode
04-13 12:13:05.103 26586 26630 W unknown:ViewManagerPropertyUpdater: Could not find generated setter for class com.facebook.react.views.textinput.ReactTextInputManager
04-13 12:13:05.105 26586 26630 W unknown:ViewManagerPropertyUpdater: Could not find generated setter for class com.facebook.react.views.textinput.ReactTextInputShadowNode
04-13 12:13:05.108 26586 26630 W unknown:ViewManagerPropertyUpdater: Could not find generated setter for class com.facebook.react.views.text.ReactTextViewManager
04-13 12:13:05.109 26586 26630 W unknown:ViewManagerPropertyUpdater: Could not find generated setter for class com.facebook.react.views.text.ReactTextShadowNode
04-13 12:13:05.110 26586 26630 W unknown:ViewManagerPropertyUpdater: Could not find generated setter for class com.facebook.react.views.view.ReactViewManager
04-13 12:13:05.111 26586 26630 W unknown:ViewManagerPropertyUpdater: Could not find generated setter for class com.facebook.react.views.viewpager.ReactViewPagerManager
04-13 12:13:05.112 26586 26630 W unknown:ViewManagerPropertyUpdater: Could not find generated setter for class com.facebook.react.views.text.ReactVirtualTextViewManager
04-13 12:13:05.113 26586 26630 W unknown:ViewManagerPropertyUpdater: Could not find generated setter for class com.facebook.react.views.text.ReactVirtualTextShadowNode
04-13 12:13:05.116 26586 26630 D SoLoader: About to load: libyoga.so
04-13 12:13:05.121 26586 26630 D SoLoader: libyoga.so not found on /data/user/0/com.detoxtest/lib-main
04-13 12:13:05.121 26586 26630 D SoLoader: libyoga.so found on /data/app/~~aeyv2jEYb0TYYcCAKtrwjA==/com.detoxtest-gPwFz5VcvUpIfY3kjhaNfw==/lib/x86
04-13 12:13:05.121 26586 26630 D SoLoader: Not resolving dependencies for libyoga.so
04-13 12:13:05.125 26586 26630 D SoLoader: Loaded: libyoga.so
04-13 12:13:05.133 26586 26630 E unknown:ReactRootView: runApplication: call AppRegistry.runApplication
04-13 12:13:05.145 26586 26624 D HostConnection: HostConnection::get() New Host Connection established 0xe99155b0, tid 26624
04-13 12:13:05.152 26586 26624 D HostConnection: HostComposition ext ANDROID_EMU_CHECKSUM_HELPER_v1 ANDROID_EMU_native_sync_v2 ANDROID_EMU_native_sync_v3 ANDROID_EMU_native_sync_v4 ANDROID_EMU_dma_v1 ANDROID_EMU_direct_mem ANDROID_EMU_host_composition_v1 ANDROID_EMU_host_composition_v2 ANDROID_EMU_YUV_Cache ANDROID_EMU_async_unmap_buffer GL_OES_EGL_image_external_essl3 GL_OES_vertex_array_object GL_KHR_texture_compression_astc_ldr ANDROID_EMU_gles_max_version_3_0 
04-13 12:13:05.163 26586 26624 W OpenGLRenderer: Failed to choose config with EGL_SWAP_BEHAVIOR_PRESERVED, retrying without...
04-13 12:13:05.165 26586 26624 D EGL_emulation: eglCreateContext: 0xe9739970: maj 3 min 0 rcv 3
04-13 12:13:05.182 26586 26629 E ReactNativeJNI: logMarker RUN_JS_BUNDLE_END
04-13 12:13:05.183 26586 26629 I ReactNativeJS: Running "detoxTest" with {"rootTag":1}
04-13 12:13:05.195 26586 26624 D EGL_emulation: eglMakeCurrent: 0xe9739970: ver 3 0 (tinfo 0xe9a7e7f0)
04-13 12:13:05.197 26586 26630 D SoLoader: init exiting
04-13 12:13:05.210 26586 26630 W unknown:ReactNative: Tried to update non-existent root tag: 0
04-13 12:13:05.216 26586 26624 I Gralloc4: mapper 4.x is not supported
04-13 12:13:05.219 26586 26624 D HostConnection: createUnique: call
04-13 12:13:05.220 26586 26624 D HostConnection: HostConnection::get() New Host Connection established 0xe99128b0, tid 26624
04-13 12:13:05.220 26586 26624 D eglCodecCommon: allocate: Ask for block of size 0x100
04-13 12:13:05.220 26586 26624 D eglCodecCommon: allocate: ioctl allocate returned offset 0x3fc0ff000 size 0x2000
04-13 12:13:05.237 26586 26624 D HostConnection: HostComposition ext ANDROID_EMU_CHECKSUM_HELPER_v1 ANDROID_EMU_native_sync_v2 ANDROID_EMU_native_sync_v3 ANDROID_EMU_native_sync_v4 ANDROID_EMU_dma_v1 ANDROID_EMU_direct_mem ANDROID_EMU_host_composition_v1 ANDROID_EMU_host_composition_v2 ANDROID_EMU_YUV_Cache ANDROID_EMU_async_unmap_buffer GL_OES_EGL_image_external_essl3 GL_OES_vertex_array_object GL_KHR_texture_compression_astc_ldr ANDROID_EMU_gles_max_version_3_0 
04-13 12:13:05.243 26586 26624 D EGL_emulation: eglMakeCurrent: 0xe9739970: ver 3 0 (tinfo 0xe9a7e7f0)
04-13 12:13:05.289 26586 26586 E unknown:ReactNative: Unable to launch logbox because react was unable to create the root view
04-13 12:13:05.315 26586 26636 I Detox   : Detox thread starting (com.wix.detox.manager)
04-13 12:13:05.327 26586 26636 I DetoxManager: DetoxServerUrl: ws://localhost:65061
04-13 12:13:05.327 26586 26636 I DetoxManager: DetoxSessionId: 52055f8c-d73c-5661-1cbc-b0ab7f65d365
04-13 12:13:05.360 26586 26586 D DetoxRNLoading: Got new RN-context directly and immediately
04-13 12:13:05.366 26586 26636 I DetoxRNIdleRes: Setting up Espresso Idling Resources for React Native.
04-13 12:13:05.442 26586 26636 D AsyncStorageIR: Checking whether a custom IR for Async-Storage is required... (legacy=false)
04-13 12:13:05.442 26586 26636 D DetoxRNHelpers: Native module not resolved: no such class
04-13 12:13:05.442 26586 26636 D AsyncStorageIR: Checking whether a custom IR for Async-Storage is required... (legacy=true)
04-13 12:13:05.443 26586 26636 D AsyncStorageIR: IR for Async-Storage is required! (legacy=true)
04-13 12:13:05.448 26586 26586 D AsyncStorageIRLegacy: Async-storage is busy!
04-13 12:13:05.459 26586 26636 I WebSocketClient: At connectToServer
04-13 12:13:05.492 26586 26639 I WebSocketClient: At onOpen
04-13 12:13:05.492 26586 26639 I WebSocketClient: At sendAction
04-13 12:13:05.492 26586 26639 D WebSocketClient: Detox Action Sent: login
04-13 12:13:05.681 26586 26586 I Detox   : Wait is over: app is now idle!
04-13 12:13:05.689 26586 26639 I WebSocketClient: At sendAction
04-13 12:13:05.691 26586 26639 D WebSocketClient: Detox Action Sent: ready
04-13 12:13:05.695 26586 26639 I WebSocketClient: At onMessage
04-13 12:13:05.695 26586 26639 I WebSocketClient: At receiveAction
04-13 12:13:05.695 26586 26639 D WebSocketClient: Detox Action Received: loginSuccess
04-13 12:13:05.695 26586 26639 I DetoxManager: onAction: type: loginSuccess params: {"testerConnected":true,"appConnected":true}
04-13 12:13:05.698 26586 26639 I WebSocketClient: At onMessage
04-13 12:13:05.698 26586 26639 I WebSocketClient: At receiveAction
04-13 12:13:05.699 26586 26639 D WebSocketClient: Detox Action Received: isReady
04-13 12:13:05.699 26586 26639 I DetoxManager: onAction: type: isReady params: {}
04-13 12:13:05.713 26586 26586 I Detox   : Wait is over: app is now idle!
04-13 12:13:05.715 26586 26636 I WebSocketClient: At sendAction
04-13 12:13:05.715 26586 26636 D WebSocketClient: Detox Action Sent: ready
