--------- beginning of main
04-13 10:39:01.000 16783 16873 W unknown:ViewManagerPropertyUpdater: Could not find generated setter for class com.facebook.react.views.switchview.ReactSwitchManager$ReactSwitchShadowNode
04-13 10:39:01.001 16783 16873 W unknown:ViewManagerPropertyUpdater: Could not find generated setter for class com.facebook.react.views.swiperefresh.SwipeRefreshLayoutManager
04-13 10:39:01.002 16783 16873 W unknown:ViewManagerPropertyUpdater: Could not find generated setter for class com.facebook.react.views.art.ARTSurfaceViewManager
04-13 10:39:01.002 16783 16873 W unknown:ViewManagerPropertyUpdater: Could not find generated setter for class com.facebook.react.views.art.ARTSurfaceViewShadowNode
04-13 10:39:01.002 16783 16873 W unknown:ViewManagerPropertyUpdater: Could not find generated setter for class com.facebook.react.views.text.frescosupport.FrescoBasedReactTextInlineImageViewManager
04-13 10:39:01.002 16783 16873 W unknown:ViewManagerPropertyUpdater: Could not find generated setter for class com.facebook.react.views.text.frescosupport.FrescoBasedReactTextInlineImageShadowNode
04-13 10:39:01.003 16783 16873 W unknown:ViewManagerPropertyUpdater: Could not find generated setter for class com.facebook.react.views.image.ReactImageManager
04-13 10:39:01.003 16783 16873 W unknown:ViewManagerPropertyUpdater: Could not find generated setter for class com.facebook.react.views.modal.ReactModalHostManager
04-13 10:39:01.003 16783 16873 W unknown:ViewManagerPropertyUpdater: Could not find generated setter for class com.facebook.react.views.modal.ModalHostShadowNode
04-13 10:39:01.004 16783 16873 W unknown:ViewManagerPropertyUpdater: Could not find generated setter for class com.facebook.react.views.text.ReactRawTextManager
04-13 10:39:01.004 16783 16873 W unknown:ViewManagerPropertyUpdater: Could not find generated setter for class com.facebook.react.views.text.ReactRawTextShadowNode
04-13 10:39:01.004 16783 16873 W unknown:ViewManagerPropertyUpdater: Could not find generated setter for class com.facebook.react.views.textinput.ReactTextInputManager
04-13 10:39:01.006 16783 16873 W unknown:ViewManagerPropertyUpdater: Could not find generated setter for class com.facebook.react.views.textinput.ReactTextInputShadowNode
04-13 10:39:01.012 16783 16873 W unknown:ViewManagerPropertyUpdater: Could not find generated setter for class com.facebook.react.views.text.ReactTextViewManager
04-13 10:39:01.015 16783 16873 W unknown:ViewManagerPropertyUpdater: Could not find generated setter for class com.facebook.react.views.text.ReactTextShadowNode
04-13 10:39:01.016 16783 16873 W unknown:ViewManagerPropertyUpdater: Could not find generated setter for class com.facebook.react.views.view.ReactViewManager
04-13 10:39:01.021 16783 16873 W unknown:ViewManagerPropertyUpdater: Could not find generated setter for class com.facebook.react.views.viewpager.ReactViewPagerManager
04-13 10:39:01.022 16783 16873 W unknown:ViewManagerPropertyUpdater: Could not find generated setter for class com.facebook.react.views.text.ReactVirtualTextViewManager
04-13 10:39:01.023 16783 16873 W unknown:ViewManagerPropertyUpdater: Could not find generated setter for class com.facebook.react.views.text.ReactVirtualTextShadowNode
04-13 10:39:01.023 16783 16873 E unknown:ReactRootView: runApplication: call AppRegistry.runApplication
04-13 10:39:01.025 16783 16783 I DetoxRNLoading: Got new RN-context async'ly through listener
04-13 10:39:01.025 16783 16834 I DetoxRNIdleRes: Setting up Espresso Idling Resources for React Native.
04-13 10:39:01.027 16783 16834 D AsyncStorageIR: Checking whether a custom IR for Async-Storage is required... (legacy=false)
04-13 10:39:01.027 16783 16834 D DetoxRNHelpers: Native module not resolved: no such class
04-13 10:39:01.027 16783 16834 D AsyncStorageIR: Checking whether a custom IR for Async-Storage is required... (legacy=true)
04-13 10:39:01.027 16783 16834 D AsyncStorageIR: IR for Async-Storage is required! (legacy=true)
04-13 10:39:01.028 16783 16783 I Detox   : UIManagerModule is busy
04-13 10:39:01.037 16783 16783 D AsyncStorageIRLegacy: Async-storage is busy!
04-13 10:39:01.040 16783 16783 I IdlingResourceRegistry: Ignoring message from unregistered resource: androidx.test.espresso.base.LooperIdlingResourceInterrogationHandler@73ff3df
04-13 10:39:01.040 16783 16783 I IdlingResourceRegistry: Ignoring message from unregistered resource: androidx.test.espresso.base.LooperIdlingResourceInterrogationHandler@73ff3df
04-13 10:39:01.042 16783 16834 I WebSocketClient: At sendAction
04-13 10:39:01.042 16783 16834 D WebSocketClient: Detox Action Sent: ready
04-13 10:39:01.050 16783 16836 I WebSocketClient: At onMessage
04-13 10:39:01.050 16783 16836 I WebSocketClient: At receiveAction
04-13 10:39:01.050 16783 16836 D WebSocketClient: Detox Action Received: invoke
04-13 10:39:01.051 16783 16836 I DetoxManager: onAction: type: invoke params: {"target":{"type":"Class","value":"com.wix.detox.espresso.EspressoDetox"},"method":"perform","args":[{"type":"Invocation","value":{"target":{"type":"Class","value":"androidx.test.espresso.Espresso"},"method":"onView","args":[{"type":"Invocation","value":{"target":{"type":"Class","value":"com.wix.detox.espresso.DetoxMatcher"},"method":"matcherForTestId","args":["hello_button"]}}]}},{"type":"Invocation","value":{"target":{"type":"Class","value":"com.wix.detox.espresso.DetoxViewActions"},"method":"click","args":[]}}]}
04-13 10:39:01.051 16783 16834 D Detox   : class com.wix.detox.espresso.DetoxMatcher, matcherForTestId, [hello_button]
04-13 10:39:01.052 16783 16834 D Detox   : class androidx.test.espresso.Espresso, onView, [(with tag value: is "hello_button" and view has effective visibility=VISIBLE)]
04-13 10:39:01.052 16783 16834 D Detox   : class com.wix.detox.espresso.DetoxViewActions, click, []
04-13 10:39:01.064 16783 16834 D Detox   : class com.wix.detox.espresso.EspressoDetox, perform, [androidx.test.espresso.ViewInteraction@2f82c, com.wix.detox.espresso.action.RNClickAction@6e942f5]
04-13 10:39:01.097 16783 16783 E unknown:ReactNative: Unable to launch logbox because react was unable to create the root view
04-13 10:39:01.110 16783 16870 E ReactNativeJNI: logMarker RUN_JS_BUNDLE_END
04-13 10:39:01.111 16783 16870 I ReactNativeJS: Running "detoxTest" with {"rootTag":21}
04-13 10:39:01.556 16783 16834 I DetoxActionHandlers: Test exception
04-13 10:39:01.556 16783 16834 I DetoxActionHandlers: java.lang.reflect.InvocationTargetException
04-13 10:39:01.556 16783 16834 I DetoxActionHandlers: 	at java.lang.reflect.Method.invoke(Native Method)
04-13 10:39:01.556 16783 16834 I DetoxActionHandlers: 	at org.apache.commons.lang3.reflect.MethodUtils.invokeStaticMethod(MethodUtils.java:443)
04-13 10:39:01.556 16783 16834 I DetoxActionHandlers: 	at org.apache.commons.lang3.reflect.MethodUtils.invokeStaticMethod(MethodUtils.java:405)
04-13 10:39:01.556 16783 16834 I DetoxActionHandlers: 	at com.wix.invoke.types.ClassTarget.execute(ClassTarget.java:23)
04-13 10:39:01.556 16783 16834 I DetoxActionHandlers: 	at com.wix.invoke.types.Target.invoke(Target.java:59)
04-13 10:39:01.556 16783 16834 I DetoxActionHandlers: 	at com.wix.invoke.MethodInvocation.invoke(MethodInvocation.java:35)
04-13 10:39:01.556 16783 16834 I DetoxActionHandlers: 	at com.wix.invoke.MethodInvocation.invoke(MethodInvocation.java:26)
04-13 10:39:01.556 16783 16834 I DetoxActionHandlers: 	at com.wix.invoke.MethodInvocation.invoke(MethodInvocation.java:20)
04-13 10:39:01.556 16783 16834 I DetoxActionHandlers: 	at com.wix.detox.InvokeActionHandler.handle(DetoxActionHandlers.kt:55)
04-13 10:39:01.556 16783 16834 I DetoxActionHandlers: 	at com.wix.detox.DetoxManager$4.run(DetoxManager.java:116)
04-13 10:39:01.556 16783 16834 I DetoxActionHandlers: 	at android.os.Handler.handleCallback(Handler.java:907)
04-13 10:39:01.556 16783 16834 I DetoxActionHandlers: 	at android.os.Handler.dispatchMessage(Handler.java:99)
04-13 10:39:01.556 16783 16834 I DetoxActionHandlers: 	at android.os.Looper.loop(Looper.java:223)
04-13 10:39:01.556 16783 16834 I DetoxActionHandlers: 	at com.wix.detox.Detox$1.run(Detox.java:214)
04-13 10:39:01.556 16783 16834 I DetoxActionHandlers: 	at java.lang.Thread.run(Thread.java:923)
04-13 10:39:01.556 16783 16834 I DetoxActionHandlers: Caused by: androidx.test.espresso.NoMatchingViewException: No views in hierarchy found matching: (with tag value: is "hello_button" and view has effective visibility=VISIBLE)
04-13 10:39:01.556 16783 16834 I DetoxActionHandlers: 
04-13 10:39:01.556 16783 16834 I DetoxActionHandlers: View Hierarchy:
04-13 10:39:01.556 16783 16834 I DetoxActionHandlers: +>DecorView{id=-1, visibility=VISIBLE, width=1080, height=1920, has-focus=false, has-focusable=true, has-window-focus=true, is-clickable=false, is-enabled=true, is-focused=false, is-focusable=false, is-layout-requested=false, is-selected=false, layout-params={(0,0)(fillxfill) sim={adjust=resize} ty=BASE_APPLICATION wanim=0x10302ff
04-13 10:39:01.556 16783 16834 I DetoxActionHandlers:   fl=LAYOUT_IN_SCREEN FORCE_NOT_FULLSCREEN LAYOUT_INSET_DECOR SPLIT_TOUCH HARDWARE_ACCELERATED DRAWS_SYSTEM_BAR_BACKGROUNDS
04-13 10:39:01.556 16783 16834 I DetoxActionHandlers:   pfl=FORCE_DRAW_STATUS_BAR_BACKGROUND FIT_INSETS_CONTROLLED
04-13 10:39:01.556 16783 16834 I DetoxActionHandlers:   vsysui=LIGHT_STATUS_BAR
04-13 10:39:01.556 16783 16834 I DetoxActionHandlers:   fitSides=}, tag=null, root-is-layout-requested=false, has-input-connection=false, x=0.0, y=0.0, child-count=3} 
04-13 10:39:01.556 16783 16834 I DetoxActionHandlers: |
04-13 10:39:01.556 16783 16834 I DetoxActionHandlers: +->LinearLayout{id=-1, visibility=VISIBLE, width=1080, height=1776, has-focus=false, has-focusable=true, has-window-focus=true, is-clickable=false, is-enabled=true, is-focused=false, is-focusable=false, is-layout-requested=false, is-selected=false, layout-params=android.widget.FrameLayout$LayoutParams@d772328, tag=null, root-is-layout-requested=false, has-input-connection=false, x=0.0, y=0.0, child-count=2} 
04-13 10:39:01.556 16783 16834 I DetoxActionHandlers: |
04-13 10:39:01.556 16783 16834 I DetoxActionHandlers: +-->ViewStub{id=16908714, res-name=action_mode_bar_stub, visibility=GONE, width=0, height=0, has-focus=false, has-focusable=false, has-window-focus=true, is-clickable=false, is-enabled=true, is-focused=false, is-focusable=false, is-layout-requested=true, is-selected=false, layout-params=android.widget.LinearLayout$LayoutParams@1605841, tag=null, root-is-layout-requested=false, has-input-connection=false, x=0.0, y=0.0} 
04-13 10:39:01.556 16783 16834 I DetoxActionHandlers: |
04-13 10:39:01.556 16783 16834 I DetoxActionHandlers: +-->FrameLayout{id=-1, visibility=VISIBLE, width=1080, height=1704, has-focus=false, has-focusable=true, has-window-focus=true, is-clickable=false, is-enabled=true, is-focused=false, is-focusable=false, is-layout-requested=false, is-selected=false, layout-params=android.widget.LinearLayout$LayoutParams@4996327, tag=null, root-is-layout-requested=false, has-input-connection=false, x=0.0, y=72.0, child-count=1} 
04-13 10:39:01.556 16783 16834 I DetoxActionHandlers: |
04-13 10:39:01.556 16783 16834 I DetoxActionHandlers: +--->FitWindowsLinearLayout{id=2131165199, res-name=action_bar_root, visibility=VISIBLE, width=1080, height=1704, has-focus=false, has-focusable=true, has-window-focus=true, is-clickable=false, is-enabled=true, is-focused=false, is-focusable=false, is-layout-requested=false, is-selected=false, layout-params=android.widget.FrameLayout$LayoutParams@652e672, tag=null, root-is-layout-requested=false, has-input-connection=false, x=0.0, y=0.0, child-count=2} 
04-13 10:39:01.556 16783 16834 I DetoxActionHandlers: |
04-13 10:39:01.556 16783 16834 I DetoxActionHandlers: +---->ViewStubCompat{id=2131165210, res-name=action_mode_bar_stub, visibility=GONE, width=0, height=0, has-focus=false, has-focusable=false, has-window-focus=true, is-clickable=false, is-enabled=true, is-focused=false, is-focusable=false, is-layout-requested=true, is-selected=false, layout-params=android.widget.LinearLayout$LayoutParams@1af0ac3, tag=null, root-is-layout-requested=false, has-input-connection=false, x=0.0, y=0.0} 
04-13 10:39:01.556 16783 16834 I DetoxActionHandlers: |
04-13 10:39:01.557 16783 16834 I DetoxActionHandlers: +---->ContentFrameLayout{id=16908290, res-name=content, visibility=VISIBLE, width=1080, height=1704, has-focus=false, has-focusable=true, has-window-focus=true, is-clickable=false, is-enabled=true, is-focused=false, is-focusable=false, is-layout-requested=false, is-selected=false, layout-params=android.widget.LinearLayout$LayoutParams@2a12f40, tag=null, root-is-layout-requested=false, has-input-connection=false, x=0.0, y=0.0, child-count=1} 
04-13 10:39:01.557 16783 16834 I DetoxActionHandlers: |
04-13 10:39:01.557 16783 16834 I DetoxActionHandlers: +----->ReactRootView{id=21, visibility=VISIBLE, width=1080, height=1704, has-focus=false, has-focusable=true, has-window-focus=true, is-clickable=false, is-enabled=true, is-focused=false, is-focusable=false, is-layout-requested=false, is-selected=false, layout-params=android.widget.FrameLayout$LayoutParams@4e4f7be, tag=null, root-is-layout-requested=false, has-input-connection=false, x=0.0, y=0.0, child-count=1} 
04-13 10:39:01.557 16783 16834 I DetoxActionHandlers: |
04-13 10:39:01.557 16783 16834 I DetoxActionHandlers: +------>ReactViewGroup{id=219, visibility=VISIBLE, width=1080, height=1704, has-focus=false, has-focusable=true, has-window-focus=true, is-clickable=false, is-enabled=true, is-focused=false, is-focusable=false, is-layout-requested=false, is-selected=false, layout-params=android.widget.FrameLayout$LayoutParams@3516447, tag=null, root-is-layout-requested=false, has-input-connection=false, x=0.0, y=0.0, child-count=1} 
04-13 10:39:01.557 16783 16834 I DetoxActionHandlers: |
04-13 10:39:01.557 16783 16834 I DetoxActionHandlers: +------->ReactScrollView{id=217, visibility=VISIBLE, width=1080, height=1704, has-focus=false, has-focusable=true, has-window-focus=true, is-clickable=false, is-enabled=true, is-focused=false, is-focusable=true, is-layout-requested=false, is-selected=false, layout-params=android.view.ViewGroup$LayoutParams@97eed9d, tag=null, root-is-layout-requested=false, has-input-connection=false, x=0.0, y=0.0, child-count=1} 
04-13 10:39:01.557 16783 16834 I DetoxActionHandlers: |
04-13 10:39:01.557 16783 16834 I DetoxActionHandlers: +-------->ReactViewGroup{id=215, visibility=VISIBLE, width=1080, height=4465, has-focus=false, has-focusable=true, has-window-focus=true, is-clickable=false, is-enabled=true, is-focused=false, is-focusable=false, is-layout-requested=false, is-selected=false, layout-params=android.widget.FrameLayout$LayoutParams@bdf3212, tag=null, root-is-layout-requested=false, has-input-connection=false, x=0.0, y=0.0, child-count=1} 
04-13 10:39:01.557 16783 16834 I DetoxActionHandlers: |
04-13 10:39:01.557 16783 16834 I DetoxActionHandlers: +--------->ReactViewGroup{id=213, visibility=VISIBLE, width=1080, height=4465, has-focus=false, has-focusable=true, has-window-focus=true, is-clickable=false, is-enabled=true, is-focused=false, is-focusable=false, is-layout-requested=false, is-selected=false, layout-params=android.view.ViewGroup$LayoutParams@b35fde3, tag=null, root-is-layout-requested=false, has-input-connection=false, x=0.0, y=0.0, child-count=24} 
04-13 10:39:01.557 16783 16834 I DetoxActionHandlers: |
04-13 10:39:01.557 16783 16834 I DetoxActionHandlers: +---------->ReactTextView{id=5, visibility=VISIBLE, width=936, height=97, has-focus=false, has-focusable=false, has-window-focus=true, is-clickable=false, is-enabled=true, is-focused=false, is-focusable=false, is-layout-requested=false, is-selected=false, layout-params=android.view.ViewGroup$LayoutParams@9ea73e0, tag=null, root-is-layout-requested=false, has-input-connection=false, x=72.0, y=96.0, text=Step One, input-type=0, ime-target=false, has-links=false} 
04-13 10:39:01.557 16783 16834 I DetoxActionHandlers: |
04-13 10:39:01.557 16783 16834 I DetoxActionHandlers: +---------->ReactTextView{id=17, visibility=VISIBLE, width=936, height=136, has-focus=false, has-focusable=false, has-window-focus=true, is-clickable=false, is-enabled=true, is-focused=false, is-focusable=false, is-layout-requested=false, is-selected=false, layout-params=android.view.ViewGroup$LayoutParams@761c699, tag=null, root-is-layout-requested=false, has-input-connection=false, x=72.0, y=217.0, text=Edit App.js to change this screen and then come back to see your edits., input-type=0, ime-target=false, has-links=false} 
04-13 10:39:01.557 16783 16834 I DetoxActionHandlers: |
04-13 10:39:01.557 16783 16834 I DetoxActionHandlers: +---------->ReactTextView{id=25, visibility=VISIBLE, width=936, height=97, has-focus=false, has-focusable=false, has-window-focus=true, is-clickable=false, is-enabled=true, is-focused=false, is-focusable=false, is-layout-requested=false, is-selected=false, layout-params=android.view.ViewGroup$LayoutParams@27a5d5e, tag=null, root-is-layout-requested=false, has-input-connection=false, x=72.0, y=449.0, text=See Your Changes, input-type=0, ime-target=false, has-links=false} 
04-13 10:39:01.557 16783 16834 I DetoxActionHandlers: |
04-13 10:39:01.557 16783 16834 I DetoxActionHandlers: +---------->ReactTextView{id=39, visibility=VISIBLE, width=936, height=136, has-focus=false, has-focusable=false, has-window-focus=true, is-clickable=false, is-enabled=true, is-focused=false, is-focusable=false, is-layout-requested=false, is-selected=false, layout-params=android.view.ViewGroup$LayoutParams@b40953f, tag=null, root-is-layout-requested=false, has-input-connection=false, x=72.0, y=570.0, text=Double tap R on your keyboard to reload your app's code., input-type=0, ime-target=false, has-links=false} 
04-13 10:39:01.557 16783 16834 I DetoxActionHandlers: |
04-13 10:39:01.557 16783 16834 I DetoxActionHandlers: +---------->ReactTextView{id=47, visibility=VISIBLE, width=936, height=97, has-focus=false, has-focusable=false, has-window-focus=true, is-clickable=false, is-enabled=true, is-focused=false, is-focusable=false, is-layout-requested=false, is-selected=false, layout-params=android.view.ViewGroup$LayoutParams@5b2ee0c, tag=null, root-is-layout-requested=false, has-input-connection=false, x=72.0, y=802.0, text=Debug, input-type=0, ime-target=false, has-links=false} 
04-13 10:39:01.557 16783 16834 I DetoxActionHandlers: |
04-13 10:39:01.557 16783 16834 I DetoxActionHandlers: +---------->ReactTextView{id=73, visibility=VISIBLE, width=936, height=199, has-focus=false, has-focusable=false, has-window-focus=true, is-clickable=false, is-enabled=true, is-focused=false, is-focusable=false, is-layout-requested=false, is-selected=false, layout-params=android.view.ViewGroup$LayoutParams@aff3355, tag=null, root-is-layout-requested=false, has-input-connection=false, x=72.0, y=923.0, text=Press Cmd or Ctrl + M or Shake your device to open the React Native debug menu., input-type=0, ime-target=false, has-links=false} 
04-13 10:39:01.557 16783 16834 I DetoxActionHandlers: |
04-13 10:39:01.557 16783 16834 I DetoxActionHandlers: +---------->ReactTextView{id=79, visibility=VISIBLE, width=936, height=97, has-focus=false, has-focusable=false, has-window-focus=true, is-clickable=false, is-enabled=true, is-focused=false, is-focusable=false, is-layout-requested=false, is-selected=false, layout-params=android.view.ViewGroup$LayoutParams@90af16a, tag=null, root-is-layout-requested=false, has-input-connection=false, x=72.0, y=1218.0, text=Learn More, input-type=0, ime-target=false, has-links=false} 
04-13 10:39:01.557 16783 16834 I DetoxActionHandlers: |
04-13 10:39:01.557 16783 16834 I DetoxActionHandlers: +---------->ReactTextView{id=85, visibility=VISIBLE, width=936, height=136, has-focus=false, has-focusable=false, has-window-focus=true, is-clickable=false, is-enabled=true, is-focused=false, is-focusable=false, is-layout-requested=false, is-selected=false, layout-params=android.view.ViewGroup$LayoutParams@133465b, tag=null, root-is-layout-requested=false, has-input-connection=false, x=72.0, y=1339.0, text=Read the docs to discover what to do next:, input-type=0, ime-target=false, has-links=false} 
04-13 10:39:01.557 16783 16834 I DetoxActionHandlers: |
04-13 10:39:01.557 16783 16834 I DetoxActionHandlers: +---------->ReactViewGroup{id=89, visibility=VISIBLE, width=936, height=3, has-focus=false, has-focusable=false, has-window-focus=true, is-clickable=false, is-enabled=true, is-focused=false, is-focusable=false, is-layout-requested=false, is-selected=false, layout-params=android.view.ViewGroup$LayoutParams@7a6def8, tag=null, root-is-layout-requested=false, has-input-connection=false, x=72.0, y=1571.0, child-count=0} 
04-13 10:39:01.557 16783 16834 I DetoxActionHandlers: |
04-13 10:39:01.557 16783 16834 I DetoxActionHandlers: +---------->ReactViewGroup{id=103, visibility=VISIBLE, width=936, height=280, has-focus=false, has-focusable=true, has-window-focus=true, is-clickable=true, is-enabled=true, is-focused=false, is-focusable=true, is-layout-requested=false, is-selected=false, layout-params=android.view.ViewGroup$LayoutParams@5ccafd1, tag=null, root-is-layout-requested=false, has-input-connection=false, x=72.0, y=1574.0, child-count=2} 
04-13 10:39:01.557 16783 16834 I DetoxActionHandlers: |
04-13 10:39:01.558 16783 16834 I DetoxActionHandlers: +----------->ReactTextView{id=95, visibility=VISIBLE, width=374, height=73, has-focus=false, has-focusable=false, has-window-focus=true, is-clickable=false, is-enabled=true, is-focused=false, is-focusable=false, is-layout-requested=false, is-selected=false, layout-params=android.view.ViewGroup$LayoutParams@25eba36, tag=null, root-is-layout-requested=false, has-input-connection=false, x=0.0, y=104.0, text=The Basics, input-type=0, ime-target=false, has-links=false} 
04-13 10:39:01.558 16783 16834 I DetoxActionHandlers: |
04-13 10:39:01.558 16783 16834 I DetoxActionHandlers: +----------->ReactTextView{id=99, visibility=VISIBLE, width=562, height=232, has-focus=false, has-focusable=false, has-window-focus=true, is-clickable=false, is-enabled=true, is-focused=false, is-focusable=false, is-layout-requested=false, is-selected=false, layout-params=android.view.ViewGroup$LayoutParams@ad5ed37, tag=null, root-is-layout-requested=false, has-input-connection=false, x=374.0, y=24.0, text=Explains a Hello World for React Native., input-type=0, ime-target=false, has-links=false} 
04-13 10:39:01.558 16783 16834 I DetoxActionHandlers: |
04-13 10:39:01.558 16783 16834 I DetoxActionHandlers: +---------->ReactViewGroup{id=105, visibility=VISIBLE, width=936, height=3, has-focus=false, has-focusable=false, has-window-focus=true, is-clickable=false, is-enabled=true, is-focused=false, is-focusable=false, is-layout-requested=false, is-selected=false, layout-params=android.view.ViewGroup$LayoutParams@ae6f2a4, tag=null, root-is-layout-requested=false, has-input-connection=false, x=72.0, y=1854.0, child-count=0} 
04-13 10:39:01.558 16783 16834 I DetoxActionHandlers: |
04-13 10:39:01.558 16783 16834 I DetoxActionHandlers: +---------->ReactViewGroup{id=117, visibility=VISIBLE, width=936, height=406, has-focus=false, has-focusable=true, has-window-focus=true, is-clickable=true, is-enabled=true, is-focused=false, is-focusable=true, is-layout-requested=false, is-selected=false, layout-params=android.view.ViewGroup$LayoutParams@11b780d, tag=null, root-is-layout-requested=false, has-input-connection=false, x=72.0, y=1857.0, child-count=2} 
04-13 10:39:01.558 16783 16834 I DetoxActionHandlers: |
04-13 10:39:01.558 16783 16834 I DetoxActionHandlers: +----------->ReactTextView{id=109, visibility=VISIBLE, width=374, height=73, has-focus=false, has-focusable=false, has-window-focus=true, is-clickable=false, is-enabled=true, is-focused=false, is-focusable=false, is-layout-requested=false, is-selected=false, layout-params=android.view.ViewGroup$LayoutParams@e5443c2, tag=null, root-is-layout-requested=false, has-input-connection=false, x=0.0, y=167.0, text=Style, input-type=0, ime-target=false, has-links=false} 
04-13 10:39:01.558 16783 16834 I DetoxActionHandlers: |
04-13 10:39:01.558 16783 16834 I DetoxActionHandlers: +----------->ReactTextView{id=115, visibility=VISIBLE, width=562, height=358, has-focus=false, has-focusable=false, has-window-focus=true, is-clickable=false, is-enabled=true, is-focused=false, is-focusable=false, is-layout-requested=false, is-selected=false, layout-params=android.view.ViewGroup$LayoutParams@9225d3, tag=null, root-is-layout-requested=false, has-input-connection=false, x=374.0, y=24.0, text=Covers how to use the prop named style which controls the visuals., input-type=0, ime-target=false, has-links=false} 
04-13 10:39:01.558 16783 16834 I DetoxActionHandlers: |
04-13 10:39:01.558 16783 16834 I DetoxActionHandlers: +---------->ReactViewGroup{id=119, visibility=VISIBLE, width=936, height=3, has-focus=false, has-focusable=false, has-window-focus=true, is-clickable=false, is-enabled=true, is-focused=false, is-focusable=false, is-layout-requested=false, is-selected=false, layout-params=android.view.ViewGroup$LayoutParams@9f29510, tag=null, root-is-layout-requested=false, has-input-connection=false, x=72.0, y=2263.0, child-count=0} 
04-13 10:39:01.558 16783 16834 I DetoxActionHandlers: |
04-13 10:39:01.558 16783 16834 I DetoxActionHandlers: +---------->ReactViewGroup{id=133, visibility=VISIBLE, width=936, height=343, has-focus=false, has-focusable=true, has-window-focus=true, is-clickable=true, is-enabled=true, is-focused=false, is-focusable=true, is-layout-requested=false, is-selected=false, layout-params=android.view.ViewGroup$LayoutParams@148809, tag=null, root-is-layout-requested=false, has-input-connection=false, x=72.0, y=2266.0, child-count=2} 
04-13 10:39:01.558 16783 16834 I DetoxActionHandlers: |
04-13 10:39:01.558 16783 16834 I DetoxActionHandlers: +----------->ReactTextView{id=125, visibility=VISIBLE, width=374, height=73, has-focus=false, has-focusable=false, has-window-focus=true, is-clickable=false, is-enabled=true, is-focused=false, is-focusable=false, is-layout-requested=false, is-selected=false, layout-params=android.view.ViewGroup$LayoutParams@a26da0e, tag=null, root-is-layout-requested=false, has-input-connection=false, x=0.0, y=135.0, text=Layout, input-type=0, ime-target=false, has-links=false} 
04-13 10:39:01.558 16783 16834 I DetoxActionHandlers: |
04-13 10:39:01.558 16783 16834 I DetoxActionHandlers: +----------->ReactTextView{id=129, visibility=VISIBLE, width=562, height=295, has-focus=false, has-focusable=false, has-window-focus=true, is-clickable=false, is-enabled=true, is-focused=false, is-focusable=false, is-layout-requested=false, is-selected=false, layout-params=android.view.ViewGroup$LayoutParams@dcf4c2f, tag=null, root-is-layout-requested=false, has-input-connection=false, x=374.0, y=24.0, text=React Native uses flexbox for layout, learn how it works., input-type=0, ime-target=false, has-links=false} 
04-13 10:39:01.558 16783 16834 I DetoxActionHandlers: |
04-13 10:39:01.558 16783 16834 I DetoxActionHandlers: +---------->ReactViewGroup{id=135, visibility=VISIBLE, width=936, height=3, has-focus=false, has-focusable=false, has-window-focus=true, is-clickable=false, is-enabled=true, is-focused=false, is-focusable=false, is-layout-requested=false, is-selected=false, layout-params=android.view.ViewGroup$LayoutParams@5d3f23c, tag=null, root-is-layout-requested=false, has-input-connection=false, x=72.0, y=2609.0, child-count=0} 
04-13 10:39:01.558 16783 16834 I DetoxActionHandlers: |
04-13 10:39:01.558 16783 16834 I DetoxActionHandlers: +---------->ReactViewGroup{id=147, visibility=VISIBLE, width=936, height=343, has-focus=false, has-focusable=true, has-window-focus=true, is-clickable=true, is-enabled=true, is-focused=false, is-focusable=true, is-layout-requested=false, is-selected=false, layout-params=android.view.ViewGroup$LayoutParams@5749bc5, tag=null, root-is-layout-requested=false, has-input-connection=false, x=72.0, y=2612.0, child-count=2} 
04-13 10:39:01.558 16783 16834 I DetoxActionHandlers: |
04-13 10:39:01.558 16783 16834 I DetoxActionHandlers: +----------->ReactTextView{id=139, visibility=VISIBLE, width=374, height=73, has-focus=false, has-focusable=false, has-window-focus=true, is-clickable=false, is-enabled=true, is-focused=false, is-focusable=false, is-layout-requested=false, is-selected=false, layout-params=android.view.ViewGroup$LayoutParams@97a891a, tag=null, root-is-layout-requested=false, has-input-connection=false, x=0.0, y=135.0, text=Components, input-type=0, ime-target=false, has-links=false} 
04-13 10:39:01.558 16783 16834 I DetoxActionHandlers: |
04-13 10:39:01.558 16783 16834 I DetoxActionHandlers: +----------->ReactTextView{id=145, visibility=VISIBLE, width=562, height=295, has-focus=false, has-focusable=false, has-window-focus=true, is-clickable=false, is-enabled=true, is-focused=false, is-focusable=false, is-layout-requested=false, is-selected=false, layout-params=android.view.ViewGroup$LayoutParams@30e7c4b, tag=null, root-is-layout-requested=false, has-input-connection=false, x=374.0, y=24.0, text=The full list of components and APIs inside React Native., input-type=0, ime-target=false, has-links=false} 
04-13 10:39:01.558 16783 16834 I DetoxActionHandlers: |
04-13 10:39:01.558 16783 16834 I DetoxActionHandlers: +---------->ReactViewGroup{id=149, visibility=VISIBLE, width=936, height=3, has-focus=false, has-focusable=false, has-window-focus=true, is-clickable=false, is-enabled=true, is-focused=false, is-focusable=false, is-layout-requested=false, is-selected=false, layout-params=android.view.ViewGroup$LayoutParams@40bf628, tag=null, root-is-layout-requested=false, has-input-connection=false, x=72.0, y=2955.0, child-count=0} 
04-13 10:39:01.558 16783 16834 I DetoxActionHandlers: |
04-13 10:39:01.558 16783 16834 I DetoxActionHandlers: +---------->ReactViewGroup{id=163, visibility=VISIBLE, width=936, height=343, has-focus=false, has-focusable=true, has-window-focus=true, is-clickable=true, is-enabled=true, is-focused=false, is-focusable=true, is-layout-requested=false, is-selected=false, layout-params=android.view.ViewGroup$LayoutParams@9082f41, tag=null, root-is-layout-requested=false, has-input-connection=false, x=72.0, y=2958.0, child-count=2} 
04-13 10:39:01.558 16783 16834 I DetoxActionHandlers: |
04-13 10:39:01.558 16783 16834 I DetoxActionHandlers: +----------->ReactTextView{id=155, visibility=VISIBLE, width=374, height=73, has-focus=false, has-focusable=false, has-window-focus=true, is-clickable=false, is-enabled=true, is-focused=false, is-focusable=false, is-layout-requested=false, is-selected=false, layout-params=android.view.ViewGroup$LayoutParams@4281ce6, tag=null, root-is-layout-requested=false, has-input-connection=false, x=0.0, y=135.0, text=Navigation, input-type=0, ime-target=false, has-links=false} 
04-13 10:39:01.558 16783 16834 I DetoxActionHandlers: |
04-13 10:39:01.558 16783 16834 I DetoxActionHandlers: +----------->ReactTextView{id=159, visibility=VISIBLE, width=562, height=295, has-focus=false, has-focusable=false, has-window-focus=true, is-clickable=false, is-enabled=true, is-focused=false, is-focusable=false, is-layout-requested=false, is-selected=false, layout-params=android.view.ViewGroup$LayoutParams@dc69227, tag=null, root-is-layout-requested=false, has-input-connection=false, x=374.0, y=24.0, text=How to handle moving between screens inside your application., input-type=0, ime-target=false, has-links=false} 
04-13 10:39:01.558 16783 16834 I DetoxActionHandlers: |
04-13 10:39:01.558 16783 16834 I DetoxActionHandlers: +---------->ReactViewGroup{id=165, visibility=VISIBLE, width=936, height=3, has-focus=false, has-focusable=false, has-window-focus=true, is-clickable=false, is-enabled=true, is-focused=false, is-focusable=false, is-layout-requested=false, is-selected=false, layout-params=android.view.ViewGroup$LayoutParams@f3e4cd4, tag=null, root-is-layout-requested=false, has-input-connection=false, x=72.0, y=3301.0, child-count=0} 
04-13 10:39:01.558 16783 16834 I DetoxActionHandlers: |
04-13 10:39:01.558 16783 16834 I DetoxActionHandlers: +---------->ReactViewGroup{id=177, visibility=VISIBLE, width=936, height=280, has-focus=false, has-focusable=true, has-window-focus=true, is-clickable=true, is-enabled=true, is-focused=false, is-focusable=true, is-layout-requested=false, is-selected=false, layout-params=android.view.ViewGroup$LayoutParams@8e77e7d, tag=null, root-is-layout-requested=false, has-input-connection=false, x=72.0, y=3304.0, child-count=2} 
04-13 10:39:01.558 16783 16834 I DetoxActionHandlers: |
04-13 10:39:01.558 16783 16834 I DetoxActionHandlers: +----------->ReactTextView{id=169, visibility=VISIBLE, width=374, height=73, has-focus=false, has-focusable=false, has-window-focus=true, is-clickable=false, is-enabled=true, is-focused=false, is-focusable=false, is-layout-requested=false, is-selected=false, layout-params=android.view.ViewGroup$LayoutParams@4c92172, tag=null, root-is-layout-requested=false, has-input-connection=false, x=0.0, y=104.0, text=Networking, input-type=0, ime-target=false, has-links=false} 
04-13 10:39:01.558 16783 16834 I DetoxActionHandlers: |
04-13 10:39:01.558 16783 16834 I DetoxActionHandlers: +----------->ReactTextView{id=175, visibility=VISIBLE, width=562, height=232, has-focus=false, has-focusable=false, has-window-focus=true, is-clickable=false, is-enabled=true, is-focused=false, is-focusable=false, is-layout-requested=false, is-selected=false, layout-params=android.view.ViewGroup$LayoutParams@20029c3, tag=null, root-is-layout-requested=false, has-input-connection=false, x=374.0, y=24.0, text=How to use the Fetch API in React Native., input-type=0, ime-target=false, has-links=false} 
04-13 10:39:01.558 16783 16834 I DetoxActionHandlers: |
04-13 10:39:01.558 16783 16834 I DetoxActionHandlers: +---------->ReactViewGroup{id=179, visibility=VISIBLE, width=936, height=3, has-focus=false, has-focusable=false, has-window-focus=true, is-clickable=false, is-enabled=true, is-focused=false, is-focusable=false, is-layout-requested=false, is-selected=false, layout-params=android.view.ViewGroup$LayoutParams@69d6240, tag=null, root-is-layout-requested=false, has-input-connection=false, x=72.0, y=3584.0, child-count=0} 
04-13 10:39:01.558 16783 16834 I DetoxActionHandlers: |
04-13 10:39:01.558 16783 16834 I DetoxActionHandlers: +---------->ReactViewGroup{id=193, visibility=VISIBLE, width=936, height=406, has-focus=false, has-focusable=true, has-window-focus=true, is-clickable=true, is-enabled=true, is-focused=false, is-focusable=true, is-layout-requested=false, is-selected=false, layout-params=android.view.ViewGroup$LayoutParams@2728579, tag=null, root-is-layout-requested=false, has-input-connection=false, x=72.0, y=3587.0, child-count=2} 
04-13 10:39:01.558 16783 16834 I DetoxActionHandlers: |
04-13 10:39:01.558 16783 16834 I DetoxActionHandlers: +----------->ReactTextView{id=185, visibility=VISIBLE, width=374, height=73, has-focus=false, has-focusable=false, has-window-focus=true, is-clickable=false, is-enabled=true, is-focused=false, is-focusable=false, is-layout-requested=false, is-selected=false, layout-params=android.view.ViewGroup$LayoutParams@403e2be, tag=null, root-is-layout-requested=false, has-input-connection=false, x=0.0, y=167.0, text=Help, input-type=0, ime-target=false, has-links=false} 
04-13 10:39:01.558 16783 16834 I DetoxActionHandlers: |
04-13 10:39:01.558 16783 16834 I DetoxActionHandlers: +----------->ReactTextView{id=189, visibility=VISIBLE, width=562, height=358, has-focus=false, has-focusable=false, has-window-focus=true, is-clickable=false, is-enabled=true, is-focused=false, is-focusable=false, is-layout-requested=false, is-selected=false, layout-params=android.view.ViewGroup$LayoutParams@1b19f1f, tag=null, root-is-layout-requested=false, has-input-connection=false, x=374.0, y=24.0, text=Need more help? There are many other React Native developers who may have the answer., input-type=0, ime-target=false, has-links=false} 
04-13 10:39:01.558 16783 16834 I DetoxActionHandlers: |
04-13 10:39:01.558 16783 16834 I DetoxActionHandlers: +---------->ReactViewGroup{id=195, visibility=VISIBLE, width=936, height=3, has-focus=false, has-focusable=false, has-window-focus=true, is-clickable=false, is-enabled=true, is-focused=false, is-focusable=false, is-layout-requested=false, is-selected=false, layout-params=android.view.ViewGroup$LayoutParams@816626c, tag=null, root-is-layout-requested=false, has-input-connection=false, x=72.0, y=3993.0, child-count=0} 
04-13 10:39:01.558 16783 16834 I DetoxActionHandlers: |
04-13 10:39:01.558 16783 16834 I DetoxActionHandlers: +---------->ReactViewGroup{id=207, visibility=VISIBLE, width=936, height=469, has-focus=false, has-focusable=true, has-window-focus=true, is-clickable=true, is-enabled=true, is-focused=false, is-focusable=true, is-layout-requested=false, is-selected=false, layout-params=android.view.ViewGroup$LayoutParams@f0d0035, tag=null, root-is-layout-requested=false, has-input-connection=false, x=72.0, y=3996.0, child-count=2} 
04-13 10:39:01.558 16783 16834 I DetoxActionHandlers: |
04-13 10:39:01.558 16783 16834 I DetoxActionHandlers: +----------->ReactTextView{id=199, visibility=VISIBLE, width=374, height=136, has-focus=false, has-focusable=false, has-window-focus=true, is-clickable=false, is-enabled=true, is-focused=false, is-focusable=false, is-layout-requested=false, is-selected=false, layout-params=android.view.ViewGroup$LayoutParams@c976cca, tag=null, root-is-layout-requested=false, has-input-connection=false, x=0.0, y=167.0, text=Follow us on Twitter, input-type=0, ime-target=false, has-links=false} 
04-13 10:39:01.558 16783 16834 I DetoxActionHandlers: |
04-13 10:39:01.558 16783 16834 I DetoxActionHandlers: +----------->ReactTextView{id=205, visibility=VISIBLE, width=562, height=421, has-focus=false, has-focusable=false, has-window-focus=true, is-clickable=false, is-enabled=true, is-focused=false, is-focusable=false, is-layout-requested=false, is-selected=false, layout-params=android.view.ViewGroup$LayoutParams@ddb0e3b, tag=null, root-is-layout-requested=false, has-input-connection=false, x=374.0, y=24.0, text=Stay in touch with the community, join in on Q&As and more by following React Native on Twitter., input-type=0, ime-target=false, has-links=false} 
04-13 10:39:01.558 16783 16834 I DetoxActionHandlers: |
04-13 10:39:01.558 16783 16834 I DetoxActionHandlers: +->View{id=16908336, res-name=navigationBarBackground, visibility=VISIBLE, width=1080, height=144, has-focus=false, has-focusable=false, has-window-focus=true, is-clickable=false, is-enabled=true, is-focused=false, is-focusable=false, is-layout-requested=false, is-selected=false, layout-params=android.widget.FrameLayout$LayoutParams@a46eec9, tag=null, root-is-layout-requested=false, has-input-connection=false, x=0.0, y=1776.0} 
04-13 10:39:01.558 16783 16834 I DetoxActionHandlers: |
04-13 10:39:01.558 16783 16834 I DetoxActionHandlers: +->View{id=16908335, res-name=statusBarBackground, visibility=VISIBLE, width=1080, height=72, has-focus=false, has-focusable=false, has-window-focus=true, is-clickable=false, is-enabled=true, is-focused=false, is-focusable=false, is-layout-requested=false, is-selected=false, layout-params=android.widget.FrameLayout$LayoutParams@56b19ce, tag=null, root-is-layout-requested=false, has-input-connection=false, x=0.0, y=0.0} 
04-13 10:39:01.558 16783 16834 I DetoxActionHandlers: |
04-13 10:39:01.558 16783 16834 I DetoxActionHandlers: 	at dalvik.system.VMStack.getThreadStackTrace(Native Method)
04-13 10:39:01.558 16783 16834 I DetoxActionHandlers: 	at java.lang.Thread.getStackTrace(Thread.java:1736)
04-13 10:39:01.558 16783 16834 I DetoxActionHandlers: 	at androidx.test.espresso.base.DefaultFailureHandler.getUserFriendlyError(DefaultFailureHandler.java:96)
04-13 10:39:01.558 16783 16834 I DetoxActionHandlers: 	at androidx.test.espresso.base.DefaultFailureHandler.handle(DefaultFailureHandler.java:59)
04-13 10:39:01.558 16783 16834 I DetoxActionHandlers: 	at androidx.test.espresso.ViewInteraction.waitForAndHandleInteractionResults(ViewInteraction.java:322)
04-13 10:39:01.558 16783 16834 I DetoxActionHandlers: 	at androidx.test.espresso.ViewInteraction.desugaredPerform(ViewInteraction.java:178)
04-13 10:39:01.558 16783 16834 I DetoxActionHandlers: 	at androidx.test.espresso.ViewInteraction.perform(ViewInteraction.java:119)
04-13 10:39:01.558 16783 16834 I DetoxActionHandlers: 	at com.wix.detox.espresso.EspressoDetox.perform(EspressoDetox.java:38)
04-13 10:39:01.558 16783 16834 I DetoxActionHandlers: 	... 15 more
04-13 10:39:01.562 16783 16834 I WebSocketClient: At sendAction
04-13 10:39:01.565 16783 16834 D WebSocketClient: Detox Action Sent: testFailed
04-13 10:39:01.645 16783 16836 I WebSocketClient: At onMessage
04-13 10:39:01.645 16783 16836 I WebSocketClient: At receiveAction
04-13 10:39:01.645 16783 16836 D WebSocketClient: Detox Action Received: reactNativeReload
04-13 10:39:01.645 16783 16836 I DetoxManager: onAction: type: reactNativeReload params: {}
04-13 10:39:01.651 16783 16834 I DetoxRNExt: Reloading React Native
04-13 10:39:01.668 16783 16894 E ReactNativeJNI: logMarker CREATE_REACT_CONTEXT_END
04-13 10:39:01.668 16783 16893 E unknown:ReactNative: ReactInstanceManager.createReactContext: mJSIModulePackage null
04-13 10:39:01.674 16783 16894 E ReactNativeJNI: logMarker RUN_JS_BUNDLE_START
04-13 10:39:01.683 16783 16895 E unknown:ReactNative: ReactInstanceManager.attachRootViewToInstance()
04-13 10:39:01.685 16783 16895 W unknown:ViewManagerPropertyUpdater: Could not find generated setter for class com.facebook.react.views.art.ARTGroupViewManager
04-13 10:39:01.685 16783 16895 W unknown:ViewManagerPropertyUpdater: Could not find generated setter for class com.facebook.react.views.art.ARTGroupShadowNode
04-13 10:39:01.688 16783 16895 W unknown:ViewManagerPropertyUpdater: Could not find generated setter for class com.facebook.react.views.art.ARTShapeViewManager
04-13 10:39:01.688 16783 16895 W unknown:ViewManagerPropertyUpdater: Could not find generated setter for class com.facebook.react.views.art.ARTShapeShadowNode
04-13 10:39:01.689 16783 16895 W unknown:ViewManagerPropertyUpdater: Could not find generated setter for class com.facebook.react.views.art.ARTTextViewManager
04-13 10:39:01.689 16783 16895 W unknown:ViewManagerPropertyUpdater: Could not find generated setter for class com.facebook.react.views.art.ARTTextShadowNode
04-13 10:39:01.689 16783 16895 W unknown:ViewManagerPropertyUpdater: Could not find generated setter for class com.facebook.react.views.checkbox.ReactCheckBoxManager
04-13 10:39:01.695 16783 16895 W unknown:ViewManagerPropertyUpdater: Could not find generated setter for class com.facebook.react.uimanager.LayoutShadowNode
04-13 10:39:01.698 16783 16895 W unknown:ViewManagerPropertyUpdater: Could not find generated setter for class com.facebook.react.views.picker.ReactDialogPickerManager
04-13 10:39:01.700 16783 16895 W unknown:ViewManagerPropertyUpdater: Could not find generated setter for class com.facebook.react.views.drawer.ReactDrawerLayoutManager
04-13 10:39:01.701 16783 16895 W unknown:ViewManagerPropertyUpdater: Could not find generated setter for class com.facebook.react.views.picker.ReactDropdownPickerManager
04-13 10:39:01.702 16783 16895 W unknown:ViewManagerPropertyUpdater: Could not find generated setter for class com.facebook.react.views.scroll.ReactHorizontalScrollViewManager
04-13 10:39:01.704 16783 16895 W unknown:ViewManagerPropertyUpdater: Could not find generated setter for class com.facebook.react.views.scroll.ReactHorizontalScrollContainerViewManager
04-13 10:39:01.705 16783 16895 W unknown:ViewManagerPropertyUpdater: Could not find generated setter for class com.facebook.react.views.progressbar.ReactProgressBarViewManager
04-13 10:39:01.705 16783 16895 W unknown:ViewManagerPropertyUpdater: Could not find generated setter for class com.facebook.react.views.progressbar.ProgressBarShadowNode
04-13 10:39:01.706 16783 16895 W unknown:ViewManagerPropertyUpdater: Could not find generated setter for class com.facebook.react.views.scroll.ReactScrollViewManager
04-13 10:39:01.708 16783 16895 W unknown:ViewManagerPropertyUpdater: Could not find generated setter for class com.facebook.react.views.slider.ReactSliderManager
04-13 10:39:01.708 16783 16895 W unknown:ViewManagerPropertyUpdater: Could not find generated setter for class com.facebook.react.views.slider.ReactSliderManager$ReactSliderShadowNode
04-13 10:39:01.709 16783 16895 W unknown:ViewManagerPropertyUpdater: Could not find generated setter for class com.facebook.react.views.switchview.ReactSwitchManager
04-13 10:39:01.710 16783 16895 W unknown:ViewManagerPropertyUpdater: Could not find generated setter for class com.facebook.react.views.switchview.ReactSwitchManager$ReactSwitchShadowNode
04-13 10:39:01.710 16783 16895 W unknown:ViewManagerPropertyUpdater: Could not find generated setter for class com.facebook.react.views.swiperefresh.SwipeRefreshLayoutManager
04-13 10:39:01.712 16783 16895 W unknown:ViewManagerPropertyUpdater: Could not find generated setter for class com.facebook.react.views.art.ARTSurfaceViewManager
04-13 10:39:01.712 16783 16895 W unknown:ViewManagerPropertyUpdater: Could not find generated setter for class com.facebook.react.views.art.ARTSurfaceViewShadowNode
04-13 10:39:01.713 16783 16895 W unknown:ViewManagerPropertyUpdater: Could not find generated setter for class com.facebook.react.views.text.frescosupport.FrescoBasedReactTextInlineImageViewManager
04-13 10:39:01.713 16783 16895 W unknown:ViewManagerPropertyUpdater: Could not find generated setter for class com.facebook.react.views.text.frescosupport.FrescoBasedReactTextInlineImageShadowNode
04-13 10:39:01.714 16783 16895 W unknown:ViewManagerPropertyUpdater: Could not find generated setter for class com.facebook.react.views.image.ReactImageManager
04-13 10:39:01.716 16783 16895 W unknown:ViewManagerPropertyUpdater: Could not find generated setter for class com.facebook.react.views.modal.ReactModalHostManager
04-13 10:39:01.716 16783 16895 W unknown:ViewManagerPropertyUpdater: Could not find generated setter for class com.facebook.react.views.modal.ModalHostShadowNode
04-13 10:39:01.717 16783 16895 W unknown:ViewManagerPropertyUpdater: Could not find generated setter for class com.facebook.react.views.text.ReactRawTextManager
04-13 10:39:01.717 16783 16895 W unknown:ViewManagerPropertyUpdater: Could not find generated setter for class com.facebook.react.views.text.ReactRawTextShadowNode
04-13 10:39:01.717 16783 16895 W unknown:ViewManagerPropertyUpdater: Could not find generated setter for class com.facebook.react.views.textinput.ReactTextInputManager
04-13 10:39:01.722 16783 16895 W unknown:ViewManagerPropertyUpdater: Could not find generated setter for class com.facebook.react.views.textinput.ReactTextInputShadowNode
04-13 10:39:01.726 16783 16895 W unknown:ViewManagerPropertyUpdater: Could not find generated setter for class com.facebook.react.views.text.ReactTextViewManager
04-13 10:39:01.736 16783 16895 W unknown:ViewManagerPropertyUpdater: Could not find generated setter for class com.facebook.react.views.text.ReactTextShadowNode
04-13 10:39:01.738 16783 16895 W unknown:ViewManagerPropertyUpdater: Could not find generated setter for class com.facebook.react.views.view.ReactViewManager
04-13 10:39:01.741 16783 16895 W unknown:ViewManagerPropertyUpdater: Could not find generated setter for class com.facebook.react.views.viewpager.ReactViewPagerManager
04-13 10:39:01.743 16783 16895 W unknown:ViewManagerPropertyUpdater: Could not find generated setter for class com.facebook.react.views.text.ReactVirtualTextViewManager
04-13 10:39:01.743 16783 16895 W unknown:ViewManagerPropertyUpdater: Could not find generated setter for class com.facebook.react.views.text.ReactVirtualTextShadowNode
04-13 10:39:01.744 16783 16895 E unknown:ReactRootView: runApplication: call AppRegistry.runApplication
04-13 10:39:01.745 16783 16783 I DetoxRNLoading: Got new RN-context async'ly through listener
04-13 10:39:01.745 16783 16834 I DetoxRNIdleRes: Setting up Espresso Idling Resources for React Native.
04-13 10:39:01.747 16783 16834 D AsyncStorageIR: Checking whether a custom IR for Async-Storage is required... (legacy=false)
04-13 10:39:01.747 16783 16834 D DetoxRNHelpers: Native module not resolved: no such class
04-13 10:39:01.747 16783 16834 D AsyncStorageIR: Checking whether a custom IR for Async-Storage is required... (legacy=true)
04-13 10:39:01.748 16783 16834 D AsyncStorageIR: IR for Async-Storage is required! (legacy=true)
04-13 10:39:01.750 16783 16783 I Detox   : UIManagerModule is busy
04-13 10:39:01.751 16783 16783 D AsyncStorageIRLegacy: Async-storage is busy!
04-13 10:39:01.756 16783 16834 I WebSocketClient: At sendAction
04-13 10:39:01.757 16783 16834 D WebSocketClient: Detox Action Sent: ready
04-13 10:39:01.764 16783 16836 I WebSocketClient: At onMessage
04-13 10:39:01.764 16783 16836 I WebSocketClient: At receiveAction
04-13 10:39:01.764 16783 16836 D WebSocketClient: Detox Action Received: invoke
04-13 10:39:01.765 16783 16836 I DetoxManager: onAction: type: invoke params: {"target":{"type":"Class","value":"com.wix.detox.espresso.EspressoDetox"},"method":"perform","args":[{"type":"Invocation","value":{"target":{"type":"Class","value":"androidx.test.espresso.Espresso"},"method":"onView","args":[{"type":"Invocation","value":{"target":{"type":"Class","value":"com.wix.detox.espresso.DetoxMatcher"},"method":"matcherForTestId","args":["world_button"]}}]}},{"type":"Invocation","value":{"target":{"type":"Class","value":"com.wix.detox.espresso.DetoxViewActions"},"method":"click","args":[]}}]}
