--------- beginning of main
04-13 12:09:56.313 25808 25808 I Detox   : Wait is over: app is now idle!
04-13 12:09:56.327 25808 25860 I WebSocketClient: At sendAction
04-13 12:09:56.330 25808 25860 D WebSocketClient: Detox Action Sent: ready
04-13 12:09:56.340 25808 25860 I WebSocketClient: At onMessage
04-13 12:09:56.341 25808 25860 I WebSocketClient: At receiveAction
04-13 12:09:56.345 25808 25860 D WebSocketClient: Detox Action Received: loginSuccess
04-13 12:09:56.345 25808 25860 I DetoxManager: onAction: type: loginSuccess params: {"testerConnected":true,"appConnected":true}
04-13 12:09:56.347 25808 25860 I WebSocketClient: At onMessage
04-13 12:09:56.348 25808 25860 I WebSocketClient: At receiveAction
04-13 12:09:56.350 25808 25860 D WebSocketClient: Detox Action Received: isReady
04-13 12:09:56.351 25808 25860 I DetoxManager: onAction: type: isReady params: {}
04-13 12:09:56.395 25808 25808 I Detox   : Wait is over: app is now idle!
04-13 12:09:56.395 25808 25855 I WebSocketClient: At sendAction
04-13 12:09:56.396 25808 25855 D WebSocketClient: Detox Action Sent: ready
04-13 12:09:56.459 25808 25860 I WebSocketClient: At onMessage
04-13 12:09:56.459 25808 25860 I WebSocketClient: At receiveAction
04-13 12:09:56.459 25808 25860 D WebSocketClient: Detox Action Received: invoke
04-13 12:09:56.460 25808 25860 I DetoxManager: onAction: type: invoke params: {"target":{"type":"Class","value":"com.wix.detox.espresso.DetoxAssertion"},"method":"assertMatcher","args":[{"type":"Invocation","value":{"target":{"type":"Class","value":"androidx.test.espresso.Espresso"},"method":"onView","args":[{"type":"Invocation","value":{"target":{"type":"Class","value":"com.wix.detox.espresso.DetoxMatcher"},"method":"matcherForTestId","args":["successInitButton"]}}]}},{"type":"Invocation","value":{"target":{"type":"Class","value":"com.wix.detox.espresso.DetoxMatcher"},"method":"matcherForSufficientlyVisible","args":[]}}]}
04-13 12:09:56.495 25808 25855 D Detox   : class com.wix.detox.espresso.DetoxMatcher, matcherForTestId, [successInitButton]
04-13 12:09:56.581 25808 25855 D Detox   : class androidx.test.espresso.Espresso, onView, [(with tag value: is "successInitButton" and view has effective visibility=VISIBLE)]
04-13 12:09:56.586 25808 25855 D Detox   : class com.wix.detox.espresso.DetoxMatcher, matcherForSufficientlyVisible, []
04-13 12:09:56.589 25808 25855 D Detox   : class com.wix.detox.espresso.DetoxAssertion, assertMatcher, [androidx.test.espresso.ViewInteraction@a74700a, at least 75 percent of the view's area is displayed to the user.]
04-13 12:09:56.667 25808 25808 I ViewInteraction: Checking 'MatchesViewAssertion(Detox){viewMatcher=at least 75 percent of the view's area is displayed to the user.}' assertion on view (with tag value: is "successInitButton" and view has effective visibility=VISIBLE)
04-13 12:09:56.674 25808 25855 I WebSocketClient: At sendAction
04-13 12:09:56.675 25808 25855 D WebSocketClient: Detox Action Sent: invokeResult
04-13 12:09:56.689 25808 25860 I WebSocketClient: At onMessage
04-13 12:09:56.690 25808 25860 I WebSocketClient: At receiveAction
04-13 12:09:56.692 25808 25860 D WebSocketClient: Detox Action Received: invoke
04-13 12:09:56.693 25808 25860 I DetoxManager: onAction: type: invoke params: {"target":{"type":"Class","value":"com.wix.detox.espresso.EspressoDetox"},"method":"perform","args":[{"type":"Invocation","value":{"target":{"type":"Class","value":"androidx.test.espresso.Espresso"},"method":"onView","args":[{"type":"Invocation","value":{"target":{"type":"Class","value":"com.wix.detox.espresso.DetoxMatcher"},"method":"matcherForTestId","args":["successInitButton"]}}]}},{"type":"Invocation","value":{"target":{"type":"Class","value":"com.wix.detox.espresso.DetoxViewActions"},"method":"click","args":[]}}]}
04-13 12:09:56.695 25808 25855 D Detox   : class com.wix.detox.espresso.DetoxMatcher, matcherForTestId, [successInitButton]
04-13 12:09:56.696 25808 25855 D Detox   : class androidx.test.espresso.Espresso, onView, [(with tag value: is "successInitButton" and view has effective visibility=VISIBLE)]
04-13 12:09:56.697 25808 25855 D Detox   : class com.wix.detox.espresso.DetoxViewActions, click, []
04-13 12:09:56.716 25808 25855 D Detox   : class com.wix.detox.espresso.EspressoDetox, perform, [androidx.test.espresso.ViewInteraction@3580e98, com.wix.detox.espresso.action.RNClickAction@280b6f1]
04-13 12:09:56.731 25808 25808 I ViewInteraction: Performing 'com.wix.detox.espresso.action.detoxsingletap@7f182d6 click' action on view (with tag value: is "successInitButton" and view has effective visibility=VISIBLE)
04-13 12:09:56.940 25808 25852 D AppsFlyer_6.2.0: Initializing AppsFlyer SDK: (v6.2.0.91)
04-13 12:09:57.426 25808 25885 I TetheringManager: registerTetheringEventCallback:com.detoxtest
04-13 12:09:57.580 25808 25855 I WebSocketClient: At sendAction
04-13 12:09:57.580 25808 25855 D WebSocketClient: Detox Action Sent: invokeResult
04-13 12:09:57.590 25808 25860 I WebSocketClient: At onMessage
04-13 12:09:57.591 25808 25860 I WebSocketClient: At receiveAction
04-13 12:09:57.592 25808 25860 D WebSocketClient: Detox Action Received: invoke
04-13 12:09:57.592 25808 25860 I DetoxManager: onAction: type: invoke params: {"target":{"type":"Class","value":"com.wix.detox.espresso.DetoxAssertion"},"method":"assertMatcher","args":[{"type":"Invocation","value":{"target":{"type":"Class","value":"androidx.test.espresso.Espresso"},"method":"onView","args":[{"type":"Invocation","value":{"target":{"type":"Class","value":"com.wix.detox.espresso.DetoxMatcher"},"method":"matcherForTestId","args":["successInitResult"]}}]}},{"type":"Invocation","value":{"target":{"type":"Class","value":"com.wix.detox.espresso.DetoxMatcher"},"method":"matcherForText","args":["Success"]}}]}
04-13 12:09:57.594 25808 25855 D Detox   : class com.wix.detox.espresso.DetoxMatcher, matcherForTestId, [successInitResult]
04-13 12:09:57.597 25808 25855 D Detox   : class androidx.test.espresso.Espresso, onView, [(with tag value: is "successInitResult" and view has effective visibility=VISIBLE)]
04-13 12:09:57.597 25808 25855 D Detox   : class com.wix.detox.espresso.DetoxMatcher, matcherForText, [Success]
04-13 12:09:57.599 25808 25855 D Detox   : class com.wix.detox.espresso.DetoxAssertion, assertMatcher, [androidx.test.espresso.ViewInteraction@fa081d1, (with text: is "Success" and view has effective visibility=VISIBLE)]
04-13 12:09:57.615 25808 25808 I ViewInteraction: Checking 'MatchesViewAssertion(Detox){viewMatcher=(with text: is "Success" and view has effective visibility=VISIBLE)}' assertion on view (with tag value: is "successInitResult" and view has effective visibility=VISIBLE)
04-13 12:09:57.616 25808 25855 I WebSocketClient: At sendAction
04-13 12:09:57.618 25808 25855 D WebSocketClient: Detox Action Sent: invokeResult
