--------- beginning of main
04-13 11:19:00.037 19149 19202 I WebSocketClient: At onMessage
04-13 11:19:00.038 19149 19202 I WebSocketClient: At receiveAction
04-13 11:19:00.038 19149 19202 D WebSocketClient: Detox Action Received: reactNativeReload
04-13 11:19:00.038 19149 19202 I DetoxManager: onAction: type: reactNativeReload params: {}
04-13 11:19:00.043 19149 19196 I DetoxRNExt: Reloading React Native
04-13 11:19:00.060 19149 19215 E unknown:ReactNative: ReactInstanceManager.createReactContext: mJSIModulePackage null
04-13 11:19:00.060 19149 19216 E ReactNativeJNI: logMarker CREATE_REACT_CONTEXT_END
04-13 11:19:00.066 19149 19216 E ReactNativeJNI: logMarker RUN_JS_BUNDLE_START
04-13 11:19:00.067 19149 19217 E unknown:ReactNative: ReactInstanceManager.attachRootViewToInstance()
04-13 11:19:00.071 19149 19217 W unknown:ViewManagerPropertyUpdater: Could not find generated setter for class com.facebook.react.views.art.ARTGroupViewManager
04-13 11:19:00.072 19149 19217 W unknown:ViewManagerPropertyUpdater: Could not find generated setter for class com.facebook.react.views.art.ARTGroupShadowNode
04-13 11:19:00.072 19149 19217 W unknown:ViewManagerPropertyUpdater: Could not find generated setter for class com.facebook.react.views.art.ARTShapeViewManager
04-13 11:19:00.072 19149 19217 W unknown:ViewManagerPropertyUpdater: Could not find generated setter for class com.facebook.react.views.art.ARTShapeShadowNode
04-13 11:19:00.073 19149 19217 W unknown:ViewManagerPropertyUpdater: Could not find generated setter for class com.facebook.react.views.art.ARTTextViewManager
04-13 11:19:00.073 19149 19217 W unknown:ViewManagerPropertyUpdater: Could not find generated setter for class com.facebook.react.views.art.ARTTextShadowNode
04-13 11:19:00.074 19149 19217 W unknown:ViewManagerPropertyUpdater: Could not find generated setter for class com.facebook.react.views.checkbox.ReactCheckBoxManager
04-13 11:19:00.077 19149 19217 W unknown:ViewManagerPropertyUpdater: Could not find generated setter for class com.facebook.react.uimanager.LayoutShadowNode
04-13 11:19:00.080 19149 19217 W unknown:ViewManagerPropertyUpdater: Could not find generated setter for class com.facebook.react.views.picker.ReactDialogPickerManager
04-13 11:19:00.081 19149 19217 W unknown:ViewManagerPropertyUpdater: Could not find generated setter for class com.facebook.react.views.drawer.ReactDrawerLayoutManager
04-13 11:19:00.082 19149 19217 W unknown:ViewManagerPropertyUpdater: Could not find generated setter for class com.facebook.react.views.picker.ReactDropdownPickerManager
04-13 11:19:00.083 19149 19217 W unknown:ViewManagerPropertyUpdater: Could not find generated setter for class com.facebook.react.views.scroll.ReactHorizontalScrollViewManager
04-13 11:19:00.086 19149 19217 W unknown:ViewManagerPropertyUpdater: Could not find generated setter for class com.facebook.react.views.scroll.ReactHorizontalScrollContainerViewManager
04-13 11:19:00.087 19149 19217 W unknown:ViewManagerPropertyUpdater: Could not find generated setter for class com.facebook.react.views.progressbar.ReactProgressBarViewManager
04-13 11:19:00.088 19149 19217 W unknown:ViewManagerPropertyUpdater: Could not find generated setter for class com.facebook.react.views.progressbar.ProgressBarShadowNode
04-13 11:19:00.088 19149 19217 W unknown:ViewManagerPropertyUpdater: Could not find generated setter for class com.facebook.react.views.scroll.ReactScrollViewManager
04-13 11:19:00.090 19149 19217 W unknown:ViewManagerPropertyUpdater: Could not find generated setter for class com.facebook.react.views.slider.ReactSliderManager
04-13 11:19:00.091 19149 19217 W unknown:ViewManagerPropertyUpdater: Could not find generated setter for class com.facebook.react.views.slider.ReactSliderManager$ReactSliderShadowNode
04-13 11:19:00.091 19149 19217 W unknown:ViewManagerPropertyUpdater: Could not find generated setter for class com.facebook.react.views.switchview.ReactSwitchManager
04-13 11:19:00.092 19149 19217 W unknown:ViewManagerPropertyUpdater: Could not find generated setter for class com.facebook.react.views.switchview.ReactSwitchManager$ReactSwitchShadowNode
04-13 11:19:00.092 19149 19217 W unknown:ViewManagerPropertyUpdater: Could not find generated setter for class com.facebook.react.views.swiperefresh.SwipeRefreshLayoutManager
04-13 11:19:00.092 19149 19217 W unknown:ViewManagerPropertyUpdater: Could not find generated setter for class com.facebook.react.views.art.ARTSurfaceViewManager
04-13 11:19:00.092 19149 19217 W unknown:ViewManagerPropertyUpdater: Could not find generated setter for class com.facebook.react.views.art.ARTSurfaceViewShadowNode
04-13 11:19:00.092 19149 19217 W unknown:ViewManagerPropertyUpdater: Could not find generated setter for class com.facebook.react.views.text.frescosupport.FrescoBasedReactTextInlineImageViewManager
04-13 11:19:00.093 19149 19217 W unknown:ViewManagerPropertyUpdater: Could not find generated setter for class com.facebook.react.views.text.frescosupport.FrescoBasedReactTextInlineImageShadowNode
04-13 11:19:00.093 19149 19217 W unknown:ViewManagerPropertyUpdater: Could not find generated setter for class com.facebook.react.views.image.ReactImageManager
04-13 11:19:00.093 19149 19217 W unknown:ViewManagerPropertyUpdater: Could not find generated setter for class com.facebook.react.views.modal.ReactModalHostManager
04-13 11:19:00.094 19149 19217 W unknown:ViewManagerPropertyUpdater: Could not find generated setter for class com.facebook.react.views.modal.ModalHostShadowNode
04-13 11:19:00.094 19149 19217 W unknown:ViewManagerPropertyUpdater: Could not find generated setter for class com.facebook.react.views.text.ReactRawTextManager
04-13 11:19:00.094 19149 19217 W unknown:ViewManagerPropertyUpdater: Could not find generated setter for class com.facebook.react.views.text.ReactRawTextShadowNode
04-13 11:19:00.094 19149 19217 W unknown:ViewManagerPropertyUpdater: Could not find generated setter for class com.facebook.react.views.textinput.ReactTextInputManager
04-13 11:19:00.096 19149 19217 W unknown:ViewManagerPropertyUpdater: Could not find generated setter for class com.facebook.react.views.textinput.ReactTextInputShadowNode
04-13 11:19:00.097 19149 19217 W unknown:ViewManagerPropertyUpdater: Could not find generated setter for class com.facebook.react.views.text.ReactTextViewManager
04-13 11:19:00.098 19149 19217 W unknown:ViewManagerPropertyUpdater: Could not find generated setter for class com.facebook.react.views.text.ReactTextShadowNode
04-13 11:19:00.098 19149 19217 W unknown:ViewManagerPropertyUpdater: Could not find generated setter for class com.facebook.react.views.view.ReactViewManager
04-13 11:19:00.099 19149 19217 W unknown:ViewManagerPropertyUpdater: Could not find generated setter for class com.facebook.react.views.viewpager.ReactViewPagerManager
04-13 11:19:00.100 19149 19217 W unknown:ViewManagerPropertyUpdater: Could not find generated setter for class com.facebook.react.views.text.ReactVirtualTextViewManager
04-13 11:19:00.100 19149 19217 W unknown:ViewManagerPropertyUpdater: Could not find generated setter for class com.facebook.react.views.text.ReactVirtualTextShadowNode
04-13 11:19:00.101 19149 19217 E unknown:ReactRootView: runApplication: call AppRegistry.runApplication
04-13 11:19:00.102 19149 19149 I DetoxRNLoading: Got new RN-context async'ly through listener
04-13 11:19:00.102 19149 19196 I DetoxRNIdleRes: Setting up Espresso Idling Resources for React Native.
04-13 11:19:00.104 19149 19196 D AsyncStorageIR: Checking whether a custom IR for Async-Storage is required... (legacy=false)
04-13 11:19:00.104 19149 19196 D DetoxRNHelpers: Native module not resolved: no such class
04-13 11:19:00.104 19149 19196 D AsyncStorageIR: Checking whether a custom IR for Async-Storage is required... (legacy=true)
04-13 11:19:00.104 19149 19196 D AsyncStorageIR: IR for Async-Storage is required! (legacy=true)
04-13 11:19:00.105 19149 19149 I Detox   : UIManagerModule is busy
04-13 11:19:00.105 19149 19149 D AsyncStorageIRLegacy: Async-storage is busy!
04-13 11:19:00.106 19149 19196 I WebSocketClient: At sendAction
04-13 11:19:00.107 19149 19196 D WebSocketClient: Detox Action Sent: ready
04-13 11:19:00.112 19149 19202 I WebSocketClient: At onMessage
04-13 11:19:00.112 19149 19202 I WebSocketClient: At receiveAction
04-13 11:19:00.113 19149 19202 D WebSocketClient: Detox Action Received: invoke
04-13 11:19:00.113 19149 19202 I DetoxManager: onAction: type: invoke params: {"target":{"type":"Class","value":"com.wix.detox.espresso.DetoxAssertion"},"method":"assertMatcher","args":[{"type":"Invocation","value":{"target":{"type":"Class","value":"androidx.test.espresso.Espresso"},"method":"onView","args":[{"type":"Invocation","value":{"target":{"type":"Class","value":"com.wix.detox.espresso.DetoxMatcher"},"method":"matcherForTestId","args":["initButton"]}}]}},{"type":"Invocation","value":{"target":{"type":"Class","value":"com.wix.detox.espresso.DetoxMatcher"},"method":"matcherForSufficientlyVisible","args":[]}}]}
04-13 11:19:00.131 19149 19196 D Detox   : class com.wix.detox.espresso.DetoxMatcher, matcherForTestId, [initButton]
04-13 11:19:00.147 19149 19149 E unknown:ReactNative: Unable to launch logbox because react was unable to create the root view
04-13 11:19:00.152 19149 19196 D Detox   : class androidx.test.espresso.Espresso, onView, [(with tag value: is "initButton" and view has effective visibility=VISIBLE)]
04-13 11:19:00.153 19149 19196 D Detox   : class com.wix.detox.espresso.DetoxMatcher, matcherForSufficientlyVisible, []
04-13 11:19:00.154 19149 19196 D Detox   : class com.wix.detox.espresso.DetoxAssertion, assertMatcher, [androidx.test.espresso.ViewInteraction@7f182d6, at least 75 percent of the view's area is displayed to the user.]
04-13 11:19:00.161 19149 19216 E ReactNativeJNI: logMarker RUN_JS_BUNDLE_END
04-13 11:19:00.162 19149 19216 I ReactNativeJS: Running "detoxTest" with {"rootTag":11}
04-13 11:19:00.407 19149 19149 I ViewInteraction: Checking 'MatchesViewAssertion(Detox){viewMatcher=at least 75 percent of the view's area is displayed to the user.}' assertion on view (with tag value: is "initButton" and view has effective visibility=VISIBLE)
04-13 11:19:00.408 19149 19196 I WebSocketClient: At sendAction
04-13 11:19:00.409 19149 19196 D WebSocketClient: Detox Action Sent: invokeResult
04-13 11:19:00.419 19149 19202 I WebSocketClient: At onMessage
04-13 11:19:00.419 19149 19202 I WebSocketClient: At receiveAction
04-13 11:19:00.419 19149 19202 D WebSocketClient: Detox Action Received: invoke
04-13 11:19:00.419 19149 19202 I DetoxManager: onAction: type: invoke params: {"target":{"type":"Class","value":"com.wix.detox.espresso.EspressoDetox"},"method":"perform","args":[{"type":"Invocation","value":{"target":{"type":"Class","value":"androidx.test.espresso.Espresso"},"method":"onView","args":[{"type":"Invocation","value":{"target":{"type":"Class","value":"com.wix.detox.espresso.DetoxMatcher"},"method":"matcherForTestId","args":["initButton"]}}]}},{"type":"Invocation","value":{"target":{"type":"Class","value":"com.wix.detox.espresso.DetoxViewActions"},"method":"click","args":[]}}]}
04-13 11:19:00.420 19149 19196 D Detox   : class com.wix.detox.espresso.DetoxMatcher, matcherForTestId, [initButton]
04-13 11:19:00.420 19149 19196 D Detox   : class androidx.test.espresso.Espresso, onView, [(with tag value: is "initButton" and view has effective visibility=VISIBLE)]
04-13 11:19:00.420 19149 19196 D Detox   : class com.wix.detox.espresso.DetoxViewActions, click, []
04-13 11:19:00.430 19149 19196 D Detox   : class com.wix.detox.espresso.EspressoDetox, perform, [androidx.test.espresso.ViewInteraction@c1cee6b, com.wix.detox.espresso.action.RNClickAction@ab84dc8]
04-13 11:19:00.436 19149 19149 I ViewInteraction: Performing 'com.wix.detox.espresso.action.detoxsingletap@8dc3e61 click' action on view (with tag value: is "initButton" and view has effective visibility=VISIBLE)
