--------- beginning of main
04-13 12:05:48.407 25526 25526 W com.detoxtest: Unexpected CPU variant for X86 using defaults: x86
04-13 12:05:48.411 25526 25526 E com.detoxtest: Not starting debugger since process cannot load the jdwp agent.
--------- beginning of system
04-13 12:05:48.444 25526 25526 W ActivityThread: Package uses different ABI(s) than its instrumentation: package[com.detoxtest]: x86, null instrumentation[com.detoxtest.test]: null, null
04-13 12:05:48.448 25526 25526 I com.detoxtest: The ClassLoaderContext is a special shared library.
04-13 12:05:48.453 25526 25526 I chatty  : uid=10288(com.detoxtest) identical 2 lines
04-13 12:05:48.454 25526 25526 I com.detoxtest: The ClassLoaderContext is a special shared library.
04-13 12:05:48.520 25526 25526 W com.detoxtest: ClassLoaderContext classpath size mismatch. expected=0, found=4 (PCL[]{PCL[/system/framework/android.test.base.jar*84046222]} | PCL[/system/framework/android.test.runner.jar*2838042966:/system/framework/android.test.mock.jar*2353512044:/system/framework/android.test.base.jar*84046222:/data/app/~~1q2PJi0kRlFKR6L1qbe29w==/com.detoxtest.test-OE40W3lVu68QV6x2t1SgwA==/base.apk*3736732199]{PCL[/system/framework/android.test.base.jar*84046222]})
04-13 12:05:48.537 25526 25526 I com.detoxtest: The ClassLoaderContext is a special shared library.
04-13 12:05:48.541 25526 25526 I chatty  : uid=10288(com.detoxtest) identical 3 lines
04-13 12:05:48.542 25526 25526 I com.detoxtest: The ClassLoaderContext is a special shared library.
04-13 12:05:48.598 25526 25526 W com.detoxtest: ClassLoaderContext classpath size mismatch. expected=0, found=4 (PCL[]{PCL[/system/framework/android.test.base.jar*84046222]} | PCL[/system/framework/android.test.runner.jar*2838042966:/system/framework/android.test.mock.jar*2353512044:/system/framework/android.test.base.jar*84046222:/data/app/~~1q2PJi0kRlFKR6L1qbe29w==/com.detoxtest.test-OE40W3lVu68QV6x2t1SgwA==/base.apk*3736732199]{PCL[/system/framework/android.test.base.jar*84046222]#PCL[/system/framework/android.test.mock.jar*2353512044]{PCL[/system/framework/android.test.base.jar*84046222]}#PCL[/system/framework/android.test.runner.jar*2838042966]{PCL[/system/framework/android.test.base.jar*84046222]#PCL[/system/framework/android.test.mock.jar*2353512044]{PCL[/system/framework/android.test.base.jar*84046222]}}};PCL[/system/framework/android.test.runner.jar*2838042966:/system/framework/android.test.mock.jar*2353512044:/system/framework/android.test.base.jar*84046222:/data/app/~~1q2PJi0kRlFKR6L1qbe29w==/com.detoxtest.test-OE40W3lVu68QV6x2t1SgwA==/base.apk*3736732199:/data/app/~~fOPlDTiv59IUtI6uNzwIiQ==/com.detoxtest-3zbeYO-aKYtEpLCrzxi16w==/base.apk*4000934944]{PCL[/system/framework/android.test.base.jar*84046222]})
04-13 12:05:48.598 25526 25526 W com.detoxtest: Found duplicate classes, falling back to extracting from APK : /data/app/~~fOPlDTiv59IUtI6uNzwIiQ==/com.detoxtest-3zbeYO-aKYtEpLCrzxi16w==/base.apk
04-13 12:05:48.598 25526 25526 W com.detoxtest: NOTE: This wastes RAM and hurts startup performance.
04-13 12:05:48.598 25526 25526 W com.detoxtest: Found duplicated class when checking oat files: 'Landroid/support/v4/app/INotificationSideChannel$Stub$Proxy;' in /data/app/~~fOPlDTiv59IUtI6uNzwIiQ==/com.detoxtest-3zbeYO-aKYtEpLCrzxi16w==/base.apk and /data/app/~~fOPlDTiv59IUtI6uNzwIiQ==/com.detoxtest-3zbeYO-aKYtEpLCrzxi16w==/base.apk
04-13 12:05:48.598 25526 25526 W com.detoxtest: 
04-13 12:05:48.691 25526 25526 D NetworkSecurityConfig: Using Network Security Config from resource network_security_config debugBuild: false
04-13 12:05:48.692 25526 25526 D NetworkSecurityConfig: Using Network Security Config from resource network_security_config debugBuild: false
04-13 12:05:48.704 25526 25526 I MonitoringInstr: Instrumentation started!
04-13 12:05:48.707 25526 25526 I MonitoringInstr: Setting context classloader to 'dalvik.system.PathClassLoader[DexPathList[[zip file "/system/framework/android.test.runner.jar", zip file "/system/framework/android.test.mock.jar", zip file "/system/framework/android.test.base.jar", zip file "/data/app/~~1q2PJi0kRlFKR6L1qbe29w==/com.detoxtest.test-OE40W3lVu68QV6x2t1SgwA==/base.apk", zip file "/data/app/~~fOPlDTiv59IUtI6uNzwIiQ==/com.detoxtest-3zbeYO-aKYtEpLCrzxi16w==/base.apk"],nativeLibraryDirectories=[/data/app/~~1q2PJi0kRlFKR6L1qbe29w==/com.detoxtest.test-OE40W3lVu68QV6x2t1SgwA==/lib/x86, /data/app/~~fOPlDTiv59IUtI6uNzwIiQ==/com.detoxtest-3zbeYO-aKYtEpLCrzxi16w==/lib/x86, /data/app/~~1q2PJi0kRlFKR6L1qbe29w==/com.detoxtest.test-OE40W3lVu68QV6x2t1SgwA==/base.apk!/lib/x86, /data/app/~~fOPlDTiv59IUtI6uNzwIiQ==/com.detoxtest-3zbeYO-aKYtEpLCrzxi16w==/base.apk!/lib/x86, /system/lib, /system_ext/lib, /product/lib]]]', Original: 'dalvik.system.PathClassLoader[DexPathList[[zip file "/system/framework/android.test.runner.jar", zip file "/system/framework/android.test.mock.jar", zip file "/system/framework/android.test.base.jar", zip file "/data/app/~~1q2PJi0kRlFKR6L1qbe29w==/com.detoxtest.test-OE40W3lVu68QV6x2t1SgwA==/base.apk", zip file "/data/app/~~fOPlDTiv59IUtI6uNzwIiQ==/com.detoxtest-3zbeYO-aKYtEpLCrzxi16w==/base.apk"],nativeLibraryDirectories=[/data/app/~~1q2PJi0kRlFKR6L1qbe29w==/com.detoxtest.test-OE40W3lVu68QV6x2t1SgwA==/lib/x86, /data/app/~~fOPlDTiv59IUtI6uNzwIiQ==/com.detoxtest-3zbeYO-aKYtEpLCrzxi16w==/lib/x86, /data/app/~~1q2PJi0kRlFKR6L1qbe29w==/com.detoxtest.test-OE40W3lVu68QV6x2t1SgwA==/base.apk!/lib/x86, /data/app/~~fOPlDTiv59IUtI6uNzwIiQ==/com.detoxtest-3zbeYO-aKYtEpLCrzxi16w==/base.apk!/lib/x86, /system/lib, /system_ext/lib, /product/lib]]]'
04-13 12:05:48.710 25526 25526 D SoLoader: init start
04-13 12:05:48.710 25526 25526 D SoLoader: adding system library source: /vendor/lib
04-13 12:05:48.711 25526 25526 D SoLoader: adding system library source: /system/lib
04-13 12:05:48.711 25526 25526 D SoLoader: adding application source: com.facebook.soloader.DirectorySoSource[root = /data/app/~~fOPlDTiv59IUtI6uNzwIiQ==/com.detoxtest-3zbeYO-aKYtEpLCrzxi16w==/lib/x86 flags = 0]
04-13 12:05:48.712 25526 25526 D SoLoader: adding backup source from : com.facebook.soloader.ApkSoSource[root = /data/user/0/com.detoxtest/lib-main flags = 1]
04-13 12:05:48.712 25526 25526 D SoLoader: Preparing SO source: com.facebook.soloader.DirectorySoSource[root = /system/lib flags = 2]
04-13 12:05:48.712 25526 25526 D SoLoader: Preparing SO source: com.facebook.soloader.DirectorySoSource[root = /vendor/lib flags = 2]
04-13 12:05:48.712 25526 25526 D SoLoader: Preparing SO source: com.facebook.soloader.DirectorySoSource[root = /data/app/~~fOPlDTiv59IUtI6uNzwIiQ==/com.detoxtest-3zbeYO-aKYtEpLCrzxi16w==/lib/x86 flags = 0]
04-13 12:05:48.713 25526 25526 D SoLoader: Preparing SO source: com.facebook.soloader.ApkSoSource[root = /data/user/0/com.detoxtest/lib-main flags = 1]
04-13 12:05:48.715 25526 25526 V fb-UnpackingSoSource: locked dso store /data/user/0/com.detoxtest/lib-main
04-13 12:05:48.717 25526 25526 V fb-UnpackingSoSource: deps mismatch on deps store: regenerating
04-13 12:05:48.717 25526 25526 V fb-UnpackingSoSource: so store dirty: regenerating
04-13 12:05:48.733 25526 25526 D ApkSoSource: not allowing consideration of lib/x86/libc++_shared.so: deferring to libdir
04-13 12:05:48.734 25526 25526 D ApkSoSource: not allowing consideration of lib/x86/libfb.so: deferring to libdir
04-13 12:05:48.734 25526 25526 D ApkSoSource: not allowing consideration of lib/x86/libfbjni.so: deferring to libdir
04-13 12:05:48.734 25526 25526 D ApkSoSource: not allowing consideration of lib/x86/libfolly_futures.so: deferring to libdir
04-13 12:05:48.734 25526 25526 D ApkSoSource: not allowing consideration of lib/x86/libfolly_json.so: deferring to libdir
04-13 12:05:48.734 25526 25526 D ApkSoSource: not allowing consideration of lib/x86/libglog.so: deferring to libdir
04-13 12:05:48.735 25526 25526 D ApkSoSource: not allowing consideration of lib/x86/libglog_init.so: deferring to libdir
04-13 12:05:48.735 25526 25526 D ApkSoSource: not allowing consideration of lib/x86/libhermes-executor-debug.so: deferring to libdir
04-13 12:05:48.735 25526 25526 D ApkSoSource: not allowing consideration of lib/x86/libhermes-executor-release.so: deferring to libdir
04-13 12:05:48.735 25526 25526 D ApkSoSource: not allowing consideration of lib/x86/libhermes-inspector.so: deferring to libdir
04-13 12:05:48.735 25526 25526 D ApkSoSource: not allowing consideration of lib/x86/libimagepipeline.so: deferring to libdir
04-13 12:05:48.735 25526 25526 D ApkSoSource: not allowing consideration of lib/x86/libjsc.so: deferring to libdir
04-13 12:05:48.735 25526 25526 D ApkSoSource: not allowing consideration of lib/x86/libjscexecutor.so: deferring to libdir
04-13 12:05:48.735 25526 25526 D ApkSoSource: not allowing consideration of lib/x86/libjsijniprofiler.so: deferring to libdir
04-13 12:05:48.735 25526 25526 D ApkSoSource: not allowing consideration of lib/x86/libjsinspector.so: deferring to libdir
04-13 12:05:48.735 25526 25526 D ApkSoSource: not allowing consideration of lib/x86/libnative-filters.so: deferring to libdir
04-13 12:05:48.735 25526 25526 D ApkSoSource: not allowing consideration of lib/x86/libnative-imagetranscoder.so: deferring to libdir
04-13 12:05:48.735 25526 25526 D ApkSoSource: not allowing consideration of lib/x86/libreactnativeblob.so: deferring to libdir
04-13 12:05:48.736 25526 25526 D ApkSoSource: not allowing consideration of lib/x86/libreactnativejni.so: deferring to libdir
04-13 12:05:48.736 25526 25526 D ApkSoSource: not allowing consideration of lib/x86/libyoga.so: deferring to libdir
04-13 12:05:48.736 25526 25526 V fb-UnpackingSoSource: regenerating DSO store com.facebook.soloader.ApkSoSource
04-13 12:05:48.737 25526 25526 V fb-UnpackingSoSource: Finished regenerating DSO store com.facebook.soloader.ApkSoSource
04-13 12:05:48.737 25526 25526 V fb-UnpackingSoSource: starting syncer worker
04-13 12:05:48.746 25526 25526 V fb-UnpackingSoSource: releasing dso store lock for /data/user/0/com.detoxtest/lib-main (from syncer thread)
04-13 12:05:48.746 25526 25526 V fb-UnpackingSoSource: not releasing dso store lock for /data/user/0/com.detoxtest/lib-main (syncer thread started)
04-13 12:05:48.746 25526 25526 D SoLoader: init finish: 4 SO sources prepared
04-13 12:05:48.746 25526 25526 D SoLoader: init exiting
04-13 12:05:48.747 25526 25526 D SoLoader: init exiting
04-13 12:05:48.748 25526 25526 D SoLoader: About to load: libjscexecutor.so
04-13 12:05:48.748 25526 25526 D SoLoader: libjscexecutor.so not found on /data/user/0/com.detoxtest/lib-main
04-13 12:05:48.748 25526 25526 D SoLoader: libjscexecutor.so found on /data/app/~~fOPlDTiv59IUtI6uNzwIiQ==/com.detoxtest-3zbeYO-aKYtEpLCrzxi16w==/lib/x86
04-13 12:05:48.748 25526 25526 D SoLoader: Not resolving dependencies for libjscexecutor.so
04-13 12:05:48.753 25526 25526 D JavaScriptCore.Version: 245459.0.0
04-13 12:05:48.753 25526 25526 D SoLoader: Loaded: libjscexecutor.so
04-13 12:05:48.754 25526 25526 D SoLoader: init exiting
04-13 12:05:48.759 25526 25526 I MonitoringInstr: No JSBridge.
04-13 12:05:48.761 25526 25546 I MonitoringInstr: Setting context classloader to 'dalvik.system.PathClassLoader[DexPathList[[zip file "/system/framework/android.test.runner.jar", zip file "/system/framework/android.test.mock.jar", zip file "/system/framework/android.test.base.jar", zip file "/data/app/~~1q2PJi0kRlFKR6L1qbe29w==/com.detoxtest.test-OE40W3lVu68QV6x2t1SgwA==/base.apk", zip file "/data/app/~~fOPlDTiv59IUtI6uNzwIiQ==/com.detoxtest-3zbeYO-aKYtEpLCrzxi16w==/base.apk"],nativeLibraryDirectories=[/data/app/~~1q2PJi0kRlFKR6L1qbe29w==/com.detoxtest.test-OE40W3lVu68QV6x2t1SgwA==/lib/x86, /data/app/~~fOPlDTiv59IUtI6uNzwIiQ==/com.detoxtest-3zbeYO-aKYtEpLCrzxi16w==/lib/x86, /data/app/~~1q2PJi0kRlFKR6L1qbe29w==/com.detoxtest.test-OE40W3lVu68QV6x2t1SgwA==/base.apk!/lib/x86, /data/app/~~fOPlDTiv59IUtI6uNzwIiQ==/com.detoxtest-3zbeYO-aKYtEpLCrzxi16w==/base.apk!/lib/x86, /system/lib, /system_ext/lib, /product/lib]]]', Original: 'dalvik.system.PathClassLoader[DexPathList[[zip file "/system/framework/android.test.runner.jar", zip file "/system/framework/android.test.mock.jar", zip file "/system/framework/android.test.base.jar", zip file "/data/app/~~1q2PJi0kRlFKR6L1qbe29w==/com.detoxtest.test-OE40W3lVu68QV6x2t1SgwA==/base.apk", zip file "/data/app/~~fOPlDTiv59IUtI6uNzwIiQ==/com.detoxtest-3zbeYO-aKYtEpLCrzxi16w==/base.apk"],nativeLibraryDirectories=[/data/app/~~1q2PJi0kRlFKR6L1qbe29w==/com.detoxtest.test-OE40W3lVu68QV6x2t1SgwA==/lib/x86, /data/app/~~fOPlDTiv59IUtI6uNzwIiQ==/com.detoxtest-3zbeYO-aKYtEpLCrzxi16w==/lib/x86, /data/app/~~1q2PJi0kRlFKR6L1qbe29w==/com.detoxtest.test-OE40W3lVu68QV6x2t1SgwA==/base.apk!/lib/x86, /data/app/~~fOPlDTiv59IUtI6uNzwIiQ==/com.detoxtest-3zbeYO-aKYtEpLCrzxi16w==/base.apk!/lib/x86, /system/lib, /system_ext/lib, /product/lib]]]'
04-13 12:05:48.778 25526 25546 I UsageTrackerFacilitator: Usage tracking enabled
04-13 12:05:48.785 25526 25546 I TestRequestBuilder: Scanning classpath to find tests in paths [/data/app/~~1q2PJi0kRlFKR6L1qbe29w==/com.detoxtest.test-OE40W3lVu68QV6x2t1SgwA==/base.apk]
04-13 12:05:48.786 25526 25546 W com.detoxtest: Opening an oat file without a class loader. Are you using the deprecated DexFile APIs?
04-13 12:05:48.992 25526 25546 D TestExecutor: Adding listener androidx.test.internal.runner.listener.LogRunListener
04-13 12:05:48.993 25526 25546 D TestExecutor: Adding listener androidx.test.internal.runner.listener.InstrumentationResultPrinter
04-13 12:05:48.993 25526 25546 D TestExecutor: Adding listener androidx.test.internal.runner.listener.ActivityFinisherRunListener
04-13 12:05:48.994 25526 25546 I TestRunner: run started: 1 tests
04-13 12:05:49.000 25526 25546 I TestRunner: started: runDetoxTests(com.detoxtest.DetoxTest)
04-13 12:05:49.004 25526 25526 I MonitoringInstr: Activities that are still in CREATED to STOPPED: 0
04-13 12:05:49.048 25526 25546 D EventInjectionStrategy: Creating injection strategy with input manager.
04-13 12:05:49.115 25526 25526 D LifecycleMonitor: Lifecycle status change: com.detoxtest.MainActivity@d952f0b in: PRE_ON_CREATE
04-13 12:05:49.142 25526 25557 D SoLoader: About to load: libreactnativejni.so
04-13 12:05:49.145 25526 25557 D SoLoader: libreactnativejni.so not found on /data/user/0/com.detoxtest/lib-main
04-13 12:05:49.145 25526 25557 D SoLoader: libreactnativejni.so found on /data/app/~~fOPlDTiv59IUtI6uNzwIiQ==/com.detoxtest-3zbeYO-aKYtEpLCrzxi16w==/lib/x86
04-13 12:05:49.145 25526 25557 D SoLoader: Not resolving dependencies for libreactnativejni.so
04-13 12:05:49.147 25526 25556 D libEGL  : loaded /vendor/lib/egl/libEGL_emulation.so
04-13 12:05:49.151 25526 25557 D SoLoader: Loaded: libreactnativejni.so
04-13 12:05:49.151 25526 25557 D SoLoader: About to load: libfbjni.so
04-13 12:05:49.152 25526 25557 D SoLoader: libfbjni.so not found on /data/user/0/com.detoxtest/lib-main
04-13 12:05:49.152 25526 25557 D SoLoader: libfbjni.so found on /data/app/~~fOPlDTiv59IUtI6uNzwIiQ==/com.detoxtest-3zbeYO-aKYtEpLCrzxi16w==/lib/x86
04-13 12:05:49.152 25526 25557 D SoLoader: Not resolving dependencies for libfbjni.so
04-13 12:05:49.155 25526 25556 D libEGL  : loaded /vendor/lib/egl/libGLESv1_CM_emulation.so
04-13 12:05:49.158 25526 25557 D SoLoader: Loaded: libfbjni.so
04-13 12:05:49.159 25526 25526 D LifecycleMonitor: Lifecycle status change: com.detoxtest.MainActivity@d952f0b in: CREATED
04-13 12:05:49.160 25526 25526 D LifecycleMonitor: Lifecycle status change: com.detoxtest.MainActivity@d952f0b in: STARTED
04-13 12:05:49.161 25526 25526 D LifecycleMonitor: Lifecycle status change: com.detoxtest.MainActivity@d952f0b in: RESUMED
04-13 12:05:49.164 25526 25556 D libEGL  : loaded /vendor/lib/egl/libGLESv2_emulation.so
04-13 12:05:49.185 25526 25557 E unknown:ReactNative: ReactInstanceManager.createReactContext: mJSIModulePackage null
04-13 12:05:49.186 25526 25559 E ReactNativeJNI: logMarker CREATE_REACT_CONTEXT_END
04-13 12:05:49.220 25526 25559 E ReactNativeJNI: logMarker RUN_JS_BUNDLE_START
04-13 12:05:49.221 25526 25560 E unknown:ReactNative: ReactInstanceManager.attachRootViewToInstance()
04-13 12:05:49.229 25526 25554 D HostConnection: HostConnection::get() New Host Connection established 0xe99161b0, tid 25554
04-13 12:05:49.237 25526 25560 W unknown:ViewManagerPropertyUpdater: Could not find generated setter for class com.facebook.react.views.art.ARTGroupViewManager
04-13 12:05:49.237 25526 25554 D HostConnection: HostComposition ext ANDROID_EMU_CHECKSUM_HELPER_v1 ANDROID_EMU_native_sync_v2 ANDROID_EMU_native_sync_v3 ANDROID_EMU_native_sync_v4 ANDROID_EMU_dma_v1 ANDROID_EMU_direct_mem ANDROID_EMU_host_composition_v1 ANDROID_EMU_host_composition_v2 ANDROID_EMU_YUV_Cache ANDROID_EMU_async_unmap_buffer GL_OES_EGL_image_external_essl3 GL_OES_vertex_array_object GL_KHR_texture_compression_astc_ldr ANDROID_EMU_gles_max_version_3_0 
04-13 12:05:49.237 25526 25560 W unknown:ViewManagerPropertyUpdater: Could not find generated setter for class com.facebook.react.views.art.ARTGroupShadowNode
04-13 12:05:49.239 25526 25560 W unknown:ViewManagerPropertyUpdater: Could not find generated setter for class com.facebook.react.views.art.ARTShapeViewManager
04-13 12:05:49.240 25526 25560 W unknown:ViewManagerPropertyUpdater: Could not find generated setter for class com.facebook.react.views.art.ARTShapeShadowNode
04-13 12:05:49.241 25526 25560 W unknown:ViewManagerPropertyUpdater: Could not find generated setter for class com.facebook.react.views.art.ARTTextViewManager
04-13 12:05:49.242 25526 25560 W unknown:ViewManagerPropertyUpdater: Could not find generated setter for class com.facebook.react.views.art.ARTTextShadowNode
04-13 12:05:49.243 25526 25560 W unknown:ViewManagerPropertyUpdater: Could not find generated setter for class com.facebook.react.views.checkbox.ReactCheckBoxManager
04-13 12:05:49.245 25526 25560 W unknown:ViewManagerPropertyUpdater: Could not find generated setter for class com.facebook.react.uimanager.LayoutShadowNode
04-13 12:05:49.246 25526 25554 W OpenGLRenderer: Failed to choose config with EGL_SWAP_BEHAVIOR_PRESERVED, retrying without...
04-13 12:05:49.247 25526 25560 W unknown:ViewManagerPropertyUpdater: Could not find generated setter for class com.facebook.react.views.picker.ReactDialogPickerManager
04-13 12:05:49.248 25526 25554 D EGL_emulation: eglCreateContext: 0xe9739510: maj 3 min 0 rcv 3
04-13 12:05:49.248 25526 25560 W unknown:ViewManagerPropertyUpdater: Could not find generated setter for class com.facebook.react.views.drawer.ReactDrawerLayoutManager
04-13 12:05:49.249 25526 25560 W unknown:ViewManagerPropertyUpdater: Could not find generated setter for class com.facebook.react.views.picker.ReactDropdownPickerManager
04-13 12:05:49.249 25526 25560 W unknown:ViewManagerPropertyUpdater: Could not find generated setter for class com.facebook.react.views.scroll.ReactHorizontalScrollViewManager
04-13 12:05:49.259 25526 25560 W unknown:ViewManagerPropertyUpdater: Could not find generated setter for class com.facebook.react.views.scroll.ReactHorizontalScrollContainerViewManager
04-13 12:05:49.263 25526 25554 D EGL_emulation: eglMakeCurrent: 0xe9739510: ver 3 0 (tinfo 0xe9a7cd90)
04-13 12:05:49.264 25526 25560 W unknown:ViewManagerPropertyUpdater: Could not find generated setter for class com.facebook.react.views.progressbar.ReactProgressBarViewManager
04-13 12:05:49.265 25526 25560 W unknown:ViewManagerPropertyUpdater: Could not find generated setter for class com.facebook.react.views.progressbar.ProgressBarShadowNode
04-13 12:05:49.272 25526 25560 W unknown:ViewManagerPropertyUpdater: Could not find generated setter for class com.facebook.react.views.scroll.ReactScrollViewManager
04-13 12:05:49.276 25526 25560 W unknown:ViewManagerPropertyUpdater: Could not find generated setter for class com.facebook.react.views.slider.ReactSliderManager
04-13 12:05:49.283 25526 25560 W unknown:ViewManagerPropertyUpdater: Could not find generated setter for class com.facebook.react.views.slider.ReactSliderManager$ReactSliderShadowNode
04-13 12:05:49.285 25526 25560 W unknown:ViewManagerPropertyUpdater: Could not find generated setter for class com.facebook.react.views.switchview.ReactSwitchManager
04-13 12:05:49.288 25526 25560 W unknown:ViewManagerPropertyUpdater: Could not find generated setter for class com.facebook.react.views.switchview.ReactSwitchManager$ReactSwitchShadowNode
04-13 12:05:49.289 25526 25560 W unknown:ViewManagerPropertyUpdater: Could not find generated setter for class com.facebook.react.views.swiperefresh.SwipeRefreshLayoutManager
04-13 12:05:49.292 25526 25560 W unknown:ViewManagerPropertyUpdater: Could not find generated setter for class com.facebook.react.views.art.ARTSurfaceViewManager
04-13 12:05:49.293 25526 25560 W unknown:ViewManagerPropertyUpdater: Could not find generated setter for class com.facebook.react.views.art.ARTSurfaceViewShadowNode
04-13 12:05:49.293 25526 25560 W unknown:ViewManagerPropertyUpdater: Could not find generated setter for class com.facebook.react.views.text.frescosupport.FrescoBasedReactTextInlineImageViewManager
04-13 12:05:49.293 25526 25560 W unknown:ViewManagerPropertyUpdater: Could not find generated setter for class com.facebook.react.views.text.frescosupport.FrescoBasedReactTextInlineImageShadowNode
04-13 12:05:49.295 25526 25560 W unknown:ViewManagerPropertyUpdater: Could not find generated setter for class com.facebook.react.views.image.ReactImageManager
04-13 12:05:49.297 25526 25560 W unknown:ViewManagerPropertyUpdater: Could not find generated setter for class com.facebook.react.views.modal.ReactModalHostManager
04-13 12:05:49.298 25526 25560 W unknown:ViewManagerPropertyUpdater: Could not find generated setter for class com.facebook.react.views.modal.ModalHostShadowNode
04-13 12:05:49.299 25526 25560 W unknown:ViewManagerPropertyUpdater: Could not find generated setter for class com.facebook.react.views.text.ReactRawTextManager
04-13 12:05:49.299 25526 25560 W unknown:ViewManagerPropertyUpdater: Could not find generated setter for class com.facebook.react.views.text.ReactRawTextShadowNode
04-13 12:05:49.300 25526 25560 W unknown:ViewManagerPropertyUpdater: Could not find generated setter for class com.facebook.react.views.textinput.ReactTextInputManager
04-13 12:05:49.305 25526 25560 W unknown:ViewManagerPropertyUpdater: Could not find generated setter for class com.facebook.react.views.textinput.ReactTextInputShadowNode
04-13 12:05:49.310 25526 25560 W unknown:ViewManagerPropertyUpdater: Could not find generated setter for class com.facebook.react.views.text.ReactTextViewManager
04-13 12:05:49.311 25526 25560 W unknown:ViewManagerPropertyUpdater: Could not find generated setter for class com.facebook.react.views.text.ReactTextShadowNode
04-13 12:05:49.312 25526 25560 W unknown:ViewManagerPropertyUpdater: Could not find generated setter for class com.facebook.react.views.view.ReactViewManager
04-13 12:05:49.313 25526 25560 W unknown:ViewManagerPropertyUpdater: Could not find generated setter for class com.facebook.react.views.viewpager.ReactViewPagerManager
04-13 12:05:49.315 25526 25560 W unknown:ViewManagerPropertyUpdater: Could not find generated setter for class com.facebook.react.views.text.ReactVirtualTextViewManager
04-13 12:05:49.316 25526 25560 W unknown:ViewManagerPropertyUpdater: Could not find generated setter for class com.facebook.react.views.text.ReactVirtualTextShadowNode
04-13 12:05:49.322 25526 25560 D SoLoader: About to load: libyoga.so
04-13 12:05:49.324 25526 25560 D SoLoader: libyoga.so not found on /data/user/0/com.detoxtest/lib-main
04-13 12:05:49.324 25526 25560 D SoLoader: libyoga.so found on /data/app/~~fOPlDTiv59IUtI6uNzwIiQ==/com.detoxtest-3zbeYO-aKYtEpLCrzxi16w==/lib/x86
04-13 12:05:49.324 25526 25560 D SoLoader: Not resolving dependencies for libyoga.so
04-13 12:05:49.327 25526 25554 I Gralloc4: mapper 4.x is not supported
04-13 12:05:49.328 25526 25560 D SoLoader: Loaded: libyoga.so
04-13 12:05:49.343 25526 25554 D HostConnection: createUnique: call
04-13 12:05:49.344 25526 25554 D HostConnection: HostConnection::get() New Host Connection established 0xe9913270, tid 25554
04-13 12:05:49.344 25526 25554 D eglCodecCommon: allocate: Ask for block of size 0x100
04-13 12:05:49.345 25526 25554 D eglCodecCommon: allocate: ioctl allocate returned offset 0x3fc0ff000 size 0x2000
04-13 12:05:49.345 25526 25560 E unknown:ReactRootView: runApplication: call AppRegistry.runApplication
04-13 12:05:49.364 25526 25554 D HostConnection: HostComposition ext ANDROID_EMU_CHECKSUM_HELPER_v1 ANDROID_EMU_native_sync_v2 ANDROID_EMU_native_sync_v3 ANDROID_EMU_native_sync_v4 ANDROID_EMU_dma_v1 ANDROID_EMU_direct_mem ANDROID_EMU_host_composition_v1 ANDROID_EMU_host_composition_v2 ANDROID_EMU_YUV_Cache ANDROID_EMU_async_unmap_buffer GL_OES_EGL_image_external_essl3 GL_OES_vertex_array_object GL_KHR_texture_compression_astc_ldr ANDROID_EMU_gles_max_version_3_0 
04-13 12:05:49.370 25526 25554 D EGL_emulation: eglMakeCurrent: 0xe9739510: ver 3 0 (tinfo 0xe9a7cd90)
04-13 12:05:49.384 25526 25560 D SoLoader: init exiting
04-13 12:05:49.426 25526 25559 E ReactNativeJNI: logMarker RUN_JS_BUNDLE_END
04-13 12:05:49.428 25526 25559 I ReactNativeJS: Running "detoxTest" with {"rootTag":1}
04-13 12:05:49.433 25526 25526 E unknown:ReactNative: Unable to launch logbox because react was unable to create the root view
04-13 12:05:49.469 25526 25567 I Detox   : Detox thread starting (com.wix.detox.manager)
04-13 12:05:49.481 25526 25567 I DetoxManager: DetoxServerUrl: ws://localhost:64380
04-13 12:05:49.481 25526 25567 I DetoxManager: DetoxSessionId: e26d61b9-891d-e816-16d6-1483c49f3f2d
04-13 12:05:49.515 25526 25526 D DetoxRNLoading: Got new RN-context directly and immediately
04-13 12:05:49.531 25526 25567 I DetoxRNIdleRes: Setting up Espresso Idling Resources for React Native.
04-13 12:05:49.612 25526 25567 D AsyncStorageIR: Checking whether a custom IR for Async-Storage is required... (legacy=false)
04-13 12:05:49.612 25526 25567 D DetoxRNHelpers: Native module not resolved: no such class
04-13 12:05:49.612 25526 25567 D AsyncStorageIR: Checking whether a custom IR for Async-Storage is required... (legacy=true)
04-13 12:05:49.627 25526 25567 D AsyncStorageIR: IR for Async-Storage is required! (legacy=true)
04-13 12:05:49.631 25526 25526 D AsyncStorageIRLegacy: Async-storage is busy!
04-13 12:05:49.640 25526 25567 I WebSocketClient: At connectToServer
04-13 12:05:49.673 25526 25578 I WebSocketClient: At onOpen
04-13 12:05:49.673 25526 25578 I WebSocketClient: At sendAction
04-13 12:05:49.673 25526 25578 D WebSocketClient: Detox Action Sent: login
04-13 12:05:49.965 25526 25526 I Detox   : Wait is over: app is now idle!
04-13 12:05:49.976 25526 25578 I WebSocketClient: At sendAction
04-13 12:05:49.979 25526 25578 D WebSocketClient: Detox Action Sent: ready
04-13 12:05:49.983 25526 25578 I WebSocketClient: At onMessage
04-13 12:05:49.983 25526 25578 I WebSocketClient: At receiveAction
04-13 12:05:49.983 25526 25578 D WebSocketClient: Detox Action Received: loginSuccess
04-13 12:05:49.983 25526 25578 I DetoxManager: onAction: type: loginSuccess params: {"testerConnected":true,"appConnected":true}
