--------- beginning of main
04-13 11:35:28.954 22235 22235 W com.detoxtest: Unexpected CPU variant for X86 using defaults: x86
04-13 11:35:28.961 22235 22235 E com.detoxtest: Not starting debugger since process cannot load the jdwp agent.
--------- beginning of system
04-13 11:35:28.981 22235 22235 W ActivityThread: Package uses different ABI(s) than its instrumentation: package[com.detoxtest]: x86, null instrumentation[com.detoxtest.test]: null, null
04-13 11:35:28.988 22235 22235 I com.detoxtest: The ClassLoaderContext is a special shared library.
04-13 11:35:28.991 22235 22235 I chatty  : uid=10264(com.detoxtest) identical 2 lines
04-13 11:35:28.992 22235 22235 I com.detoxtest: The ClassLoaderContext is a special shared library.
04-13 11:35:29.041 22235 22235 W com.detoxtest: ClassLoaderContext classpath size mismatch. expected=0, found=4 (PCL[]{PCL[/system/framework/android.test.base.jar*84046222]} | PCL[/system/framework/android.test.runner.jar*2838042966:/system/framework/android.test.mock.jar*2353512044:/system/framework/android.test.base.jar*84046222:/data/app/~~BkVbOUuSgvyyf5iRgecoPA==/com.detoxtest.test-ilcNXUbKsa-hp95nBHgZbg==/base.apk*3736732199]{PCL[/system/framework/android.test.base.jar*84046222]})
04-13 11:35:29.063 22235 22235 I com.detoxtest: The ClassLoaderContext is a special shared library.
04-13 11:35:29.067 22235 22235 I chatty  : uid=10264(com.detoxtest) identical 3 lines
04-13 11:35:29.068 22235 22235 I com.detoxtest: The ClassLoaderContext is a special shared library.
04-13 11:35:29.109 22235 22235 W com.detoxtest: ClassLoaderContext classpath size mismatch. expected=0, found=4 (PCL[]{PCL[/system/framework/android.test.base.jar*84046222]} | PCL[/system/framework/android.test.runner.jar*2838042966:/system/framework/android.test.mock.jar*2353512044:/system/framework/android.test.base.jar*84046222:/data/app/~~BkVbOUuSgvyyf5iRgecoPA==/com.detoxtest.test-ilcNXUbKsa-hp95nBHgZbg==/base.apk*3736732199]{PCL[/system/framework/android.test.base.jar*84046222]#PCL[/system/framework/android.test.mock.jar*2353512044]{PCL[/system/framework/android.test.base.jar*84046222]}#PCL[/system/framework/android.test.runner.jar*2838042966]{PCL[/system/framework/android.test.base.jar*84046222]#PCL[/system/framework/android.test.mock.jar*2353512044]{PCL[/system/framework/android.test.base.jar*84046222]}}};PCL[/system/framework/android.test.runner.jar*2838042966:/system/framework/android.test.mock.jar*2353512044:/system/framework/android.test.base.jar*84046222:/data/app/~~BkVbOUuSgvyyf5iRgecoPA==/com.detoxtest.test-ilcNXUbKsa-hp95nBHgZbg==/base.apk*3736732199:/data/app/~~B0k8vF8Ba0q6rZqOnfZ-rw==/com.detoxtest-YgSOrTI45dM0K90GbatSWQ==/base.apk*4000934944]{PCL[/system/framework/android.test.base.jar*84046222]})
04-13 11:35:29.110 22235 22235 W com.detoxtest: Found duplicate classes, falling back to extracting from APK : /data/app/~~B0k8vF8Ba0q6rZqOnfZ-rw==/com.detoxtest-YgSOrTI45dM0K90GbatSWQ==/base.apk
04-13 11:35:29.110 22235 22235 W com.detoxtest: NOTE: This wastes RAM and hurts startup performance.
04-13 11:35:29.110 22235 22235 W com.detoxtest: Found duplicated class when checking oat files: 'Landroid/support/v4/app/INotificationSideChannel$Stub$Proxy;' in /data/app/~~B0k8vF8Ba0q6rZqOnfZ-rw==/com.detoxtest-YgSOrTI45dM0K90GbatSWQ==/base.apk and /data/app/~~B0k8vF8Ba0q6rZqOnfZ-rw==/com.detoxtest-YgSOrTI45dM0K90GbatSWQ==/base.apk
04-13 11:35:29.110 22235 22235 W com.detoxtest: 
04-13 11:35:29.179 22235 22235 D NetworkSecurityConfig: Using Network Security Config from resource network_security_config debugBuild: false
04-13 11:35:29.180 22235 22235 D NetworkSecurityConfig: Using Network Security Config from resource network_security_config debugBuild: false
04-13 11:35:29.190 22235 22235 I MonitoringInstr: Instrumentation started!
04-13 11:35:29.193 22235 22235 I MonitoringInstr: Setting context classloader to 'dalvik.system.PathClassLoader[DexPathList[[zip file "/system/framework/android.test.runner.jar", zip file "/system/framework/android.test.mock.jar", zip file "/system/framework/android.test.base.jar", zip file "/data/app/~~BkVbOUuSgvyyf5iRgecoPA==/com.detoxtest.test-ilcNXUbKsa-hp95nBHgZbg==/base.apk", zip file "/data/app/~~B0k8vF8Ba0q6rZqOnfZ-rw==/com.detoxtest-YgSOrTI45dM0K90GbatSWQ==/base.apk"],nativeLibraryDirectories=[/data/app/~~BkVbOUuSgvyyf5iRgecoPA==/com.detoxtest.test-ilcNXUbKsa-hp95nBHgZbg==/lib/x86, /data/app/~~B0k8vF8Ba0q6rZqOnfZ-rw==/com.detoxtest-YgSOrTI45dM0K90GbatSWQ==/lib/x86, /data/app/~~BkVbOUuSgvyyf5iRgecoPA==/com.detoxtest.test-ilcNXUbKsa-hp95nBHgZbg==/base.apk!/lib/x86, /data/app/~~B0k8vF8Ba0q6rZqOnfZ-rw==/com.detoxtest-YgSOrTI45dM0K90GbatSWQ==/base.apk!/lib/x86, /system/lib, /system_ext/lib, /product/lib]]]', Original: 'dalvik.system.PathClassLoader[DexPathList[[zip file "/system/framework/android.test.runner.jar", zip file "/system/framework/android.test.mock.jar", zip file "/system/framework/android.test.base.jar", zip file "/data/app/~~BkVbOUuSgvyyf5iRgecoPA==/com.detoxtest.test-ilcNXUbKsa-hp95nBHgZbg==/base.apk", zip file "/data/app/~~B0k8vF8Ba0q6rZqOnfZ-rw==/com.detoxtest-YgSOrTI45dM0K90GbatSWQ==/base.apk"],nativeLibraryDirectories=[/data/app/~~BkVbOUuSgvyyf5iRgecoPA==/com.detoxtest.test-ilcNXUbKsa-hp95nBHgZbg==/lib/x86, /data/app/~~B0k8vF8Ba0q6rZqOnfZ-rw==/com.detoxtest-YgSOrTI45dM0K90GbatSWQ==/lib/x86, /data/app/~~BkVbOUuSgvyyf5iRgecoPA==/com.detoxtest.test-ilcNXUbKsa-hp95nBHgZbg==/base.apk!/lib/x86, /data/app/~~B0k8vF8Ba0q6rZqOnfZ-rw==/com.detoxtest-YgSOrTI45dM0K90GbatSWQ==/base.apk!/lib/x86, /system/lib, /system_ext/lib, /product/lib]]]'
04-13 11:35:29.197 22235 22235 D SoLoader: init start
04-13 11:35:29.197 22235 22235 D SoLoader: adding system library source: /vendor/lib
04-13 11:35:29.197 22235 22235 D SoLoader: adding system library source: /system/lib
04-13 11:35:29.198 22235 22235 D SoLoader: adding application source: com.facebook.soloader.DirectorySoSource[root = /data/app/~~B0k8vF8Ba0q6rZqOnfZ-rw==/com.detoxtest-YgSOrTI45dM0K90GbatSWQ==/lib/x86 flags = 0]
04-13 11:35:29.199 22235 22235 D SoLoader: adding backup source from : com.facebook.soloader.ApkSoSource[root = /data/user/0/com.detoxtest/lib-main flags = 1]
04-13 11:35:29.199 22235 22235 D SoLoader: Preparing SO source: com.facebook.soloader.DirectorySoSource[root = /system/lib flags = 2]
04-13 11:35:29.199 22235 22235 D SoLoader: Preparing SO source: com.facebook.soloader.DirectorySoSource[root = /vendor/lib flags = 2]
04-13 11:35:29.200 22235 22235 D SoLoader: Preparing SO source: com.facebook.soloader.DirectorySoSource[root = /data/app/~~B0k8vF8Ba0q6rZqOnfZ-rw==/com.detoxtest-YgSOrTI45dM0K90GbatSWQ==/lib/x86 flags = 0]
04-13 11:35:29.200 22235 22235 D SoLoader: Preparing SO source: com.facebook.soloader.ApkSoSource[root = /data/user/0/com.detoxtest/lib-main flags = 1]
04-13 11:35:29.200 22235 22235 V fb-UnpackingSoSource: locked dso store /data/user/0/com.detoxtest/lib-main
04-13 11:35:29.202 22235 22235 V fb-UnpackingSoSource: deps mismatch on deps store: regenerating
04-13 11:35:29.202 22235 22235 V fb-UnpackingSoSource: so store dirty: regenerating
04-13 11:35:29.225 22235 22235 D ApkSoSource: not allowing consideration of lib/x86/libc++_shared.so: deferring to libdir
04-13 11:35:29.225 22235 22235 D ApkSoSource: not allowing consideration of lib/x86/libfb.so: deferring to libdir
04-13 11:35:29.225 22235 22235 D ApkSoSource: not allowing consideration of lib/x86/libfbjni.so: deferring to libdir
04-13 11:35:29.225 22235 22235 D ApkSoSource: not allowing consideration of lib/x86/libfolly_futures.so: deferring to libdir
04-13 11:35:29.225 22235 22235 D ApkSoSource: not allowing consideration of lib/x86/libfolly_json.so: deferring to libdir
04-13 11:35:29.225 22235 22235 D ApkSoSource: not allowing consideration of lib/x86/libglog.so: deferring to libdir
04-13 11:35:29.225 22235 22235 D ApkSoSource: not allowing consideration of lib/x86/libglog_init.so: deferring to libdir
04-13 11:35:29.225 22235 22235 D ApkSoSource: not allowing consideration of lib/x86/libhermes-executor-debug.so: deferring to libdir
04-13 11:35:29.226 22235 22235 D ApkSoSource: not allowing consideration of lib/x86/libhermes-executor-release.so: deferring to libdir
04-13 11:35:29.226 22235 22235 D ApkSoSource: not allowing consideration of lib/x86/libhermes-inspector.so: deferring to libdir
04-13 11:35:29.226 22235 22235 D ApkSoSource: not allowing consideration of lib/x86/libimagepipeline.so: deferring to libdir
04-13 11:35:29.226 22235 22235 D ApkSoSource: not allowing consideration of lib/x86/libjsc.so: deferring to libdir
04-13 11:35:29.226 22235 22235 D ApkSoSource: not allowing consideration of lib/x86/libjscexecutor.so: deferring to libdir
04-13 11:35:29.226 22235 22235 D ApkSoSource: not allowing consideration of lib/x86/libjsijniprofiler.so: deferring to libdir
04-13 11:35:29.227 22235 22235 D ApkSoSource: not allowing consideration of lib/x86/libjsinspector.so: deferring to libdir
04-13 11:35:29.227 22235 22235 D ApkSoSource: not allowing consideration of lib/x86/libnative-filters.so: deferring to libdir
04-13 11:35:29.227 22235 22235 D ApkSoSource: not allowing consideration of lib/x86/libnative-imagetranscoder.so: deferring to libdir
04-13 11:35:29.227 22235 22235 D ApkSoSource: not allowing consideration of lib/x86/libreactnativeblob.so: deferring to libdir
04-13 11:35:29.227 22235 22235 D ApkSoSource: not allowing consideration of lib/x86/libreactnativejni.so: deferring to libdir
04-13 11:35:29.227 22235 22235 D ApkSoSource: not allowing consideration of lib/x86/libyoga.so: deferring to libdir
04-13 11:35:29.228 22235 22235 V fb-UnpackingSoSource: regenerating DSO store com.facebook.soloader.ApkSoSource
04-13 11:35:29.229 22235 22235 V fb-UnpackingSoSource: Finished regenerating DSO store com.facebook.soloader.ApkSoSource
04-13 11:35:29.229 22235 22235 V fb-UnpackingSoSource: starting syncer worker
04-13 11:35:29.240 22235 22235 V fb-UnpackingSoSource: releasing dso store lock for /data/user/0/com.detoxtest/lib-main (from syncer thread)
04-13 11:35:29.240 22235 22235 V fb-UnpackingSoSource: not releasing dso store lock for /data/user/0/com.detoxtest/lib-main (syncer thread started)
04-13 11:35:29.240 22235 22235 D SoLoader: init finish: 4 SO sources prepared
04-13 11:35:29.240 22235 22235 D SoLoader: init exiting
04-13 11:35:29.242 22235 22235 D SoLoader: init exiting
04-13 11:35:29.243 22235 22235 D SoLoader: About to load: libjscexecutor.so
04-13 11:35:29.243 22235 22235 D SoLoader: libjscexecutor.so not found on /data/user/0/com.detoxtest/lib-main
04-13 11:35:29.243 22235 22235 D SoLoader: libjscexecutor.so found on /data/app/~~B0k8vF8Ba0q6rZqOnfZ-rw==/com.detoxtest-YgSOrTI45dM0K90GbatSWQ==/lib/x86
04-13 11:35:29.243 22235 22235 D SoLoader: Not resolving dependencies for libjscexecutor.so
04-13 11:35:29.248 22235 22235 D JavaScriptCore.Version: 245459.0.0
04-13 11:35:29.248 22235 22235 D SoLoader: Loaded: libjscexecutor.so
04-13 11:35:29.249 22235 22235 D SoLoader: init exiting
04-13 11:35:29.253 22235 22235 I MonitoringInstr: No JSBridge.
04-13 11:35:29.256 22235 22257 I MonitoringInstr: Setting context classloader to 'dalvik.system.PathClassLoader[DexPathList[[zip file "/system/framework/android.test.runner.jar", zip file "/system/framework/android.test.mock.jar", zip file "/system/framework/android.test.base.jar", zip file "/data/app/~~BkVbOUuSgvyyf5iRgecoPA==/com.detoxtest.test-ilcNXUbKsa-hp95nBHgZbg==/base.apk", zip file "/data/app/~~B0k8vF8Ba0q6rZqOnfZ-rw==/com.detoxtest-YgSOrTI45dM0K90GbatSWQ==/base.apk"],nativeLibraryDirectories=[/data/app/~~BkVbOUuSgvyyf5iRgecoPA==/com.detoxtest.test-ilcNXUbKsa-hp95nBHgZbg==/lib/x86, /data/app/~~B0k8vF8Ba0q6rZqOnfZ-rw==/com.detoxtest-YgSOrTI45dM0K90GbatSWQ==/lib/x86, /data/app/~~BkVbOUuSgvyyf5iRgecoPA==/com.detoxtest.test-ilcNXUbKsa-hp95nBHgZbg==/base.apk!/lib/x86, /data/app/~~B0k8vF8Ba0q6rZqOnfZ-rw==/com.detoxtest-YgSOrTI45dM0K90GbatSWQ==/base.apk!/lib/x86, /system/lib, /system_ext/lib, /product/lib]]]', Original: 'dalvik.system.PathClassLoader[DexPathList[[zip file "/system/framework/android.test.runner.jar", zip file "/system/framework/android.test.mock.jar", zip file "/system/framework/android.test.base.jar", zip file "/data/app/~~BkVbOUuSgvyyf5iRgecoPA==/com.detoxtest.test-ilcNXUbKsa-hp95nBHgZbg==/base.apk", zip file "/data/app/~~B0k8vF8Ba0q6rZqOnfZ-rw==/com.detoxtest-YgSOrTI45dM0K90GbatSWQ==/base.apk"],nativeLibraryDirectories=[/data/app/~~BkVbOUuSgvyyf5iRgecoPA==/com.detoxtest.test-ilcNXUbKsa-hp95nBHgZbg==/lib/x86, /data/app/~~B0k8vF8Ba0q6rZqOnfZ-rw==/com.detoxtest-YgSOrTI45dM0K90GbatSWQ==/lib/x86, /data/app/~~BkVbOUuSgvyyf5iRgecoPA==/com.detoxtest.test-ilcNXUbKsa-hp95nBHgZbg==/base.apk!/lib/x86, /data/app/~~B0k8vF8Ba0q6rZqOnfZ-rw==/com.detoxtest-YgSOrTI45dM0K90GbatSWQ==/base.apk!/lib/x86, /system/lib, /system_ext/lib, /product/lib]]]'
04-13 11:35:29.271 22235 22257 I UsageTrackerFacilitator: Usage tracking enabled
04-13 11:35:29.278 22235 22257 I TestRequestBuilder: Scanning classpath to find tests in paths [/data/app/~~BkVbOUuSgvyyf5iRgecoPA==/com.detoxtest.test-ilcNXUbKsa-hp95nBHgZbg==/base.apk]
04-13 11:35:29.279 22235 22257 W com.detoxtest: Opening an oat file without a class loader. Are you using the deprecated DexFile APIs?
04-13 11:35:29.466 22235 22257 D TestExecutor: Adding listener androidx.test.internal.runner.listener.LogRunListener
04-13 11:35:29.467 22235 22257 D TestExecutor: Adding listener androidx.test.internal.runner.listener.InstrumentationResultPrinter
04-13 11:35:29.467 22235 22257 D TestExecutor: Adding listener androidx.test.internal.runner.listener.ActivityFinisherRunListener
04-13 11:35:29.468 22235 22257 I TestRunner: run started: 1 tests
04-13 11:35:29.473 22235 22257 I TestRunner: started: runDetoxTests(com.detoxtest.DetoxTest)
04-13 11:35:29.475 22235 22235 I MonitoringInstr: Activities that are still in CREATED to STOPPED: 0
04-13 11:35:29.512 22235 22257 D EventInjectionStrategy: Creating injection strategy with input manager.
04-13 11:35:29.611 22235 22273 D libEGL  : loaded /vendor/lib/egl/libEGL_emulation.so
04-13 11:35:29.613 22235 22273 D libEGL  : loaded /vendor/lib/egl/libGLESv1_CM_emulation.so
04-13 11:35:29.616 22235 22273 D libEGL  : loaded /vendor/lib/egl/libGLESv2_emulation.so
04-13 11:35:29.642 22235 22235 D LifecycleMonitor: Lifecycle status change: com.detoxtest.MainActivity@d952f0b in: PRE_ON_CREATE
04-13 11:35:29.698 22235 22235 D LifecycleMonitor: Lifecycle status change: com.detoxtest.MainActivity@d952f0b in: CREATED
04-13 11:35:29.698 22235 22276 D SoLoader: About to load: libreactnativejni.so
04-13 11:35:29.699 22235 22276 D SoLoader: libreactnativejni.so not found on /data/user/0/com.detoxtest/lib-main
04-13 11:35:29.699 22235 22276 D SoLoader: libreactnativejni.so found on /data/app/~~B0k8vF8Ba0q6rZqOnfZ-rw==/com.detoxtest-YgSOrTI45dM0K90GbatSWQ==/lib/x86
04-13 11:35:29.699 22235 22276 D SoLoader: Not resolving dependencies for libreactnativejni.so
04-13 11:35:29.699 22235 22235 D LifecycleMonitor: Lifecycle status change: com.detoxtest.MainActivity@d952f0b in: STARTED
04-13 11:35:29.700 22235 22276 D SoLoader: Loaded: libreactnativejni.so
04-13 11:35:29.700 22235 22276 D SoLoader: About to load: libfbjni.so
04-13 11:35:29.700 22235 22276 D SoLoader: libfbjni.so not found on /data/user/0/com.detoxtest/lib-main
04-13 11:35:29.700 22235 22276 D SoLoader: libfbjni.so found on /data/app/~~B0k8vF8Ba0q6rZqOnfZ-rw==/com.detoxtest-YgSOrTI45dM0K90GbatSWQ==/lib/x86
04-13 11:35:29.700 22235 22276 D SoLoader: Not resolving dependencies for libfbjni.so
04-13 11:35:29.701 22235 22235 D LifecycleMonitor: Lifecycle status change: com.detoxtest.MainActivity@d952f0b in: RESUMED
04-13 11:35:29.702 22235 22276 D SoLoader: Loaded: libfbjni.so
04-13 11:35:29.716 22235 22276 E unknown:ReactNative: ReactInstanceManager.createReactContext: mJSIModulePackage null
04-13 11:35:29.718 22235 22278 E ReactNativeJNI: logMarker CREATE_REACT_CONTEXT_END
04-13 11:35:29.721 22235 22279 E unknown:ReactNative: ReactInstanceManager.attachRootViewToInstance()
04-13 11:35:29.723 22235 22278 E ReactNativeJNI: logMarker RUN_JS_BUNDLE_START
04-13 11:35:29.730 22235 22279 W unknown:ViewManagerPropertyUpdater: Could not find generated setter for class com.facebook.react.views.art.ARTGroupViewManager
04-13 11:35:29.730 22235 22279 W unknown:ViewManagerPropertyUpdater: Could not find generated setter for class com.facebook.react.views.art.ARTGroupShadowNode
04-13 11:35:29.731 22235 22279 W unknown:ViewManagerPropertyUpdater: Could not find generated setter for class com.facebook.react.views.art.ARTShapeViewManager
04-13 11:35:29.731 22235 22279 W unknown:ViewManagerPropertyUpdater: Could not find generated setter for class com.facebook.react.views.art.ARTShapeShadowNode
04-13 11:35:29.732 22235 22279 W unknown:ViewManagerPropertyUpdater: Could not find generated setter for class com.facebook.react.views.art.ARTTextViewManager
04-13 11:35:29.732 22235 22279 W unknown:ViewManagerPropertyUpdater: Could not find generated setter for class com.facebook.react.views.art.ARTTextShadowNode
04-13 11:35:29.732 22235 22279 W unknown:ViewManagerPropertyUpdater: Could not find generated setter for class com.facebook.react.views.checkbox.ReactCheckBoxManager
04-13 11:35:29.733 22235 22279 W unknown:ViewManagerPropertyUpdater: Could not find generated setter for class com.facebook.react.uimanager.LayoutShadowNode
04-13 11:35:29.735 22235 22279 W unknown:ViewManagerPropertyUpdater: Could not find generated setter for class com.facebook.react.views.picker.ReactDialogPickerManager
04-13 11:35:29.736 22235 22279 W unknown:ViewManagerPropertyUpdater: Could not find generated setter for class com.facebook.react.views.drawer.ReactDrawerLayoutManager
04-13 11:35:29.739 22235 22279 W unknown:ViewManagerPropertyUpdater: Could not find generated setter for class com.facebook.react.views.picker.ReactDropdownPickerManager
04-13 11:35:29.739 22235 22279 W unknown:ViewManagerPropertyUpdater: Could not find generated setter for class com.facebook.react.views.scroll.ReactHorizontalScrollViewManager
04-13 11:35:29.744 22235 22279 W unknown:ViewManagerPropertyUpdater: Could not find generated setter for class com.facebook.react.views.scroll.ReactHorizontalScrollContainerViewManager
04-13 11:35:29.745 22235 22271 D HostConnection: HostConnection::get() New Host Connection established 0xe9914d10, tid 22271
04-13 11:35:29.753 22235 22271 D HostConnection: HostComposition ext ANDROID_EMU_CHECKSUM_HELPER_v1 ANDROID_EMU_native_sync_v2 ANDROID_EMU_native_sync_v3 ANDROID_EMU_native_sync_v4 ANDROID_EMU_dma_v1 ANDROID_EMU_direct_mem ANDROID_EMU_host_composition_v1 ANDROID_EMU_host_composition_v2 ANDROID_EMU_YUV_Cache ANDROID_EMU_async_unmap_buffer GL_OES_EGL_image_external_essl3 GL_OES_vertex_array_object GL_KHR_texture_compression_astc_ldr ANDROID_EMU_gles_max_version_3_0 
04-13 11:35:29.755 22235 22279 W unknown:ViewManagerPropertyUpdater: Could not find generated setter for class com.facebook.react.views.progressbar.ReactProgressBarViewManager
04-13 11:35:29.756 22235 22279 W unknown:ViewManagerPropertyUpdater: Could not find generated setter for class com.facebook.react.views.progressbar.ProgressBarShadowNode
04-13 11:35:29.758 22235 22271 W OpenGLRenderer: Failed to choose config with EGL_SWAP_BEHAVIOR_PRESERVED, retrying without...
04-13 11:35:29.760 22235 22271 D EGL_emulation: eglCreateContext: 0xe97372f0: maj 3 min 0 rcv 3
04-13 11:35:29.762 22235 22279 W unknown:ViewManagerPropertyUpdater: Could not find generated setter for class com.facebook.react.views.scroll.ReactScrollViewManager
04-13 11:35:29.763 22235 22279 W unknown:ViewManagerPropertyUpdater: Could not find generated setter for class com.facebook.react.views.slider.ReactSliderManager
04-13 11:35:29.771 22235 22279 W unknown:ViewManagerPropertyUpdater: Could not find generated setter for class com.facebook.react.views.slider.ReactSliderManager$ReactSliderShadowNode
04-13 11:35:29.771 22235 22279 W unknown:ViewManagerPropertyUpdater: Could not find generated setter for class com.facebook.react.views.switchview.ReactSwitchManager
04-13 11:35:29.772 22235 22279 W unknown:ViewManagerPropertyUpdater: Could not find generated setter for class com.facebook.react.views.switchview.ReactSwitchManager$ReactSwitchShadowNode
04-13 11:35:29.772 22235 22279 W unknown:ViewManagerPropertyUpdater: Could not find generated setter for class com.facebook.react.views.swiperefresh.SwipeRefreshLayoutManager
04-13 11:35:29.773 22235 22279 W unknown:ViewManagerPropertyUpdater: Could not find generated setter for class com.facebook.react.views.art.ARTSurfaceViewManager
04-13 11:35:29.774 22235 22279 W unknown:ViewManagerPropertyUpdater: Could not find generated setter for class com.facebook.react.views.art.ARTSurfaceViewShadowNode
04-13 11:35:29.774 22235 22279 W unknown:ViewManagerPropertyUpdater: Could not find generated setter for class com.facebook.react.views.text.frescosupport.FrescoBasedReactTextInlineImageViewManager
04-13 11:35:29.774 22235 22279 W unknown:ViewManagerPropertyUpdater: Could not find generated setter for class com.facebook.react.views.text.frescosupport.FrescoBasedReactTextInlineImageShadowNode
04-13 11:35:29.775 22235 22279 W unknown:ViewManagerPropertyUpdater: Could not find generated setter for class com.facebook.react.views.image.ReactImageManager
04-13 11:35:29.776 22235 22279 W unknown:ViewManagerPropertyUpdater: Could not find generated setter for class com.facebook.react.views.modal.ReactModalHostManager
04-13 11:35:29.776 22235 22279 W unknown:ViewManagerPropertyUpdater: Could not find generated setter for class com.facebook.react.views.modal.ModalHostShadowNode
04-13 11:35:29.777 22235 22279 W unknown:ViewManagerPropertyUpdater: Could not find generated setter for class com.facebook.react.views.text.ReactRawTextManager
04-13 11:35:29.777 22235 22279 W unknown:ViewManagerPropertyUpdater: Could not find generated setter for class com.facebook.react.views.text.ReactRawTextShadowNode
04-13 11:35:29.777 22235 22279 W unknown:ViewManagerPropertyUpdater: Could not find generated setter for class com.facebook.react.views.textinput.ReactTextInputManager
04-13 11:35:29.779 22235 22271 D EGL_emulation: eglMakeCurrent: 0xe97372f0: ver 3 0 (tinfo 0xe9a7d070)
04-13 11:35:29.779 22235 22279 W unknown:ViewManagerPropertyUpdater: Could not find generated setter for class com.facebook.react.views.textinput.ReactTextInputShadowNode
04-13 11:35:29.782 22235 22279 W unknown:ViewManagerPropertyUpdater: Could not find generated setter for class com.facebook.react.views.text.ReactTextViewManager
04-13 11:35:29.782 22235 22279 W unknown:ViewManagerPropertyUpdater: Could not find generated setter for class com.facebook.react.views.text.ReactTextShadowNode
04-13 11:35:29.783 22235 22279 W unknown:ViewManagerPropertyUpdater: Could not find generated setter for class com.facebook.react.views.view.ReactViewManager
04-13 11:35:29.783 22235 22279 W unknown:ViewManagerPropertyUpdater: Could not find generated setter for class com.facebook.react.views.viewpager.ReactViewPagerManager
04-13 11:35:29.786 22235 22279 W unknown:ViewManagerPropertyUpdater: Could not find generated setter for class com.facebook.react.views.text.ReactVirtualTextViewManager
04-13 11:35:29.787 22235 22279 W unknown:ViewManagerPropertyUpdater: Could not find generated setter for class com.facebook.react.views.text.ReactVirtualTextShadowNode
04-13 11:35:29.789 22235 22279 D SoLoader: About to load: libyoga.so
04-13 11:35:29.790 22235 22279 D SoLoader: libyoga.so not found on /data/user/0/com.detoxtest/lib-main
04-13 11:35:29.790 22235 22279 D SoLoader: libyoga.so found on /data/app/~~B0k8vF8Ba0q6rZqOnfZ-rw==/com.detoxtest-YgSOrTI45dM0K90GbatSWQ==/lib/x86
04-13 11:35:29.790 22235 22279 D SoLoader: Not resolving dependencies for libyoga.so
04-13 11:35:29.792 22235 22279 D SoLoader: Loaded: libyoga.so
04-13 11:35:29.794 22235 22271 I Gralloc4: mapper 4.x is not supported
04-13 11:35:29.795 22235 22279 E unknown:ReactRootView: runApplication: call AppRegistry.runApplication
04-13 11:35:29.799 22235 22271 D HostConnection: createUnique: call
04-13 11:35:29.799 22235 22271 D HostConnection: HostConnection::get() New Host Connection established 0xe9917710, tid 22271
04-13 11:35:29.799 22235 22271 D eglCodecCommon: allocate: Ask for block of size 0x100
04-13 11:35:29.799 22235 22271 D eglCodecCommon: allocate: ioctl allocate returned offset 0x3fc0ff000 size 0x2000
04-13 11:35:29.816 22235 22271 D HostConnection: HostComposition ext ANDROID_EMU_CHECKSUM_HELPER_v1 ANDROID_EMU_native_sync_v2 ANDROID_EMU_native_sync_v3 ANDROID_EMU_native_sync_v4 ANDROID_EMU_dma_v1 ANDROID_EMU_direct_mem ANDROID_EMU_host_composition_v1 ANDROID_EMU_host_composition_v2 ANDROID_EMU_YUV_Cache ANDROID_EMU_async_unmap_buffer GL_OES_EGL_image_external_essl3 GL_OES_vertex_array_object GL_KHR_texture_compression_astc_ldr ANDROID_EMU_gles_max_version_3_0 
04-13 11:35:29.819 22235 22279 D SoLoader: init exiting
04-13 11:35:29.822 22235 22271 D EGL_emulation: eglMakeCurrent: 0xe97372f0: ver 3 0 (tinfo 0xe9a7d070)
04-13 11:35:29.827 22235 22278 E ReactNativeJNI: logMarker RUN_JS_BUNDLE_END
04-13 11:35:29.828 22235 22278 I ReactNativeJS: Running "detoxTest" with {"rootTag":1}
04-13 11:35:29.857 22235 22235 E unknown:ReactNative: Unable to launch logbox because react was unable to create the root view
04-13 11:35:29.877 22235 22285 I Detox   : Detox thread starting (com.wix.detox.manager)
04-13 11:35:29.879 22235 22285 I DetoxManager: DetoxServerUrl: ws://localhost:62067
04-13 11:35:29.879 22235 22285 I DetoxManager: DetoxSessionId: e79b9beb-4563-0fa8-3cd2-c52d07fc806d
04-13 11:35:29.895 22235 22235 D DetoxRNLoading: Got new RN-context directly and immediately
04-13 11:35:29.898 22235 22285 I DetoxRNIdleRes: Setting up Espresso Idling Resources for React Native.
04-13 11:35:29.921 22235 22285 D AsyncStorageIR: Checking whether a custom IR for Async-Storage is required... (legacy=false)
04-13 11:35:29.921 22235 22285 D DetoxRNHelpers: Native module not resolved: no such class
04-13 11:35:29.921 22235 22285 D AsyncStorageIR: Checking whether a custom IR for Async-Storage is required... (legacy=true)
04-13 11:35:29.923 22235 22285 D AsyncStorageIR: IR for Async-Storage is required! (legacy=true)
04-13 11:35:29.926 22235 22235 D AsyncStorageIRLegacy: Async-storage is busy!
04-13 11:35:29.936 22235 22285 I WebSocketClient: At connectToServer
04-13 11:35:29.953 22235 22287 I WebSocketClient: At onOpen
04-13 11:35:29.953 22235 22287 I WebSocketClient: At sendAction
04-13 11:35:29.953 22235 22287 D WebSocketClient: Detox Action Sent: login
04-13 11:35:30.133 22235 22235 I Detox   : Wait is over: app is now idle!
04-13 11:35:30.140 22235 22287 I WebSocketClient: At sendAction
04-13 11:35:30.142 22235 22287 D WebSocketClient: Detox Action Sent: ready
04-13 11:35:30.146 22235 22287 I WebSocketClient: At onMessage
04-13 11:35:30.146 22235 22287 I WebSocketClient: At receiveAction
04-13 11:35:30.146 22235 22287 D WebSocketClient: Detox Action Received: loginSuccess
04-13 11:35:30.147 22235 22287 I DetoxManager: onAction: type: loginSuccess params: {"testerConnected":true,"appConnected":true}
