--------- beginning of main
04-13 11:19:59.029 19396 19396 I Detox   : Wait is over: app is now idle!
04-13 11:19:59.034 19396 19448 I WebSocketClient: At sendAction
04-13 11:19:59.037 19396 19448 D WebSocketClient: Detox Action Sent: ready
04-13 11:19:59.041 19396 19448 I WebSocketClient: At onMessage
04-13 11:19:59.041 19396 19448 I WebSocketClient: At receiveAction
04-13 11:19:59.041 19396 19448 D WebSocketClient: Detox Action Received: loginSuccess
04-13 11:19:59.041 19396 19448 I DetoxManager: onAction: type: loginSuccess params: {"testerConnected":true,"appConnected":true}
04-13 11:19:59.043 19396 19448 I WebSocketClient: At onMessage
04-13 11:19:59.043 19396 19448 I WebSocketClient: At receiveAction
04-13 11:19:59.043 19396 19448 D WebSocketClient: Detox Action Received: isReady
04-13 11:19:59.043 19396 19448 I DetoxManager: onAction: type: isReady params: {}
04-13 11:19:59.046 19396 19396 I Detox   : Wait is over: app is now idle!
04-13 11:19:59.046 19396 19446 I WebSocketClient: At sendAction
04-13 11:19:59.047 19396 19446 D WebSocketClient: Detox Action Sent: ready
04-13 11:19:59.090 19396 19448 I WebSocketClient: At onMessage
04-13 11:19:59.090 19396 19448 I WebSocketClient: At receiveAction
04-13 11:19:59.090 19396 19448 D WebSocketClient: Detox Action Received: reactNativeReload
04-13 11:19:59.090 19396 19448 I DetoxManager: onAction: type: reactNativeReload params: {}
04-13 11:19:59.093 19396 19446 I DetoxRNExt: Reloading React Native
04-13 11:19:59.124 19396 19461 E unknown:ReactNative: ReactInstanceManager.createReactContext: mJSIModulePackage null
04-13 11:19:59.125 19396 19462 E ReactNativeJNI: logMarker CREATE_REACT_CONTEXT_END
04-13 11:19:59.129 19396 19462 E ReactNativeJNI: logMarker RUN_JS_BUNDLE_START
04-13 11:19:59.129 19396 19463 E unknown:ReactNative: ReactInstanceManager.attachRootViewToInstance()
04-13 11:19:59.131 19396 19463 W unknown:ViewManagerPropertyUpdater: Could not find generated setter for class com.facebook.react.views.art.ARTGroupViewManager
04-13 11:19:59.131 19396 19463 W unknown:ViewManagerPropertyUpdater: Could not find generated setter for class com.facebook.react.views.art.ARTGroupShadowNode
04-13 11:19:59.131 19396 19463 W unknown:ViewManagerPropertyUpdater: Could not find generated setter for class com.facebook.react.views.art.ARTShapeViewManager
04-13 11:19:59.131 19396 19463 W unknown:ViewManagerPropertyUpdater: Could not find generated setter for class com.facebook.react.views.art.ARTShapeShadowNode
04-13 11:19:59.132 19396 19463 W unknown:ViewManagerPropertyUpdater: Could not find generated setter for class com.facebook.react.views.art.ARTTextViewManager
04-13 11:19:59.132 19396 19463 W unknown:ViewManagerPropertyUpdater: Could not find generated setter for class com.facebook.react.views.art.ARTTextShadowNode
04-13 11:19:59.132 19396 19463 W unknown:ViewManagerPropertyUpdater: Could not find generated setter for class com.facebook.react.views.checkbox.ReactCheckBoxManager
04-13 11:19:59.132 19396 19463 W unknown:ViewManagerPropertyUpdater: Could not find generated setter for class com.facebook.react.uimanager.LayoutShadowNode
04-13 11:19:59.133 19396 19463 W unknown:ViewManagerPropertyUpdater: Could not find generated setter for class com.facebook.react.views.picker.ReactDialogPickerManager
04-13 11:19:59.134 19396 19463 W unknown:ViewManagerPropertyUpdater: Could not find generated setter for class com.facebook.react.views.drawer.ReactDrawerLayoutManager
04-13 11:19:59.135 19396 19463 W unknown:ViewManagerPropertyUpdater: Could not find generated setter for class com.facebook.react.views.picker.ReactDropdownPickerManager
04-13 11:19:59.135 19396 19463 W unknown:ViewManagerPropertyUpdater: Could not find generated setter for class com.facebook.react.views.scroll.ReactHorizontalScrollViewManager
04-13 11:19:59.136 19396 19463 W unknown:ViewManagerPropertyUpdater: Could not find generated setter for class com.facebook.react.views.scroll.ReactHorizontalScrollContainerViewManager
04-13 11:19:59.136 19396 19463 W unknown:ViewManagerPropertyUpdater: Could not find generated setter for class com.facebook.react.views.progressbar.ReactProgressBarViewManager
04-13 11:19:59.136 19396 19463 W unknown:ViewManagerPropertyUpdater: Could not find generated setter for class com.facebook.react.views.progressbar.ProgressBarShadowNode
04-13 11:19:59.137 19396 19463 W unknown:ViewManagerPropertyUpdater: Could not find generated setter for class com.facebook.react.views.scroll.ReactScrollViewManager
04-13 11:19:59.138 19396 19463 W unknown:ViewManagerPropertyUpdater: Could not find generated setter for class com.facebook.react.views.slider.ReactSliderManager
04-13 11:19:59.138 19396 19463 W unknown:ViewManagerPropertyUpdater: Could not find generated setter for class com.facebook.react.views.slider.ReactSliderManager$ReactSliderShadowNode
04-13 11:19:59.139 19396 19463 W unknown:ViewManagerPropertyUpdater: Could not find generated setter for class com.facebook.react.views.switchview.ReactSwitchManager
04-13 11:19:59.139 19396 19463 W unknown:ViewManagerPropertyUpdater: Could not find generated setter for class com.facebook.react.views.switchview.ReactSwitchManager$ReactSwitchShadowNode
04-13 11:19:59.139 19396 19463 W unknown:ViewManagerPropertyUpdater: Could not find generated setter for class com.facebook.react.views.swiperefresh.SwipeRefreshLayoutManager
04-13 11:19:59.139 19396 19463 W unknown:ViewManagerPropertyUpdater: Could not find generated setter for class com.facebook.react.views.art.ARTSurfaceViewManager
04-13 11:19:59.140 19396 19463 W unknown:ViewManagerPropertyUpdater: Could not find generated setter for class com.facebook.react.views.art.ARTSurfaceViewShadowNode
04-13 11:19:59.140 19396 19463 W unknown:ViewManagerPropertyUpdater: Could not find generated setter for class com.facebook.react.views.text.frescosupport.FrescoBasedReactTextInlineImageViewManager
04-13 11:19:59.140 19396 19463 W unknown:ViewManagerPropertyUpdater: Could not find generated setter for class com.facebook.react.views.text.frescosupport.FrescoBasedReactTextInlineImageShadowNode
04-13 11:19:59.140 19396 19463 W unknown:ViewManagerPropertyUpdater: Could not find generated setter for class com.facebook.react.views.image.ReactImageManager
04-13 11:19:59.141 19396 19463 W unknown:ViewManagerPropertyUpdater: Could not find generated setter for class com.facebook.react.views.modal.ReactModalHostManager
04-13 11:19:59.141 19396 19463 W unknown:ViewManagerPropertyUpdater: Could not find generated setter for class com.facebook.react.views.modal.ModalHostShadowNode
04-13 11:19:59.141 19396 19463 W unknown:ViewManagerPropertyUpdater: Could not find generated setter for class com.facebook.react.views.text.ReactRawTextManager
04-13 11:19:59.141 19396 19463 W unknown:ViewManagerPropertyUpdater: Could not find generated setter for class com.facebook.react.views.text.ReactRawTextShadowNode
04-13 11:19:59.141 19396 19463 W unknown:ViewManagerPropertyUpdater: Could not find generated setter for class com.facebook.react.views.textinput.ReactTextInputManager
04-13 11:19:59.144 19396 19463 W unknown:ViewManagerPropertyUpdater: Could not find generated setter for class com.facebook.react.views.textinput.ReactTextInputShadowNode
04-13 11:19:59.145 19396 19463 W unknown:ViewManagerPropertyUpdater: Could not find generated setter for class com.facebook.react.views.text.ReactTextViewManager
04-13 11:19:59.145 19396 19463 W unknown:ViewManagerPropertyUpdater: Could not find generated setter for class com.facebook.react.views.text.ReactTextShadowNode
04-13 11:19:59.146 19396 19463 W unknown:ViewManagerPropertyUpdater: Could not find generated setter for class com.facebook.react.views.view.ReactViewManager
04-13 11:19:59.146 19396 19463 W unknown:ViewManagerPropertyUpdater: Could not find generated setter for class com.facebook.react.views.viewpager.ReactViewPagerManager
04-13 11:19:59.148 19396 19463 W unknown:ViewManagerPropertyUpdater: Could not find generated setter for class com.facebook.react.views.text.ReactVirtualTextViewManager
04-13 11:19:59.148 19396 19463 W unknown:ViewManagerPropertyUpdater: Could not find generated setter for class com.facebook.react.views.text.ReactVirtualTextShadowNode
04-13 11:19:59.149 19396 19463 E unknown:ReactRootView: runApplication: call AppRegistry.runApplication
04-13 11:19:59.150 19396 19396 I DetoxRNLoading: Got new RN-context async'ly through listener
04-13 11:19:59.150 19396 19446 I DetoxRNIdleRes: Setting up Espresso Idling Resources for React Native.
04-13 11:19:59.152 19396 19446 D AsyncStorageIR: Checking whether a custom IR for Async-Storage is required... (legacy=false)
04-13 11:19:59.152 19396 19446 D DetoxRNHelpers: Native module not resolved: no such class
04-13 11:19:59.152 19396 19446 D AsyncStorageIR: Checking whether a custom IR for Async-Storage is required... (legacy=true)
04-13 11:19:59.152 19396 19446 D AsyncStorageIR: IR for Async-Storage is required! (legacy=true)
04-13 11:19:59.153 19396 19396 D AsyncStorageIRLegacy: Async-storage is busy!
04-13 11:19:59.155 19396 19446 I WebSocketClient: At sendAction
04-13 11:19:59.155 19396 19446 D WebSocketClient: Detox Action Sent: ready
04-13 11:19:59.161 19396 19448 I WebSocketClient: At onMessage
04-13 11:19:59.162 19396 19448 I WebSocketClient: At receiveAction
04-13 11:19:59.162 19396 19448 D WebSocketClient: Detox Action Received: invoke
04-13 11:19:59.162 19396 19448 I DetoxManager: onAction: type: invoke params: {"target":{"type":"Class","value":"com.wix.detox.espresso.DetoxAssertion"},"method":"assertMatcher","args":[{"type":"Invocation","value":{"target":{"type":"Class","value":"androidx.test.espresso.Espresso"},"method":"onView","args":[{"type":"Invocation","value":{"target":{"type":"Class","value":"com.wix.detox.espresso.DetoxMatcher"},"method":"matcherForTestId","args":["initButton"]}}]}},{"type":"Invocation","value":{"target":{"type":"Class","value":"com.wix.detox.espresso.DetoxMatcher"},"method":"matcherForSufficientlyVisible","args":[]}}]}
04-13 11:19:59.178 19396 19446 D Detox   : class com.wix.detox.espresso.DetoxMatcher, matcherForTestId, [initButton]
04-13 11:19:59.184 19396 19396 E unknown:ReactNative: Unable to launch logbox because react was unable to create the root view
04-13 11:19:59.200 19396 19446 D Detox   : class androidx.test.espresso.Espresso, onView, [(with tag value: is "initButton" and view has effective visibility=VISIBLE)]
04-13 11:19:59.201 19396 19462 E ReactNativeJNI: logMarker RUN_JS_BUNDLE_END
04-13 11:19:59.201 19396 19446 D Detox   : class com.wix.detox.espresso.DetoxMatcher, matcherForSufficientlyVisible, []
04-13 11:19:59.203 19396 19462 I ReactNativeJS: Running "detoxTest" with {"rootTag":11}
04-13 11:19:59.203 19396 19446 D Detox   : class com.wix.detox.espresso.DetoxAssertion, assertMatcher, [androidx.test.espresso.ViewInteraction@7f182d6, at least 75 percent of the view's area is displayed to the user.]
04-13 11:19:59.445 19396 19396 I ViewInteraction: Checking 'MatchesViewAssertion(Detox){viewMatcher=at least 75 percent of the view's area is displayed to the user.}' assertion on view (with tag value: is "initButton" and view has effective visibility=VISIBLE)
04-13 11:19:59.448 19396 19446 I WebSocketClient: At sendAction
04-13 11:19:59.449 19396 19446 D WebSocketClient: Detox Action Sent: invokeResult
04-13 11:19:59.495 19396 19448 I WebSocketClient: At onMessage
04-13 11:19:59.495 19396 19448 I WebSocketClient: At receiveAction
04-13 11:19:59.495 19396 19448 D WebSocketClient: Detox Action Received: reactNativeReload
04-13 11:19:59.495 19396 19448 I DetoxManager: onAction: type: reactNativeReload params: {}
04-13 11:19:59.505 19396 19446 I DetoxRNExt: Reloading React Native
04-13 11:19:59.519 19396 19474 E unknown:ReactNative: ReactInstanceManager.createReactContext: mJSIModulePackage null
04-13 11:19:59.521 19396 19476 E ReactNativeJNI: logMarker CREATE_REACT_CONTEXT_END
04-13 11:19:59.528 19396 19476 E ReactNativeJNI: logMarker RUN_JS_BUNDLE_START
04-13 11:19:59.528 19396 19477 E unknown:ReactNative: ReactInstanceManager.attachRootViewToInstance()
04-13 11:19:59.532 19396 19477 W unknown:ViewManagerPropertyUpdater: Could not find generated setter for class com.facebook.react.views.art.ARTGroupViewManager
04-13 11:19:59.533 19396 19477 W unknown:ViewManagerPropertyUpdater: Could not find generated setter for class com.facebook.react.views.art.ARTGroupShadowNode
04-13 11:19:59.536 19396 19477 W unknown:ViewManagerPropertyUpdater: Could not find generated setter for class com.facebook.react.views.art.ARTShapeViewManager
04-13 11:19:59.537 19396 19477 W unknown:ViewManagerPropertyUpdater: Could not find generated setter for class com.facebook.react.views.art.ARTShapeShadowNode
04-13 11:19:59.537 19396 19477 W unknown:ViewManagerPropertyUpdater: Could not find generated setter for class com.facebook.react.views.art.ARTTextViewManager
04-13 11:19:59.537 19396 19477 W unknown:ViewManagerPropertyUpdater: Could not find generated setter for class com.facebook.react.views.art.ARTTextShadowNode
04-13 11:19:59.537 19396 19477 W unknown:ViewManagerPropertyUpdater: Could not find generated setter for class com.facebook.react.views.checkbox.ReactCheckBoxManager
04-13 11:19:59.544 19396 19477 W unknown:ViewManagerPropertyUpdater: Could not find generated setter for class com.facebook.react.uimanager.LayoutShadowNode
04-13 11:19:59.549 19396 19477 W unknown:ViewManagerPropertyUpdater: Could not find generated setter for class com.facebook.react.views.picker.ReactDialogPickerManager
04-13 11:19:59.553 19396 19477 W unknown:ViewManagerPropertyUpdater: Could not find generated setter for class com.facebook.react.views.drawer.ReactDrawerLayoutManager
04-13 11:19:59.556 19396 19477 W unknown:ViewManagerPropertyUpdater: Could not find generated setter for class com.facebook.react.views.picker.ReactDropdownPickerManager
04-13 11:19:59.557 19396 19477 W unknown:ViewManagerPropertyUpdater: Could not find generated setter for class com.facebook.react.views.scroll.ReactHorizontalScrollViewManager
04-13 11:19:59.558 19396 19477 W unknown:ViewManagerPropertyUpdater: Could not find generated setter for class com.facebook.react.views.scroll.ReactHorizontalScrollContainerViewManager
04-13 11:19:59.558 19396 19477 W unknown:ViewManagerPropertyUpdater: Could not find generated setter for class com.facebook.react.views.progressbar.ReactProgressBarViewManager
04-13 11:19:59.559 19396 19477 W unknown:ViewManagerPropertyUpdater: Could not find generated setter for class com.facebook.react.views.progressbar.ProgressBarShadowNode
04-13 11:19:59.560 19396 19477 W unknown:ViewManagerPropertyUpdater: Could not find generated setter for class com.facebook.react.views.scroll.ReactScrollViewManager
04-13 11:19:59.563 19396 19477 W unknown:ViewManagerPropertyUpdater: Could not find generated setter for class com.facebook.react.views.slider.ReactSliderManager
04-13 11:19:59.564 19396 19477 W unknown:ViewManagerPropertyUpdater: Could not find generated setter for class com.facebook.react.views.slider.ReactSliderManager$ReactSliderShadowNode
04-13 11:19:59.564 19396 19477 W unknown:ViewManagerPropertyUpdater: Could not find generated setter for class com.facebook.react.views.switchview.ReactSwitchManager
04-13 11:19:59.564 19396 19477 W unknown:ViewManagerPropertyUpdater: Could not find generated setter for class com.facebook.react.views.switchview.ReactSwitchManager$ReactSwitchShadowNode
04-13 11:19:59.565 19396 19477 W unknown:ViewManagerPropertyUpdater: Could not find generated setter for class com.facebook.react.views.swiperefresh.SwipeRefreshLayoutManager
04-13 11:19:59.565 19396 19477 W unknown:ViewManagerPropertyUpdater: Could not find generated setter for class com.facebook.react.views.art.ARTSurfaceViewManager
04-13 11:19:59.565 19396 19477 W unknown:ViewManagerPropertyUpdater: Could not find generated setter for class com.facebook.react.views.art.ARTSurfaceViewShadowNode
04-13 11:19:59.565 19396 19477 W unknown:ViewManagerPropertyUpdater: Could not find generated setter for class com.facebook.react.views.text.frescosupport.FrescoBasedReactTextInlineImageViewManager
04-13 11:19:59.566 19396 19477 W unknown:ViewManagerPropertyUpdater: Could not find generated setter for class com.facebook.react.views.text.frescosupport.FrescoBasedReactTextInlineImageShadowNode
04-13 11:19:59.566 19396 19477 W unknown:ViewManagerPropertyUpdater: Could not find generated setter for class com.facebook.react.views.image.ReactImageManager
04-13 11:19:59.569 19396 19477 W unknown:ViewManagerPropertyUpdater: Could not find generated setter for class com.facebook.react.views.modal.ReactModalHostManager
04-13 11:19:59.569 19396 19477 W unknown:ViewManagerPropertyUpdater: Could not find generated setter for class com.facebook.react.views.modal.ModalHostShadowNode
04-13 11:19:59.569 19396 19477 W unknown:ViewManagerPropertyUpdater: Could not find generated setter for class com.facebook.react.views.text.ReactRawTextManager
04-13 11:19:59.570 19396 19477 W unknown:ViewManagerPropertyUpdater: Could not find generated setter for class com.facebook.react.views.text.ReactRawTextShadowNode
04-13 11:19:59.570 19396 19477 W unknown:ViewManagerPropertyUpdater: Could not find generated setter for class com.facebook.react.views.textinput.ReactTextInputManager
04-13 11:19:59.573 19396 19477 W unknown:ViewManagerPropertyUpdater: Could not find generated setter for class com.facebook.react.views.textinput.ReactTextInputShadowNode
04-13 11:19:59.575 19396 19477 W unknown:ViewManagerPropertyUpdater: Could not find generated setter for class com.facebook.react.views.text.ReactTextViewManager
04-13 11:19:59.577 19396 19477 W unknown:ViewManagerPropertyUpdater: Could not find generated setter for class com.facebook.react.views.text.ReactTextShadowNode
04-13 11:19:59.577 19396 19477 W unknown:ViewManagerPropertyUpdater: Could not find generated setter for class com.facebook.react.views.view.ReactViewManager
04-13 11:19:59.579 19396 19477 W unknown:ViewManagerPropertyUpdater: Could not find generated setter for class com.facebook.react.views.viewpager.ReactViewPagerManager
04-13 11:19:59.580 19396 19477 W unknown:ViewManagerPropertyUpdater: Could not find generated setter for class com.facebook.react.views.text.ReactVirtualTextViewManager
04-13 11:19:59.580 19396 19477 W unknown:ViewManagerPropertyUpdater: Could not find generated setter for class com.facebook.react.views.text.ReactVirtualTextShadowNode
04-13 11:19:59.581 19396 19477 E unknown:ReactRootView: runApplication: call AppRegistry.runApplication
04-13 11:19:59.581 19396 19396 I DetoxRNLoading: Got new RN-context async'ly through listener
04-13 11:19:59.582 19396 19446 I DetoxRNIdleRes: Setting up Espresso Idling Resources for React Native.
04-13 11:19:59.584 19396 19446 D AsyncStorageIR: Checking whether a custom IR for Async-Storage is required... (legacy=false)
04-13 11:19:59.584 19396 19446 D DetoxRNHelpers: Native module not resolved: no such class
04-13 11:19:59.584 19396 19446 D AsyncStorageIR: Checking whether a custom IR for Async-Storage is required... (legacy=true)
04-13 11:19:59.584 19396 19446 D AsyncStorageIR: IR for Async-Storage is required! (legacy=true)
04-13 11:19:59.588 19396 19396 D AsyncStorageIRLegacy: Async-storage is busy!
04-13 11:19:59.590 19396 19446 I WebSocketClient: At sendAction
04-13 11:19:59.590 19396 19446 D WebSocketClient: Detox Action Sent: ready
04-13 11:19:59.600 19396 19448 I WebSocketClient: At onMessage
04-13 11:19:59.600 19396 19448 I WebSocketClient: At receiveAction
04-13 11:19:59.600 19396 19448 D WebSocketClient: Detox Action Received: invoke
04-13 11:19:59.601 19396 19448 I DetoxManager: onAction: type: invoke params: {"target":{"type":"Class","value":"com.wix.detox.espresso.EspressoDetox"},"method":"perform","args":[{"type":"Invocation","value":{"target":{"type":"Class","value":"androidx.test.espresso.Espresso"},"method":"onView","args":[{"type":"Invocation","value":{"target":{"type":"Class","value":"com.wix.detox.espresso.DetoxMatcher"},"method":"matcherForTestId","args":["initButton"]}}]}},{"type":"Invocation","value":{"target":{"type":"Class","value":"com.wix.detox.espresso.DetoxViewActions"},"method":"click","args":[]}}]}
04-13 11:19:59.601 19396 19446 D Detox   : class com.wix.detox.espresso.DetoxMatcher, matcherForTestId, [initButton]
04-13 11:19:59.601 19396 19446 D Detox   : class androidx.test.espresso.Espresso, onView, [(with tag value: is "initButton" and view has effective visibility=VISIBLE)]
04-13 11:19:59.603 19396 19446 D Detox   : class com.wix.detox.espresso.DetoxViewActions, click, []
04-13 11:19:59.623 19396 19446 D Detox   : class com.wix.detox.espresso.EspressoDetox, perform, [androidx.test.espresso.ViewInteraction@f3b773f, com.wix.detox.espresso.action.RNClickAction@461280c]
04-13 11:19:59.626 19396 19396 E unknown:ReactNative: Unable to launch logbox because react was unable to create the root view
04-13 11:19:59.647 19396 19476 E ReactNativeJNI: logMarker RUN_JS_BUNDLE_END
04-13 11:19:59.648 19396 19476 I ReactNativeJS: Running "detoxTest" with {"rootTag":21}
04-13 11:19:59.886 19396 19448 I WebSocketClient: At onMessage
04-13 11:19:59.887 19396 19448 I WebSocketClient: At receiveAction
04-13 11:19:59.887 19396 19448 D WebSocketClient: Detox Action Received: reactNativeReload
04-13 11:19:59.889 19396 19448 I DetoxManager: onAction: type: reactNativeReload params: {}
04-13 11:19:59.966 19396 19396 I ViewInteraction: Performing 'com.wix.detox.espresso.action.detoxsingletap@22baf10 click' action on view (with tag value: is "initButton" and view has effective visibility=VISIBLE)
04-13 11:20:00.143 19396 19477 D AppsFlyer_6.2.0: Initializing AppsFlyer SDK: (v6.2.0.91)
04-13 11:20:00.372 19396 19503 I TetheringManager: registerTetheringEventCallback:com.detoxtest
04-13 11:20:00.410 19396 19446 I WebSocketClient: At sendAction
04-13 11:20:00.411 19396 19446 D WebSocketClient: Detox Action Sent: invokeResult
04-13 11:20:00.415 19396 19446 I DetoxRNExt: Reloading React Native
04-13 11:20:00.457 19396 19509 E unknown:ReactNative: ReactInstanceManager.createReactContext: mJSIModulePackage null
04-13 11:20:00.457 19396 19510 E ReactNativeJNI: logMarker CREATE_REACT_CONTEXT_END
04-13 11:20:00.463 19396 19510 E ReactNativeJNI: logMarker RUN_JS_BUNDLE_START
04-13 11:20:00.463 19396 19512 E unknown:ReactNative: ReactInstanceManager.attachRootViewToInstance()
04-13 11:20:00.467 19396 19512 W unknown:ViewManagerPropertyUpdater: Could not find generated setter for class com.facebook.react.views.art.ARTGroupViewManager
04-13 11:20:00.467 19396 19512 W unknown:ViewManagerPropertyUpdater: Could not find generated setter for class com.facebook.react.views.art.ARTGroupShadowNode
04-13 11:20:00.469 19396 19512 W unknown:ViewManagerPropertyUpdater: Could not find generated setter for class com.facebook.react.views.art.ARTShapeViewManager
04-13 11:20:00.469 19396 19512 W unknown:ViewManagerPropertyUpdater: Could not find generated setter for class com.facebook.react.views.art.ARTShapeShadowNode
04-13 11:20:00.469 19396 19512 W unknown:ViewManagerPropertyUpdater: Could not find generated setter for class com.facebook.react.views.art.ARTTextViewManager
04-13 11:20:00.471 19396 19512 W unknown:ViewManagerPropertyUpdater: Could not find generated setter for class com.facebook.react.views.art.ARTTextShadowNode
04-13 11:20:00.471 19396 19512 W unknown:ViewManagerPropertyUpdater: Could not find generated setter for class com.facebook.react.views.checkbox.ReactCheckBoxManager
04-13 11:20:00.472 19396 19512 W unknown:ViewManagerPropertyUpdater: Could not find generated setter for class com.facebook.react.uimanager.LayoutShadowNode
04-13 11:20:00.473 19396 19512 W unknown:ViewManagerPropertyUpdater: Could not find generated setter for class com.facebook.react.views.picker.ReactDialogPickerManager
04-13 11:20:00.473 19396 19512 W unknown:ViewManagerPropertyUpdater: Could not find generated setter for class com.facebook.react.views.drawer.ReactDrawerLayoutManager
04-13 11:20:00.473 19396 19512 W unknown:ViewManagerPropertyUpdater: Could not find generated setter for class com.facebook.react.views.picker.ReactDropdownPickerManager
04-13 11:20:00.473 19396 19512 W unknown:ViewManagerPropertyUpdater: Could not find generated setter for class com.facebook.react.views.scroll.ReactHorizontalScrollViewManager
04-13 11:20:00.475 19396 19503 I com.detoxtest: IncrementDisableThreadFlip blocked for 10.295ms
04-13 11:20:00.476 19396 19512 W unknown:ViewManagerPropertyUpdater: Could not find generated setter for class com.facebook.react.views.scroll.ReactHorizontalScrollContainerViewManager
04-13 11:20:00.476 19396 19512 W unknown:ViewManagerPropertyUpdater: Could not find generated setter for class com.facebook.react.views.progressbar.ReactProgressBarViewManager
04-13 11:20:00.477 19396 19512 W unknown:ViewManagerPropertyUpdater: Could not find generated setter for class com.facebook.react.views.progressbar.ProgressBarShadowNode
04-13 11:20:00.477 19396 19512 W unknown:ViewManagerPropertyUpdater: Could not find generated setter for class com.facebook.react.views.scroll.ReactScrollViewManager
04-13 11:20:00.477 19396 19511 I com.detoxtest: Waiting for a blocking GC ClassLinker
04-13 11:20:00.478 19396 19503 I com.detoxtest: Waiting for a blocking GC ClassLinker
04-13 11:20:00.479 19396 19512 W unknown:ViewManagerPropertyUpdater: Could not find generated setter for class com.facebook.react.views.slider.ReactSliderManager
04-13 11:20:00.480 19396 19512 W unknown:ViewManagerPropertyUpdater: Could not find generated setter for class com.facebook.react.views.slider.ReactSliderManager$ReactSliderShadowNode
04-13 11:20:00.481 19396 19512 W unknown:ViewManagerPropertyUpdater: Could not find generated setter for class com.facebook.react.views.switchview.ReactSwitchManager
04-13 11:20:00.482 19396 19512 W unknown:ViewManagerPropertyUpdater: Could not find generated setter for class com.facebook.react.views.switchview.ReactSwitchManager$ReactSwitchShadowNode
04-13 11:20:00.483 19396 19512 W unknown:ViewManagerPropertyUpdater: Could not find generated setter for class com.facebook.react.views.swiperefresh.SwipeRefreshLayoutManager
04-13 11:20:00.483 19396 19512 W unknown:ViewManagerPropertyUpdater: Could not find generated setter for class com.facebook.react.views.art.ARTSurfaceViewManager
04-13 11:20:00.483 19396 19512 W unknown:ViewManagerPropertyUpdater: Could not find generated setter for class com.facebook.react.views.art.ARTSurfaceViewShadowNode
04-13 11:20:00.483 19396 19512 W unknown:ViewManagerPropertyUpdater: Could not find generated setter for class com.facebook.react.views.text.frescosupport.FrescoBasedReactTextInlineImageViewManager
04-13 11:20:00.483 19396 19512 W unknown:ViewManagerPropertyUpdater: Could not find generated setter for class com.facebook.react.views.text.frescosupport.FrescoBasedReactTextInlineImageShadowNode
04-13 11:20:00.484 19396 19512 W unknown:ViewManagerPropertyUpdater: Could not find generated setter for class com.facebook.react.views.image.ReactImageManager
04-13 11:20:00.487 19396 19512 W unknown:ViewManagerPropertyUpdater: Could not find generated setter for class com.facebook.react.views.modal.ReactModalHostManager
04-13 11:20:00.489 19396 19512 W unknown:ViewManagerPropertyUpdater: Could not find generated setter for class com.facebook.react.views.modal.ModalHostShadowNode
04-13 11:20:00.489 19396 19512 W unknown:ViewManagerPropertyUpdater: Could not find generated setter for class com.facebook.react.views.text.ReactRawTextManager
04-13 11:20:00.490 19396 19512 W unknown:ViewManagerPropertyUpdater: Could not find generated setter for class com.facebook.react.views.text.ReactRawTextShadowNode
04-13 11:20:00.490 19396 19512 W unknown:ViewManagerPropertyUpdater: Could not find generated setter for class com.facebook.react.views.textinput.ReactTextInputManager
04-13 11:20:00.493 19396 19512 W unknown:ViewManagerPropertyUpdater: Could not find generated setter for class com.facebook.react.views.textinput.ReactTextInputShadowNode
04-13 11:20:00.494 19396 19511 I com.detoxtest: WaitForGcToComplete blocked ClassLinker on ClassLinker for 16.535ms
04-13 11:20:00.494 19396 19503 I com.detoxtest: WaitForGcToComplete blocked ClassLinker on ClassLinker for 16.382ms
04-13 11:20:00.494 19396 19512 W unknown:ViewManagerPropertyUpdater: Could not find generated setter for class com.facebook.react.views.text.ReactTextViewManager
04-13 11:20:00.495 19396 19512 W unknown:ViewManagerPropertyUpdater: Could not find generated setter for class com.facebook.react.views.text.ReactTextShadowNode
04-13 11:20:00.495 19396 19512 W unknown:ViewManagerPropertyUpdater: Could not find generated setter for class com.facebook.react.views.view.ReactViewManager
04-13 11:20:00.496 19396 19512 W unknown:ViewManagerPropertyUpdater: Could not find generated setter for class com.facebook.react.views.viewpager.ReactViewPagerManager
04-13 11:20:00.496 19396 19512 W unknown:ViewManagerPropertyUpdater: Could not find generated setter for class com.facebook.react.views.text.ReactVirtualTextViewManager
04-13 11:20:00.496 19396 19512 W unknown:ViewManagerPropertyUpdater: Could not find generated setter for class com.facebook.react.views.text.ReactVirtualTextShadowNode
04-13 11:20:00.497 19396 19512 E unknown:ReactRootView: runApplication: call AppRegistry.runApplication
04-13 11:20:00.497 19396 19396 I DetoxRNLoading: Got new RN-context async'ly through listener
04-13 11:20:00.502 19396 19446 I DetoxRNIdleRes: Setting up Espresso Idling Resources for React Native.
04-13 11:20:00.503 19396 19446 D AsyncStorageIR: Checking whether a custom IR for Async-Storage is required... (legacy=false)
04-13 11:20:00.503 19396 19446 D DetoxRNHelpers: Native module not resolved: no such class
04-13 11:20:00.503 19396 19446 D AsyncStorageIR: Checking whether a custom IR for Async-Storage is required... (legacy=true)
04-13 11:20:00.504 19396 19446 D AsyncStorageIR: IR for Async-Storage is required! (legacy=true)
04-13 11:20:00.504 19396 19396 D AsyncStorageIRLegacy: Async-storage is busy!
04-13 11:20:00.505 19396 19446 I WebSocketClient: At sendAction
04-13 11:20:00.505 19396 19446 D WebSocketClient: Detox Action Sent: ready
04-13 11:20:00.515 19396 19448 I WebSocketClient: At onMessage
04-13 11:20:00.515 19396 19448 I WebSocketClient: At receiveAction
04-13 11:20:00.515 19396 19448 D WebSocketClient: Detox Action Received: invoke
04-13 11:20:00.515 19396 19448 I DetoxManager: onAction: type: invoke params: {"target":{"type":"Class","value":"com.wix.detox.espresso.DetoxAssertion"},"method":"assertMatcher","args":[{"type":"Invocation","value":{"target":{"type":"Class","value":"androidx.test.espresso.Espresso"},"method":"onView","args":[{"type":"Invocation","value":{"target":{"type":"Class","value":"com.wix.detox.espresso.DetoxMatcher"},"method":"matcherForTestId","args":["initResult"]}}]}},{"type":"Invocation","value":{"target":{"type":"Class","value":"com.wix.detox.espresso.DetoxMatcher"},"method":"matcherForText","args":["Success"]}}]}
04-13 11:20:00.515 19396 19446 D Detox   : class com.wix.detox.espresso.DetoxMatcher, matcherForTestId, [initResult]
04-13 11:20:00.516 19396 19446 D Detox   : class androidx.test.espresso.Espresso, onView, [(with tag value: is "initResult" and view has effective visibility=VISIBLE)]
04-13 11:20:00.516 19396 19446 D Detox   : class com.wix.detox.espresso.DetoxMatcher, matcherForText, [Success]
04-13 11:20:00.516 19396 19446 D Detox   : class com.wix.detox.espresso.DetoxAssertion, assertMatcher, [androidx.test.espresso.ViewInteraction@d0acad2, (with text: is "Success" and view has effective visibility=VISIBLE)]
04-13 11:20:00.525 19396 19396 E unknown:ReactNative: Unable to launch logbox because react was unable to create the root view
04-13 11:20:00.542 19396 19510 E ReactNativeJNI: logMarker RUN_JS_BUNDLE_END
04-13 11:20:00.543 19396 19510 I ReactNativeJS: Running "detoxTest" with {"rootTag":31}
04-13 11:20:00.798 19396 19396 I ViewInteraction: Checking 'MatchesViewAssertion(Detox){viewMatcher=(with text: is "Success" and view has effective visibility=VISIBLE)}' assertion on view (with tag value: is "initResult" and view has effective visibility=VISIBLE)
04-13 11:20:00.807 19396 19446 I DetoxActionHandlers: Test exception
04-13 11:20:00.807 19396 19446 I DetoxActionHandlers: java.lang.reflect.InvocationTargetException
04-13 11:20:00.807 19396 19446 I DetoxActionHandlers: 	at java.lang.reflect.Method.invoke(Native Method)
04-13 11:20:00.807 19396 19446 I DetoxActionHandlers: 	at org.apache.commons.lang3.reflect.MethodUtils.invokeStaticMethod(MethodUtils.java:443)
04-13 11:20:00.807 19396 19446 I DetoxActionHandlers: 	at org.apache.commons.lang3.reflect.MethodUtils.invokeStaticMethod(MethodUtils.java:405)
04-13 11:20:00.807 19396 19446 I DetoxActionHandlers: 	at com.wix.invoke.types.ClassTarget.execute(ClassTarget.java:23)
04-13 11:20:00.807 19396 19446 I DetoxActionHandlers: 	at com.wix.invoke.types.Target.invoke(Target.java:59)
04-13 11:20:00.807 19396 19446 I DetoxActionHandlers: 	at com.wix.invoke.MethodInvocation.invoke(MethodInvocation.java:35)
04-13 11:20:00.807 19396 19446 I DetoxActionHandlers: 	at com.wix.invoke.MethodInvocation.invoke(MethodInvocation.java:26)
04-13 11:20:00.807 19396 19446 I DetoxActionHandlers: 	at com.wix.invoke.MethodInvocation.invoke(MethodInvocation.java:20)
04-13 11:20:00.807 19396 19446 I DetoxActionHandlers: 	at com.wix.detox.InvokeActionHandler.handle(DetoxActionHandlers.kt:55)
04-13 11:20:00.807 19396 19446 I DetoxActionHandlers: 	at com.wix.detox.DetoxManager$4.run(DetoxManager.java:116)
04-13 11:20:00.807 19396 19446 I DetoxActionHandlers: 	at android.os.Handler.handleCallback(Handler.java:907)
04-13 11:20:00.807 19396 19446 I DetoxActionHandlers: 	at android.os.Handler.dispatchMessage(Handler.java:99)
04-13 11:20:00.807 19396 19446 I DetoxActionHandlers: 	at android.os.Looper.loop(Looper.java:223)
04-13 11:20:00.807 19396 19446 I DetoxActionHandlers: 	at com.wix.detox.Detox$1.run(Detox.java:214)
04-13 11:20:00.807 19396 19446 I DetoxActionHandlers: 	at java.lang.Thread.run(Thread.java:923)
04-13 11:20:00.807 19396 19446 I DetoxActionHandlers: Caused by: androidx.test.espresso.base.DefaultFailureHandler$AssertionFailedWithCauseError: '(with text: is "Success" and view has effective visibility=VISIBLE)' doesn't match the selected view.
04-13 11:20:00.807 19396 19446 I DetoxActionHandlers: Expected: (with text: is "Success" and view has effective visibility=VISIBLE)
04-13 11:20:00.807 19396 19446 I DetoxActionHandlers:      Got: "ReactTextView{id=15, visibility=VISIBLE, width=1020, height=81, has-focus=false, has-focusable=false, has-window-focus=true, is-clickable=false, is-enabled=true, is-focused=false, is-focusable=false, is-layout-requested=false, is-selected=false, layout-params=android.view.ViewGroup$LayoutParams@4c55dc4, tag=initResult, root-is-layout-requested=false, has-input-connection=false, x=30.0, y=135.0, text=Not clicked yet, input-type=0, ime-target=false, has-links=false}"
04-13 11:20:00.807 19396 19446 I DetoxActionHandlers: 
04-13 11:20:00.807 19396 19446 I DetoxActionHandlers: 	at dalvik.system.VMStack.getThreadStackTrace(Native Method)
04-13 11:20:00.807 19396 19446 I DetoxActionHandlers: 	at java.lang.Thread.getStackTrace(Thread.java:1736)
04-13 11:20:00.807 19396 19446 I DetoxActionHandlers: 	at androidx.test.espresso.base.DefaultFailureHandler.getUserFriendlyError(DefaultFailureHandler.java:96)
04-13 11:20:00.807 19396 19446 I DetoxActionHandlers: 	at androidx.test.espresso.base.DefaultFailureHandler.handle(DefaultFailureHandler.java:59)
04-13 11:20:00.807 19396 19446 I DetoxActionHandlers: 	at androidx.test.espresso.ViewInteraction.waitForAndHandleInteractionResults(ViewInteraction.java:324)
04-13 11:20:00.807 19396 19446 I DetoxActionHandlers: 	at androidx.test.espresso.ViewInteraction.check(ViewInteraction.java:306)
04-13 11:20:00.807 19396 19446 I DetoxActionHandlers: 	at com.wix.detox.espresso.DetoxAssertion.assertMatcher(DetoxAssertion.java:32)
04-13 11:20:00.807 19396 19446 I DetoxActionHandlers: 	... 15 more
04-13 11:20:00.807 19396 19446 I DetoxActionHandlers: Caused by: junit.framework.AssertionFailedError: '(with text: is "Success" and view has effective visibility=VISIBLE)' doesn't match the selected view.
04-13 11:20:00.807 19396 19446 I DetoxActionHandlers: Expected: (with text: is "Success" and view has effective visibility=VISIBLE)
04-13 11:20:00.807 19396 19446 I DetoxActionHandlers:      Got: "ReactTextView{id=15, visibility=VISIBLE, width=1020, height=81, has-focus=false, has-focusable=false, has-window-focus=true, is-clickable=false, is-enabled=true, is-focused=false, is-focusable=false, is-layout-requested=false, is-selected=false, layout-params=android.view.ViewGroup$LayoutParams@4c55dc4, tag=initResult, root-is-layout-requested=false, has-input-connection=false, x=30.0, y=135.0, text=Not clicked yet, input-type=0, ime-target=false, has-links=false}"
04-13 11:20:00.807 19396 19446 I DetoxActionHandlers: 
04-13 11:20:00.807 19396 19446 I DetoxActionHandlers: 	at androidx.test.espresso.matcher.ViewMatchers.assertThat(ViewMatchers.java:540)
04-13 11:20:00.807 19396 19446 I DetoxActionHandlers: 	at com.wix.detox.espresso.assertion.ViewAssertions$MatchesViewAssertion.check(ViewAssertions.java:52)
04-13 11:20:00.807 19396 19446 I DetoxActionHandlers: 	at androidx.test.espresso.ViewInteraction$SingleExecutionViewAssertion.check(ViewInteraction.java:425)
04-13 11:20:00.807 19396 19446 I DetoxActionHandlers: 	at androidx.test.espresso.ViewInteraction$2.call(ViewInteraction.java:288)
04-13 11:20:00.807 19396 19446 I DetoxActionHandlers: 	at androidx.test.espresso.ViewInteraction$2.call(ViewInteraction.java:272)
04-13 11:20:00.807 19396 19446 I DetoxActionHandlers: 	at java.util.concurrent.FutureTask.run(FutureTask.java:266)
04-13 11:20:00.807 19396 19446 I DetoxActionHandlers: 	at android.os.Handler.handleCallback(Handler.java:907)
04-13 11:20:00.807 19396 19446 I DetoxActionHandlers: 	at android.os.Handler.dispatchMessage(Handler.java:99)
04-13 11:20:00.807 19396 19446 I DetoxActionHandlers: 	at android.os.Looper.loop(Looper.java:223)
04-13 11:20:00.807 19396 19446 I DetoxActionHandlers: 	at android.app.ActivityThread.main(ActivityThread.java:7478)
04-13 11:20:00.807 19396 19446 I DetoxActionHandlers: 	at java.lang.reflect.Method.invoke(Native Method)
04-13 11:20:00.807 19396 19446 I DetoxActionHandlers: 	at com.android.internal.os.RuntimeInit$MethodAndArgsCaller.run(RuntimeInit.java:549)
04-13 11:20:00.807 19396 19446 I DetoxActionHandlers: 	at com.android.internal.os.ZygoteInit.main(ZygoteInit.java:941)
04-13 11:20:00.828 19396 19446 I WebSocketClient: At sendAction
04-13 11:20:00.828 19396 19446 D WebSocketClient: Detox Action Sent: testFailed
