--------- beginning of main
04-13 12:11:32.001 26077 26077 I MonitoringInstr: Activities that are still in CREATED to STOPPED: 0
04-13 12:11:32.055 26077 26105 D EventInjectionStrategy: Creating injection strategy with input manager.
04-13 12:11:32.116 26077 26117 D libEGL  : loaded /vendor/lib/egl/libEGL_emulation.so
04-13 12:11:32.121 26077 26117 D libEGL  : loaded /vendor/lib/egl/libGLESv1_CM_emulation.so
04-13 12:11:32.135 26077 26117 D libEGL  : loaded /vendor/lib/egl/libGLESv2_emulation.so
04-13 12:11:32.139 26077 26077 D LifecycleMonitor: Lifecycle status change: com.detoxtest.MainActivity@d952f0b in: PRE_ON_CREATE
04-13 12:11:32.173 26077 26118 D SoLoader: About to load: libreactnativejni.so
04-13 12:11:32.176 26077 26118 D SoLoader: libreactnativejni.so not found on /data/user/0/com.detoxtest/lib-main
04-13 12:11:32.176 26077 26118 D SoLoader: libreactnativejni.so found on /data/app/~~qCYy2ciIT9_WL9ZEpVoXuw==/com.detoxtest-3omMqltSiXOFBN20NBWRSQ==/lib/x86
04-13 12:11:32.176 26077 26118 D SoLoader: Not resolving dependencies for libreactnativejni.so
04-13 12:11:32.191 26077 26118 D SoLoader: Loaded: libreactnativejni.so
04-13 12:11:32.191 26077 26118 D SoLoader: About to load: libfbjni.so
04-13 12:11:32.191 26077 26118 D SoLoader: libfbjni.so not found on /data/user/0/com.detoxtest/lib-main
04-13 12:11:32.191 26077 26118 D SoLoader: libfbjni.so found on /data/app/~~qCYy2ciIT9_WL9ZEpVoXuw==/com.detoxtest-3omMqltSiXOFBN20NBWRSQ==/lib/x86
04-13 12:11:32.192 26077 26118 D SoLoader: Not resolving dependencies for libfbjni.so
04-13 12:11:32.192 26077 26118 D SoLoader: Loaded: libfbjni.so
04-13 12:11:32.199 26077 26077 D LifecycleMonitor: Lifecycle status change: com.detoxtest.MainActivity@d952f0b in: CREATED
04-13 12:11:32.200 26077 26077 D LifecycleMonitor: Lifecycle status change: com.detoxtest.MainActivity@d952f0b in: STARTED
04-13 12:11:32.201 26077 26077 D LifecycleMonitor: Lifecycle status change: com.detoxtest.MainActivity@d952f0b in: RESUMED
04-13 12:11:32.215 26077 26120 E ReactNativeJNI: logMarker CREATE_REACT_CONTEXT_END
04-13 12:11:32.215 26077 26118 E unknown:ReactNative: ReactInstanceManager.createReactContext: mJSIModulePackage null
04-13 12:11:32.223 26077 26120 E ReactNativeJNI: logMarker RUN_JS_BUNDLE_START
04-13 12:11:32.225 26077 26121 E unknown:ReactNative: ReactInstanceManager.attachRootViewToInstance()
04-13 12:11:32.238 26077 26121 W unknown:ViewManagerPropertyUpdater: Could not find generated setter for class com.facebook.react.views.art.ARTGroupViewManager
04-13 12:11:32.238 26077 26121 W unknown:ViewManagerPropertyUpdater: Could not find generated setter for class com.facebook.react.views.art.ARTGroupShadowNode
04-13 12:11:32.240 26077 26121 W unknown:ViewManagerPropertyUpdater: Could not find generated setter for class com.facebook.react.views.art.ARTShapeViewManager
04-13 12:11:32.240 26077 26121 W unknown:ViewManagerPropertyUpdater: Could not find generated setter for class com.facebook.react.views.art.ARTShapeShadowNode
04-13 12:11:32.241 26077 26121 W unknown:ViewManagerPropertyUpdater: Could not find generated setter for class com.facebook.react.views.art.ARTTextViewManager
04-13 12:11:32.241 26077 26121 W unknown:ViewManagerPropertyUpdater: Could not find generated setter for class com.facebook.react.views.art.ARTTextShadowNode
04-13 12:11:32.242 26077 26121 W unknown:ViewManagerPropertyUpdater: Could not find generated setter for class com.facebook.react.views.checkbox.ReactCheckBoxManager
04-13 12:11:32.244 26077 26121 W unknown:ViewManagerPropertyUpdater: Could not find generated setter for class com.facebook.react.uimanager.LayoutShadowNode
04-13 12:11:32.245 26077 26121 W unknown:ViewManagerPropertyUpdater: Could not find generated setter for class com.facebook.react.views.picker.ReactDialogPickerManager
04-13 12:11:32.247 26077 26121 W unknown:ViewManagerPropertyUpdater: Could not find generated setter for class com.facebook.react.views.drawer.ReactDrawerLayoutManager
04-13 12:11:32.248 26077 26121 W unknown:ViewManagerPropertyUpdater: Could not find generated setter for class com.facebook.react.views.picker.ReactDropdownPickerManager
04-13 12:11:32.249 26077 26121 W unknown:ViewManagerPropertyUpdater: Could not find generated setter for class com.facebook.react.views.scroll.ReactHorizontalScrollViewManager
04-13 12:11:32.251 26077 26121 W unknown:ViewManagerPropertyUpdater: Could not find generated setter for class com.facebook.react.views.scroll.ReactHorizontalScrollContainerViewManager
04-13 12:11:32.263 26077 26121 W unknown:ViewManagerPropertyUpdater: Could not find generated setter for class com.facebook.react.views.progressbar.ReactProgressBarViewManager
04-13 12:11:32.264 26077 26121 W unknown:ViewManagerPropertyUpdater: Could not find generated setter for class com.facebook.react.views.progressbar.ProgressBarShadowNode
04-13 12:11:32.265 26077 26121 W unknown:ViewManagerPropertyUpdater: Could not find generated setter for class com.facebook.react.views.scroll.ReactScrollViewManager
04-13 12:11:32.271 26077 26121 W unknown:ViewManagerPropertyUpdater: Could not find generated setter for class com.facebook.react.views.slider.ReactSliderManager
04-13 12:11:32.272 26077 26121 W unknown:ViewManagerPropertyUpdater: Could not find generated setter for class com.facebook.react.views.slider.ReactSliderManager$ReactSliderShadowNode
04-13 12:11:32.273 26077 26121 W unknown:ViewManagerPropertyUpdater: Could not find generated setter for class com.facebook.react.views.switchview.ReactSwitchManager
04-13 12:11:32.276 26077 26121 W unknown:ViewManagerPropertyUpdater: Could not find generated setter for class com.facebook.react.views.switchview.ReactSwitchManager$ReactSwitchShadowNode
04-13 12:11:32.277 26077 26121 W unknown:ViewManagerPropertyUpdater: Could not find generated setter for class com.facebook.react.views.swiperefresh.SwipeRefreshLayoutManager
04-13 12:11:32.280 26077 26121 W unknown:ViewManagerPropertyUpdater: Could not find generated setter for class com.facebook.react.views.art.ARTSurfaceViewManager
04-13 12:11:32.280 26077 26121 W unknown:ViewManagerPropertyUpdater: Could not find generated setter for class com.facebook.react.views.art.ARTSurfaceViewShadowNode
04-13 12:11:32.280 26077 26121 W unknown:ViewManagerPropertyUpdater: Could not find generated setter for class com.facebook.react.views.text.frescosupport.FrescoBasedReactTextInlineImageViewManager
04-13 12:11:32.280 26077 26121 W unknown:ViewManagerPropertyUpdater: Could not find generated setter for class com.facebook.react.views.text.frescosupport.FrescoBasedReactTextInlineImageShadowNode
04-13 12:11:32.281 26077 26121 W unknown:ViewManagerPropertyUpdater: Could not find generated setter for class com.facebook.react.views.image.ReactImageManager
04-13 12:11:32.282 26077 26121 W unknown:ViewManagerPropertyUpdater: Could not find generated setter for class com.facebook.react.views.modal.ReactModalHostManager
04-13 12:11:32.282 26077 26121 W unknown:ViewManagerPropertyUpdater: Could not find generated setter for class com.facebook.react.views.modal.ModalHostShadowNode
04-13 12:11:32.283 26077 26121 W unknown:ViewManagerPropertyUpdater: Could not find generated setter for class com.facebook.react.views.text.ReactRawTextManager
04-13 12:11:32.283 26077 26121 W unknown:ViewManagerPropertyUpdater: Could not find generated setter for class com.facebook.react.views.text.ReactRawTextShadowNode
04-13 12:11:32.284 26077 26121 W unknown:ViewManagerPropertyUpdater: Could not find generated setter for class com.facebook.react.views.textinput.ReactTextInputManager
04-13 12:11:32.287 26077 26121 W unknown:ViewManagerPropertyUpdater: Could not find generated setter for class com.facebook.react.views.textinput.ReactTextInputShadowNode
04-13 12:11:32.289 26077 26121 W unknown:ViewManagerPropertyUpdater: Could not find generated setter for class com.facebook.react.views.text.ReactTextViewManager
04-13 12:11:32.290 26077 26121 W unknown:ViewManagerPropertyUpdater: Could not find generated setter for class com.facebook.react.views.text.ReactTextShadowNode
04-13 12:11:32.291 26077 26121 W unknown:ViewManagerPropertyUpdater: Could not find generated setter for class com.facebook.react.views.view.ReactViewManager
04-13 12:11:32.291 26077 26121 W unknown:ViewManagerPropertyUpdater: Could not find generated setter for class com.facebook.react.views.viewpager.ReactViewPagerManager
04-13 12:11:32.292 26077 26121 W unknown:ViewManagerPropertyUpdater: Could not find generated setter for class com.facebook.react.views.text.ReactVirtualTextViewManager
04-13 12:11:32.292 26077 26121 W unknown:ViewManagerPropertyUpdater: Could not find generated setter for class com.facebook.react.views.text.ReactVirtualTextShadowNode
04-13 12:11:32.295 26077 26121 D SoLoader: About to load: libyoga.so
04-13 12:11:32.296 26077 26121 D SoLoader: libyoga.so not found on /data/user/0/com.detoxtest/lib-main
04-13 12:11:32.296 26077 26121 D SoLoader: libyoga.so found on /data/app/~~qCYy2ciIT9_WL9ZEpVoXuw==/com.detoxtest-3omMqltSiXOFBN20NBWRSQ==/lib/x86
04-13 12:11:32.296 26077 26121 D SoLoader: Not resolving dependencies for libyoga.so
04-13 12:11:32.300 26077 26121 D SoLoader: Loaded: libyoga.so
04-13 12:11:32.306 26077 26121 E unknown:ReactRootView: runApplication: call AppRegistry.runApplication
04-13 12:11:32.313 26077 26115 D HostConnection: HostConnection::get() New Host Connection established 0xe990d270, tid 26115
04-13 12:11:32.327 26077 26115 D HostConnection: HostComposition ext ANDROID_EMU_CHECKSUM_HELPER_v1 ANDROID_EMU_native_sync_v2 ANDROID_EMU_native_sync_v3 ANDROID_EMU_native_sync_v4 ANDROID_EMU_dma_v1 ANDROID_EMU_direct_mem ANDROID_EMU_host_composition_v1 ANDROID_EMU_host_composition_v2 ANDROID_EMU_YUV_Cache ANDROID_EMU_async_unmap_buffer GL_OES_EGL_image_external_essl3 GL_OES_vertex_array_object GL_KHR_texture_compression_astc_ldr ANDROID_EMU_gles_max_version_3_0 
04-13 12:11:32.333 26077 26115 W OpenGLRenderer: Failed to choose config with EGL_SWAP_BEHAVIOR_PRESERVED, retrying without...
04-13 12:11:32.335 26077 26115 D EGL_emulation: eglCreateContext: 0xe973a1c0: maj 3 min 0 rcv 3
04-13 12:11:32.344 26077 26120 E ReactNativeJNI: logMarker RUN_JS_BUNDLE_END
04-13 12:11:32.345 26077 26120 I ReactNativeJS: Running "detoxTest" with {"rootTag":1}
04-13 12:11:32.371 26077 26115 D EGL_emulation: eglMakeCurrent: 0xe973a1c0: ver 3 0 (tinfo 0xe9a7de90)
04-13 12:11:32.372 26077 26121 D SoLoader: init exiting
04-13 12:11:32.381 26077 26121 W unknown:ReactNative: Tried to update non-existent root tag: 0
04-13 12:11:32.387 26077 26115 I Gralloc4: mapper 4.x is not supported
04-13 12:11:32.389 26077 26115 D HostConnection: createUnique: call
04-13 12:11:32.390 26077 26115 D HostConnection: HostConnection::get() New Host Connection established 0xe9913bd0, tid 26115
04-13 12:11:32.390 26077 26115 D eglCodecCommon: allocate: Ask for block of size 0x100
04-13 12:11:32.390 26077 26115 D eglCodecCommon: allocate: ioctl allocate returned offset 0x3fc0ff000 size 0x2000
04-13 12:11:32.411 26077 26115 D HostConnection: HostComposition ext ANDROID_EMU_CHECKSUM_HELPER_v1 ANDROID_EMU_native_sync_v2 ANDROID_EMU_native_sync_v3 ANDROID_EMU_native_sync_v4 ANDROID_EMU_dma_v1 ANDROID_EMU_direct_mem ANDROID_EMU_host_composition_v1 ANDROID_EMU_host_composition_v2 ANDROID_EMU_YUV_Cache ANDROID_EMU_async_unmap_buffer GL_OES_EGL_image_external_essl3 GL_OES_vertex_array_object GL_KHR_texture_compression_astc_ldr ANDROID_EMU_gles_max_version_3_0 
04-13 12:11:32.417 26077 26115 D EGL_emulation: eglMakeCurrent: 0xe973a1c0: ver 3 0 (tinfo 0xe9a7de90)
04-13 12:11:32.457 26077 26077 E unknown:ReactNative: Unable to launch logbox because react was unable to create the root view
04-13 12:11:32.475 26077 26127 I Detox   : Detox thread starting (com.wix.detox.manager)
04-13 12:11:32.495 26077 26127 I DetoxManager: DetoxServerUrl: ws://localhost:64773
04-13 12:11:32.495 26077 26127 I DetoxManager: DetoxSessionId: 4821af3e-ff16-c036-7710-3f69bd9d74c3
04-13 12:11:32.499 26077 26077 D DetoxRNLoading: Got new RN-context directly and immediately
04-13 12:11:32.504 26077 26127 I DetoxRNIdleRes: Setting up Espresso Idling Resources for React Native.
04-13 12:11:32.556 26077 26127 D AsyncStorageIR: Checking whether a custom IR for Async-Storage is required... (legacy=false)
04-13 12:11:32.558 26077 26127 D DetoxRNHelpers: Native module not resolved: no such class
04-13 12:11:32.558 26077 26127 D AsyncStorageIR: Checking whether a custom IR for Async-Storage is required... (legacy=true)
04-13 12:11:32.559 26077 26127 D AsyncStorageIR: IR for Async-Storage is required! (legacy=true)
04-13 12:11:32.571 26077 26077 D AsyncStorageIRLegacy: Async-storage is busy!
04-13 12:11:32.575 26077 26127 I WebSocketClient: At connectToServer
04-13 12:11:32.606 26077 26129 I WebSocketClient: At onOpen
04-13 12:11:32.607 26077 26129 I WebSocketClient: At sendAction
04-13 12:11:32.607 26077 26129 D WebSocketClient: Detox Action Sent: login
04-13 12:11:32.749 26077 26077 I Detox   : Wait is over: app is now idle!
04-13 12:11:32.763 26077 26129 I WebSocketClient: At sendAction
04-13 12:11:32.765 26077 26129 D WebSocketClient: Detox Action Sent: ready
04-13 12:11:32.772 26077 26129 I WebSocketClient: At onMessage
04-13 12:11:32.772 26077 26129 I WebSocketClient: At receiveAction
04-13 12:11:32.772 26077 26129 D WebSocketClient: Detox Action Received: loginSuccess
04-13 12:11:32.772 26077 26129 I DetoxManager: onAction: type: loginSuccess params: {"testerConnected":true,"appConnected":true}
04-13 12:11:32.775 26077 26129 I WebSocketClient: At onMessage
04-13 12:11:32.775 26077 26129 I WebSocketClient: At receiveAction
04-13 12:11:32.775 26077 26129 D WebSocketClient: Detox Action Received: isReady
04-13 12:11:32.776 26077 26129 I DetoxManager: onAction: type: isReady params: {}
04-13 12:11:32.781 26077 26077 I Detox   : Wait is over: app is now idle!
04-13 12:11:32.782 26077 26127 I WebSocketClient: At sendAction
04-13 12:11:32.782 26077 26127 D WebSocketClient: Detox Action Sent: ready
04-13 12:11:32.854 26077 26129 I WebSocketClient: At onMessage
04-13 12:11:32.854 26077 26129 I WebSocketClient: At receiveAction
04-13 12:11:32.855 26077 26129 D WebSocketClient: Detox Action Received: invoke
04-13 12:11:32.855 26077 26129 I DetoxManager: onAction: type: invoke params: {"target":{"type":"Class","value":"com.wix.detox.espresso.DetoxAssertion"},"method":"assertMatcher","args":[{"type":"Invocation","value":{"target":{"type":"Class","value":"androidx.test.espresso.Espresso"},"method":"onView","args":[{"type":"Invocation","value":{"target":{"type":"Class","value":"com.wix.detox.espresso.DetoxMatcher"},"method":"matcherForTestId","args":["successInitButton"]}}]}},{"type":"Invocation","value":{"target":{"type":"Class","value":"com.wix.detox.espresso.DetoxMatcher"},"method":"matcherForSufficientlyVisible","args":[]}}]}
04-13 12:11:32.873 26077 26127 D Detox   : class com.wix.detox.espresso.DetoxMatcher, matcherForTestId, [successInitButton]
04-13 12:11:32.898 26077 26127 D Detox   : class androidx.test.espresso.Espresso, onView, [(with tag value: is "successInitButton" and view has effective visibility=VISIBLE)]
04-13 12:11:32.899 26077 26127 D Detox   : class com.wix.detox.espresso.DetoxMatcher, matcherForSufficientlyVisible, []
04-13 12:11:32.900 26077 26127 D Detox   : class com.wix.detox.espresso.DetoxAssertion, assertMatcher, [androidx.test.espresso.ViewInteraction@a74700a, at least 75 percent of the view's area is displayed to the user.]
04-13 12:11:32.929 26077 26077 I ViewInteraction: Checking 'MatchesViewAssertion(Detox){viewMatcher=at least 75 percent of the view's area is displayed to the user.}' assertion on view (with tag value: is "successInitButton" and view has effective visibility=VISIBLE)
04-13 12:11:32.931 26077 26127 I WebSocketClient: At sendAction
04-13 12:11:32.931 26077 26127 D WebSocketClient: Detox Action Sent: invokeResult
04-13 12:11:32.937 26077 26129 I WebSocketClient: At onMessage
04-13 12:11:32.937 26077 26129 I WebSocketClient: At receiveAction
04-13 12:11:32.937 26077 26129 D WebSocketClient: Detox Action Received: invoke
04-13 12:11:32.937 26077 26129 I DetoxManager: onAction: type: invoke params: {"target":{"type":"Class","value":"com.wix.detox.espresso.EspressoDetox"},"method":"perform","args":[{"type":"Invocation","value":{"target":{"type":"Class","value":"androidx.test.espresso.Espresso"},"method":"onView","args":[{"type":"Invocation","value":{"target":{"type":"Class","value":"com.wix.detox.espresso.DetoxMatcher"},"method":"matcherForTestId","args":["successInitButton"]}}]}},{"type":"Invocation","value":{"target":{"type":"Class","value":"com.wix.detox.espresso.DetoxViewActions"},"method":"click","args":[]}}]}
04-13 12:11:32.938 26077 26127 D Detox   : class com.wix.detox.espresso.DetoxMatcher, matcherForTestId, [successInitButton]
04-13 12:11:32.938 26077 26127 D Detox   : class androidx.test.espresso.Espresso, onView, [(with tag value: is "successInitButton" and view has effective visibility=VISIBLE)]
04-13 12:11:32.939 26077 26127 D Detox   : class com.wix.detox.espresso.DetoxViewActions, click, []
04-13 12:11:32.949 26077 26127 D Detox   : class com.wix.detox.espresso.EspressoDetox, perform, [androidx.test.espresso.ViewInteraction@3580e98, com.wix.detox.espresso.action.RNClickAction@280b6f1]
04-13 12:11:32.957 26077 26077 I ViewInteraction: Performing 'com.wix.detox.espresso.action.detoxsingletap@7f182d6 click' action on view (with tag value: is "successInitButton" and view has effective visibility=VISIBLE)
04-13 12:11:33.019 26077 26077 I Detox   : UIManagerModule is busy
04-13 12:11:33.079 26077 26121 D AppsFlyer_6.2.0: Initializing AppsFlyer SDK: (v6.2.0.91)
04-13 12:11:33.356 26077 26148 I TetheringManager: registerTetheringEventCallback:com.detoxtest
04-13 12:11:33.482 26077 26155 I com.detoxtest: Waiting for a blocking GC ClassLinker
04-13 12:11:33.482 26077 26148 I com.detoxtest: Waiting for a blocking GC ClassLinker
04-13 12:11:33.518 26077 26155 I com.detoxtest: WaitForGcToComplete blocked ClassLinker on ClassLinker for 35.913ms
04-13 12:11:33.519 26077 26148 I com.detoxtest: WaitForGcToComplete blocked ClassLinker on ClassLinker for 36.323ms
04-13 12:11:33.554 26077 26127 I WebSocketClient: At sendAction
04-13 12:11:33.554 26077 26127 D WebSocketClient: Detox Action Sent: invokeResult
04-13 12:11:33.559 26077 26129 I WebSocketClient: At onMessage
04-13 12:11:33.559 26077 26129 I WebSocketClient: At receiveAction
04-13 12:11:33.559 26077 26129 D WebSocketClient: Detox Action Received: invoke
04-13 12:11:33.559 26077 26129 I DetoxManager: onAction: type: invoke params: {"target":{"type":"Class","value":"com.wix.detox.espresso.DetoxAssertion"},"method":"assertMatcher","args":[{"type":"Invocation","value":{"target":{"type":"Class","value":"androidx.test.espresso.Espresso"},"method":"onView","args":[{"type":"Invocation","value":{"target":{"type":"Class","value":"com.wix.detox.espresso.DetoxMatcher"},"method":"matcherForTestId","args":["successInitResult"]}}]}},{"type":"Invocation","value":{"target":{"type":"Class","value":"com.wix.detox.espresso.DetoxMatcher"},"method":"matcherForText","args":["Success"]}}]}
04-13 12:11:33.560 26077 26127 D Detox   : class com.wix.detox.espresso.DetoxMatcher, matcherForTestId, [successInitResult]
04-13 12:11:33.561 26077 26127 D Detox   : class androidx.test.espresso.Espresso, onView, [(with tag value: is "successInitResult" and view has effective visibility=VISIBLE)]
04-13 12:11:33.562 26077 26127 D Detox   : class com.wix.detox.espresso.DetoxMatcher, matcherForText, [Success]
04-13 12:11:33.563 26077 26127 D Detox   : class com.wix.detox.espresso.DetoxAssertion, assertMatcher, [androidx.test.espresso.ViewInteraction@5e26ca4, (with text: is "Success" and view has effective visibility=VISIBLE)]
04-13 12:11:33.568 26077 26077 I ViewInteraction: Checking 'MatchesViewAssertion(Detox){viewMatcher=(with text: is "Success" and view has effective visibility=VISIBLE)}' assertion on view (with tag value: is "successInitResult" and view has effective visibility=VISIBLE)
04-13 12:11:33.568 26077 26127 I WebSocketClient: At sendAction
04-13 12:11:33.568 26077 26127 D WebSocketClient: Detox Action Sent: invokeResult
