--------- beginning of main
04-13 11:17:21.148 18902 18902 I Detox   : Wait is over: app is now idle!
04-13 11:17:21.154 18902 18957 I WebSocketClient: At sendAction
04-13 11:17:21.156 18902 18957 D WebSocketClient: Detox Action Sent: ready
04-13 11:17:21.159 18902 18957 I WebSocketClient: At onMessage
04-13 11:17:21.159 18902 18957 I WebSocketClient: At receiveAction
04-13 11:17:21.159 18902 18957 D WebSocketClient: Detox Action Received: loginSuccess
04-13 11:17:21.159 18902 18957 I DetoxManager: onAction: type: loginSuccess params: {"testerConnected":true,"appConnected":true}
04-13 11:17:21.161 18902 18957 I WebSocketClient: At onMessage
04-13 11:17:21.161 18902 18957 I WebSocketClient: At receiveAction
04-13 11:17:21.161 18902 18957 D WebSocketClient: Detox Action Received: isReady
04-13 11:17:21.161 18902 18957 I DetoxManager: onAction: type: isReady params: {}
04-13 11:17:21.164 18902 18902 I Detox   : Wait is over: app is now idle!
04-13 11:17:21.165 18902 18953 I WebSocketClient: At sendAction
04-13 11:17:21.165 18902 18953 D WebSocketClient: Detox Action Sent: ready
04-13 11:17:21.211 18902 18957 I WebSocketClient: At onMessage
04-13 11:17:21.211 18902 18957 I WebSocketClient: At receiveAction
04-13 11:17:21.211 18902 18957 D WebSocketClient: Detox Action Received: reactNativeReload
04-13 11:17:21.211 18902 18957 I DetoxManager: onAction: type: reactNativeReload params: {}
04-13 11:17:21.214 18902 18953 I DetoxRNExt: Reloading React Native
04-13 11:17:21.246 18902 18970 E unknown:ReactNative: ReactInstanceManager.createReactContext: mJSIModulePackage null
04-13 11:17:21.248 18902 18971 E ReactNativeJNI: logMarker CREATE_REACT_CONTEXT_END
04-13 11:17:21.255 18902 18971 E ReactNativeJNI: logMarker RUN_JS_BUNDLE_START
04-13 11:17:21.255 18902 18973 E unknown:ReactNative: ReactInstanceManager.attachRootViewToInstance()
04-13 11:17:21.256 18902 18973 W unknown:ViewManagerPropertyUpdater: Could not find generated setter for class com.facebook.react.views.art.ARTGroupViewManager
04-13 11:17:21.256 18902 18973 W unknown:ViewManagerPropertyUpdater: Could not find generated setter for class com.facebook.react.views.art.ARTGroupShadowNode
04-13 11:17:21.257 18902 18973 W unknown:ViewManagerPropertyUpdater: Could not find generated setter for class com.facebook.react.views.art.ARTShapeViewManager
04-13 11:17:21.257 18902 18973 W unknown:ViewManagerPropertyUpdater: Could not find generated setter for class com.facebook.react.views.art.ARTShapeShadowNode
04-13 11:17:21.257 18902 18973 W unknown:ViewManagerPropertyUpdater: Could not find generated setter for class com.facebook.react.views.art.ARTTextViewManager
04-13 11:17:21.257 18902 18973 W unknown:ViewManagerPropertyUpdater: Could not find generated setter for class com.facebook.react.views.art.ARTTextShadowNode
04-13 11:17:21.258 18902 18973 W unknown:ViewManagerPropertyUpdater: Could not find generated setter for class com.facebook.react.views.checkbox.ReactCheckBoxManager
04-13 11:17:21.258 18902 18973 W unknown:ViewManagerPropertyUpdater: Could not find generated setter for class com.facebook.react.uimanager.LayoutShadowNode
04-13 11:17:21.259 18902 18973 W unknown:ViewManagerPropertyUpdater: Could not find generated setter for class com.facebook.react.views.picker.ReactDialogPickerManager
04-13 11:17:21.259 18902 18973 W unknown:ViewManagerPropertyUpdater: Could not find generated setter for class com.facebook.react.views.drawer.ReactDrawerLayoutManager
04-13 11:17:21.260 18902 18973 W unknown:ViewManagerPropertyUpdater: Could not find generated setter for class com.facebook.react.views.picker.ReactDropdownPickerManager
04-13 11:17:21.260 18902 18973 W unknown:ViewManagerPropertyUpdater: Could not find generated setter for class com.facebook.react.views.scroll.ReactHorizontalScrollViewManager
04-13 11:17:21.260 18902 18973 W unknown:ViewManagerPropertyUpdater: Could not find generated setter for class com.facebook.react.views.scroll.ReactHorizontalScrollContainerViewManager
04-13 11:17:21.260 18902 18973 W unknown:ViewManagerPropertyUpdater: Could not find generated setter for class com.facebook.react.views.progressbar.ReactProgressBarViewManager
04-13 11:17:21.261 18902 18973 W unknown:ViewManagerPropertyUpdater: Could not find generated setter for class com.facebook.react.views.progressbar.ProgressBarShadowNode
04-13 11:17:21.261 18902 18973 W unknown:ViewManagerPropertyUpdater: Could not find generated setter for class com.facebook.react.views.scroll.ReactScrollViewManager
04-13 11:17:21.261 18902 18973 W unknown:ViewManagerPropertyUpdater: Could not find generated setter for class com.facebook.react.views.slider.ReactSliderManager
04-13 11:17:21.262 18902 18973 W unknown:ViewManagerPropertyUpdater: Could not find generated setter for class com.facebook.react.views.slider.ReactSliderManager$ReactSliderShadowNode
04-13 11:17:21.262 18902 18973 W unknown:ViewManagerPropertyUpdater: Could not find generated setter for class com.facebook.react.views.switchview.ReactSwitchManager
04-13 11:17:21.263 18902 18973 W unknown:ViewManagerPropertyUpdater: Could not find generated setter for class com.facebook.react.views.switchview.ReactSwitchManager$ReactSwitchShadowNode
04-13 11:17:21.263 18902 18973 W unknown:ViewManagerPropertyUpdater: Could not find generated setter for class com.facebook.react.views.swiperefresh.SwipeRefreshLayoutManager
04-13 11:17:21.263 18902 18973 W unknown:ViewManagerPropertyUpdater: Could not find generated setter for class com.facebook.react.views.art.ARTSurfaceViewManager
04-13 11:17:21.263 18902 18973 W unknown:ViewManagerPropertyUpdater: Could not find generated setter for class com.facebook.react.views.art.ARTSurfaceViewShadowNode
04-13 11:17:21.264 18902 18973 W unknown:ViewManagerPropertyUpdater: Could not find generated setter for class com.facebook.react.views.text.frescosupport.FrescoBasedReactTextInlineImageViewManager
04-13 11:17:21.264 18902 18973 W unknown:ViewManagerPropertyUpdater: Could not find generated setter for class com.facebook.react.views.text.frescosupport.FrescoBasedReactTextInlineImageShadowNode
04-13 11:17:21.264 18902 18973 W unknown:ViewManagerPropertyUpdater: Could not find generated setter for class com.facebook.react.views.image.ReactImageManager
04-13 11:17:21.265 18902 18973 W unknown:ViewManagerPropertyUpdater: Could not find generated setter for class com.facebook.react.views.modal.ReactModalHostManager
04-13 11:17:21.265 18902 18973 W unknown:ViewManagerPropertyUpdater: Could not find generated setter for class com.facebook.react.views.modal.ModalHostShadowNode
04-13 11:17:21.265 18902 18973 W unknown:ViewManagerPropertyUpdater: Could not find generated setter for class com.facebook.react.views.text.ReactRawTextManager
04-13 11:17:21.265 18902 18973 W unknown:ViewManagerPropertyUpdater: Could not find generated setter for class com.facebook.react.views.text.ReactRawTextShadowNode
04-13 11:17:21.265 18902 18973 W unknown:ViewManagerPropertyUpdater: Could not find generated setter for class com.facebook.react.views.textinput.ReactTextInputManager
04-13 11:17:21.270 18902 18973 W unknown:ViewManagerPropertyUpdater: Could not find generated setter for class com.facebook.react.views.textinput.ReactTextInputShadowNode
04-13 11:17:21.271 18902 18973 W unknown:ViewManagerPropertyUpdater: Could not find generated setter for class com.facebook.react.views.text.ReactTextViewManager
04-13 11:17:21.271 18902 18973 W unknown:ViewManagerPropertyUpdater: Could not find generated setter for class com.facebook.react.views.text.ReactTextShadowNode
04-13 11:17:21.271 18902 18973 W unknown:ViewManagerPropertyUpdater: Could not find generated setter for class com.facebook.react.views.view.ReactViewManager
04-13 11:17:21.272 18902 18973 W unknown:ViewManagerPropertyUpdater: Could not find generated setter for class com.facebook.react.views.viewpager.ReactViewPagerManager
04-13 11:17:21.272 18902 18973 W unknown:ViewManagerPropertyUpdater: Could not find generated setter for class com.facebook.react.views.text.ReactVirtualTextViewManager
04-13 11:17:21.272 18902 18973 W unknown:ViewManagerPropertyUpdater: Could not find generated setter for class com.facebook.react.views.text.ReactVirtualTextShadowNode
04-13 11:17:21.273 18902 18973 E unknown:ReactRootView: runApplication: call AppRegistry.runApplication
04-13 11:17:21.273 18902 18902 I DetoxRNLoading: Got new RN-context async'ly through listener
04-13 11:17:21.275 18902 18953 I DetoxRNIdleRes: Setting up Espresso Idling Resources for React Native.
04-13 11:17:21.277 18902 18953 D AsyncStorageIR: Checking whether a custom IR for Async-Storage is required... (legacy=false)
04-13 11:17:21.277 18902 18953 D DetoxRNHelpers: Native module not resolved: no such class
04-13 11:17:21.277 18902 18953 D AsyncStorageIR: Checking whether a custom IR for Async-Storage is required... (legacy=true)
04-13 11:17:21.277 18902 18953 D AsyncStorageIR: IR for Async-Storage is required! (legacy=true)
04-13 11:17:21.278 18902 18902 I Detox   : UIManagerModule is busy
04-13 11:17:21.278 18902 18902 D AsyncStorageIRLegacy: Async-storage is busy!
04-13 11:17:21.280 18902 18953 I WebSocketClient: At sendAction
04-13 11:17:21.281 18902 18953 D WebSocketClient: Detox Action Sent: ready
04-13 11:17:21.286 18902 18957 I WebSocketClient: At onMessage
04-13 11:17:21.286 18902 18957 I WebSocketClient: At receiveAction
04-13 11:17:21.286 18902 18957 D WebSocketClient: Detox Action Received: invoke
04-13 11:17:21.286 18902 18957 I DetoxManager: onAction: type: invoke params: {"target":{"type":"Class","value":"com.wix.detox.espresso.DetoxAssertion"},"method":"assertMatcher","args":[{"type":"Invocation","value":{"target":{"type":"Class","value":"androidx.test.espresso.Espresso"},"method":"onView","args":[{"type":"Invocation","value":{"target":{"type":"Class","value":"com.wix.detox.espresso.DetoxMatcher"},"method":"matcherForTestId","args":["initButton"]}}]}},{"type":"Invocation","value":{"target":{"type":"Class","value":"com.wix.detox.espresso.DetoxMatcher"},"method":"matcherForSufficientlyVisible","args":[]}}]}
04-13 11:17:21.302 18902 18953 D Detox   : class com.wix.detox.espresso.DetoxMatcher, matcherForTestId, [initButton]
04-13 11:17:21.308 18902 18902 E unknown:ReactNative: Unable to launch logbox because react was unable to create the root view
04-13 11:17:21.323 18902 18953 D Detox   : class androidx.test.espresso.Espresso, onView, [(with tag value: is "initButton" and view has effective visibility=VISIBLE)]
04-13 11:17:21.323 18902 18971 E ReactNativeJNI: logMarker RUN_JS_BUNDLE_END
04-13 11:17:21.324 18902 18953 D Detox   : class com.wix.detox.espresso.DetoxMatcher, matcherForSufficientlyVisible, []
04-13 11:17:21.324 18902 18971 I ReactNativeJS: Running "detoxTest" with {"rootTag":11}
04-13 11:17:21.325 18902 18953 D Detox   : class com.wix.detox.espresso.DetoxAssertion, assertMatcher, [androidx.test.espresso.ViewInteraction@7f182d6, at least 75 percent of the view's area is displayed to the user.]
04-13 11:17:21.564 18902 18902 I ViewInteraction: Checking 'MatchesViewAssertion(Detox){viewMatcher=at least 75 percent of the view's area is displayed to the user.}' assertion on view (with tag value: is "initButton" and view has effective visibility=VISIBLE)
04-13 11:17:21.567 18902 18953 I WebSocketClient: At sendAction
04-13 11:17:21.568 18902 18953 D WebSocketClient: Detox Action Sent: invokeResult
