--------- beginning of main
04-13 11:45:15.862 23314 23314 W com.detoxtest: Unexpected CPU variant for X86 using defaults: x86
04-13 11:45:15.868 23314 23314 E com.detoxtest: Not starting debugger since process cannot load the jdwp agent.
--------- beginning of system
04-13 11:45:15.887 23314 23314 W ActivityThread: Package uses different ABI(s) than its instrumentation: package[com.detoxtest]: x86, null instrumentation[com.detoxtest.test]: null, null
04-13 11:45:15.890 23314 23314 I com.detoxtest: The ClassLoaderContext is a special shared library.
04-13 11:45:15.892 23314 23314 I chatty  : uid=10272(com.detoxtest) identical 2 lines
04-13 11:45:15.893 23314 23314 I com.detoxtest: The ClassLoaderContext is a special shared library.
04-13 11:45:15.930 23314 23314 W com.detoxtest: ClassLoaderContext classpath size mismatch. expected=0, found=4 (PCL[]{PCL[/system/framework/android.test.base.jar*84046222]} | PCL[/system/framework/android.test.runner.jar*2838042966:/system/framework/android.test.mock.jar*2353512044:/system/framework/android.test.base.jar*84046222:/data/app/~~9uD5BMcSWW3HgoI9G3g9sQ==/com.detoxtest.test-UIuUve30-XkjH4NU8nDb5g==/base.apk*3736732199]{PCL[/system/framework/android.test.base.jar*84046222]})
04-13 11:45:15.944 23314 23314 I com.detoxtest: The ClassLoaderContext is a special shared library.
04-13 11:45:15.948 23314 23314 I chatty  : uid=10272(com.detoxtest) identical 3 lines
04-13 11:45:15.949 23314 23314 I com.detoxtest: The ClassLoaderContext is a special shared library.
04-13 11:45:15.992 23314 23314 W com.detoxtest: ClassLoaderContext classpath size mismatch. expected=0, found=4 (PCL[]{PCL[/system/framework/android.test.base.jar*84046222]} | PCL[/system/framework/android.test.runner.jar*2838042966:/system/framework/android.test.mock.jar*2353512044:/system/framework/android.test.base.jar*84046222:/data/app/~~9uD5BMcSWW3HgoI9G3g9sQ==/com.detoxtest.test-UIuUve30-XkjH4NU8nDb5g==/base.apk*3736732199]{PCL[/system/framework/android.test.base.jar*84046222]#PCL[/system/framework/android.test.mock.jar*2353512044]{PCL[/system/framework/android.test.base.jar*84046222]}#PCL[/system/framework/android.test.runner.jar*2838042966]{PCL[/system/framework/android.test.base.jar*84046222]#PCL[/system/framework/android.test.mock.jar*2353512044]{PCL[/system/framework/android.test.base.jar*84046222]}}};PCL[/system/framework/android.test.runner.jar*2838042966:/system/framework/android.test.mock.jar*2353512044:/system/framework/android.test.base.jar*84046222:/data/app/~~9uD5BMcSWW3HgoI9G3g9sQ==/com.detoxtest.test-UIuUve30-XkjH4NU8nDb5g==/base.apk*3736732199:/data/app/~~N58NN56_UlqetehLXpOFdw==/com.detoxtest-JNspFrYFcBPWxQA7Gvjt8Q==/base.apk*4000934944]{PCL[/system/framework/android.test.base.jar*84046222]})
04-13 11:45:15.993 23314 23314 W com.detoxtest: Found duplicate classes, falling back to extracting from APK : /data/app/~~N58NN56_UlqetehLXpOFdw==/com.detoxtest-JNspFrYFcBPWxQA7Gvjt8Q==/base.apk
04-13 11:45:15.993 23314 23314 W com.detoxtest: NOTE: This wastes RAM and hurts startup performance.
04-13 11:45:15.993 23314 23314 W com.detoxtest: Found duplicated class when checking oat files: 'Landroid/support/v4/app/INotificationSideChannel$Stub$Proxy;' in /data/app/~~N58NN56_UlqetehLXpOFdw==/com.detoxtest-JNspFrYFcBPWxQA7Gvjt8Q==/base.apk and /data/app/~~N58NN56_UlqetehLXpOFdw==/com.detoxtest-JNspFrYFcBPWxQA7Gvjt8Q==/base.apk
04-13 11:45:15.993 23314 23314 W com.detoxtest: 
04-13 11:45:16.072 23314 23314 D NetworkSecurityConfig: Using Network Security Config from resource network_security_config debugBuild: false
04-13 11:45:16.073 23314 23314 D NetworkSecurityConfig: Using Network Security Config from resource network_security_config debugBuild: false
04-13 11:45:16.080 23314 23314 I MonitoringInstr: Instrumentation started!
04-13 11:45:16.083 23314 23314 I MonitoringInstr: Setting context classloader to 'dalvik.system.PathClassLoader[DexPathList[[zip file "/system/framework/android.test.runner.jar", zip file "/system/framework/android.test.mock.jar", zip file "/system/framework/android.test.base.jar", zip file "/data/app/~~9uD5BMcSWW3HgoI9G3g9sQ==/com.detoxtest.test-UIuUve30-XkjH4NU8nDb5g==/base.apk", zip file "/data/app/~~N58NN56_UlqetehLXpOFdw==/com.detoxtest-JNspFrYFcBPWxQA7Gvjt8Q==/base.apk"],nativeLibraryDirectories=[/data/app/~~9uD5BMcSWW3HgoI9G3g9sQ==/com.detoxtest.test-UIuUve30-XkjH4NU8nDb5g==/lib/x86, /data/app/~~N58NN56_UlqetehLXpOFdw==/com.detoxtest-JNspFrYFcBPWxQA7Gvjt8Q==/lib/x86, /data/app/~~9uD5BMcSWW3HgoI9G3g9sQ==/com.detoxtest.test-UIuUve30-XkjH4NU8nDb5g==/base.apk!/lib/x86, /data/app/~~N58NN56_UlqetehLXpOFdw==/com.detoxtest-JNspFrYFcBPWxQA7Gvjt8Q==/base.apk!/lib/x86, /system/lib, /system_ext/lib, /product/lib]]]', Original: 'dalvik.system.PathClassLoader[DexPathList[[zip file "/system/framework/android.test.runner.jar", zip file "/system/framework/android.test.mock.jar", zip file "/system/framework/android.test.base.jar", zip file "/data/app/~~9uD5BMcSWW3HgoI9G3g9sQ==/com.detoxtest.test-UIuUve30-XkjH4NU8nDb5g==/base.apk", zip file "/data/app/~~N58NN56_UlqetehLXpOFdw==/com.detoxtest-JNspFrYFcBPWxQA7Gvjt8Q==/base.apk"],nativeLibraryDirectories=[/data/app/~~9uD5BMcSWW3HgoI9G3g9sQ==/com.detoxtest.test-UIuUve30-XkjH4NU8nDb5g==/lib/x86, /data/app/~~N58NN56_UlqetehLXpOFdw==/com.detoxtest-JNspFrYFcBPWxQA7Gvjt8Q==/lib/x86, /data/app/~~9uD5BMcSWW3HgoI9G3g9sQ==/com.detoxtest.test-UIuUve30-XkjH4NU8nDb5g==/base.apk!/lib/x86, /data/app/~~N58NN56_UlqetehLXpOFdw==/com.detoxtest-JNspFrYFcBPWxQA7Gvjt8Q==/base.apk!/lib/x86, /system/lib, /system_ext/lib, /product/lib]]]'
04-13 11:45:16.086 23314 23314 D SoLoader: init start
04-13 11:45:16.086 23314 23314 D SoLoader: adding system library source: /vendor/lib
04-13 11:45:16.086 23314 23314 D SoLoader: adding system library source: /system/lib
04-13 11:45:16.087 23314 23314 D SoLoader: adding application source: com.facebook.soloader.DirectorySoSource[root = /data/app/~~N58NN56_UlqetehLXpOFdw==/com.detoxtest-JNspFrYFcBPWxQA7Gvjt8Q==/lib/x86 flags = 0]
04-13 11:45:16.087 23314 23314 D SoLoader: adding backup source from : com.facebook.soloader.ApkSoSource[root = /data/user/0/com.detoxtest/lib-main flags = 1]
04-13 11:45:16.087 23314 23314 D SoLoader: Preparing SO source: com.facebook.soloader.DirectorySoSource[root = /system/lib flags = 2]
04-13 11:45:16.087 23314 23314 D SoLoader: Preparing SO source: com.facebook.soloader.DirectorySoSource[root = /vendor/lib flags = 2]
04-13 11:45:16.087 23314 23314 D SoLoader: Preparing SO source: com.facebook.soloader.DirectorySoSource[root = /data/app/~~N58NN56_UlqetehLXpOFdw==/com.detoxtest-JNspFrYFcBPWxQA7Gvjt8Q==/lib/x86 flags = 0]
04-13 11:45:16.088 23314 23314 D SoLoader: Preparing SO source: com.facebook.soloader.ApkSoSource[root = /data/user/0/com.detoxtest/lib-main flags = 1]
04-13 11:45:16.088 23314 23314 V fb-UnpackingSoSource: locked dso store /data/user/0/com.detoxtest/lib-main
04-13 11:45:16.090 23314 23314 V fb-UnpackingSoSource: deps mismatch on deps store: regenerating
04-13 11:45:16.090 23314 23314 V fb-UnpackingSoSource: so store dirty: regenerating
04-13 11:45:16.108 23314 23314 D ApkSoSource: not allowing consideration of lib/x86/libc++_shared.so: deferring to libdir
04-13 11:45:16.108 23314 23314 D ApkSoSource: not allowing consideration of lib/x86/libfb.so: deferring to libdir
04-13 11:45:16.108 23314 23314 D ApkSoSource: not allowing consideration of lib/x86/libfbjni.so: deferring to libdir
04-13 11:45:16.108 23314 23314 D ApkSoSource: not allowing consideration of lib/x86/libfolly_futures.so: deferring to libdir
04-13 11:45:16.108 23314 23314 D ApkSoSource: not allowing consideration of lib/x86/libfolly_json.so: deferring to libdir
04-13 11:45:16.108 23314 23314 D ApkSoSource: not allowing consideration of lib/x86/libglog.so: deferring to libdir
04-13 11:45:16.108 23314 23314 D ApkSoSource: not allowing consideration of lib/x86/libglog_init.so: deferring to libdir
04-13 11:45:16.108 23314 23314 D ApkSoSource: not allowing consideration of lib/x86/libhermes-executor-debug.so: deferring to libdir
04-13 11:45:16.109 23314 23314 D ApkSoSource: not allowing consideration of lib/x86/libhermes-executor-release.so: deferring to libdir
04-13 11:45:16.109 23314 23314 D ApkSoSource: not allowing consideration of lib/x86/libhermes-inspector.so: deferring to libdir
04-13 11:45:16.109 23314 23314 D ApkSoSource: not allowing consideration of lib/x86/libimagepipeline.so: deferring to libdir
04-13 11:45:16.109 23314 23314 D ApkSoSource: not allowing consideration of lib/x86/libjsc.so: deferring to libdir
04-13 11:45:16.109 23314 23314 D ApkSoSource: not allowing consideration of lib/x86/libjscexecutor.so: deferring to libdir
04-13 11:45:16.109 23314 23314 D ApkSoSource: not allowing consideration of lib/x86/libjsijniprofiler.so: deferring to libdir
04-13 11:45:16.109 23314 23314 D ApkSoSource: not allowing consideration of lib/x86/libjsinspector.so: deferring to libdir
04-13 11:45:16.109 23314 23314 D ApkSoSource: not allowing consideration of lib/x86/libnative-filters.so: deferring to libdir
04-13 11:45:16.109 23314 23314 D ApkSoSource: not allowing consideration of lib/x86/libnative-imagetranscoder.so: deferring to libdir
04-13 11:45:16.109 23314 23314 D ApkSoSource: not allowing consideration of lib/x86/libreactnativeblob.so: deferring to libdir
04-13 11:45:16.109 23314 23314 D ApkSoSource: not allowing consideration of lib/x86/libreactnativejni.so: deferring to libdir
04-13 11:45:16.109 23314 23314 D ApkSoSource: not allowing consideration of lib/x86/libyoga.so: deferring to libdir
04-13 11:45:16.110 23314 23314 V fb-UnpackingSoSource: regenerating DSO store com.facebook.soloader.ApkSoSource
04-13 11:45:16.111 23314 23314 V fb-UnpackingSoSource: Finished regenerating DSO store com.facebook.soloader.ApkSoSource
04-13 11:45:16.111 23314 23314 V fb-UnpackingSoSource: starting syncer worker
04-13 11:45:16.118 23314 23314 V fb-UnpackingSoSource: releasing dso store lock for /data/user/0/com.detoxtest/lib-main (from syncer thread)
04-13 11:45:16.118 23314 23314 V fb-UnpackingSoSource: not releasing dso store lock for /data/user/0/com.detoxtest/lib-main (syncer thread started)
04-13 11:45:16.118 23314 23314 D SoLoader: init finish: 4 SO sources prepared
04-13 11:45:16.118 23314 23314 D SoLoader: init exiting
04-13 11:45:16.119 23314 23314 D SoLoader: init exiting
04-13 11:45:16.119 23314 23314 D SoLoader: About to load: libjscexecutor.so
04-13 11:45:16.120 23314 23314 D SoLoader: libjscexecutor.so not found on /data/user/0/com.detoxtest/lib-main
04-13 11:45:16.120 23314 23314 D SoLoader: libjscexecutor.so found on /data/app/~~N58NN56_UlqetehLXpOFdw==/com.detoxtest-JNspFrYFcBPWxQA7Gvjt8Q==/lib/x86
04-13 11:45:16.120 23314 23314 D SoLoader: Not resolving dependencies for libjscexecutor.so
04-13 11:45:16.124 23314 23314 D JavaScriptCore.Version: 245459.0.0
04-13 11:45:16.124 23314 23314 D SoLoader: Loaded: libjscexecutor.so
04-13 11:45:16.125 23314 23314 D SoLoader: init exiting
04-13 11:45:16.128 23314 23314 I MonitoringInstr: No JSBridge.
04-13 11:45:16.131 23314 23334 I MonitoringInstr: Setting context classloader to 'dalvik.system.PathClassLoader[DexPathList[[zip file "/system/framework/android.test.runner.jar", zip file "/system/framework/android.test.mock.jar", zip file "/system/framework/android.test.base.jar", zip file "/data/app/~~9uD5BMcSWW3HgoI9G3g9sQ==/com.detoxtest.test-UIuUve30-XkjH4NU8nDb5g==/base.apk", zip file "/data/app/~~N58NN56_UlqetehLXpOFdw==/com.detoxtest-JNspFrYFcBPWxQA7Gvjt8Q==/base.apk"],nativeLibraryDirectories=[/data/app/~~9uD5BMcSWW3HgoI9G3g9sQ==/com.detoxtest.test-UIuUve30-XkjH4NU8nDb5g==/lib/x86, /data/app/~~N58NN56_UlqetehLXpOFdw==/com.detoxtest-JNspFrYFcBPWxQA7Gvjt8Q==/lib/x86, /data/app/~~9uD5BMcSWW3HgoI9G3g9sQ==/com.detoxtest.test-UIuUve30-XkjH4NU8nDb5g==/base.apk!/lib/x86, /data/app/~~N58NN56_UlqetehLXpOFdw==/com.detoxtest-JNspFrYFcBPWxQA7Gvjt8Q==/base.apk!/lib/x86, /system/lib, /system_ext/lib, /product/lib]]]', Original: 'dalvik.system.PathClassLoader[DexPathList[[zip file "/system/framework/android.test.runner.jar", zip file "/system/framework/android.test.mock.jar", zip file "/system/framework/android.test.base.jar", zip file "/data/app/~~9uD5BMcSWW3HgoI9G3g9sQ==/com.detoxtest.test-UIuUve30-XkjH4NU8nDb5g==/base.apk", zip file "/data/app/~~N58NN56_UlqetehLXpOFdw==/com.detoxtest-JNspFrYFcBPWxQA7Gvjt8Q==/base.apk"],nativeLibraryDirectories=[/data/app/~~9uD5BMcSWW3HgoI9G3g9sQ==/com.detoxtest.test-UIuUve30-XkjH4NU8nDb5g==/lib/x86, /data/app/~~N58NN56_UlqetehLXpOFdw==/com.detoxtest-JNspFrYFcBPWxQA7Gvjt8Q==/lib/x86, /data/app/~~9uD5BMcSWW3HgoI9G3g9sQ==/com.detoxtest.test-UIuUve30-XkjH4NU8nDb5g==/base.apk!/lib/x86, /data/app/~~N58NN56_UlqetehLXpOFdw==/com.detoxtest-JNspFrYFcBPWxQA7Gvjt8Q==/base.apk!/lib/x86, /system/lib, /system_ext/lib, /product/lib]]]'
04-13 11:45:16.143 23314 23334 I UsageTrackerFacilitator: Usage tracking enabled
04-13 11:45:16.148 23314 23334 I TestRequestBuilder: Scanning classpath to find tests in paths [/data/app/~~9uD5BMcSWW3HgoI9G3g9sQ==/com.detoxtest.test-UIuUve30-XkjH4NU8nDb5g==/base.apk]
04-13 11:45:16.149 23314 23334 W com.detoxtest: Opening an oat file without a class loader. Are you using the deprecated DexFile APIs?
04-13 11:45:16.356 23314 23334 D TestExecutor: Adding listener androidx.test.internal.runner.listener.LogRunListener
04-13 11:45:16.357 23314 23334 D TestExecutor: Adding listener androidx.test.internal.runner.listener.InstrumentationResultPrinter
04-13 11:45:16.358 23314 23334 D TestExecutor: Adding listener androidx.test.internal.runner.listener.ActivityFinisherRunListener
04-13 11:45:16.359 23314 23334 I TestRunner: run started: 1 tests
04-13 11:45:16.364 23314 23334 I TestRunner: started: runDetoxTests(com.detoxtest.DetoxTest)
04-13 11:45:16.367 23314 23314 I MonitoringInstr: Activities that are still in CREATED to STOPPED: 0
04-13 11:45:16.400 23314 23334 D EventInjectionStrategy: Creating injection strategy with input manager.
04-13 11:45:16.483 23314 23352 D libEGL  : loaded /vendor/lib/egl/libEGL_emulation.so
04-13 11:45:16.484 23314 23314 D LifecycleMonitor: Lifecycle status change: com.detoxtest.MainActivity@d952f0b in: PRE_ON_CREATE
04-13 11:45:16.485 23314 23352 D libEGL  : loaded /vendor/lib/egl/libGLESv1_CM_emulation.so
04-13 11:45:16.488 23314 23352 D libEGL  : loaded /vendor/lib/egl/libGLESv2_emulation.so
04-13 11:45:16.497 23314 23353 D SoLoader: About to load: libreactnativejni.so
04-13 11:45:16.497 23314 23353 D SoLoader: libreactnativejni.so not found on /data/user/0/com.detoxtest/lib-main
04-13 11:45:16.497 23314 23353 D SoLoader: libreactnativejni.so found on /data/app/~~N58NN56_UlqetehLXpOFdw==/com.detoxtest-JNspFrYFcBPWxQA7Gvjt8Q==/lib/x86
04-13 11:45:16.497 23314 23353 D SoLoader: Not resolving dependencies for libreactnativejni.so
04-13 11:45:16.504 23314 23353 D SoLoader: Loaded: libreactnativejni.so
04-13 11:45:16.504 23314 23353 D SoLoader: About to load: libfbjni.so
04-13 11:45:16.505 23314 23353 D SoLoader: libfbjni.so not found on /data/user/0/com.detoxtest/lib-main
04-13 11:45:16.505 23314 23353 D SoLoader: libfbjni.so found on /data/app/~~N58NN56_UlqetehLXpOFdw==/com.detoxtest-JNspFrYFcBPWxQA7Gvjt8Q==/lib/x86
04-13 11:45:16.505 23314 23353 D SoLoader: Not resolving dependencies for libfbjni.so
04-13 11:45:16.509 23314 23353 D SoLoader: Loaded: libfbjni.so
04-13 11:45:16.509 23314 23314 D LifecycleMonitor: Lifecycle status change: com.detoxtest.MainActivity@d952f0b in: CREATED
04-13 11:45:16.512 23314 23314 D LifecycleMonitor: Lifecycle status change: com.detoxtest.MainActivity@d952f0b in: STARTED
04-13 11:45:16.512 23314 23314 D LifecycleMonitor: Lifecycle status change: com.detoxtest.MainActivity@d952f0b in: RESUMED
04-13 11:45:16.530 23314 23355 E ReactNativeJNI: logMarker CREATE_REACT_CONTEXT_END
04-13 11:45:16.531 23314 23353 E unknown:ReactNative: ReactInstanceManager.createReactContext: mJSIModulePackage null
04-13 11:45:16.544 23314 23350 D HostConnection: HostConnection::get() New Host Connection established 0xe9913a50, tid 23350
04-13 11:45:16.554 23314 23355 E ReactNativeJNI: logMarker RUN_JS_BUNDLE_START
04-13 11:45:16.563 23314 23356 E unknown:ReactNative: ReactInstanceManager.attachRootViewToInstance()
04-13 11:45:16.576 23314 23350 D HostConnection: HostComposition ext ANDROID_EMU_CHECKSUM_HELPER_v1 ANDROID_EMU_native_sync_v2 ANDROID_EMU_native_sync_v3 ANDROID_EMU_native_sync_v4 ANDROID_EMU_dma_v1 ANDROID_EMU_direct_mem ANDROID_EMU_host_composition_v1 ANDROID_EMU_host_composition_v2 ANDROID_EMU_YUV_Cache ANDROID_EMU_async_unmap_buffer GL_OES_EGL_image_external_essl3 GL_OES_vertex_array_object GL_KHR_texture_compression_astc_ldr ANDROID_EMU_gles_max_version_3_0 
04-13 11:45:16.585 23314 23356 W unknown:ViewManagerPropertyUpdater: Could not find generated setter for class com.facebook.react.views.art.ARTGroupViewManager
04-13 11:45:16.586 23314 23356 W unknown:ViewManagerPropertyUpdater: Could not find generated setter for class com.facebook.react.views.art.ARTGroupShadowNode
04-13 11:45:16.588 23314 23356 W unknown:ViewManagerPropertyUpdater: Could not find generated setter for class com.facebook.react.views.art.ARTShapeViewManager
04-13 11:45:16.588 23314 23356 W unknown:ViewManagerPropertyUpdater: Could not find generated setter for class com.facebook.react.views.art.ARTShapeShadowNode
04-13 11:45:16.589 23314 23356 W unknown:ViewManagerPropertyUpdater: Could not find generated setter for class com.facebook.react.views.art.ARTTextViewManager
04-13 11:45:16.589 23314 23356 W unknown:ViewManagerPropertyUpdater: Could not find generated setter for class com.facebook.react.views.art.ARTTextShadowNode
04-13 11:45:16.589 23314 23356 W unknown:ViewManagerPropertyUpdater: Could not find generated setter for class com.facebook.react.views.checkbox.ReactCheckBoxManager
04-13 11:45:16.589 23314 23350 W OpenGLRenderer: Failed to choose config with EGL_SWAP_BEHAVIOR_PRESERVED, retrying without...
04-13 11:45:16.592 23314 23356 W unknown:ViewManagerPropertyUpdater: Could not find generated setter for class com.facebook.react.uimanager.LayoutShadowNode
04-13 11:45:16.592 23314 23350 D EGL_emulation: eglCreateContext: 0xe97120d0: maj 3 min 0 rcv 3
04-13 11:45:16.594 23314 23356 W unknown:ViewManagerPropertyUpdater: Could not find generated setter for class com.facebook.react.views.picker.ReactDialogPickerManager
04-13 11:45:16.595 23314 23356 W unknown:ViewManagerPropertyUpdater: Could not find generated setter for class com.facebook.react.views.drawer.ReactDrawerLayoutManager
04-13 11:45:16.596 23314 23356 W unknown:ViewManagerPropertyUpdater: Could not find generated setter for class com.facebook.react.views.picker.ReactDropdownPickerManager
04-13 11:45:16.597 23314 23356 W unknown:ViewManagerPropertyUpdater: Could not find generated setter for class com.facebook.react.views.scroll.ReactHorizontalScrollViewManager
04-13 11:45:16.598 23314 23356 W unknown:ViewManagerPropertyUpdater: Could not find generated setter for class com.facebook.react.views.scroll.ReactHorizontalScrollContainerViewManager
04-13 11:45:16.607 23314 23350 D EGL_emulation: eglMakeCurrent: 0xe97120d0: ver 3 0 (tinfo 0xe9a7d9b0)
04-13 11:45:16.608 23314 23356 W unknown:ViewManagerPropertyUpdater: Could not find generated setter for class com.facebook.react.views.progressbar.ReactProgressBarViewManager
04-13 11:45:16.609 23314 23356 W unknown:ViewManagerPropertyUpdater: Could not find generated setter for class com.facebook.react.views.progressbar.ProgressBarShadowNode
04-13 11:45:16.610 23314 23356 W unknown:ViewManagerPropertyUpdater: Could not find generated setter for class com.facebook.react.views.scroll.ReactScrollViewManager
04-13 11:45:16.613 23314 23356 W unknown:ViewManagerPropertyUpdater: Could not find generated setter for class com.facebook.react.views.slider.ReactSliderManager
04-13 11:45:16.624 23314 23356 W unknown:ViewManagerPropertyUpdater: Could not find generated setter for class com.facebook.react.views.slider.ReactSliderManager$ReactSliderShadowNode
04-13 11:45:16.624 23314 23356 W unknown:ViewManagerPropertyUpdater: Could not find generated setter for class com.facebook.react.views.switchview.ReactSwitchManager
04-13 11:45:16.627 23314 23356 W unknown:ViewManagerPropertyUpdater: Could not find generated setter for class com.facebook.react.views.switchview.ReactSwitchManager$ReactSwitchShadowNode
04-13 11:45:16.628 23314 23356 W unknown:ViewManagerPropertyUpdater: Could not find generated setter for class com.facebook.react.views.swiperefresh.SwipeRefreshLayoutManager
04-13 11:45:16.632 23314 23356 W unknown:ViewManagerPropertyUpdater: Could not find generated setter for class com.facebook.react.views.art.ARTSurfaceViewManager
04-13 11:45:16.633 23314 23350 I Gralloc4: mapper 4.x is not supported
04-13 11:45:16.633 23314 23356 W unknown:ViewManagerPropertyUpdater: Could not find generated setter for class com.facebook.react.views.art.ARTSurfaceViewShadowNode
04-13 11:45:16.636 23314 23356 W unknown:ViewManagerPropertyUpdater: Could not find generated setter for class com.facebook.react.views.text.frescosupport.FrescoBasedReactTextInlineImageViewManager
04-13 11:45:16.637 23314 23356 W unknown:ViewManagerPropertyUpdater: Could not find generated setter for class com.facebook.react.views.text.frescosupport.FrescoBasedReactTextInlineImageShadowNode
04-13 11:45:16.639 23314 23350 D HostConnection: createUnique: call
04-13 11:45:16.639 23314 23356 W unknown:ViewManagerPropertyUpdater: Could not find generated setter for class com.facebook.react.views.image.ReactImageManager
04-13 11:45:16.639 23314 23350 D HostConnection: HostConnection::get() New Host Connection established 0xe9915d90, tid 23350
04-13 11:45:16.640 23314 23350 D eglCodecCommon: allocate: Ask for block of size 0x100
04-13 11:45:16.640 23314 23350 D eglCodecCommon: allocate: ioctl allocate returned offset 0x3fc0ff000 size 0x2000
04-13 11:45:16.640 23314 23356 W unknown:ViewManagerPropertyUpdater: Could not find generated setter for class com.facebook.react.views.modal.ReactModalHostManager
04-13 11:45:16.640 23314 23356 W unknown:ViewManagerPropertyUpdater: Could not find generated setter for class com.facebook.react.views.modal.ModalHostShadowNode
04-13 11:45:16.641 23314 23356 W unknown:ViewManagerPropertyUpdater: Could not find generated setter for class com.facebook.react.views.text.ReactRawTextManager
04-13 11:45:16.641 23314 23356 W unknown:ViewManagerPropertyUpdater: Could not find generated setter for class com.facebook.react.views.text.ReactRawTextShadowNode
04-13 11:45:16.642 23314 23356 W unknown:ViewManagerPropertyUpdater: Could not find generated setter for class com.facebook.react.views.textinput.ReactTextInputManager
04-13 11:45:16.644 23314 23356 W unknown:ViewManagerPropertyUpdater: Could not find generated setter for class com.facebook.react.views.textinput.ReactTextInputShadowNode
04-13 11:45:16.647 23314 23356 W unknown:ViewManagerPropertyUpdater: Could not find generated setter for class com.facebook.react.views.text.ReactTextViewManager
04-13 11:45:16.647 23314 23356 W unknown:ViewManagerPropertyUpdater: Could not find generated setter for class com.facebook.react.views.text.ReactTextShadowNode
04-13 11:45:16.647 23314 23356 W unknown:ViewManagerPropertyUpdater: Could not find generated setter for class com.facebook.react.views.view.ReactViewManager
04-13 11:45:16.648 23314 23356 W unknown:ViewManagerPropertyUpdater: Could not find generated setter for class com.facebook.react.views.viewpager.ReactViewPagerManager
04-13 11:45:16.649 23314 23356 W unknown:ViewManagerPropertyUpdater: Could not find generated setter for class com.facebook.react.views.text.ReactVirtualTextViewManager
04-13 11:45:16.650 23314 23356 W unknown:ViewManagerPropertyUpdater: Could not find generated setter for class com.facebook.react.views.text.ReactVirtualTextShadowNode
04-13 11:45:16.653 23314 23356 D SoLoader: About to load: libyoga.so
04-13 11:45:16.654 23314 23356 D SoLoader: libyoga.so not found on /data/user/0/com.detoxtest/lib-main
04-13 11:45:16.654 23314 23356 D SoLoader: libyoga.so found on /data/app/~~N58NN56_UlqetehLXpOFdw==/com.detoxtest-JNspFrYFcBPWxQA7Gvjt8Q==/lib/x86
04-13 11:45:16.654 23314 23356 D SoLoader: Not resolving dependencies for libyoga.so
04-13 11:45:16.656 23314 23356 D SoLoader: Loaded: libyoga.so
04-13 11:45:16.656 23314 23350 D HostConnection: HostComposition ext ANDROID_EMU_CHECKSUM_HELPER_v1 ANDROID_EMU_native_sync_v2 ANDROID_EMU_native_sync_v3 ANDROID_EMU_native_sync_v4 ANDROID_EMU_dma_v1 ANDROID_EMU_direct_mem ANDROID_EMU_host_composition_v1 ANDROID_EMU_host_composition_v2 ANDROID_EMU_YUV_Cache ANDROID_EMU_async_unmap_buffer GL_OES_EGL_image_external_essl3 GL_OES_vertex_array_object GL_KHR_texture_compression_astc_ldr ANDROID_EMU_gles_max_version_3_0 
04-13 11:45:16.661 23314 23350 D EGL_emulation: eglMakeCurrent: 0xe97120d0: ver 3 0 (tinfo 0xe9a7d9b0)
04-13 11:45:16.666 23314 23356 E unknown:ReactRootView: runApplication: call AppRegistry.runApplication
04-13 11:45:16.688 23314 23355 E ReactNativeJNI: logMarker RUN_JS_BUNDLE_END
04-13 11:45:16.689 23314 23355 I ReactNativeJS: Running "detoxTest" with {"rootTag":1}
04-13 11:45:16.705 23314 23356 D SoLoader: init exiting
04-13 11:45:16.705 23314 23314 E unknown:ReactNative: Unable to launch logbox because react was unable to create the root view
04-13 11:45:16.726 23314 23364 I Detox   : Detox thread starting (com.wix.detox.manager)
04-13 11:45:16.728 23314 23364 I DetoxManager: DetoxServerUrl: ws://localhost:62831
04-13 11:45:16.728 23314 23364 I DetoxManager: DetoxSessionId: ae4e9786-77f6-f3c2-e33d-c6de065879f1
04-13 11:45:16.732 23314 23314 D DetoxRNLoading: Got new RN-context directly and immediately
04-13 11:45:16.734 23314 23364 I DetoxRNIdleRes: Setting up Espresso Idling Resources for React Native.
04-13 11:45:16.780 23314 23364 D AsyncStorageIR: Checking whether a custom IR for Async-Storage is required... (legacy=false)
04-13 11:45:16.780 23314 23364 D DetoxRNHelpers: Native module not resolved: no such class
04-13 11:45:16.780 23314 23364 D AsyncStorageIR: Checking whether a custom IR for Async-Storage is required... (legacy=true)
04-13 11:45:16.781 23314 23364 D AsyncStorageIR: IR for Async-Storage is required! (legacy=true)
04-13 11:45:16.785 23314 23314 D AsyncStorageIRLegacy: Async-storage is busy!
04-13 11:45:16.788 23314 23364 I WebSocketClient: At connectToServer
04-13 11:45:16.803 23314 23366 I WebSocketClient: At onOpen
04-13 11:45:16.803 23314 23366 I WebSocketClient: At sendAction
04-13 11:45:16.803 23314 23366 D WebSocketClient: Detox Action Sent: login
04-13 11:45:17.006 23314 23314 I Detox   : Wait is over: app is now idle!
04-13 11:45:17.011 23314 23366 I WebSocketClient: At sendAction
04-13 11:45:17.012 23314 23366 D WebSocketClient: Detox Action Sent: ready
04-13 11:45:17.016 23314 23366 I WebSocketClient: At onMessage
04-13 11:45:17.016 23314 23366 I WebSocketClient: At receiveAction
04-13 11:45:17.016 23314 23366 D WebSocketClient: Detox Action Received: loginSuccess
04-13 11:45:17.016 23314 23366 I DetoxManager: onAction: type: loginSuccess params: {"testerConnected":true,"appConnected":true}
04-13 11:45:17.020 23314 23366 I WebSocketClient: At onMessage
04-13 11:45:17.022 23314 23366 I WebSocketClient: At receiveAction
04-13 11:45:17.022 23314 23366 D WebSocketClient: Detox Action Received: isReady
04-13 11:45:17.023 23314 23366 I DetoxManager: onAction: type: isReady params: {}
04-13 11:45:17.026 23314 23314 I Detox   : Wait is over: app is now idle!
04-13 11:45:17.026 23314 23364 I WebSocketClient: At sendAction
04-13 11:45:17.026 23314 23364 D WebSocketClient: Detox Action Sent: ready
