--------- beginning of main
04-13 12:01:59.008 25256 25330 I TetheringManager: registerTetheringEventCallback:com.detoxtest
04-13 12:01:59.042 25256 25303 I WebSocketClient: At sendAction
04-13 12:01:59.043 25256 25303 D WebSocketClient: Detox Action Sent: invokeResult
04-13 12:01:59.049 25256 25310 I WebSocketClient: At onMessage
04-13 12:01:59.049 25256 25310 I WebSocketClient: At receiveAction
04-13 12:01:59.049 25256 25310 D WebSocketClient: Detox Action Received: invoke
04-13 12:01:59.049 25256 25310 I DetoxManager: onAction: type: invoke params: {"target":{"type":"Class","value":"com.wix.detox.espresso.DetoxAssertion"},"method":"assertMatcher","args":[{"type":"Invocation","value":{"target":{"type":"Class","value":"androidx.test.espresso.Espresso"},"method":"onView","args":[{"type":"Invocation","value":{"target":{"type":"Class","value":"com.wix.detox.espresso.DetoxMatcher"},"method":"matcherForTestId","args":["successInitResult"]}}]}},{"type":"Invocation","value":{"target":{"type":"Class","value":"com.wix.detox.espresso.DetoxMatcher"},"method":"matcherForText","args":["Success"]}}]}
04-13 12:01:59.049 25256 25303 D Detox   : class com.wix.detox.espresso.DetoxMatcher, matcherForTestId, [successInitResult]
04-13 12:01:59.050 25256 25303 D Detox   : class androidx.test.espresso.Espresso, onView, [(with tag value: is "successInitResult" and view has effective visibility=VISIBLE)]
04-13 12:01:59.050 25256 25303 D Detox   : class com.wix.detox.espresso.DetoxMatcher, matcherForText, [Success]
04-13 12:01:59.052 25256 25303 D Detox   : class com.wix.detox.espresso.DetoxAssertion, assertMatcher, [androidx.test.espresso.ViewInteraction@bfeb8f8, (with text: is "Success" and view has effective visibility=VISIBLE)]
04-13 12:01:59.060 25256 25256 I ViewInteraction: Checking 'MatchesViewAssertion(Detox){viewMatcher=(with text: is "Success" and view has effective visibility=VISIBLE)}' assertion on view (with tag value: is "successInitResult" and view has effective visibility=VISIBLE)
04-13 12:01:59.061 25256 25303 I WebSocketClient: At sendAction
04-13 12:01:59.065 25256 25303 D WebSocketClient: Detox Action Sent: invokeResult
04-13 12:01:59.065 25256 25330 I com.detoxtest: Waiting for a blocking GC ClassLinker
04-13 12:01:59.072 25256 25335 I com.detoxtest: Waiting for a blocking GC ClassLinker
04-13 12:01:59.086 25256 25330 I com.detoxtest: WaitForGcToComplete blocked ClassLinker on ClassLinker for 20.809ms
04-13 12:01:59.087 25256 25335 I com.detoxtest: Waiting for a blocking GC ClassLinker
04-13 12:01:59.087 25256 25335 I com.detoxtest: WaitForGcToComplete blocked ClassLinker on ClassLinker for 14.858ms
04-13 12:01:59.130 25256 25310 I WebSocketClient: At onMessage
04-13 12:01:59.130 25256 25310 I WebSocketClient: At receiveAction
04-13 12:01:59.130 25256 25310 D WebSocketClient: Detox Action Received: invoke
04-13 12:01:59.130 25256 25310 I DetoxManager: onAction: type: invoke params: {"target":{"type":"Class","value":"com.wix.detox.espresso.DetoxAssertion"},"method":"assertMatcher","args":[{"type":"Invocation","value":{"target":{"type":"Class","value":"androidx.test.espresso.Espresso"},"method":"onView","args":[{"type":"Invocation","value":{"target":{"type":"Class","value":"com.wix.detox.espresso.DetoxMatcher"},"method":"matcherForTestId","args":["noDevKeyButton"]}}]}},{"type":"Invocation","value":{"target":{"type":"Class","value":"com.wix.detox.espresso.DetoxMatcher"},"method":"matcherForSufficientlyVisible","args":[]}}]}
04-13 12:01:59.136 25256 25303 D Detox   : class com.wix.detox.espresso.DetoxMatcher, matcherForTestId, [noDevKeyButton]
04-13 12:01:59.137 25256 25303 D Detox   : class androidx.test.espresso.Espresso, onView, [(with tag value: is "noDevKeyButton" and view has effective visibility=VISIBLE)]
04-13 12:01:59.138 25256 25303 D Detox   : class com.wix.detox.espresso.DetoxMatcher, matcherForSufficientlyVisible, []
04-13 12:01:59.138 25256 25303 D Detox   : class com.wix.detox.espresso.DetoxAssertion, assertMatcher, [androidx.test.espresso.ViewInteraction@95a6a0d, at least 75 percent of the view's area is displayed to the user.]
04-13 12:01:59.147 25256 25256 I ViewInteraction: Checking 'MatchesViewAssertion(Detox){viewMatcher=at least 75 percent of the view's area is displayed to the user.}' assertion on view (with tag value: is "noDevKeyButton" and view has effective visibility=VISIBLE)
04-13 12:01:59.149 25256 25303 I WebSocketClient: At sendAction
04-13 12:01:59.153 25256 25303 D WebSocketClient: Detox Action Sent: invokeResult
04-13 12:01:59.160 25256 25310 I WebSocketClient: At onMessage
04-13 12:01:59.160 25256 25310 I WebSocketClient: At receiveAction
04-13 12:01:59.160 25256 25310 D WebSocketClient: Detox Action Received: invoke
04-13 12:01:59.160 25256 25310 I DetoxManager: onAction: type: invoke params: {"target":{"type":"Class","value":"com.wix.detox.espresso.EspressoDetox"},"method":"perform","args":[{"type":"Invocation","value":{"target":{"type":"Class","value":"androidx.test.espresso.Espresso"},"method":"onView","args":[{"type":"Invocation","value":{"target":{"type":"Class","value":"com.wix.detox.espresso.DetoxMatcher"},"method":"matcherForTestId","args":["noDevKeyButton"]}}]}},{"type":"Invocation","value":{"target":{"type":"Class","value":"com.wix.detox.espresso.DetoxViewActions"},"method":"click","args":[]}}]}
04-13 12:01:59.164 25256 25303 D Detox   : class com.wix.detox.espresso.DetoxMatcher, matcherForTestId, [noDevKeyButton]
04-13 12:01:59.164 25256 25303 D Detox   : class androidx.test.espresso.Espresso, onView, [(with tag value: is "noDevKeyButton" and view has effective visibility=VISIBLE)]
04-13 12:01:59.164 25256 25303 D Detox   : class com.wix.detox.espresso.DetoxViewActions, click, []
04-13 12:01:59.165 25256 25303 D Detox   : class com.wix.detox.espresso.EspressoDetox, perform, [androidx.test.espresso.ViewInteraction@add4dc2, com.wix.detox.espresso.action.RNClickAction@3f767d3]
04-13 12:01:59.175 25256 25256 I ViewInteraction: Performing 'com.wix.detox.espresso.action.detoxsingletap@22baf10 click' action on view (with tag value: is "noDevKeyButton" and view has effective visibility=VISIBLE)
04-13 12:01:59.592 25256 25303 I WebSocketClient: At sendAction
04-13 12:01:59.592 25256 25303 D WebSocketClient: Detox Action Sent: invokeResult
04-13 12:01:59.597 25256 25310 I WebSocketClient: At onMessage
04-13 12:01:59.597 25256 25310 I WebSocketClient: At receiveAction
04-13 12:01:59.597 25256 25310 D WebSocketClient: Detox Action Received: invoke
04-13 12:01:59.597 25256 25310 I DetoxManager: onAction: type: invoke params: {"target":{"type":"Class","value":"com.wix.detox.espresso.DetoxAssertion"},"method":"assertMatcher","args":[{"type":"Invocation","value":{"target":{"type":"Class","value":"androidx.test.espresso.Espresso"},"method":"onView","args":[{"type":"Invocation","value":{"target":{"type":"Class","value":"com.wix.detox.espresso.DetoxMatcher"},"method":"matcherForTestId","args":["noDevKeyInitResult"]}}]}},{"type":"Invocation","value":{"target":{"type":"Class","value":"com.wix.detox.espresso.DetoxMatcher"},"method":"matcherForText","args":["No 'devKey' found or its empty"]}}]}
04-13 12:01:59.598 25256 25303 D Detox   : class com.wix.detox.espresso.DetoxMatcher, matcherForTestId, [noDevKeyInitResult]
04-13 12:01:59.598 25256 25303 D Detox   : class androidx.test.espresso.Espresso, onView, [(with tag value: is "noDevKeyInitResult" and view has effective visibility=VISIBLE)]
04-13 12:01:59.599 25256 25303 D Detox   : class com.wix.detox.espresso.DetoxMatcher, matcherForText, [No 'devKey' found or its empty]
04-13 12:01:59.599 25256 25303 D Detox   : class com.wix.detox.espresso.DetoxAssertion, assertMatcher, [androidx.test.espresso.ViewInteraction@82f9aa0, (with text: is "No 'devKey' found or its empty" and view has effective visibility=VISIBLE)]
04-13 12:01:59.603 25256 25256 I ViewInteraction: Checking 'MatchesViewAssertion(Detox){viewMatcher=(with text: is "No 'devKey' found or its empty" and view has effective visibility=VISIBLE)}' assertion on view (with tag value: is "noDevKeyInitResult" and view has effective visibility=VISIBLE)
04-13 12:01:59.604 25256 25303 I WebSocketClient: At sendAction
04-13 12:01:59.604 25256 25303 D WebSocketClient: Detox Action Sent: invokeResult
