--------- beginning of main
04-13 11:23:12.092 19994 19994 I Detox   : Wait is over: app is now idle!
04-13 11:23:12.098 19994 20047 I WebSocketClient: At sendAction
04-13 11:23:12.100 19994 20047 D WebSocketClient: Detox Action Sent: ready
04-13 11:23:12.108 19994 20047 I WebSocketClient: At onMessage
04-13 11:23:12.108 19994 20047 I WebSocketClient: At receiveAction
04-13 11:23:12.108 19994 20047 D WebSocketClient: Detox Action Received: loginSuccess
04-13 11:23:12.108 19994 20047 I DetoxManager: onAction: type: loginSuccess params: {"testerConnected":true,"appConnected":true}
04-13 11:23:12.112 19994 20047 I WebSocketClient: At onMessage
04-13 11:23:12.112 19994 20047 I WebSocketClient: At receiveAction
04-13 11:23:12.112 19994 20047 D WebSocketClient: Detox Action Received: isReady
04-13 11:23:12.112 19994 20047 I DetoxManager: onAction: type: isReady params: {}
04-13 11:23:12.116 19994 19994 I Detox   : Wait is over: app is now idle!
04-13 11:23:12.116 19994 20045 I WebSocketClient: At sendAction
04-13 11:23:12.117 19994 20045 D WebSocketClient: Detox Action Sent: ready
04-13 11:23:12.163 19994 20047 I WebSocketClient: At onMessage
04-13 11:23:12.163 19994 20047 I WebSocketClient: At receiveAction
04-13 11:23:12.163 19994 20047 D WebSocketClient: Detox Action Received: reactNativeReload
04-13 11:23:12.163 19994 20047 I DetoxManager: onAction: type: reactNativeReload params: {}
04-13 11:23:12.171 19994 20045 I DetoxRNExt: Reloading React Native
04-13 11:23:12.188 19994 20062 E ReactNativeJNI: logMarker CREATE_REACT_CONTEXT_END
04-13 11:23:12.188 19994 20060 E unknown:ReactNative: ReactInstanceManager.createReactContext: mJSIModulePackage null
04-13 11:23:12.192 19994 20062 E ReactNativeJNI: logMarker RUN_JS_BUNDLE_START
04-13 11:23:12.195 19994 20063 E unknown:ReactNative: ReactInstanceManager.attachRootViewToInstance()
04-13 11:23:12.199 19994 20063 W unknown:ViewManagerPropertyUpdater: Could not find generated setter for class com.facebook.react.views.art.ARTGroupViewManager
04-13 11:23:12.199 19994 20063 W unknown:ViewManagerPropertyUpdater: Could not find generated setter for class com.facebook.react.views.art.ARTGroupShadowNode
04-13 11:23:12.199 19994 20063 W unknown:ViewManagerPropertyUpdater: Could not find generated setter for class com.facebook.react.views.art.ARTShapeViewManager
04-13 11:23:12.200 19994 20063 W unknown:ViewManagerPropertyUpdater: Could not find generated setter for class com.facebook.react.views.art.ARTShapeShadowNode
04-13 11:23:12.200 19994 20063 W unknown:ViewManagerPropertyUpdater: Could not find generated setter for class com.facebook.react.views.art.ARTTextViewManager
04-13 11:23:12.200 19994 20063 W unknown:ViewManagerPropertyUpdater: Could not find generated setter for class com.facebook.react.views.art.ARTTextShadowNode
04-13 11:23:12.201 19994 20063 W unknown:ViewManagerPropertyUpdater: Could not find generated setter for class com.facebook.react.views.checkbox.ReactCheckBoxManager
04-13 11:23:12.202 19994 20063 W unknown:ViewManagerPropertyUpdater: Could not find generated setter for class com.facebook.react.uimanager.LayoutShadowNode
04-13 11:23:12.208 19994 20063 W unknown:ViewManagerPropertyUpdater: Could not find generated setter for class com.facebook.react.views.picker.ReactDialogPickerManager
04-13 11:23:12.209 19994 20063 W unknown:ViewManagerPropertyUpdater: Could not find generated setter for class com.facebook.react.views.drawer.ReactDrawerLayoutManager
04-13 11:23:12.209 19994 20063 W unknown:ViewManagerPropertyUpdater: Could not find generated setter for class com.facebook.react.views.picker.ReactDropdownPickerManager
04-13 11:23:12.210 19994 20063 W unknown:ViewManagerPropertyUpdater: Could not find generated setter for class com.facebook.react.views.scroll.ReactHorizontalScrollViewManager
04-13 11:23:12.213 19994 20063 W unknown:ViewManagerPropertyUpdater: Could not find generated setter for class com.facebook.react.views.scroll.ReactHorizontalScrollContainerViewManager
04-13 11:23:12.214 19994 20063 W unknown:ViewManagerPropertyUpdater: Could not find generated setter for class com.facebook.react.views.progressbar.ReactProgressBarViewManager
04-13 11:23:12.215 19994 20063 W unknown:ViewManagerPropertyUpdater: Could not find generated setter for class com.facebook.react.views.progressbar.ProgressBarShadowNode
04-13 11:23:12.216 19994 20063 W unknown:ViewManagerPropertyUpdater: Could not find generated setter for class com.facebook.react.views.scroll.ReactScrollViewManager
04-13 11:23:12.219 19994 20063 W unknown:ViewManagerPropertyUpdater: Could not find generated setter for class com.facebook.react.views.slider.ReactSliderManager
04-13 11:23:12.223 19994 20063 W unknown:ViewManagerPropertyUpdater: Could not find generated setter for class com.facebook.react.views.slider.ReactSliderManager$ReactSliderShadowNode
04-13 11:23:12.224 19994 20063 W unknown:ViewManagerPropertyUpdater: Could not find generated setter for class com.facebook.react.views.switchview.ReactSwitchManager
04-13 11:23:12.226 19994 20063 W unknown:ViewManagerPropertyUpdater: Could not find generated setter for class com.facebook.react.views.switchview.ReactSwitchManager$ReactSwitchShadowNode
04-13 11:23:12.227 19994 20063 W unknown:ViewManagerPropertyUpdater: Could not find generated setter for class com.facebook.react.views.swiperefresh.SwipeRefreshLayoutManager
04-13 11:23:12.230 19994 20063 W unknown:ViewManagerPropertyUpdater: Could not find generated setter for class com.facebook.react.views.art.ARTSurfaceViewManager
04-13 11:23:12.231 19994 20063 W unknown:ViewManagerPropertyUpdater: Could not find generated setter for class com.facebook.react.views.art.ARTSurfaceViewShadowNode
04-13 11:23:12.233 19994 20063 W unknown:ViewManagerPropertyUpdater: Could not find generated setter for class com.facebook.react.views.text.frescosupport.FrescoBasedReactTextInlineImageViewManager
04-13 11:23:12.233 19994 20063 W unknown:ViewManagerPropertyUpdater: Could not find generated setter for class com.facebook.react.views.text.frescosupport.FrescoBasedReactTextInlineImageShadowNode
04-13 11:23:12.238 19994 20063 W unknown:ViewManagerPropertyUpdater: Could not find generated setter for class com.facebook.react.views.image.ReactImageManager
04-13 11:23:12.241 19994 20063 W unknown:ViewManagerPropertyUpdater: Could not find generated setter for class com.facebook.react.views.modal.ReactModalHostManager
04-13 11:23:12.244 19994 20063 W unknown:ViewManagerPropertyUpdater: Could not find generated setter for class com.facebook.react.views.modal.ModalHostShadowNode
04-13 11:23:12.244 19994 20063 W unknown:ViewManagerPropertyUpdater: Could not find generated setter for class com.facebook.react.views.text.ReactRawTextManager
04-13 11:23:12.244 19994 20063 W unknown:ViewManagerPropertyUpdater: Could not find generated setter for class com.facebook.react.views.text.ReactRawTextShadowNode
04-13 11:23:12.244 19994 20063 W unknown:ViewManagerPropertyUpdater: Could not find generated setter for class com.facebook.react.views.textinput.ReactTextInputManager
04-13 11:23:12.249 19994 20063 W unknown:ViewManagerPropertyUpdater: Could not find generated setter for class com.facebook.react.views.textinput.ReactTextInputShadowNode
04-13 11:23:12.251 19994 20063 W unknown:ViewManagerPropertyUpdater: Could not find generated setter for class com.facebook.react.views.text.ReactTextViewManager
04-13 11:23:12.252 19994 20063 W unknown:ViewManagerPropertyUpdater: Could not find generated setter for class com.facebook.react.views.text.ReactTextShadowNode
04-13 11:23:12.253 19994 20063 W unknown:ViewManagerPropertyUpdater: Could not find generated setter for class com.facebook.react.views.view.ReactViewManager
04-13 11:23:12.256 19994 20063 W unknown:ViewManagerPropertyUpdater: Could not find generated setter for class com.facebook.react.views.viewpager.ReactViewPagerManager
04-13 11:23:12.256 19994 20063 W unknown:ViewManagerPropertyUpdater: Could not find generated setter for class com.facebook.react.views.text.ReactVirtualTextViewManager
04-13 11:23:12.257 19994 20063 W unknown:ViewManagerPropertyUpdater: Could not find generated setter for class com.facebook.react.views.text.ReactVirtualTextShadowNode
04-13 11:23:12.258 19994 20063 E unknown:ReactRootView: runApplication: call AppRegistry.runApplication
04-13 11:23:12.259 19994 19994 I DetoxRNLoading: Got new RN-context async'ly through listener
04-13 11:23:12.260 19994 20045 I DetoxRNIdleRes: Setting up Espresso Idling Resources for React Native.
04-13 11:23:12.261 19994 20045 D AsyncStorageIR: Checking whether a custom IR for Async-Storage is required... (legacy=false)
04-13 11:23:12.261 19994 20045 D DetoxRNHelpers: Native module not resolved: no such class
04-13 11:23:12.262 19994 20045 D AsyncStorageIR: Checking whether a custom IR for Async-Storage is required... (legacy=true)
04-13 11:23:12.262 19994 20045 D AsyncStorageIR: IR for Async-Storage is required! (legacy=true)
04-13 11:23:12.264 19994 19994 I Detox   : UIManagerModule is busy
04-13 11:23:12.264 19994 19994 D AsyncStorageIRLegacy: Async-storage is busy!
04-13 11:23:12.267 19994 20045 I WebSocketClient: At sendAction
04-13 11:23:12.268 19994 20045 D WebSocketClient: Detox Action Sent: ready
04-13 11:23:12.275 19994 20047 I WebSocketClient: At onMessage
04-13 11:23:12.275 19994 20047 I WebSocketClient: At receiveAction
04-13 11:23:12.275 19994 20047 D WebSocketClient: Detox Action Received: invoke
04-13 11:23:12.275 19994 20047 I DetoxManager: onAction: type: invoke params: {"target":{"type":"Class","value":"com.wix.detox.espresso.DetoxAssertion"},"method":"assertMatcher","args":[{"type":"Invocation","value":{"target":{"type":"Class","value":"androidx.test.espresso.Espresso"},"method":"onView","args":[{"type":"Invocation","value":{"target":{"type":"Class","value":"com.wix.detox.espresso.DetoxMatcher"},"method":"matcherForTestId","args":["initButton"]}}]}},{"type":"Invocation","value":{"target":{"type":"Class","value":"com.wix.detox.espresso.DetoxMatcher"},"method":"matcherForSufficientlyVisible","args":[]}}]}
04-13 11:23:12.292 19994 20045 D Detox   : class com.wix.detox.espresso.DetoxMatcher, matcherForTestId, [initButton]
04-13 11:23:12.304 19994 19994 E unknown:ReactNative: Unable to launch logbox because react was unable to create the root view
04-13 11:23:12.316 19994 20045 D Detox   : class androidx.test.espresso.Espresso, onView, [(with tag value: is "initButton" and view has effective visibility=VISIBLE)]
04-13 11:23:12.317 19994 20045 D Detox   : class com.wix.detox.espresso.DetoxMatcher, matcherForSufficientlyVisible, []
04-13 11:23:12.318 19994 20045 D Detox   : class com.wix.detox.espresso.DetoxAssertion, assertMatcher, [androidx.test.espresso.ViewInteraction@7f182d6, at least 75 percent of the view's area is displayed to the user.]
04-13 11:23:12.323 19994 20062 E ReactNativeJNI: logMarker RUN_JS_BUNDLE_END
04-13 11:23:12.323 19994 20062 I ReactNativeJS: Running "detoxTest" with {"rootTag":11}
04-13 11:23:12.608 19994 19994 I ViewInteraction: Checking 'MatchesViewAssertion(Detox){viewMatcher=at least 75 percent of the view's area is displayed to the user.}' assertion on view (with tag value: is "initButton" and view has effective visibility=VISIBLE)
04-13 11:23:12.609 19994 20045 I WebSocketClient: At sendAction
04-13 11:23:12.609 19994 20045 D WebSocketClient: Detox Action Sent: invokeResult
04-13 11:23:12.613 19994 20047 I WebSocketClient: At onMessage
04-13 11:23:12.614 19994 20047 I WebSocketClient: At receiveAction
04-13 11:23:12.614 19994 20047 D WebSocketClient: Detox Action Received: invoke
04-13 11:23:12.614 19994 20047 I DetoxManager: onAction: type: invoke params: {"target":{"type":"Class","value":"com.wix.detox.espresso.EspressoDetox"},"method":"perform","args":[{"type":"Invocation","value":{"target":{"type":"Class","value":"androidx.test.espresso.Espresso"},"method":"onView","args":[{"type":"Invocation","value":{"target":{"type":"Class","value":"com.wix.detox.espresso.DetoxMatcher"},"method":"matcherForTestId","args":["initButton"]}}]}},{"type":"Invocation","value":{"target":{"type":"Class","value":"com.wix.detox.espresso.DetoxViewActions"},"method":"click","args":[]}}]}
04-13 11:23:12.614 19994 20045 D Detox   : class com.wix.detox.espresso.DetoxMatcher, matcherForTestId, [initButton]
04-13 11:23:12.614 19994 20045 D Detox   : class androidx.test.espresso.Espresso, onView, [(with tag value: is "initButton" and view has effective visibility=VISIBLE)]
04-13 11:23:12.614 19994 20045 D Detox   : class com.wix.detox.espresso.DetoxViewActions, click, []
04-13 11:23:12.623 19994 20045 D Detox   : class com.wix.detox.espresso.EspressoDetox, perform, [androidx.test.espresso.ViewInteraction@c1cee6b, com.wix.detox.espresso.action.RNClickAction@ab84dc8]
04-13 11:23:12.627 19994 19994 I ViewInteraction: Performing 'com.wix.detox.espresso.action.detoxsingletap@8dc3e61 click' action on view (with tag value: is "initButton" and view has effective visibility=VISIBLE)
04-13 11:23:12.802 19994 20063 D AppsFlyer_6.2.0: Initializing AppsFlyer SDK: (v6.2.0.91)
04-13 11:23:12.982 19994 20073 I TetheringManager: registerTetheringEventCallback:com.detoxtest
04-13 11:23:13.038 19994 20073 I com.detoxtest: Waiting for a blocking GC ClassLinker
04-13 11:23:13.041 19994 20075 I com.detoxtest: Waiting for a blocking GC ClassLinker
04-13 11:23:13.055 19994 20045 I WebSocketClient: At sendAction
04-13 11:23:13.056 19994 20045 D WebSocketClient: Detox Action Sent: invokeResult
04-13 11:23:13.060 19994 20047 I WebSocketClient: At onMessage
04-13 11:23:13.060 19994 20047 I WebSocketClient: At receiveAction
04-13 11:23:13.060 19994 20047 D WebSocketClient: Detox Action Received: invoke
04-13 11:23:13.060 19994 20047 I DetoxManager: onAction: type: invoke params: {"target":{"type":"Class","value":"com.wix.detox.espresso.DetoxAssertion"},"method":"assertMatcher","args":[{"type":"Invocation","value":{"target":{"type":"Class","value":"androidx.test.espresso.Espresso"},"method":"onView","args":[{"type":"Invocation","value":{"target":{"type":"Class","value":"com.wix.detox.espresso.DetoxMatcher"},"method":"matcherForTestId","args":["initResult"]}}]}},{"type":"Invocation","value":{"target":{"type":"Class","value":"com.wix.detox.espresso.DetoxMatcher"},"method":"matcherForText","args":["Success"]}}]}
04-13 11:23:13.060 19994 20045 D Detox   : class com.wix.detox.espresso.DetoxMatcher, matcherForTestId, [initResult]
04-13 11:23:13.060 19994 20045 D Detox   : class androidx.test.espresso.Espresso, onView, [(with tag value: is "initResult" and view has effective visibility=VISIBLE)]
04-13 11:23:13.060 19994 20045 D Detox   : class com.wix.detox.espresso.DetoxMatcher, matcherForText, [Success]
04-13 11:23:13.062 19994 20045 D Detox   : class com.wix.detox.espresso.DetoxAssertion, assertMatcher, [androidx.test.espresso.ViewInteraction@a4306e6, (with text: is "Success" and view has effective visibility=VISIBLE)]
04-13 11:23:13.067 19994 19994 I ViewInteraction: Checking 'MatchesViewAssertion(Detox){viewMatcher=(with text: is "Success" and view has effective visibility=VISIBLE)}' assertion on view (with tag value: is "initResult" and view has effective visibility=VISIBLE)
04-13 11:23:13.067 19994 20045 I WebSocketClient: At sendAction
04-13 11:23:13.068 19994 20045 D WebSocketClient: Detox Action Sent: invokeResult
